Archive member included to satisfy reference by file (symbol)

/Users/liuguojin/Compiler/xpack-arm-none-eabi-gcc-14.2.1-1.1/bin/../lib/gcc/arm-none-eabi/14.2.1/thumb/v7e-m/nofp/libgcc.a(_arm_addsubdf3.o)
                              CMakeFiles/Test_Bench.elf.dir/Core/Src/main.c.obj (__aeabi_f2d)
/Users/liuguojin/Compiler/xpack-arm-none-eabi-gcc-14.2.1-1.1/bin/../lib/gcc/arm-none-eabi/14.2.1/thumb/v7e-m/nofp/libgcc.a(_arm_addsubsf3.o)
                              CMakeFiles/Test_Bench.elf.dir/Core/Src/main.c.obj (__aeabi_i2f)
/Users/liuguojin/Compiler/xpack-arm-none-eabi-gcc-14.2.1-1.1/bin/../lib/gcc/arm-none-eabi/14.2.1/thumb/v7e-m/nofp/libgcc.a(_arm_muldivsf3.o)
                              CMakeFiles/Test_Bench.elf.dir/Core/Src/main.c.obj (__aeabi_fdiv)
/Users/liuguojin/Compiler/xpack-arm-none-eabi-gcc-14.2.1-1.1/bin/../lib/gcc/arm-none-eabi/14.2.1/thumb/v7e-m/nofp/libgcc.a(_aeabi_ldivmod.o)
                              CMakeFiles/Test_Bench.elf.dir/Core/Src/main.c.obj (__aeabi_ldivmod)
/Users/liuguojin/Compiler/xpack-arm-none-eabi-gcc-14.2.1-1.1/bin/../lib/gcc/arm-none-eabi/14.2.1/thumb/v7e-m/nofp/libgcc.a(_aeabi_uldivmod.o)
                              CMakeFiles/Test_Bench.elf.dir/Drivers/STM32F4xx_HAL_Driver/Src/stm32f4xx_hal_rcc.c.obj (__aeabi_uldivmod)
/Users/liuguojin/Compiler/xpack-arm-none-eabi-gcc-14.2.1-1.1/bin/../lib/gcc/arm-none-eabi/14.2.1/thumb/v7e-m/nofp/libgcc.a(_udivmoddi4.o)
                              /Users/liuguojin/Compiler/xpack-arm-none-eabi-gcc-14.2.1-1.1/bin/../lib/gcc/arm-none-eabi/14.2.1/thumb/v7e-m/nofp/libgcc.a(_aeabi_ldivmod.o) (__udivmoddi4)
/Users/liuguojin/Compiler/xpack-arm-none-eabi-gcc-14.2.1-1.1/bin/../lib/gcc/arm-none-eabi/14.2.1/thumb/v7e-m/nofp/libgcc.a(_dvmd_tls.o)
                              /Users/liuguojin/Compiler/xpack-arm-none-eabi-gcc-14.2.1-1.1/bin/../lib/gcc/arm-none-eabi/14.2.1/thumb/v7e-m/nofp/libgcc.a(_aeabi_ldivmod.o) (__aeabi_ldiv0)
/Users/liuguojin/Compiler/xpack-arm-none-eabi-gcc-14.2.1-1.1/bin/../lib/gcc/arm-none-eabi/14.2.1/../../../../arm-none-eabi/lib/thumb/v7e-m/nofp/libg.a(libc_a-atexit.o)
                              /Users/liuguojin/Compiler/xpack-arm-none-eabi-gcc-14.2.1-1.1/bin/../lib/gcc/arm-none-eabi/14.2.1/../../../../arm-none-eabi/lib/thumb/v7e-m/nofp/crt0.o (atexit)
/Users/liuguojin/Compiler/xpack-arm-none-eabi-gcc-14.2.1-1.1/bin/../lib/gcc/arm-none-eabi/14.2.1/../../../../arm-none-eabi/lib/thumb/v7e-m/nofp/libg.a(libc_a-exit.o)
                              /Users/liuguojin/Compiler/xpack-arm-none-eabi-gcc-14.2.1-1.1/bin/../lib/gcc/arm-none-eabi/14.2.1/../../../../arm-none-eabi/lib/thumb/v7e-m/nofp/crt0.o (exit)
/Users/liuguojin/Compiler/xpack-arm-none-eabi-gcc-14.2.1-1.1/bin/../lib/gcc/arm-none-eabi/14.2.1/../../../../arm-none-eabi/lib/thumb/v7e-m/nofp/libg.a(libc_a-malloc.o)
                              CMakeFiles/Test_Bench.elf.dir/Middlewares/Third_Party/FatFs/src/option/syscall.c.obj (malloc)
/Users/liuguojin/Compiler/xpack-arm-none-eabi-gcc-14.2.1-1.1/bin/../lib/gcc/arm-none-eabi/14.2.1/../../../../arm-none-eabi/lib/thumb/v7e-m/nofp/libg.a(libc_a-mallocr.o)
                              /Users/liuguojin/Compiler/xpack-arm-none-eabi-gcc-14.2.1-1.1/bin/../lib/gcc/arm-none-eabi/14.2.1/../../../../arm-none-eabi/lib/thumb/v7e-m/nofp/libg.a(libc_a-malloc.o) (_malloc_r)
/Users/liuguojin/Compiler/xpack-arm-none-eabi-gcc-14.2.1-1.1/bin/../lib/gcc/arm-none-eabi/14.2.1/../../../../arm-none-eabi/lib/thumb/v7e-m/nofp/libg.a(libc_a-mlock.o)
                              /Users/liuguojin/Compiler/xpack-arm-none-eabi-gcc-14.2.1-1.1/bin/../lib/gcc/arm-none-eabi/14.2.1/../../../../arm-none-eabi/lib/thumb/v7e-m/nofp/libg.a(libc_a-mallocr.o) (__malloc_lock)
/Users/liuguojin/Compiler/xpack-arm-none-eabi-gcc-14.2.1-1.1/bin/../lib/gcc/arm-none-eabi/14.2.1/../../../../arm-none-eabi/lib/thumb/v7e-m/nofp/libg.a(libc_a-snprintf.o)
                              CMakeFiles/Test_Bench.elf.dir/Core/Src/main.c.obj (snprintf)
/Users/liuguojin/Compiler/xpack-arm-none-eabi-gcc-14.2.1-1.1/bin/../lib/gcc/arm-none-eabi/14.2.1/../../../../arm-none-eabi/lib/thumb/v7e-m/nofp/libg.a(libc_a-sprintf.o)
                              CMakeFiles/Test_Bench.elf.dir/Core/Src/main.c.obj (sprintf)
/Users/liuguojin/Compiler/xpack-arm-none-eabi-gcc-14.2.1-1.1/bin/../lib/gcc/arm-none-eabi/14.2.1/../../../../arm-none-eabi/lib/thumb/v7e-m/nofp/libg.a(libc_a-findfp.o)
                              /Users/liuguojin/Compiler/xpack-arm-none-eabi-gcc-14.2.1-1.1/bin/../lib/gcc/arm-none-eabi/14.2.1/../../../../arm-none-eabi/lib/thumb/v7e-m/nofp/libg.a(libc_a-exit.o) (__stdio_exit_handler)
/Users/liuguojin/Compiler/xpack-arm-none-eabi-gcc-14.2.1-1.1/bin/../lib/gcc/arm-none-eabi/14.2.1/../../../../arm-none-eabi/lib/thumb/v7e-m/nofp/libg.a(libc_a-memcmp.o)
                              CMakeFiles/Test_Bench.elf.dir/Private/Pressure_Sensor/pre_sen.c.obj (memcmp)
[...]
Memory Configuration

Name             Origin             Length             Attributes
CCMRAM           0x10000000         0x00010000         xrw
RAM              0x20000000         0x00020000         xrw
FLASH            0x08000000         0x00100000         xr
*default*        0x00000000         0xffffffff

Linker script and memory map

LOAD /Users/liuguojin/Compiler/xpack-arm-none-eabi-gcc-14.2.1-1.1/bin/../lib/gcc/arm-none-eabi/14.2.1/thumb/v7e-m/nofp/crti.o
LOAD /Users/liuguojin/Compiler/xpack-arm-none-eabi-gcc-14.2.1-1.1/bin/../lib/gcc/arm-none-eabi/14.2.1/thumb/v7e-m/nofp/crtbegin.o
LOAD /Users/liuguojin/Compiler/xpack-arm-none-eabi-gcc-14.2.1-1.1/bin/../lib/gcc/arm-none-eabi/14.2.1/../../../../arm-none-eabi/lib/thumb/v7e-m/nofp/crt0.o
LOAD CMakeFiles/Test_Bench.elf.dir/Core/Src/gpio.c.obj
LOAD CMakeFiles/Test_Bench.elf.dir/Core/Src/main.c.obj
LOAD CMakeFiles/Test_Bench.elf.dir/Core/Src/sdio.c.obj
LOAD CMakeFiles/Test_Bench.elf.dir/Core/Src/spi.c.obj
LOAD CMakeFiles/Test_Bench.elf.dir/Core/Src/stm32f4xx_hal_msp.c.obj
LOAD CMakeFiles/Test_Bench.elf.dir/Core/Src/stm32f4xx_it.c.obj
LOAD CMakeFiles/Test_Bench.elf.dir/Core/Src/syscalls.c.obj
LOAD CMakeFiles/Test_Bench.elf.dir/Core/Src/sysmem.c.obj
LOAD CMakeFiles/Test_Bench.elf.dir/Core/Src/system_stm32f4xx.c.obj
LOAD CMakeFiles/Test_Bench.elf.dir/Core/Src/tim.c.obj
LOAD CMakeFiles/Test_Bench.elf.dir/Core/Src/usart.c.obj
LOAD CMakeFiles/Test_Bench.elf.dir/Core/Startup/startup_stm32f407vgtx.s.obj
LOAD CMakeFiles/Test_Bench.elf.dir/Drivers/STM32F4xx_HAL_Driver/Src/stm32f4xx_hal.c.obj
LOAD CMakeFiles/Test_Bench.elf.dir/Drivers/STM32F4xx_HAL_Driver/Src/stm32f4xx_hal_cortex.c.obj
LOAD CMakeFiles/Test_Bench.elf.dir/Drivers/STM32F4xx_HAL_Driver/Src/stm32f4xx_hal_dma.c.obj
LOAD CMakeFiles/Test_Bench.elf.dir/Drivers/STM32F4xx_HAL_Driver/Src/stm32f4xx_hal_dma_ex.c.obj
LOAD CMakeFiles/Test_Bench.elf.dir/Drivers/STM32F4xx_HAL_Driver/Src/stm32f4xx_hal_exti.c.obj
LOAD CMakeFiles/Test_Bench.elf.dir/Drivers/STM32F4xx_HAL_Driver/Src/stm32f4xx_hal_flash.c.obj
LOAD CMakeFiles/Test_Bench.elf.dir/Drivers/STM32F4xx_HAL_Driver/Src/stm32f4xx_hal_flash_ex.c.obj
LOAD CMakeFiles/Test_Bench.elf.dir/Drivers/STM32F4xx_HAL_Driver/Src/stm32f4xx_hal_flash_ramfunc.c.obj
LOAD CMakeFiles/Test_Bench.elf.dir/Drivers/STM32F4xx_HAL_Driver/Src/stm32f4xx_hal_gpio.c.obj
LOAD CMakeFiles/Test_Bench.elf.dir/Drivers/STM32F4xx_HAL_Driver/Src/stm32f4xx_hal_mmc.c.obj
LOAD CMakeFiles/Test_Bench.elf.dir/Drivers/STM32F4xx_HAL_Driver/Src/stm32f4xx_hal_pcd.c.obj
LOAD CMakeFiles/Test_Bench.elf.dir/Drivers/STM32F4xx_HAL_Driver/Src/stm32f4xx_hal_pcd_ex.c.obj
LOAD CMakeFiles/Test_Bench.elf.dir/Drivers/STM32F4xx_HAL_Driver/Src/stm32f4xx_hal_pwr.c.obj
LOAD CMakeFiles/Test_Bench.elf.dir/Drivers/STM32F4xx_HAL_Driver/Src/stm32f4xx_hal_pwr_ex.c.obj
LOAD CMakeFiles/Test_Bench.elf.dir/Drivers/STM32F4xx_HAL_Driver/Src/stm32f4xx_hal_rcc.c.obj
LOAD CMakeFiles/Test_Bench.elf.dir/Drivers/STM32F4xx_HAL_Driver/Src/stm32f4xx_hal_rcc_ex.c.obj
LOAD CMakeFiles/Test_Bench.elf.dir/Drivers/STM32F4xx_HAL_Driver/Src/stm32f4xx_hal_sd.c.obj
LOAD CMakeFiles/Test_Bench.elf.dir/Drivers/STM32F4xx_HAL_Driver/Src/stm32f4xx_hal_spi.c.obj
LOAD CMakeFiles/Test_Bench.elf.dir/Drivers/STM32F4xx_HAL_Driver/Src/stm32f4xx_hal_tim.c.obj
LOAD CMakeFiles/Test_Bench.elf.dir/Drivers/STM32F4xx_HAL_Driver/Src/stm32f4xx_hal_tim_ex.c.obj
LOAD CMakeFiles/Test_Bench.elf.dir/Drivers/STM32F4xx_HAL_Driver/Src/stm32f4xx_hal_uart.c.obj
LOAD CMakeFiles/Test_Bench.elf.dir/Drivers/STM32F4xx_HAL_Driver/Src/stm32f4xx_ll_sdmmc.c.obj
LOAD CMakeFiles/Test_Bench.elf.dir/Drivers/STM32F4xx_HAL_Driver/Src/stm32f4xx_ll_usb.c.obj
LOAD CMakeFiles/Test_Bench.elf.dir/FATFS/App/fatfs.c.obj
LOAD CMakeFiles/Test_Bench.elf.dir/FATFS/Target/bsp_driver_sd.c.obj
LOAD CMakeFiles/Test_Bench.elf.dir/FATFS/Target/sd_diskio.c.obj
LOAD CMakeFiles/Test_Bench.elf.dir/Middlewares/ST/STM32_USB_Device_Library/Class/CDC/Src/usbd_cdc.c.obj
LOAD CMakeFiles/Test_Bench.elf.dir/Middlewares/ST/STM32_USB_Device_Library/Core/Src/usbd_core.c.obj
LOAD CMakeFiles/Test_Bench.elf.dir/Middlewares/ST/STM32_USB_Device_Library/Core/Src/usbd_ctlreq.c.obj
LOAD CMakeFiles/Test_Bench.elf.dir/Middlewares/ST/STM32_USB_Device_Library/Core/Src/usbd_ioreq.c.obj
LOAD CMakeFiles/Test_Bench.elf.dir/Middlewares/Third_Party/FatFs/src/diskio.c.obj
LOAD CMakeFiles/Test_Bench.elf.dir/Middlewares/Third_Party/FatFs/src/ff.c.obj
LOAD CMakeFiles/Test_Bench.elf.dir/Middlewares/Third_Party/FatFs/src/ff_gen_drv.c.obj
LOAD CMakeFiles/Test_Bench.elf.dir/Middlewares/Third_Party/FatFs/src/option/cc936.c.obj
LOAD CMakeFiles/Test_Bench.elf.dir/Middlewares/Third_Party/FatFs/src/option/syscall.c.obj
LOAD CMakeFiles/Test_Bench.elf.dir/Private/EXTI.c.obj
LOAD CMakeFiles/Test_Bench.elf.dir/Private/Pressure_Sensor/pre_sen.c.obj
LOAD CMakeFiles/Test_Bench.elf.dir/Private/file_conf.c.obj
LOAD CMakeFiles/Test_Bench.elf.dir/Private/global.c.obj
LOAD CMakeFiles/Test_Bench.elf.dir/Private/message_define.c.obj
LOAD CMakeFiles/Test_Bench.elf.dir/Private/temprature.c.obj
LOAD CMakeFiles/Test_Bench.elf.dir/USB_DEVICE/App/usb_device.c.obj
LOAD CMakeFiles/Test_Bench.elf.dir/USB_DEVICE/App/usbd_cdc_if.c.obj
LOAD CMakeFiles/Test_Bench.elf.dir/USB_DEVICE/App/usbd_desc.c.obj
LOAD CMakeFiles/Test_Bench.elf.dir/USB_DEVICE/Target/usbd_conf.c.obj
START GROUP
LOAD /Users/liuguojin/Compiler/xpack-arm-none-eabi-gcc-14.2.1-1.1/bin/../lib/gcc/arm-none-eabi/14.2.1/thumb/v7e-m/nofp/libgcc.a
LOAD /Users/liuguojin/Compiler/xpack-arm-none-eabi-gcc-14.2.1-1.1/bin/../lib/gcc/arm-none-eabi/14.2.1/../../../../arm-none-eabi/lib/thumb/v7e-m/nofp/libg.a
LOAD /Users/liuguojin/Compiler/xpack-arm-none-eabi-gcc-14.2.1-1.1/bin/../lib/gcc/arm-none-eabi/14.2.1/../../../../arm-none-eabi/lib/thumb/v7e-m/nofp/libc.a
END GROUP
LOAD /Users/liuguojin/Compiler/xpack-arm-none-eabi-gcc-14.2.1-1.1/bin/../lib/gcc/arm-none-eabi/14.2.1/thumb/v7e-m/nofp/crtend.o
LOAD /Users/liuguojin/Compiler/xpack-arm-none-eabi-gcc-14.2.1-1.1/bin/../lib/gcc/arm-none-eabi/14.2.1/thumb/v7e-m/nofp/crtn.o
                0x20020000                        _estack = (ORIGIN (RAM) + LENGTH (RAM))
                0x00000200                        _Min_Heap_Size = 0x200
                0x00000400                        _Min_Stack_Size = 0x400

.isr_vector     0x08000000      0x188
                0x08000000                        . = ALIGN (0x4)
 *(.isr_vector)
 .isr_vector    0x08000000      0x188 CMakeFiles/Test_Bench.elf.dir/Core/Startup/startup_stm32f407vgtx.s.obj
                0x08000000                g_pfnVectors
                0x08000188                        . = ALIGN (0x4)

.text           0x080001c0    0x10e58
                0x080001c0                        . = ALIGN (0x4)
 *(.text)
 .text          0x080001c0      0x378 /Users/liuguojin/Compiler/xpack-arm-none-eabi-gcc-14.2.1-1.1/bin/../lib/gcc/arm-none-eabi/14.2.1/thumb/v7e-m/nofp/libgcc.a(_arm_addsubdf3.o)
                0x080001c0                __aeabi_drsub
                0x080001c8                __subdf3
                0x080001c8                __aeabi_dsub
                0x080001cc                __aeabi_dadd
                0x080001cc                __adddf3
                0x08000444                __aeabi_ui2d
                0x08000444                __floatunsidf
                0x08000464                __floatsidf
                0x08000464                __aeabi_i2d
                0x08000488                __extendsfdf2
                0x08000488                __aeabi_f2d
                0x080004cc                __aeabi_ul2d
                0x080004cc                __floatundidf
                0x080004dc                __aeabi_l2d
                0x080004dc                __floatdidf
 .text          0x08000538      0x21c /Users/liuguojin/Compiler/xpack-arm-none-eabi-gcc-14.2.1-1.1/bin/../lib/gcc/arm-none-eabi/14.2.1/thumb/v7e-m/nofp/libgcc.a(_arm_addsubsf3.o)
                0x08000538                __aeabi_frsub
                0x08000540                __aeabi_fsub
                0x08000540                __subsf3
                0x08000544                __aeabi_fadd
                0x08000544                __addsf3
                0x080006a4                __aeabi_ui2f
                0x080006a4                __floatunsisf
                0x080006ac                __floatsisf
                0x080006ac                __aeabi_i2f
                0x080006c8                __aeabi_ul2f
                0x080006c8                __floatundisf
                0x080006d8                __aeabi_l2f
                0x080006d8                __floatdisf
 .text          0x08000754      0x2a0 /Users/liuguojin/Compiler/xpack-arm-none-eabi-gcc-14.2.1-1.1/bin/../lib/gcc/arm-none-eabi/14.2.1/thumb/v7e-m/nofp/libgcc.a(_arm_muldivsf3.o)
                0x08000754                __mulsf3
                0x08000754                __aeabi_fmul
                0x080008bc                __divsf3
                0x080008bc                __aeabi_fdiv
 .text          0x080009f4       0xa0 /Users/liuguojin/Compiler/xpack-arm-none-eabi-gcc-14.2.1-1.1/bin/../lib/gcc/arm-none-eabi/14.2.1/thumb/v7e-m/nofp/libgcc.a(_aeabi_ldivmod.o)
                0x080009f4                __aeabi_ldivmod
 .text          0x08000a94       0x30 /Users/liuguojin/Compiler/xpack-arm-none-eabi-gcc-14.2.1-1.1/bin/../lib/gcc/arm-none-eabi/14.2.1/thumb/v7e-m/nofp/libgcc.a(_aeabi_uldivmod.o)
                0x08000a94                __aeabi_uldivmod
 .text          0x08000ac4        0x4 /Users/liuguojin/Compiler/xpack-arm-none-eabi-gcc-14.2.1-1.1/bin/../lib/gcc/arm-none-eabi/14.2.1/thumb/v7e-m/nofp/libgcc.a(_dvmd_tls.o)
                0x08000ac4                __aeabi_ldiv0
                0x08000ac4                __aeabi_idiv0
 .text          0x08000ac8      0x134 /Users/liuguojin/Compiler/xpack-arm-none-eabi-gcc-14.2.1-1.1/bin/../lib/gcc/arm-none-eabi/14.2.1/../../../../arm-none-eabi/lib/thumb/v7e-m/nofp/libg.a(libc_a-memcpy.o)
                0x08000ac8                memcpy
 *fill*         0x08000bfc        0x4 
 .text          0x08000c00       0xd8 /Users/liuguojin/Compiler/xpack-arm-none-eabi-gcc-14.2.1-1.1/bin/../lib/gcc/arm-none-eabi/14.2.1/../../../../arm-none-eabi/lib/thumb/v7e-m/nofp/libg.a(libc_a-strlen.o)
                0x08000c00                strlen
 *fill*         0x08000cd8        0x8 
 .text          0x08000ce0       0xa0 /Users/liuguojin/Compiler/xpack-arm-none-eabi-gcc-14.2.1-1.1/bin/../lib/gcc/arm-none-eabi/14.2.1/../../../../arm-none-eabi/lib/thumb/v7e-m/nofp/libg.a(libc_a-memchr.o)
                0x08000ce0                memchr
 .text          0x08000d80      0x424 /Users/liuguojin/Compiler/xpack-arm-none-eabi-gcc-14.2.1-1.1/bin/../lib/gcc/arm-none-eabi/14.2.1/thumb/v7e-m/nofp/libgcc.a(_arm_muldivdf3.o)
                0x08000d80                __aeabi_dmul
                0x08000d80                __muldf3
                0x08000fd4                __aeabi_ddiv
                0x08000fd4                __divdf3
 .text          0x080011a4      0x110 /Users/liuguojin/Compiler/xpack-arm-none-eabi-gcc-14.2.1-1.1/bin/../lib/gcc/arm-none-eabi/14.2.1/thumb/v7e-m/nofp/libgcc.a(_arm_cmpdf2.o)
                0x080011a4                __gedf2
                0x080011a4                __gtdf2
                0x080011ac                __ledf2
                0x080011ac                __ltdf2
                0x080011b4                __cmpdf2
                0x080011b4                __eqdf2
                0x080011b4                __nedf2
                0x08001230                __aeabi_cdrcmple
                0x08001240                __aeabi_cdcmple
                0x08001240                __aeabi_cdcmpeq
                0x08001250                __aeabi_dcmpeq
                0x08001264                __aeabi_dcmplt
                0x08001278                __aeabi_dcmple
                0x0800128c                __aeabi_dcmpge
                0x080012a0                __aeabi_dcmpgt
 .text          0x080012b4       0x2c /Users/liuguojin/Compiler/xpack-arm-none-eabi-gcc-14.2.1-1.1/bin/../lib/gcc/arm-none-eabi/14.2.1/thumb/v7e-m/nofp/libgcc.a(_arm_unorddf2.o)
                0x080012b4                __aeabi_dcmpun
                0x080012b4                __unorddf2
 .text          0x080012e0       0x50 /Users/liuguojin/Compiler/xpack-arm-none-eabi-gcc-14.2.1-1.1/bin/../lib/gcc/arm-none-eabi/14.2.1/thumb/v7e-m/nofp/libgcc.a(_arm_fixdfsi.o)
                0x080012e0                __fixdfsi
                0x080012e0                __aeabi_d2iz
 *(.text*)
 .text.__do_global_dtors_aux
                0x08001330       0x24 /Users/liuguojin/Compiler/xpack-arm-none-eabi-gcc-14.2.1-1.1/bin/../lib/gcc/arm-none-eabi/14.2.1/thumb/v7e-m/nofp/crtbegin.o
 .text.frame_dummy
                0x08001354       0x1c /Users/liuguojin/Compiler/xpack-arm-none-eabi-gcc-14.2.1-1.1/bin/../lib/gcc/arm-none-eabi/14.2.1/thumb/v7e-m/nofp/crtbegin.o
 .text.MX_GPIO_Init
                0x08001370       0xac CMakeFiles/Test_Bench.elf.dir/Core/Src/gpio.c.obj
                0x08001370                MX_GPIO_Init
 .text.convert_unix_to_beijing_time
                0x0800141c       0x50 CMakeFiles/Test_Bench.elf.dir/Core/Src/main.c.obj
                0x0800141c                convert_unix_to_beijing_time
 .text.Error_Handler
                0x0800146c        0x4 CMakeFiles/Test_Bench.elf.dir/Core/Src/main.c.obj
                0x0800146c                Error_Handler
 .text.SystemClock_Config
                0x08001470       0xa8 CMakeFiles/Test_Bench.elf.dir/Core/Src/main.c.obj
                0x08001470                SystemClock_Config
 .text.main     0x08001518      0x19c CMakeFiles/Test_Bench.elf.dir/Core/Src/main.c.obj
                0x08001518                main
 .text.MX_SDIO_SD_Init
                0x080016b4       0x20 CMakeFiles/Test_Bench.elf.dir/Core/Src/sdio.c.obj
                0x080016b4                MX_SDIO_SD_Init
 .text.HAL_SD_MspInit
                0x080016d4       0xb8 CMakeFiles/Test_Bench.elf.dir/Core/Src/sdio.c.obj
                0x080016d4                HAL_SD_MspInit
 .text.MX_SPI2_Init
                0x0800178c       0x48 CMakeFiles/Test_Bench.elf.dir/Core/Src/spi.c.obj
                0x0800178c                MX_SPI2_Init
 .text.HAL_SPI_MspInit
                0x080017d4       0x70 CMakeFiles/Test_Bench.elf.dir/Core/Src/spi.c.obj
                0x080017d4                HAL_SPI_MspInit
 .text.HAL_MspInit
                0x08001844       0x38 CMakeFiles/Test_Bench.elf.dir/Core/Src/stm32f4xx_hal_msp.c.obj
                0x08001844                HAL_MspInit
 .text.NMI_Handler
                0x0800187c        0x2 CMakeFiles/Test_Bench.elf.dir/Core/Src/stm32f4xx_it.c.obj
                0x0800187c                NMI_Handler
 .text.HardFault_Handler
                0x0800187e        0x2 CMakeFiles/Test_Bench.elf.dir/Core/Src/stm32f4xx_it.c.obj
                0x0800187e                HardFault_Handler
 .text.MemManage_Handler
                0x08001880        0x2 CMakeFiles/Test_Bench.elf.dir/Core/Src/stm32f4xx_it.c.obj
                0x08001880                MemManage_Handler
 .text.BusFault_Handler
                0x08001882        0x2 CMakeFiles/Test_Bench.elf.dir/Core/Src/stm32f4xx_it.c.obj
                0x08001882                BusFault_Handler
 .text.UsageFault_Handler
                0x08001884        0x2 CMakeFiles/Test_Bench.elf.dir/Core/Src/stm32f4xx_it.c.obj
                0x08001884                UsageFault_Handler
 .text.SVC_Handler
                0x08001886        0x2 CMakeFiles/Test_Bench.elf.dir/Core/Src/stm32f4xx_it.c.obj
                0x08001886                SVC_Handler
 .text.DebugMon_Handler
                0x08001888        0x2 CMakeFiles/Test_Bench.elf.dir/Core/Src/stm32f4xx_it.c.obj
                0x08001888                DebugMon_Handler
 .text.PendSV_Handler
                0x0800188a        0x2 CMakeFiles/Test_Bench.elf.dir/Core/Src/stm32f4xx_it.c.obj
                0x0800188a                PendSV_Handler
 .text.SysTick_Handler
                0x0800188c        0x8 CMakeFiles/Test_Bench.elf.dir/Core/Src/stm32f4xx_it.c.obj
                0x0800188c                SysTick_Handler
 .text.USART2_IRQHandler
                0x08001894       0x10 CMakeFiles/Test_Bench.elf.dir/Core/Src/stm32f4xx_it.c.obj
                0x08001894                USART2_IRQHandler
 .text.SDIO_IRQHandler
                0x080018a4       0x10 CMakeFiles/Test_Bench.elf.dir/Core/Src/stm32f4xx_it.c.obj
                0x080018a4                SDIO_IRQHandler
 .text.TIM6_DAC_IRQHandler
                0x080018b4       0x10 CMakeFiles/Test_Bench.elf.dir/Core/Src/stm32f4xx_it.c.obj
                0x080018b4                TIM6_DAC_IRQHandler
 .text.OTG_FS_IRQHandler
                0x080018c4       0x10 CMakeFiles/Test_Bench.elf.dir/Core/Src/stm32f4xx_it.c.obj
                0x080018c4                OTG_FS_IRQHandler
 .text._getpid  0x080018d4        0x4 CMakeFiles/Test_Bench.elf.dir/Core/Src/syscalls.c.obj
                0x080018d4                _getpid
 .text._kill    0x080018d8       0x10 CMakeFiles/Test_Bench.elf.dir/Core/Src/syscalls.c.obj
                0x080018d8                _kill
 .text._exit    0x080018e8        0xc CMakeFiles/Test_Bench.elf.dir/Core/Src/syscalls.c.obj
                0x080018e8                _exit
 .text._read    0x080018f4       0x20 CMakeFiles/Test_Bench.elf.dir/Core/Src/syscalls.c.obj
                0x080018f4                _read
 .text._write   0x08001914       0x1c CMakeFiles/Test_Bench.elf.dir/Core/Src/syscalls.c.obj
                0x08001914                _write
 .text._close   0x08001930        0x6 CMakeFiles/Test_Bench.elf.dir/Core/Src/syscalls.c.obj
                0x08001930                _close
 .text._fstat   0x08001936        0xa CMakeFiles/Test_Bench.elf.dir/Core/Src/syscalls.c.obj
                0x08001936                _fstat
 .text._isatty  0x08001940        0x4 CMakeFiles/Test_Bench.elf.dir/Core/Src/syscalls.c.obj
                0x08001940                _isatty
 .text._lseek   0x08001944        0x4 CMakeFiles/Test_Bench.elf.dir/Core/Src/syscalls.c.obj
                0x08001944                _lseek
 .text._sbrk    0x08001948       0x48 CMakeFiles/Test_Bench.elf.dir/Core/Src/sysmem.c.obj
                0x08001948                _sbrk
 .text.SystemInit
                0x08001990        0x2 CMakeFiles/Test_Bench.elf.dir/Core/Src/system_stm32f4xx.c.obj
                0x08001990                SystemInit
 *fill*         0x08001992        0x2 
 .text.MX_TIM6_Init
                0x08001994       0x50 CMakeFiles/Test_Bench.elf.dir/Core/Src/tim.c.obj
                0x08001994                MX_TIM6_Init
 .text.HAL_TIM_Base_MspInit
                0x080019e4       0x40 CMakeFiles/Test_Bench.elf.dir/Core/Src/tim.c.obj
                0x080019e4                HAL_TIM_Base_MspInit
 .text.MX_USART1_UART_Init
                0x08001a24       0x34 CMakeFiles/Test_Bench.elf.dir/Core/Src/usart.c.obj
                0x08001a24                MX_USART1_UART_Init
 .text.MX_USART2_UART_Init
                0x08001a58       0x34 CMakeFiles/Test_Bench.elf.dir/Core/Src/usart.c.obj
                0x08001a58                MX_USART2_UART_Init
 .text.HAL_UART_MspInit
                0x08001a8c       0xd4 CMakeFiles/Test_Bench.elf.dir/Core/Src/usart.c.obj
                0x08001a8c                HAL_UART_MspInit
 .text.Reset_Handler
                0x08001b60       0x50 CMakeFiles/Test_Bench.elf.dir/Core/Startup/startup_stm32f407vgtx.s.obj
                0x08001b60                Reset_Handler
 .text.Default_Handler
                0x08001bb0        0x2 CMakeFiles/Test_Bench.elf.dir/Core/Startup/startup_stm32f407vgtx.s.obj
                0x08001bb0                DMA1_Stream3_IRQHandler
                0x08001bb0                HASH_RNG_IRQHandler
                0x08001bb0                EXTI2_IRQHandler
                0x08001bb0                TIM8_CC_IRQHandler
                0x08001bb0                TIM1_CC_IRQHandler
                0x08001bb0                DMA2_Stream5_IRQHandler
                0x08001bb0                DMA1_Stream5_IRQHandler
                0x08001bb0                PVD_IRQHandler
                0x08001bb0                TAMP_STAMP_IRQHandler
                0x08001bb0                CAN2_RX1_IRQHandler
                0x08001bb0                EXTI3_IRQHandler
                0x08001bb0                TIM8_TRG_COM_TIM14_IRQHandler
                0x08001bb0                TIM1_UP_TIM10_IRQHandler
                0x08001bb0                TIM8_UP_TIM13_IRQHandler
                0x08001bb0                I2C3_ER_IRQHandler
                0x08001bb0                EXTI0_IRQHandler
                0x08001bb0                I2C2_EV_IRQHandler
                0x08001bb0                DMA1_Stream2_IRQHandler
                0x08001bb0                CAN1_RX0_IRQHandler
                0x08001bb0                FPU_IRQHandler
                0x08001bb0                OTG_HS_WKUP_IRQHandler
                0x08001bb0                CAN2_SCE_IRQHandler
                0x08001bb0                DMA2_Stream2_IRQHandler
                0x08001bb0                SPI1_IRQHandler
                0x08001bb0                TIM1_BRK_TIM9_IRQHandler
                0x08001bb0                DCMI_IRQHandler
                0x08001bb0                CAN2_RX0_IRQHandler
                0x08001bb0                DMA2_Stream3_IRQHandler
                0x08001bb0                USART6_IRQHandler
                0x08001bb0                USART3_IRQHandler
                0x08001bb0                CAN1_RX1_IRQHandler
                0x08001bb0                UART5_IRQHandler
                0x08001bb0                DMA2_Stream0_IRQHandler
                0x08001bb0                TIM4_IRQHandler
                0x08001bb0                I2C1_EV_IRQHandler
                0x08001bb0                DMA1_Stream6_IRQHandler
                0x08001bb0                DMA1_Stream1_IRQHandler
                0x08001bb0                UART4_IRQHandler
                0x08001bb0                TIM3_IRQHandler
                0x08001bb0                RCC_IRQHandler
                0x08001bb0                TIM8_BRK_TIM12_IRQHandler
                0x08001bb0                Default_Handler
                0x08001bb0                EXTI15_10_IRQHandler
                0x08001bb0                ADC_IRQHandler
                0x08001bb0                DMA1_Stream7_IRQHandler
                0x08001bb0                TIM7_IRQHandler
                0x08001bb0                CAN2_TX_IRQHandler
                0x08001bb0                TIM5_IRQHandler
                0x08001bb0                DMA2_Stream7_IRQHandler
                0x08001bb0                I2C3_EV_IRQHandler
                0x08001bb0                EXTI9_5_IRQHandler
                0x08001bb0                RTC_WKUP_IRQHandler
                0x08001bb0                ETH_WKUP_IRQHandler
                0x08001bb0                SPI2_IRQHandler
                0x08001bb0                OTG_HS_EP1_IN_IRQHandler
                0x08001bb0                DMA1_Stream0_IRQHandler
                0x08001bb0                CAN1_TX_IRQHandler
                0x08001bb0                EXTI4_IRQHandler
                0x08001bb0                FSMC_IRQHandler
                0x08001bb0                ETH_IRQHandler
                0x08001bb0                OTG_HS_EP1_OUT_IRQHandler
                0x08001bb0                WWDG_IRQHandler
                0x08001bb0                TIM2_IRQHandler
                0x08001bb0                OTG_FS_WKUP_IRQHandler
                0x08001bb0                TIM1_TRG_COM_TIM11_IRQHandler
                0x08001bb0                OTG_HS_IRQHandler
                0x08001bb0                EXTI1_IRQHandler
                0x08001bb0                I2C2_ER_IRQHandler
                0x08001bb0                DMA2_Stream1_IRQHandler
                0x08001bb0                CAN1_SCE_IRQHandler
                0x08001bb0                FLASH_IRQHandler
                0x08001bb0                DMA2_Stream4_IRQHandler
                0x08001bb0                USART1_IRQHandler
                0x08001bb0                SPI3_IRQHandler
                0x08001bb0                DMA1_Stream4_IRQHandler
                0x08001bb0                I2C1_ER_IRQHandler
                0x08001bb0                DMA2_Stream6_IRQHandler
                0x08001bb0                RTC_Alarm_IRQHandler
 *fill*         0x08001bb2        0x2 
 .text.HAL_InitTick
                0x08001bb4       0x4c CMakeFiles/Test_Bench.elf.dir/Drivers/STM32F4xx_HAL_Driver/Src/stm32f4xx_hal.c.obj
                0x08001bb4                HAL_InitTick
 .text.HAL_Init
                0x08001c00       0x34 CMakeFiles/Test_Bench.elf.dir/Drivers/STM32F4xx_HAL_Driver/Src/stm32f4xx_hal.c.obj
                0x08001c00                HAL_Init
 .text.HAL_IncTick
                0x08001c34       0x18 CMakeFiles/Test_Bench.elf.dir/Drivers/STM32F4xx_HAL_Driver/Src/stm32f4xx_hal.c.obj
                0x08001c34                HAL_IncTick
 .text.HAL_GetTick
                0x08001c4c        0xc CMakeFiles/Test_Bench.elf.dir/Drivers/STM32F4xx_HAL_Driver/Src/stm32f4xx_hal.c.obj
                0x08001c4c                HAL_GetTick
 .text.HAL_Delay
                0x08001c58       0x28 CMakeFiles/Test_Bench.elf.dir/Drivers/STM32F4xx_HAL_Driver/Src/stm32f4xx_hal.c.obj
                0x08001c58                HAL_Delay
 .text.__NVIC_EnableIRQ
                0x08001c80       0x1c CMakeFiles/Test_Bench.elf.dir/Drivers/STM32F4xx_HAL_Driver/Src/stm32f4xx_hal_cortex.c.obj
 .text.__NVIC_SetPriority
                0x08001c9c       0x28 CMakeFiles/Test_Bench.elf.dir/Drivers/STM32F4xx_HAL_Driver/Src/stm32f4xx_hal_cortex.c.obj
 .text.NVIC_EncodePriority
                0x08001cc4       0x3e CMakeFiles/Test_Bench.elf.dir/Drivers/STM32F4xx_HAL_Driver/Src/stm32f4xx_hal_cortex.c.obj
 *fill*         0x08001d02        0x2 
 .text.HAL_NVIC_SetPriorityGrouping
                0x08001d04       0x24 CMakeFiles/Test_Bench.elf.dir/Drivers/STM32F4xx_HAL_Driver/Src/stm32f4xx_hal_cortex.c.obj
                0x08001d04                HAL_NVIC_SetPriorityGrouping
 .text.HAL_NVIC_SetPriority
                0x08001d28       0x20 CMakeFiles/Test_Bench.elf.dir/Drivers/STM32F4xx_HAL_Driver/Src/stm32f4xx_hal_cortex.c.obj
                0x08001d28                HAL_NVIC_SetPriority
 .text.HAL_NVIC_EnableIRQ
                0x08001d48        0x8 CMakeFiles/Test_Bench.elf.dir/Drivers/STM32F4xx_HAL_Driver/Src/stm32f4xx_hal_cortex.c.obj
                0x08001d48                HAL_NVIC_EnableIRQ
 .text.HAL_SYSTICK_Config
                0x08001d50       0x28 CMakeFiles/Test_Bench.elf.dir/Drivers/STM32F4xx_HAL_Driver/Src/stm32f4xx_hal_cortex.c.obj
                0x08001d50                HAL_SYSTICK_Config
 .text.HAL_DMA_Abort
                0x08001d78       0x92 CMakeFiles/Test_Bench.elf.dir/Drivers/STM32F4xx_HAL_Driver/Src/stm32f4xx_hal_dma.c.obj
                0x08001d78                HAL_DMA_Abort
 .text.HAL_DMA_Abort_IT
                0x08001e0a       0x24 CMakeFiles/Test_Bench.elf.dir/Drivers/STM32F4xx_HAL_Driver/Src/stm32f4xx_hal_dma.c.obj
                0x08001e0a                HAL_DMA_Abort_IT
 *fill*         0x08001e2e        0x2 
 .text.HAL_GPIO_Init
                0x08001e30      0x1f4 CMakeFiles/Test_Bench.elf.dir/Drivers/STM32F4xx_HAL_Driver/Src/stm32f4xx_hal_gpio.c.obj
                0x08001e30                HAL_GPIO_Init
 .text.HAL_GPIO_WritePin
                0x08002024        0xc CMakeFiles/Test_Bench.elf.dir/Drivers/STM32F4xx_HAL_Driver/Src/stm32f4xx_hal_gpio.c.obj
                0x08002024                HAL_GPIO_WritePin
 .text.PCD_WriteEmptyTxFifo
                0x08002030       0xd0 CMakeFiles/Test_Bench.elf.dir/Drivers/STM32F4xx_HAL_Driver/Src/stm32f4xx_hal_pcd.c.obj
 .text.HAL_PCD_Init
                0x08002100      0x102 CMakeFiles/Test_Bench.elf.dir/Drivers/STM32F4xx_HAL_Driver/Src/stm32f4xx_hal_pcd.c.obj
                0x08002100                HAL_PCD_Init
 .text.HAL_PCD_Start
                0x08002202       0x44 CMakeFiles/Test_Bench.elf.dir/Drivers/STM32F4xx_HAL_Driver/Src/stm32f4xx_hal_pcd.c.obj
                0x08002202                HAL_PCD_Start
 *fill*         0x08002246        0x2 
 .text.PCD_EP_OutXfrComplete_int
                0x08002248      0x104 CMakeFiles/Test_Bench.elf.dir/Drivers/STM32F4xx_HAL_Driver/Src/stm32f4xx_hal_pcd.c.obj
 .text.PCD_EP_OutSetupPacket_int
                0x0800234c       0x50 CMakeFiles/Test_Bench.elf.dir/Drivers/STM32F4xx_HAL_Driver/Src/stm32f4xx_hal_pcd.c.obj
 .text.HAL_PCD_SetAddress
                0x0800239c       0x26 CMakeFiles/Test_Bench.elf.dir/Drivers/STM32F4xx_HAL_Driver/Src/stm32f4xx_hal_pcd.c.obj
                0x0800239c                HAL_PCD_SetAddress
 .text.HAL_PCD_EP_Open
                0x080023c2       0x8c CMakeFiles/Test_Bench.elf.dir/Drivers/STM32F4xx_HAL_Driver/Src/stm32f4xx_hal_pcd.c.obj
                0x080023c2                HAL_PCD_EP_Open
 .text.HAL_PCD_EP_Close
                0x0800244e       0x70 CMakeFiles/Test_Bench.elf.dir/Drivers/STM32F4xx_HAL_Driver/Src/stm32f4xx_hal_pcd.c.obj
                0x0800244e                HAL_PCD_EP_Close
 .text.HAL_PCD_EP_Receive
                0x080024be       0x4a CMakeFiles/Test_Bench.elf.dir/Drivers/STM32F4xx_HAL_Driver/Src/stm32f4xx_hal_pcd.c.obj
                0x080024be                HAL_PCD_EP_Receive
 .text.HAL_PCD_EP_GetRxCount
                0x08002508       0x12 CMakeFiles/Test_Bench.elf.dir/Drivers/STM32F4xx_HAL_Driver/Src/stm32f4xx_hal_pcd.c.obj
                0x08002508                HAL_PCD_EP_GetRxCount
 .text.HAL_PCD_EP_Transmit
                0x0800251a       0x4a CMakeFiles/Test_Bench.elf.dir/Drivers/STM32F4xx_HAL_Driver/Src/stm32f4xx_hal_pcd.c.obj
                0x0800251a                HAL_PCD_EP_Transmit
 .text.HAL_PCD_EP_SetStall
                0x08002564       0x86 CMakeFiles/Test_Bench.elf.dir/Drivers/STM32F4xx_HAL_Driver/Src/stm32f4xx_hal_pcd.c.obj
                0x08002564                HAL_PCD_EP_SetStall
 .text.HAL_PCD_EP_ClrStall
                0x080025ea       0x74 CMakeFiles/Test_Bench.elf.dir/Drivers/STM32F4xx_HAL_Driver/Src/stm32f4xx_hal_pcd.c.obj
                0x080025ea                HAL_PCD_EP_ClrStall
 .text.HAL_PCD_EP_Abort
                0x0800265e       0x34 CMakeFiles/Test_Bench.elf.dir/Drivers/STM32F4xx_HAL_Driver/Src/stm32f4xx_hal_pcd.c.obj
                0x0800265e                HAL_PCD_EP_Abort
 .text.HAL_PCD_IRQHandler
                0x08002692      0x5c0 CMakeFiles/Test_Bench.elf.dir/Drivers/STM32F4xx_HAL_Driver/Src/stm32f4xx_hal_pcd.c.obj
                0x08002692                HAL_PCD_IRQHandler
 .text.HAL_PCDEx_SetTxFiFo
                0x08002c52       0x4a CMakeFiles/Test_Bench.elf.dir/Drivers/STM32F4xx_HAL_Driver/Src/stm32f4xx_hal_pcd_ex.c.obj
                0x08002c52                HAL_PCDEx_SetTxFiFo
 .text.HAL_PCDEx_SetRxFiFo
                0x08002c9c        0x8 CMakeFiles/Test_Bench.elf.dir/Drivers/STM32F4xx_HAL_Driver/Src/stm32f4xx_hal_pcd_ex.c.obj
                0x08002c9c                HAL_PCDEx_SetRxFiFo
 .text.HAL_PCDEx_LPM_Callback
                0x08002ca4        0x2 CMakeFiles/Test_Bench.elf.dir/Drivers/STM32F4xx_HAL_Driver/Src/stm32f4xx_hal_pcd_ex.c.obj
                0x08002ca4                HAL_PCDEx_LPM_Callback
 *fill*         0x08002ca6        0x2 
 .text.HAL_RCC_OscConfig
                0x08002ca8      0x3f8 CMakeFiles/Test_Bench.elf.dir/Drivers/STM32F4xx_HAL_Driver/Src/stm32f4xx_hal_rcc.c.obj
                0x08002ca8                HAL_RCC_OscConfig
 .text.HAL_RCC_GetSysClockFreq
                0x080030a0       0xdc CMakeFiles/Test_Bench.elf.dir/Drivers/STM32F4xx_HAL_Driver/Src/stm32f4xx_hal_rcc.c.obj
                0x080030a0                HAL_RCC_GetSysClockFreq
 .text.HAL_RCC_ClockConfig
                0x0800317c      0x160 CMakeFiles/Test_Bench.elf.dir/Drivers/STM32F4xx_HAL_Driver/Src/stm32f4xx_hal_rcc.c.obj
                0x0800317c                HAL_RCC_ClockConfig
 .text.HAL_RCC_GetHCLKFreq
                0x080032dc        0xc CMakeFiles/Test_Bench.elf.dir/Drivers/STM32F4xx_HAL_Driver/Src/stm32f4xx_hal_rcc.c.obj
                0x080032dc                HAL_RCC_GetHCLKFreq
 .text.HAL_RCC_GetPCLK1Freq
                0x080032e8       0x20 CMakeFiles/Test_Bench.elf.dir/Drivers/STM32F4xx_HAL_Driver/Src/stm32f4xx_hal_rcc.c.obj
                0x080032e8                HAL_RCC_GetPCLK1Freq
 .text.HAL_RCC_GetPCLK2Freq
                0x08003308       0x20 CMakeFiles/Test_Bench.elf.dir/Drivers/STM32F4xx_HAL_Driver/Src/stm32f4xx_hal_rcc.c.obj
                0x08003308                HAL_RCC_GetPCLK2Freq
 .text.SD_PowerON
                0x08003328       0xc0 CMakeFiles/Test_Bench.elf.dir/Drivers/STM32F4xx_HAL_Driver/Src/stm32f4xx_hal_sd.c.obj
 .text.SD_Read_IT
                0x080033e8       0x38 CMakeFiles/Test_Bench.elf.dir/Drivers/STM32F4xx_HAL_Driver/Src/stm32f4xx_hal_sd.c.obj
 .text.SD_Write_IT
                0x08003420       0x48 CMakeFiles/Test_Bench.elf.dir/Drivers/STM32F4xx_HAL_Driver/Src/stm32f4xx_hal_sd.c.obj
 .text.SD_SendStatus
                0x08003468       0x2c CMakeFiles/Test_Bench.elf.dir/Drivers/STM32F4xx_HAL_Driver/Src/stm32f4xx_hal_sd.c.obj
 .text.HAL_SD_ReadBlocks
                0x08003494      0x250 CMakeFiles/Test_Bench.elf.dir/Drivers/STM32F4xx_HAL_Driver/Src/stm32f4xx_hal_sd.c.obj
                0x08003494                HAL_SD_ReadBlocks
 .text.HAL_SD_WriteBlocks
                0x080036e4      0x214 CMakeFiles/Test_Bench.elf.dir/Drivers/STM32F4xx_HAL_Driver/Src/stm32f4xx_hal_sd.c.obj
                0x080036e4                HAL_SD_WriteBlocks
 .text.HAL_SD_ErrorCallback
                0x080038f8        0x2 CMakeFiles/Test_Bench.elf.dir/Drivers/STM32F4xx_HAL_Driver/Src/stm32f4xx_hal_sd.c.obj
                0x080038f8                HAL_SD_ErrorCallback
 *fill*         0x080038fa        0x2 
 .text.HAL_SD_GetCardCSD
                0x080038fc      0x1b8 CMakeFiles/Test_Bench.elf.dir/Drivers/STM32F4xx_HAL_Driver/Src/stm32f4xx_hal_sd.c.obj
                0x080038fc                HAL_SD_GetCardCSD
 .text.SD_InitCard
                0x08003ab4      0x100 CMakeFiles/Test_Bench.elf.dir/Drivers/STM32F4xx_HAL_Driver/Src/stm32f4xx_hal_sd.c.obj
 .text.HAL_SD_InitCard
                0x08003bb4       0xa8 CMakeFiles/Test_Bench.elf.dir/Drivers/STM32F4xx_HAL_Driver/Src/stm32f4xx_hal_sd.c.obj
                0x08003bb4                HAL_SD_InitCard
 .text.HAL_SD_Init
                0x08003c5c       0x36 CMakeFiles/Test_Bench.elf.dir/Drivers/STM32F4xx_HAL_Driver/Src/stm32f4xx_hal_sd.c.obj
                0x08003c5c                HAL_SD_Init
 .text.HAL_SD_GetCardInfo
                0x08003c92       0x24 CMakeFiles/Test_Bench.elf.dir/Drivers/STM32F4xx_HAL_Driver/Src/stm32f4xx_hal_sd.c.obj
                0x08003c92                HAL_SD_GetCardInfo
 .text.HAL_SD_GetCardState
                0x08003cb6       0x22 CMakeFiles/Test_Bench.elf.dir/Drivers/STM32F4xx_HAL_Driver/Src/stm32f4xx_hal_sd.c.obj
                0x08003cb6                HAL_SD_GetCardState
 .text.SD_DMATxAbort
                0x08003cd8       0x44 CMakeFiles/Test_Bench.elf.dir/Drivers/STM32F4xx_HAL_Driver/Src/stm32f4xx_hal_sd.c.obj
 .text.SD_DMARxAbort
                0x08003d1c       0x44 CMakeFiles/Test_Bench.elf.dir/Drivers/STM32F4xx_HAL_Driver/Src/stm32f4xx_hal_sd.c.obj
 .text.HAL_SD_IRQHandler
                0x08003d60      0x1e0 CMakeFiles/Test_Bench.elf.dir/Drivers/STM32F4xx_HAL_Driver/Src/stm32f4xx_hal_sd.c.obj
                0x08003d60                HAL_SD_IRQHandler
 .text.SPI_WaitFlagStateUntilTimeout
                0x08003f40       0xc8 CMakeFiles/Test_Bench.elf.dir/Drivers/STM32F4xx_HAL_Driver/Src/stm32f4xx_hal_spi.c.obj
 .text.SPI_EndRxTxTransaction
                0x08004008       0x80 CMakeFiles/Test_Bench.elf.dir/Drivers/STM32F4xx_HAL_Driver/Src/stm32f4xx_hal_spi.c.obj
 .text.SPI_EndRxTransaction
                0x08004088       0x8c CMakeFiles/Test_Bench.elf.dir/Drivers/STM32F4xx_HAL_Driver/Src/stm32f4xx_hal_spi.c.obj
 .text.HAL_SPI_Init
                0x08004114       0xbe CMakeFiles/Test_Bench.elf.dir/Drivers/STM32F4xx_HAL_Driver/Src/stm32f4xx_hal_spi.c.obj
                0x08004114                HAL_SPI_Init
 .text.HAL_SPI_TransmitReceive
                0x080041d2      0x252 CMakeFiles/Test_Bench.elf.dir/Drivers/STM32F4xx_HAL_Driver/Src/stm32f4xx_hal_spi.c.obj
                0x080041d2                HAL_SPI_TransmitReceive
 .text.HAL_SPI_Receive
                0x08004424      0x188 CMakeFiles/Test_Bench.elf.dir/Drivers/STM32F4xx_HAL_Driver/Src/stm32f4xx_hal_spi.c.obj
                0x08004424                HAL_SPI_Receive
 .text.HAL_TIM_Base_Start_IT
                0x080045ac       0x84 CMakeFiles/Test_Bench.elf.dir/Drivers/STM32F4xx_HAL_Driver/Src/stm32f4xx_hal_tim.c.obj
                0x080045ac                HAL_TIM_Base_Start_IT
 .text.HAL_TIM_OC_DelayElapsedCallback
                0x08004630        0x2 CMakeFiles/Test_Bench.elf.dir/Drivers/STM32F4xx_HAL_Driver/Src/stm32f4xx_hal_tim.c.obj
                0x08004630                HAL_TIM_OC_DelayElapsedCallback
 .text.HAL_TIM_IC_CaptureCallback
                0x08004632        0x2 CMakeFiles/Test_Bench.elf.dir/Drivers/STM32F4xx_HAL_Driver/Src/stm32f4xx_hal_tim.c.obj
                0x08004632                HAL_TIM_IC_CaptureCallback
 .text.HAL_TIM_PWM_PulseFinishedCallback
                0x08004634        0x2 CMakeFiles/Test_Bench.elf.dir/Drivers/STM32F4xx_HAL_Driver/Src/stm32f4xx_hal_tim.c.obj
                0x08004634                HAL_TIM_PWM_PulseFinishedCallback
 .text.HAL_TIM_TriggerCallback
                0x08004636        0x2 CMakeFiles/Test_Bench.elf.dir/Drivers/STM32F4xx_HAL_Driver/Src/stm32f4xx_hal_tim.c.obj
                0x08004636                HAL_TIM_TriggerCallback
 .text.HAL_TIM_IRQHandler
                0x08004638      0x15e CMakeFiles/Test_Bench.elf.dir/Drivers/STM32F4xx_HAL_Driver/Src/stm32f4xx_hal_tim.c.obj
                0x08004638                HAL_TIM_IRQHandler
 *fill*         0x08004796        0x2 
 .text.TIM_Base_SetConfig
                0x08004798       0xd8 CMakeFiles/Test_Bench.elf.dir/Drivers/STM32F4xx_HAL_Driver/Src/stm32f4xx_hal_tim.c.obj
                0x08004798                TIM_Base_SetConfig
 .text.HAL_TIM_Base_Init
                0x08004870       0x58 CMakeFiles/Test_Bench.elf.dir/Drivers/STM32F4xx_HAL_Driver/Src/stm32f4xx_hal_tim.c.obj
                0x08004870                HAL_TIM_Base_Init
 .text.HAL_TIMEx_MasterConfigSynchronization
                0x080048c8       0x8c CMakeFiles/Test_Bench.elf.dir/Drivers/STM32F4xx_HAL_Driver/Src/stm32f4xx_hal_tim_ex.c.obj
                0x080048c8                HAL_TIMEx_MasterConfigSynchronization
 .text.HAL_TIMEx_CommutCallback
                0x08004954        0x2 CMakeFiles/Test_Bench.elf.dir/Drivers/STM32F4xx_HAL_Driver/Src/stm32f4xx_hal_tim_ex.c.obj
                0x08004954                HAL_TIMEx_CommutCallback
 .text.HAL_TIMEx_BreakCallback
                0x08004956        0x2 CMakeFiles/Test_Bench.elf.dir/Drivers/STM32F4xx_HAL_Driver/Src/stm32f4xx_hal_tim_ex.c.obj
                0x08004956                HAL_TIMEx_BreakCallback
 .text.UART_EndRxTransfer
                0x08004958       0x5c CMakeFiles/Test_Bench.elf.dir/Drivers/STM32F4xx_HAL_Driver/Src/stm32f4xx_hal_uart.c.obj
 .text.UART_Transmit_IT
                0x080049b4       0x5e CMakeFiles/Test_Bench.elf.dir/Drivers/STM32F4xx_HAL_Driver/Src/stm32f4xx_hal_uart.c.obj
 *fill*         0x08004a12        0x2 
 .text.UART_SetConfig
                0x08004a14      0x110 CMakeFiles/Test_Bench.elf.dir/Drivers/STM32F4xx_HAL_Driver/Src/stm32f4xx_hal_uart.c.obj
 .text.UART_WaitOnFlagUntilTimeout
                0x08004b24       0x86 CMakeFiles/Test_Bench.elf.dir/Drivers/STM32F4xx_HAL_Driver/Src/stm32f4xx_hal_uart.c.obj
 .text.HAL_UART_Init
                0x08004baa       0x60 CMakeFiles/Test_Bench.elf.dir/Drivers/STM32F4xx_HAL_Driver/Src/stm32f4xx_hal_uart.c.obj
                0x08004baa                HAL_UART_Init
 .text.HAL_UART_Transmit
                0x08004c0a       0xca CMakeFiles/Test_Bench.elf.dir/Drivers/STM32F4xx_HAL_Driver/Src/stm32f4xx_hal_uart.c.obj
                0x08004c0a                HAL_UART_Transmit
 .text.HAL_UART_Receive
                0x08004cd4       0xd2 CMakeFiles/Test_Bench.elf.dir/Drivers/STM32F4xx_HAL_Driver/Src/stm32f4xx_hal_uart.c.obj
                0x08004cd4                HAL_UART_Receive
 .text.HAL_UART_TxCpltCallback
                0x08004da6        0x2 CMakeFiles/Test_Bench.elf.dir/Drivers/STM32F4xx_HAL_Driver/Src/stm32f4xx_hal_uart.c.obj
                0x08004da6                HAL_UART_TxCpltCallback
 .text.UART_EndTransmit_IT
                0x08004da8       0x1a CMakeFiles/Test_Bench.elf.dir/Drivers/STM32F4xx_HAL_Driver/Src/stm32f4xx_hal_uart.c.obj
 .text.HAL_UART_RxCpltCallback
                0x08004dc2        0x2 CMakeFiles/Test_Bench.elf.dir/Drivers/STM32F4xx_HAL_Driver/Src/stm32f4xx_hal_uart.c.obj
                0x08004dc2                HAL_UART_RxCpltCallback
 .text.HAL_UART_ErrorCallback
                0x08004dc4        0x2 CMakeFiles/Test_Bench.elf.dir/Drivers/STM32F4xx_HAL_Driver/Src/stm32f4xx_hal_uart.c.obj
                0x08004dc4                HAL_UART_ErrorCallback
 .text.UART_DMAAbortOnError
                0x08004dc6       0x10 CMakeFiles/Test_Bench.elf.dir/Drivers/STM32F4xx_HAL_Driver/Src/stm32f4xx_hal_uart.c.obj
 .text.HAL_UARTEx_RxEventCallback
                0x08004dd6        0x2 CMakeFiles/Test_Bench.elf.dir/Drivers/STM32F4xx_HAL_Driver/Src/stm32f4xx_hal_uart.c.obj
                0x08004dd6                HAL_UARTEx_RxEventCallback
 .text.UART_Receive_IT
                0x08004dd8       0xe4 CMakeFiles/Test_Bench.elf.dir/Drivers/STM32F4xx_HAL_Driver/Src/stm32f4xx_hal_uart.c.obj
 .text.HAL_UART_IRQHandler
                0x08004ebc      0x284 CMakeFiles/Test_Bench.elf.dir/Drivers/STM32F4xx_HAL_Driver/Src/stm32f4xx_hal_uart.c.obj
                0x08004ebc                HAL_UART_IRQHandler
 .text.SDMMC_GetCmdError
                0x08005140       0x38 CMakeFiles/Test_Bench.elf.dir/Drivers/STM32F4xx_HAL_Driver/Src/stm32f4xx_ll_sdmmc.c.obj
 .text.SDIO_Init
                0x08005178       0x32 CMakeFiles/Test_Bench.elf.dir/Drivers/STM32F4xx_HAL_Driver/Src/stm32f4xx_ll_sdmmc.c.obj
                0x08005178                SDIO_Init
 .text.SDIO_ReadFIFO
                0x080051aa        0x6 CMakeFiles/Test_Bench.elf.dir/Drivers/STM32F4xx_HAL_Driver/Src/stm32f4xx_ll_sdmmc.c.obj
                0x080051aa                SDIO_ReadFIFO
 .text.SDIO_WriteFIFO
                0x080051b0        0xa CMakeFiles/Test_Bench.elf.dir/Drivers/STM32F4xx_HAL_Driver/Src/stm32f4xx_ll_sdmmc.c.obj
                0x080051b0                SDIO_WriteFIFO
 .text.SDIO_PowerState_ON
                0x080051ba        0x8 CMakeFiles/Test_Bench.elf.dir/Drivers/STM32F4xx_HAL_Driver/Src/stm32f4xx_ll_sdmmc.c.obj
                0x080051ba                SDIO_PowerState_ON
 .text.SDIO_GetPowerState
                0x080051c2        0x8 CMakeFiles/Test_Bench.elf.dir/Drivers/STM32F4xx_HAL_Driver/Src/stm32f4xx_ll_sdmmc.c.obj
                0x080051c2                SDIO_GetPowerState
 .text.SDIO_SendCommand
                0x080051ca       0x20 CMakeFiles/Test_Bench.elf.dir/Drivers/STM32F4xx_HAL_Driver/Src/stm32f4xx_ll_sdmmc.c.obj
                0x080051ca                SDIO_SendCommand
 .text.SDIO_GetCommandResponse
                0x080051ea        0x6 CMakeFiles/Test_Bench.elf.dir/Drivers/STM32F4xx_HAL_Driver/Src/stm32f4xx_ll_sdmmc.c.obj
                0x080051ea                SDIO_GetCommandResponse
 .text.SDIO_GetResponse
                0x080051f0        0x6 CMakeFiles/Test_Bench.elf.dir/Drivers/STM32F4xx_HAL_Driver/Src/stm32f4xx_ll_sdmmc.c.obj
                0x080051f0                SDIO_GetResponse
 .text.SDIO_ConfigData
                0x080051f6       0x24 CMakeFiles/Test_Bench.elf.dir/Drivers/STM32F4xx_HAL_Driver/Src/stm32f4xx_ll_sdmmc.c.obj
                0x080051f6                SDIO_ConfigData
 .text.SDMMC_CmdGoIdleState
                0x0800521a       0x26 CMakeFiles/Test_Bench.elf.dir/Drivers/STM32F4xx_HAL_Driver/Src/stm32f4xx_ll_sdmmc.c.obj
                0x0800521a                SDMMC_CmdGoIdleState
 .text.SDMMC_GetCmdResp1
                0x08005240      0x154 CMakeFiles/Test_Bench.elf.dir/Drivers/STM32F4xx_HAL_Driver/Src/stm32f4xx_ll_sdmmc.c.obj
                0x08005240                SDMMC_GetCmdResp1
 .text.SDMMC_CmdBlockLength
                0x08005394       0x30 CMakeFiles/Test_Bench.elf.dir/Drivers/STM32F4xx_HAL_Driver/Src/stm32f4xx_ll_sdmmc.c.obj
                0x08005394                SDMMC_CmdBlockLength
 .text.SDMMC_CmdReadSingleBlock
                0x080053c4       0x30 CMakeFiles/Test_Bench.elf.dir/Drivers/STM32F4xx_HAL_Driver/Src/stm32f4xx_ll_sdmmc.c.obj
                0x080053c4                SDMMC_CmdReadSingleBlock
 .text.SDMMC_CmdReadMultiBlock
                0x080053f4       0x30 CMakeFiles/Test_Bench.elf.dir/Drivers/STM32F4xx_HAL_Driver/Src/stm32f4xx_ll_sdmmc.c.obj
                0x080053f4                SDMMC_CmdReadMultiBlock
 .text.SDMMC_CmdWriteSingleBlock
                0x08005424       0x30 CMakeFiles/Test_Bench.elf.dir/Drivers/STM32F4xx_HAL_Driver/Src/stm32f4xx_ll_sdmmc.c.obj
                0x08005424                SDMMC_CmdWriteSingleBlock
 .text.SDMMC_CmdWriteMultiBlock
                0x08005454       0x30 CMakeFiles/Test_Bench.elf.dir/Drivers/STM32F4xx_HAL_Driver/Src/stm32f4xx_ll_sdmmc.c.obj
                0x08005454                SDMMC_CmdWriteMultiBlock
 .text.SDMMC_CmdStopTransfer
                0x08005484       0x34 CMakeFiles/Test_Bench.elf.dir/Drivers/STM32F4xx_HAL_Driver/Src/stm32f4xx_ll_sdmmc.c.obj
                0x08005484                SDMMC_CmdStopTransfer
 .text.SDMMC_CmdSelDesel
                0x080054b8       0x30 CMakeFiles/Test_Bench.elf.dir/Drivers/STM32F4xx_HAL_Driver/Src/stm32f4xx_ll_sdmmc.c.obj
                0x080054b8                SDMMC_CmdSelDesel
 .text.SDMMC_CmdAppCommand
                0x080054e8       0x30 CMakeFiles/Test_Bench.elf.dir/Drivers/STM32F4xx_HAL_Driver/Src/stm32f4xx_ll_sdmmc.c.obj
                0x080054e8                SDMMC_CmdAppCommand
 .text.SDMMC_CmdSendStatus
                0x08005518       0x30 CMakeFiles/Test_Bench.elf.dir/Drivers/STM32F4xx_HAL_Driver/Src/stm32f4xx_ll_sdmmc.c.obj
                0x08005518                SDMMC_CmdSendStatus
 .text.SDMMC_GetCmdResp2
                0x08005548       0x5c CMakeFiles/Test_Bench.elf.dir/Drivers/STM32F4xx_HAL_Driver/Src/stm32f4xx_ll_sdmmc.c.obj
                0x08005548                SDMMC_GetCmdResp2
 .text.SDMMC_CmdSendCID
                0x080055a4       0x2a CMakeFiles/Test_Bench.elf.dir/Drivers/STM32F4xx_HAL_Driver/Src/stm32f4xx_ll_sdmmc.c.obj
                0x080055a4                SDMMC_CmdSendCID
 .text.SDMMC_CmdSendCSD
                0x080055ce       0x2a CMakeFiles/Test_Bench.elf.dir/Drivers/STM32F4xx_HAL_Driver/Src/stm32f4xx_ll_sdmmc.c.obj
                0x080055ce                SDMMC_CmdSendCSD
 .text.SDMMC_GetCmdResp3
                0x080055f8       0x4c CMakeFiles/Test_Bench.elf.dir/Drivers/STM32F4xx_HAL_Driver/Src/stm32f4xx_ll_sdmmc.c.obj
                0x080055f8                SDMMC_GetCmdResp3
 .text.SDMMC_CmdAppOperCommand
                0x08005644       0x32 CMakeFiles/Test_Bench.elf.dir/Drivers/STM32F4xx_HAL_Driver/Src/stm32f4xx_ll_sdmmc.c.obj
                0x08005644                SDMMC_CmdAppOperCommand
 *fill*         0x08005676        0x2 
 .text.SDMMC_GetCmdResp6
                0x08005678       0xa0 CMakeFiles/Test_Bench.elf.dir/Drivers/STM32F4xx_HAL_Driver/Src/stm32f4xx_ll_sdmmc.c.obj
                0x08005678                SDMMC_GetCmdResp6
 .text.SDMMC_CmdSetRelAdd
                0x08005718       0x30 CMakeFiles/Test_Bench.elf.dir/Drivers/STM32F4xx_HAL_Driver/Src/stm32f4xx_ll_sdmmc.c.obj
                0x08005718                SDMMC_CmdSetRelAdd
 .text.SDMMC_GetCmdResp7
                0x08005748       0x64 CMakeFiles/Test_Bench.elf.dir/Drivers/STM32F4xx_HAL_Driver/Src/stm32f4xx_ll_sdmmc.c.obj
                0x08005748                SDMMC_GetCmdResp7
 .text.SDMMC_CmdOperCond
                0x080057ac       0x2e CMakeFiles/Test_Bench.elf.dir/Drivers/STM32F4xx_HAL_Driver/Src/stm32f4xx_ll_sdmmc.c.obj
                0x080057ac                SDMMC_CmdOperCond
 .text.USB_CoreReset
                0x080057da       0x4a CMakeFiles/Test_Bench.elf.dir/Drivers/STM32F4xx_HAL_Driver/Src/stm32f4xx_ll_usb.c.obj
 .text.USB_CoreInit
                0x08005824       0x92 CMakeFiles/Test_Bench.elf.dir/Drivers/STM32F4xx_HAL_Driver/Src/stm32f4xx_ll_usb.c.obj
                0x08005824                USB_CoreInit
 *fill*         0x080058b6        0x2 
 .text.USB_SetTurnaroundTime
                0x080058b8       0xe4 CMakeFiles/Test_Bench.elf.dir/Drivers/STM32F4xx_HAL_Driver/Src/stm32f4xx_ll_usb.c.obj
                0x080058b8                USB_SetTurnaroundTime
 .text.USB_EnableGlobalInt
                0x0800599c        0xc CMakeFiles/Test_Bench.elf.dir/Drivers/STM32F4xx_HAL_Driver/Src/stm32f4xx_ll_usb.c.obj
                0x0800599c                USB_EnableGlobalInt
 .text.USB_DisableGlobalInt
                0x080059a8        0xc CMakeFiles/Test_Bench.elf.dir/Drivers/STM32F4xx_HAL_Driver/Src/stm32f4xx_ll_usb.c.obj
                0x080059a8                USB_DisableGlobalInt
 .text.USB_FlushTxFifo
                0x080059b4       0x4a CMakeFiles/Test_Bench.elf.dir/Drivers/STM32F4xx_HAL_Driver/Src/stm32f4xx_ll_usb.c.obj
                0x080059b4                USB_FlushTxFifo
 .text.USB_FlushRxFifo
                0x080059fe       0x46 CMakeFiles/Test_Bench.elf.dir/Drivers/STM32F4xx_HAL_Driver/Src/stm32f4xx_ll_usb.c.obj
                0x080059fe                USB_FlushRxFifo
 .text.USB_SetDevSpeed
                0x08005a44        0xe CMakeFiles/Test_Bench.elf.dir/Drivers/STM32F4xx_HAL_Driver/Src/stm32f4xx_ll_usb.c.obj
                0x08005a44                USB_SetDevSpeed
 *fill*         0x08005a52        0x2 
 .text.USB_DevInit
                0x08005a54      0x198 CMakeFiles/Test_Bench.elf.dir/Drivers/STM32F4xx_HAL_Driver/Src/stm32f4xx_ll_usb.c.obj
                0x08005a54                USB_DevInit
 .text.USB_GetDevSpeed
                0x08005bec       0x22 CMakeFiles/Test_Bench.elf.dir/Drivers/STM32F4xx_HAL_Driver/Src/stm32f4xx_ll_usb.c.obj
                0x08005bec                USB_GetDevSpeed
 .text.USB_ActivateEndpoint
                0x08005c0e       0x9a CMakeFiles/Test_Bench.elf.dir/Drivers/STM32F4xx_HAL_Driver/Src/stm32f4xx_ll_usb.c.obj
                0x08005c0e                USB_ActivateEndpoint
 .text.USB_DeactivateEndpoint
                0x08005ca8       0xe0 CMakeFiles/Test_Bench.elf.dir/Drivers/STM32F4xx_HAL_Driver/Src/stm32f4xx_ll_usb.c.obj
                0x08005ca8                USB_DeactivateEndpoint
 .text.USB_EPStopXfer
                0x08005d88       0xbc CMakeFiles/Test_Bench.elf.dir/Drivers/STM32F4xx_HAL_Driver/Src/stm32f4xx_ll_usb.c.obj
                0x08005d88                USB_EPStopXfer
 .text.USB_WritePacket
                0x08005e44       0x2e CMakeFiles/Test_Bench.elf.dir/Drivers/STM32F4xx_HAL_Driver/Src/stm32f4xx_ll_usb.c.obj
                0x08005e44                USB_WritePacket
 *fill*         0x08005e72        0x2 
 .text.USB_EPStartXfer
                0x08005e74      0x244 CMakeFiles/Test_Bench.elf.dir/Drivers/STM32F4xx_HAL_Driver/Src/stm32f4xx_ll_usb.c.obj
                0x08005e74                USB_EPStartXfer
 .text.USB_ReadPacket
                0x080060b8       0x46 CMakeFiles/Test_Bench.elf.dir/Drivers/STM32F4xx_HAL_Driver/Src/stm32f4xx_ll_usb.c.obj
                0x080060b8                USB_ReadPacket
 .text.USB_EPSetStall
                0x080060fe       0x5a CMakeFiles/Test_Bench.elf.dir/Drivers/STM32F4xx_HAL_Driver/Src/stm32f4xx_ll_usb.c.obj
                0x080060fe                USB_EPSetStall
 .text.USB_EPClearStall
                0x08006158       0x5c CMakeFiles/Test_Bench.elf.dir/Drivers/STM32F4xx_HAL_Driver/Src/stm32f4xx_ll_usb.c.obj
                0x08006158                USB_EPClearStall
 .text.USB_SetDevAddress
                0x080061b4       0x20 CMakeFiles/Test_Bench.elf.dir/Drivers/STM32F4xx_HAL_Driver/Src/stm32f4xx_ll_usb.c.obj
                0x080061b4                USB_SetDevAddress
 .text.USB_DevConnect
                0x080061d4       0x1c CMakeFiles/Test_Bench.elf.dir/Drivers/STM32F4xx_HAL_Driver/Src/stm32f4xx_ll_usb.c.obj
                0x080061d4                USB_DevConnect
 .text.USB_DevDisconnect
                0x080061f0       0x1c CMakeFiles/Test_Bench.elf.dir/Drivers/STM32F4xx_HAL_Driver/Src/stm32f4xx_ll_usb.c.obj
                0x080061f0                USB_DevDisconnect
 .text.USB_ReadInterrupts
                0x0800620c        0x8 CMakeFiles/Test_Bench.elf.dir/Drivers/STM32F4xx_HAL_Driver/Src/stm32f4xx_ll_usb.c.obj
                0x0800620c                USB_ReadInterrupts
 .text.USB_ReadDevAllOutEpInterrupt
                0x08006214       0x10 CMakeFiles/Test_Bench.elf.dir/Drivers/STM32F4xx_HAL_Driver/Src/stm32f4xx_ll_usb.c.obj
                0x08006214                USB_ReadDevAllOutEpInterrupt
 .text.USB_ReadDevAllInEpInterrupt
                0x08006224       0x10 CMakeFiles/Test_Bench.elf.dir/Drivers/STM32F4xx_HAL_Driver/Src/stm32f4xx_ll_usb.c.obj
                0x08006224                USB_ReadDevAllInEpInterrupt
 .text.USB_ReadDevOutEPInterrupt
                0x08006234       0x12 CMakeFiles/Test_Bench.elf.dir/Drivers/STM32F4xx_HAL_Driver/Src/stm32f4xx_ll_usb.c.obj
                0x08006234                USB_ReadDevOutEPInterrupt
 .text.USB_ReadDevInEPInterrupt
                0x08006246       0x24 CMakeFiles/Test_Bench.elf.dir/Drivers/STM32F4xx_HAL_Driver/Src/stm32f4xx_ll_usb.c.obj
                0x08006246                USB_ReadDevInEPInterrupt
 .text.USB_GetMode
                0x0800626a        0x8 CMakeFiles/Test_Bench.elf.dir/Drivers/STM32F4xx_HAL_Driver/Src/stm32f4xx_ll_usb.c.obj
                0x0800626a                USB_GetMode
 .text.USB_SetCurrentMode
                0x08006272       0x62 CMakeFiles/Test_Bench.elf.dir/Drivers/STM32F4xx_HAL_Driver/Src/stm32f4xx_ll_usb.c.obj
                0x08006272                USB_SetCurrentMode
 .text.USB_ActivateSetup
                0x080062d4       0x1c CMakeFiles/Test_Bench.elf.dir/Drivers/STM32F4xx_HAL_Driver/Src/stm32f4xx_ll_usb.c.obj
                0x080062d4                USB_ActivateSetup
 .text.USB_EP0_OutStart
                0x080062f0       0x5c CMakeFiles/Test_Bench.elf.dir/Drivers/STM32F4xx_HAL_Driver/Src/stm32f4xx_ll_usb.c.obj
                0x080062f0                USB_EP0_OutStart
 .text.MX_FATFS_Init
                0x0800634c       0x1c CMakeFiles/Test_Bench.elf.dir/FATFS/App/fatfs.c.obj
                0x0800634c                MX_FATFS_Init
 .text.get_fattime
                0x08006368        0x4 CMakeFiles/Test_Bench.elf.dir/FATFS/App/fatfs.c.obj
                0x08006368                get_fattime
 .text.BSP_SD_ReadBlocks
                0x0800636c       0x20 CMakeFiles/Test_Bench.elf.dir/FATFS/Target/bsp_driver_sd.c.obj
                0x0800636c                BSP_SD_ReadBlocks
 .text.BSP_SD_WriteBlocks
                0x0800638c       0x20 CMakeFiles/Test_Bench.elf.dir/FATFS/Target/bsp_driver_sd.c.obj
                0x0800638c                BSP_SD_WriteBlocks
 .text.BSP_SD_GetCardState
                0x080063ac       0x14 CMakeFiles/Test_Bench.elf.dir/FATFS/Target/bsp_driver_sd.c.obj
                0x080063ac                BSP_SD_GetCardState
 .text.BSP_SD_GetCardInfo
                0x080063c0       0x10 CMakeFiles/Test_Bench.elf.dir/FATFS/Target/bsp_driver_sd.c.obj
                0x080063c0                BSP_SD_GetCardInfo
 .text.BSP_SD_AbortCallback
                0x080063d0        0x2 CMakeFiles/Test_Bench.elf.dir/FATFS/Target/bsp_driver_sd.c.obj
                0x080063d0                BSP_SD_AbortCallback
 .text.HAL_SD_AbortCallback
                0x080063d2        0x8 CMakeFiles/Test_Bench.elf.dir/FATFS/Target/bsp_driver_sd.c.obj
                0x080063d2                HAL_SD_AbortCallback
 .text.BSP_SD_WriteCpltCallback
                0x080063da        0x2 CMakeFiles/Test_Bench.elf.dir/FATFS/Target/bsp_driver_sd.c.obj
                0x080063da                BSP_SD_WriteCpltCallback
 .text.HAL_SD_TxCpltCallback
                0x080063dc        0x8 CMakeFiles/Test_Bench.elf.dir/FATFS/Target/bsp_driver_sd.c.obj
                0x080063dc                HAL_SD_TxCpltCallback
 .text.BSP_SD_ReadCpltCallback
                0x080063e4        0x2 CMakeFiles/Test_Bench.elf.dir/FATFS/Target/bsp_driver_sd.c.obj
                0x080063e4                BSP_SD_ReadCpltCallback
 .text.HAL_SD_RxCpltCallback
                0x080063e6        0x8 CMakeFiles/Test_Bench.elf.dir/FATFS/Target/bsp_driver_sd.c.obj
                0x080063e6                HAL_SD_RxCpltCallback
 .text.BSP_SD_IsDetected
                0x080063ee       0x10 CMakeFiles/Test_Bench.elf.dir/FATFS/Target/bsp_driver_sd.c.obj
                0x080063ee                BSP_SD_IsDetected
 *fill*         0x080063fe        0x2 
 .text.BSP_SD_Init
                0x08006400       0x1c CMakeFiles/Test_Bench.elf.dir/FATFS/Target/bsp_driver_sd.c.obj
                0x08006400                BSP_SD_Init
 .text.SD_CheckStatus
                0x0800641c       0x24 CMakeFiles/Test_Bench.elf.dir/FATFS/Target/sd_diskio.c.obj
 .text.SD_initialize
                0x08006440       0x28 CMakeFiles/Test_Bench.elf.dir/FATFS/Target/sd_diskio.c.obj
                0x08006440                SD_initialize
 .text.SD_status
                0x08006468        0x8 CMakeFiles/Test_Bench.elf.dir/FATFS/Target/sd_diskio.c.obj
                0x08006468                SD_status
 .text.SD_read  0x08006470       0x24 CMakeFiles/Test_Bench.elf.dir/FATFS/Target/sd_diskio.c.obj
                0x08006470                SD_read
 .text.SD_write
                0x08006494       0x24 CMakeFiles/Test_Bench.elf.dir/FATFS/Target/sd_diskio.c.obj
                0x08006494                SD_write
 .text.SD_ioctl
                0x080064b8       0x58 CMakeFiles/Test_Bench.elf.dir/FATFS/Target/sd_diskio.c.obj
                0x080064b8                SD_ioctl
 .text.USBD_CDC_EP0_RxReady
                0x08006510       0x40 CMakeFiles/Test_Bench.elf.dir/Middlewares/ST/STM32_USB_Device_Library/Class/CDC/Src/usbd_cdc.c.obj
 .text.USBD_CDC_GetDeviceQualifierDescriptor
                0x08006550        0xc CMakeFiles/Test_Bench.elf.dir/Middlewares/ST/STM32_USB_Device_Library/Class/CDC/Src/usbd_cdc.c.obj
                0x08006550                USBD_CDC_GetDeviceQualifierDescriptor
 .text.USBD_CDC_GetOtherSpeedCfgDesc
                0x0800655c       0x48 CMakeFiles/Test_Bench.elf.dir/Middlewares/ST/STM32_USB_Device_Library/Class/CDC/Src/usbd_cdc.c.obj
 .text.USBD_CDC_GetFSCfgDesc
                0x080065a4       0x48 CMakeFiles/Test_Bench.elf.dir/Middlewares/ST/STM32_USB_Device_Library/Class/CDC/Src/usbd_cdc.c.obj
 .text.USBD_CDC_GetHSCfgDesc
                0x080065ec       0x48 CMakeFiles/Test_Bench.elf.dir/Middlewares/ST/STM32_USB_Device_Library/Class/CDC/Src/usbd_cdc.c.obj
 .text.USBD_CDC_DataOut
                0x08006634       0x38 CMakeFiles/Test_Bench.elf.dir/Middlewares/ST/STM32_USB_Device_Library/Class/CDC/Src/usbd_cdc.c.obj
 .text.USBD_CDC_DataIn
                0x0800666c       0x7c CMakeFiles/Test_Bench.elf.dir/Middlewares/ST/STM32_USB_Device_Library/Class/CDC/Src/usbd_cdc.c.obj
 .text.USBD_CDC_Setup
                0x080066e8      0x114 CMakeFiles/Test_Bench.elf.dir/Middlewares/ST/STM32_USB_Device_Library/Class/CDC/Src/usbd_cdc.c.obj
 .text.USBD_CDC_DeInit
                0x080067fc       0x64 CMakeFiles/Test_Bench.elf.dir/Middlewares/ST/STM32_USB_Device_Library/Class/CDC/Src/usbd_cdc.c.obj
 .text.USBD_CDC_Init
                0x08006860       0xee CMakeFiles/Test_Bench.elf.dir/Middlewares/ST/STM32_USB_Device_Library/Class/CDC/Src/usbd_cdc.c.obj
 .text.USBD_CDC_RegisterInterface
                0x0800694e       0x16 CMakeFiles/Test_Bench.elf.dir/Middlewares/ST/STM32_USB_Device_Library/Class/CDC/Src/usbd_cdc.c.obj
                0x0800694e                USBD_CDC_RegisterInterface
 .text.USBD_CDC_SetTxBuffer
                0x08006964       0x1c CMakeFiles/Test_Bench.elf.dir/Middlewares/ST/STM32_USB_Device_Library/Class/CDC/Src/usbd_cdc.c.obj
                0x08006964                USBD_CDC_SetTxBuffer
 .text.USBD_CDC_SetRxBuffer
                0x08006980       0x18 CMakeFiles/Test_Bench.elf.dir/Middlewares/ST/STM32_USB_Device_Library/Class/CDC/Src/usbd_cdc.c.obj
                0x08006980                USBD_CDC_SetRxBuffer
 .text.USBD_CDC_TransmitPacket
                0x08006998       0x36 CMakeFiles/Test_Bench.elf.dir/Middlewares/ST/STM32_USB_Device_Library/Class/CDC/Src/usbd_cdc.c.obj
                0x08006998                USBD_CDC_TransmitPacket
 .text.USBD_CDC_ReceivePacket
                0x080069ce       0x38 CMakeFiles/Test_Bench.elf.dir/Middlewares/ST/STM32_USB_Device_Library/Class/CDC/Src/usbd_cdc.c.obj
                0x080069ce                USBD_CDC_ReceivePacket
 .text.USBD_Init
                0x08006a06       0x2e CMakeFiles/Test_Bench.elf.dir/Middlewares/ST/STM32_USB_Device_Library/Core/Src/usbd_core.c.obj
                0x08006a06                USBD_Init
 .text.USBD_RegisterClass
                0x08006a34       0x40 CMakeFiles/Test_Bench.elf.dir/Middlewares/ST/STM32_USB_Device_Library/Core/Src/usbd_core.c.obj
                0x08006a34                USBD_RegisterClass
 .text.USBD_Start
                0x08006a74        0x8 CMakeFiles/Test_Bench.elf.dir/Middlewares/ST/STM32_USB_Device_Library/Core/Src/usbd_core.c.obj
                0x08006a74                USBD_Start
 .text.USBD_SetClassConfig
                0x08006a7c       0x12 CMakeFiles/Test_Bench.elf.dir/Middlewares/ST/STM32_USB_Device_Library/Core/Src/usbd_core.c.obj
                0x08006a7c                USBD_SetClassConfig
 .text.USBD_ClrClassConfig
                0x08006a8e       0x12 CMakeFiles/Test_Bench.elf.dir/Middlewares/ST/STM32_USB_Device_Library/Core/Src/usbd_core.c.obj
                0x08006a8e                USBD_ClrClassConfig
 .text.USBD_LL_SetupStage
                0x08006aa0       0x58 CMakeFiles/Test_Bench.elf.dir/Middlewares/ST/STM32_USB_Device_Library/Core/Src/usbd_core.c.obj
                0x08006aa0                USBD_LL_SetupStage
 .text.USBD_LL_Reset
                0x08006af8       0x64 CMakeFiles/Test_Bench.elf.dir/Middlewares/ST/STM32_USB_Device_Library/Core/Src/usbd_core.c.obj
                0x08006af8                USBD_LL_Reset
 .text.USBD_LL_SetSpeed
                0x08006b5c        0x6 CMakeFiles/Test_Bench.elf.dir/Middlewares/ST/STM32_USB_Device_Library/Core/Src/usbd_core.c.obj
                0x08006b5c                USBD_LL_SetSpeed
 .text.USBD_LL_Suspend
                0x08006b62       0x1c CMakeFiles/Test_Bench.elf.dir/Middlewares/ST/STM32_USB_Device_Library/Core/Src/usbd_core.c.obj
                0x08006b62                USBD_LL_Suspend
 .text.USBD_LL_Resume
                0x08006b7e       0x18 CMakeFiles/Test_Bench.elf.dir/Middlewares/ST/STM32_USB_Device_Library/Core/Src/usbd_core.c.obj
                0x08006b7e                USBD_LL_Resume
 .text.USBD_LL_SOF
                0x08006b96       0x20 CMakeFiles/Test_Bench.elf.dir/Middlewares/ST/STM32_USB_Device_Library/Core/Src/usbd_core.c.obj
                0x08006b96                USBD_LL_SOF
 .text.USBD_LL_IsoINIncomplete
                0x08006bb6       0x2c CMakeFiles/Test_Bench.elf.dir/Middlewares/ST/STM32_USB_Device_Library/Core/Src/usbd_core.c.obj
                0x08006bb6                USBD_LL_IsoINIncomplete
 .text.USBD_LL_IsoOUTIncomplete
                0x08006be2       0x2c CMakeFiles/Test_Bench.elf.dir/Middlewares/ST/STM32_USB_Device_Library/Core/Src/usbd_core.c.obj
                0x08006be2                USBD_LL_IsoOUTIncomplete
 .text.USBD_LL_DevConnected
                0x08006c0e        0x4 CMakeFiles/Test_Bench.elf.dir/Middlewares/ST/STM32_USB_Device_Library/Core/Src/usbd_core.c.obj
                0x08006c0e                USBD_LL_DevConnected
 .text.USBD_LL_DevDisconnected
                0x08006c12       0x20 CMakeFiles/Test_Bench.elf.dir/Middlewares/ST/STM32_USB_Device_Library/Core/Src/usbd_core.c.obj
                0x08006c12                USBD_LL_DevDisconnected
 .text.USBD_CoreFindIF
                0x08006c32        0x4 CMakeFiles/Test_Bench.elf.dir/Middlewares/ST/STM32_USB_Device_Library/Core/Src/usbd_core.c.obj
                0x08006c32                USBD_CoreFindIF
 .text.USBD_CoreFindEP
                0x08006c36        0x4 CMakeFiles/Test_Bench.elf.dir/Middlewares/ST/STM32_USB_Device_Library/Core/Src/usbd_core.c.obj
                0x08006c36                USBD_CoreFindEP
 .text.USBD_LL_DataOutStage
                0x08006c3a       0xc0 CMakeFiles/Test_Bench.elf.dir/Middlewares/ST/STM32_USB_Device_Library/Core/Src/usbd_core.c.obj
                0x08006c3a                USBD_LL_DataOutStage
 .text.USBD_LL_DataInStage
                0x08006cfa       0xd2 CMakeFiles/Test_Bench.elf.dir/Middlewares/ST/STM32_USB_Device_Library/Core/Src/usbd_core.c.obj
                0x08006cfa                USBD_LL_DataInStage
 .text.USBD_GetNextDesc
                0x08006dcc        0xe CMakeFiles/Test_Bench.elf.dir/Middlewares/ST/STM32_USB_Device_Library/Core/Src/usbd_core.c.obj
                0x08006dcc                USBD_GetNextDesc
 .text.USBD_GetEpDesc
                0x08006dda       0x3e CMakeFiles/Test_Bench.elf.dir/Middlewares/ST/STM32_USB_Device_Library/Core/Src/usbd_core.c.obj
                0x08006dda                USBD_GetEpDesc
 .text.USBD_GetLen
                0x08006e18       0x14 CMakeFiles/Test_Bench.elf.dir/Middlewares/ST/STM32_USB_Device_Library/Core/Src/usbd_ctlreq.c.obj
 .text.USBD_ParseSetupRequest
                0x08006e2c       0x28 CMakeFiles/Test_Bench.elf.dir/Middlewares/ST/STM32_USB_Device_Library/Core/Src/usbd_ctlreq.c.obj
                0x08006e2c                USBD_ParseSetupRequest
 .text.USBD_CtlError
                0x08006e54       0x14 CMakeFiles/Test_Bench.elf.dir/Middlewares/ST/STM32_USB_Device_Library/Core/Src/usbd_ctlreq.c.obj
                0x08006e54                USBD_CtlError
 .text.USBD_GetDescriptor
                0x08006e68      0x18a CMakeFiles/Test_Bench.elf.dir/Middlewares/ST/STM32_USB_Device_Library/Core/Src/usbd_ctlreq.c.obj
 .text.USBD_SetAddress
                0x08006ff2       0x4e CMakeFiles/Test_Bench.elf.dir/Middlewares/ST/STM32_USB_Device_Library/Core/Src/usbd_ctlreq.c.obj
 .text.USBD_SetConfig
                0x08007040       0xcc CMakeFiles/Test_Bench.elf.dir/Middlewares/ST/STM32_USB_Device_Library/Core/Src/usbd_ctlreq.c.obj
 .text.USBD_GetConfig
                0x0800710c       0x40 CMakeFiles/Test_Bench.elf.dir/Middlewares/ST/STM32_USB_Device_Library/Core/Src/usbd_ctlreq.c.obj
 .text.USBD_GetStatus
                0x0800714c       0x38 CMakeFiles/Test_Bench.elf.dir/Middlewares/ST/STM32_USB_Device_Library/Core/Src/usbd_ctlreq.c.obj
 .text.USBD_SetFeature
                0x08007184       0x2a CMakeFiles/Test_Bench.elf.dir/Middlewares/ST/STM32_USB_Device_Library/Core/Src/usbd_ctlreq.c.obj
 .text.USBD_ClrFeature
                0x080071ae       0x26 CMakeFiles/Test_Bench.elf.dir/Middlewares/ST/STM32_USB_Device_Library/Core/Src/usbd_ctlreq.c.obj
 .text.USBD_StdDevReq
                0x080071d4       0x76 CMakeFiles/Test_Bench.elf.dir/Middlewares/ST/STM32_USB_Device_Library/Core/Src/usbd_ctlreq.c.obj
                0x080071d4                USBD_StdDevReq
 .text.USBD_StdItfReq
                0x0800724a       0x84 CMakeFiles/Test_Bench.elf.dir/Middlewares/ST/STM32_USB_Device_Library/Core/Src/usbd_ctlreq.c.obj
                0x0800724a                USBD_StdItfReq
 .text.USBD_StdEPReq
                0x080072ce      0x238 CMakeFiles/Test_Bench.elf.dir/Middlewares/ST/STM32_USB_Device_Library/Core/Src/usbd_ctlreq.c.obj
                0x080072ce                USBD_StdEPReq
 .text.USBD_GetString
                0x08007506       0x46 CMakeFiles/Test_Bench.elf.dir/Middlewares/ST/STM32_USB_Device_Library/Core/Src/usbd_ctlreq.c.obj
                0x08007506                USBD_GetString
 .text.USBD_CtlSendData
                0x0800754c       0x1a CMakeFiles/Test_Bench.elf.dir/Middlewares/ST/STM32_USB_Device_Library/Core/Src/usbd_ioreq.c.obj
                0x0800754c                USBD_CtlSendData
 .text.USBD_CtlContinueSendData
                0x08007566       0x10 CMakeFiles/Test_Bench.elf.dir/Middlewares/ST/STM32_USB_Device_Library/Core/Src/usbd_ioreq.c.obj
                0x08007566                USBD_CtlContinueSendData
 .text.USBD_CtlPrepareRx
                0x08007576       0x1e CMakeFiles/Test_Bench.elf.dir/Middlewares/ST/STM32_USB_Device_Library/Core/Src/usbd_ioreq.c.obj
                0x08007576                USBD_CtlPrepareRx
 .text.USBD_CtlContinueRx
                0x08007594       0x10 CMakeFiles/Test_Bench.elf.dir/Middlewares/ST/STM32_USB_Device_Library/Core/Src/usbd_ioreq.c.obj
                0x08007594                USBD_CtlContinueRx
 .text.USBD_CtlSendStatus
                0x080075a4       0x16 CMakeFiles/Test_Bench.elf.dir/Middlewares/ST/STM32_USB_Device_Library/Core/Src/usbd_ioreq.c.obj
                0x080075a4                USBD_CtlSendStatus
 .text.USBD_CtlReceiveStatus
                0x080075ba       0x16 CMakeFiles/Test_Bench.elf.dir/Middlewares/ST/STM32_USB_Device_Library/Core/Src/usbd_ioreq.c.obj
                0x080075ba                USBD_CtlReceiveStatus
 .text.disk_status
                0x080075d0       0x18 CMakeFiles/Test_Bench.elf.dir/Middlewares/Third_Party/FatFs/src/diskio.c.obj
                0x080075d0                disk_status
 .text.disk_initialize
                0x080075e8       0x2c CMakeFiles/Test_Bench.elf.dir/Middlewares/Third_Party/FatFs/src/diskio.c.obj
                0x080075e8                disk_initialize
 .text.disk_read
                0x08007614       0x18 CMakeFiles/Test_Bench.elf.dir/Middlewares/Third_Party/FatFs/src/diskio.c.obj
                0x08007614                disk_read
 .text.disk_write
                0x0800762c       0x18 CMakeFiles/Test_Bench.elf.dir/Middlewares/Third_Party/FatFs/src/diskio.c.obj
                0x0800762c                disk_write
 .text.disk_ioctl
                0x08007644       0x18 CMakeFiles/Test_Bench.elf.dir/Middlewares/Third_Party/FatFs/src/diskio.c.obj
                0x08007644                disk_ioctl
 .text.ld_word  0x0800765c        0xa CMakeFiles/Test_Bench.elf.dir/Middlewares/Third_Party/FatFs/src/ff.c.obj
 .text.ld_dword
                0x08007666       0x16 CMakeFiles/Test_Bench.elf.dir/Middlewares/Third_Party/FatFs/src/ff.c.obj
 .text.st_word  0x0800767c        0x8 CMakeFiles/Test_Bench.elf.dir/Middlewares/Third_Party/FatFs/src/ff.c.obj
 .text.st_dword
                0x08007684       0x14 CMakeFiles/Test_Bench.elf.dir/Middlewares/Third_Party/FatFs/src/ff.c.obj
 .text.mem_cpy  0x08007698       0x14 CMakeFiles/Test_Bench.elf.dir/Middlewares/Third_Party/FatFs/src/ff.c.obj
 .text.mem_set  0x080076ac        0xa CMakeFiles/Test_Bench.elf.dir/Middlewares/Third_Party/FatFs/src/ff.c.obj
 .text.mem_cmp  0x080076b6       0x1a CMakeFiles/Test_Bench.elf.dir/Middlewares/Third_Party/FatFs/src/ff.c.obj
 .text.chk_chr  0x080076d0       0x10 CMakeFiles/Test_Bench.elf.dir/Middlewares/Third_Party/FatFs/src/ff.c.obj
 .text.chk_lock
                0x080076e0       0x74 CMakeFiles/Test_Bench.elf.dir/Middlewares/Third_Party/FatFs/src/ff.c.obj
 .text.enq_lock
                0x08007754       0x20 CMakeFiles/Test_Bench.elf.dir/Middlewares/Third_Party/FatFs/src/ff.c.obj
 .text.inc_lock
                0x08007774       0xa4 CMakeFiles/Test_Bench.elf.dir/Middlewares/Third_Party/FatFs/src/ff.c.obj
 .text.dec_lock
                0x08007818       0x40 CMakeFiles/Test_Bench.elf.dir/Middlewares/Third_Party/FatFs/src/ff.c.obj
 .text.clear_lock
                0x08007858       0x38 CMakeFiles/Test_Bench.elf.dir/Middlewares/Third_Party/FatFs/src/ff.c.obj
 .text.clust2sect
                0x08007890       0x18 CMakeFiles/Test_Bench.elf.dir/Middlewares/Third_Party/FatFs/src/ff.c.obj
 .text.clmt_clust
                0x080078a8       0x22 CMakeFiles/Test_Bench.elf.dir/Middlewares/Third_Party/FatFs/src/ff.c.obj
 .text.ld_clust
                0x080078ca       0x26 CMakeFiles/Test_Bench.elf.dir/Middlewares/Third_Party/FatFs/src/ff.c.obj
 .text.st_clust
                0x080078f0       0x26 CMakeFiles/Test_Bench.elf.dir/Middlewares/Third_Party/FatFs/src/ff.c.obj
 *fill*         0x08007916        0x2 
 .text.put_lfn  0x08007918       0x78 CMakeFiles/Test_Bench.elf.dir/Middlewares/Third_Party/FatFs/src/ff.c.obj
 .text.gen_numname
                0x08007990       0xbc CMakeFiles/Test_Bench.elf.dir/Middlewares/Third_Party/FatFs/src/ff.c.obj
 .text.sum_sfn  0x08007a4c       0x20 CMakeFiles/Test_Bench.elf.dir/Middlewares/Third_Party/FatFs/src/ff.c.obj
 .text.get_ldnumber
                0x08007a6c       0x4e CMakeFiles/Test_Bench.elf.dir/Middlewares/Third_Party/FatFs/src/ff.c.obj
 .text.validate
                0x08007aba       0x46 CMakeFiles/Test_Bench.elf.dir/Middlewares/Third_Party/FatFs/src/ff.c.obj
 .text.sync_window
                0x08007b00       0x54 CMakeFiles/Test_Bench.elf.dir/Middlewares/Third_Party/FatFs/src/ff.c.obj
 .text.move_window
                0x08007b54       0x36 CMakeFiles/Test_Bench.elf.dir/Middlewares/Third_Party/FatFs/src/ff.c.obj
 *fill*         0x08007b8a        0x2 
 .text.check_fs
                0x08007b8c       0x78 CMakeFiles/Test_Bench.elf.dir/Middlewares/Third_Party/FatFs/src/ff.c.obj
 .text.find_volume
                0x08007c04      0x2fc CMakeFiles/Test_Bench.elf.dir/Middlewares/Third_Party/FatFs/src/ff.c.obj
 .text.put_fat  0x08007f00      0x104 CMakeFiles/Test_Bench.elf.dir/Middlewares/Third_Party/FatFs/src/ff.c.obj
 .text.get_fat  0x08008004       0xd0 CMakeFiles/Test_Bench.elf.dir/Middlewares/Third_Party/FatFs/src/ff.c.obj
 .text.dir_sdi  0x080080d4       0xac CMakeFiles/Test_Bench.elf.dir/Middlewares/Third_Party/FatFs/src/ff.c.obj
 .text.create_chain
                0x08008180       0xcc CMakeFiles/Test_Bench.elf.dir/Middlewares/Third_Party/FatFs/src/ff.c.obj
 .text.remove_chain
                0x0800824c       0x7e CMakeFiles/Test_Bench.elf.dir/Middlewares/Third_Party/FatFs/src/ff.c.obj
 .text.dir_next
                0x080082ca      0x108 CMakeFiles/Test_Bench.elf.dir/Middlewares/Third_Party/FatFs/src/ff.c.obj
 .text.dir_alloc
                0x080083d2       0x50 CMakeFiles/Test_Bench.elf.dir/Middlewares/Third_Party/FatFs/src/ff.c.obj
 *fill*         0x08008422        0x2 
 .text.create_name
                0x08008424      0x278 CMakeFiles/Test_Bench.elf.dir/Middlewares/Third_Party/FatFs/src/ff.c.obj
 .text.cmp_lfn  0x0800869c       0xa0 CMakeFiles/Test_Bench.elf.dir/Middlewares/Third_Party/FatFs/src/ff.c.obj
 .text.dir_find
                0x0800873c       0xe6 CMakeFiles/Test_Bench.elf.dir/Middlewares/Third_Party/FatFs/src/ff.c.obj
 .text.follow_path
                0x08008822       0x8c CMakeFiles/Test_Bench.elf.dir/Middlewares/Third_Party/FatFs/src/ff.c.obj
 *fill*         0x080088ae        0x2 
 .text.dir_register
                0x080088b0      0x140 CMakeFiles/Test_Bench.elf.dir/Middlewares/Third_Party/FatFs/src/ff.c.obj
 .text.sync_fs  0x080089f0       0x8c CMakeFiles/Test_Bench.elf.dir/Middlewares/Third_Party/FatFs/src/ff.c.obj
 .text.f_mount  0x08008a7c       0x5c CMakeFiles/Test_Bench.elf.dir/Middlewares/Third_Party/FatFs/src/ff.c.obj
                0x08008a7c                f_mount
 .text.f_open   0x08008ad8      0x242 CMakeFiles/Test_Bench.elf.dir/Middlewares/Third_Party/FatFs/src/ff.c.obj
                0x08008ad8                f_open
 .text.f_write  0x08008d1a      0x1fc CMakeFiles/Test_Bench.elf.dir/Middlewares/Third_Party/FatFs/src/ff.c.obj
                0x08008d1a                f_write
 .text.f_sync   0x08008f16       0x98 CMakeFiles/Test_Bench.elf.dir/Middlewares/Third_Party/FatFs/src/ff.c.obj
                0x08008f16                f_sync
 .text.f_close  0x08008fae       0x2a CMakeFiles/Test_Bench.elf.dir/Middlewares/Third_Party/FatFs/src/ff.c.obj
                0x08008fae                f_close
 .text.f_lseek  0x08008fd8      0x288 CMakeFiles/Test_Bench.elf.dir/Middlewares/Third_Party/FatFs/src/ff.c.obj
                0x08008fd8                f_lseek
 .text.FATFS_LinkDriverEx
                0x08009260       0x54 CMakeFiles/Test_Bench.elf.dir/Middlewares/Third_Party/FatFs/src/ff_gen_drv.c.obj
                0x08009260                FATFS_LinkDriverEx
 .text.FATFS_LinkDriver
                0x080092b4        0xa CMakeFiles/Test_Bench.elf.dir/Middlewares/Third_Party/FatFs/src/ff_gen_drv.c.obj
                0x080092b4                FATFS_LinkDriver
 *fill*         0x080092be        0x2 
 .text.ff_convert
                0x080092c0       0x54 CMakeFiles/Test_Bench.elf.dir/Middlewares/Third_Party/FatFs/src/option/cc936.c.obj
                0x080092c0                ff_convert
 .text.ff_wtoupper
                0x08009314       0x9c CMakeFiles/Test_Bench.elf.dir/Middlewares/Third_Party/FatFs/src/option/cc936.c.obj
                0x08009314                ff_wtoupper
 .text.ff_memalloc
                0x080093b0        0x8 CMakeFiles/Test_Bench.elf.dir/Middlewares/Third_Party/FatFs/src/option/syscall.c.obj
                0x080093b0                ff_memalloc
 .text.ff_memfree
                0x080093b8        0x8 CMakeFiles/Test_Bench.elf.dir/Middlewares/Third_Party/FatFs/src/option/syscall.c.obj
                0x080093b8                ff_memfree
 .text.HAL_TIM_PeriodElapsedCallback
                0x080093c0       0x30 CMakeFiles/Test_Bench.elf.dir/Private/EXTI.c.obj
                0x080093c0                HAL_TIM_PeriodElapsedCallback
 .text.pre_send_reback
                0x080093f0       0x40 CMakeFiles/Test_Bench.elf.dir/Private/Pressure_Sensor/pre_sen.c.obj
                0x080093f0                pre_send_reback
 .text.pre_init
                0x08009430       0x4c CMakeFiles/Test_Bench.elf.dir/Private/Pressure_Sensor/pre_sen.c.obj
                0x08009430                pre_init
 .text.pre_read_value
                0x0800947c       0x3c CMakeFiles/Test_Bench.elf.dir/Private/Pressure_Sensor/pre_sen.c.obj
                0x0800947c                pre_read_value
 .text.SD_files_Init
                0x080094b8       0x24 CMakeFiles/Test_Bench.elf.dir/Private/file_conf.c.obj
                0x080094b8                SD_files_Init
 .text.SD_files_mount
                0x080094dc       0x44 CMakeFiles/Test_Bench.elf.dir/Private/file_conf.c.obj
                0x080094dc                SD_files_mount
 .text.SD_files_New
                0x08009520       0x34 CMakeFiles/Test_Bench.elf.dir/Private/file_conf.c.obj
                0x08009520                SD_files_New
 .text.SD_files_Write
                0x08009554       0xb8 CMakeFiles/Test_Bench.elf.dir/Private/file_conf.c.obj
                0x08009554                SD_files_Write
 .text.SD_files_Close
                0x0800960c       0x30 CMakeFiles/Test_Bench.elf.dir/Private/file_conf.c.obj
                0x0800960c                SD_files_Close
 .text.Send_Error_to_PC
                0x0800963c       0x28 CMakeFiles/Test_Bench.elf.dir/Private/message_define.c.obj
                0x0800963c                Send_Error_to_PC
 .text.Send_Warning_to_PC
                0x08009664       0x2c CMakeFiles/Test_Bench.elf.dir/Private/message_define.c.obj
                0x08009664                Send_Warning_to_PC
 .text.Send_Init_Success_to_PC
                0x08009690       0x22 CMakeFiles/Test_Bench.elf.dir/Private/message_define.c.obj
                0x08009690                Send_Init_Success_to_PC
 *fill*         0x080096b2        0x2 
 .text.temp_receive
                0x080096b4       0x60 CMakeFiles/Test_Bench.elf.dir/Private/temprature.c.obj
                0x080096b4                temp_receive
 .text.MX_USB_DEVICE_Init
                0x08009714       0x54 CMakeFiles/Test_Bench.elf.dir/USB_DEVICE/App/usb_device.c.obj
                0x08009714                MX_USB_DEVICE_Init
 .text.CDC_DeInit_FS
                0x08009768        0x4 CMakeFiles/Test_Bench.elf.dir/USB_DEVICE/App/usbd_cdc_if.c.obj
 .text.CDC_Control_FS
                0x0800976c        0x4 CMakeFiles/Test_Bench.elf.dir/USB_DEVICE/App/usbd_cdc_if.c.obj
 .text.CDC_TransmitCplt_FS
                0x08009770        0x4 CMakeFiles/Test_Bench.elf.dir/USB_DEVICE/App/usbd_cdc_if.c.obj
 .text.CDC_Receive_FS
                0x08009774       0x44 CMakeFiles/Test_Bench.elf.dir/USB_DEVICE/App/usbd_cdc_if.c.obj
 .text.CDC_Init_FS
                0x080097b8       0x28 CMakeFiles/Test_Bench.elf.dir/USB_DEVICE/App/usbd_cdc_if.c.obj
 .text.CDC_Transmit_FS
                0x080097e0       0x2c CMakeFiles/Test_Bench.elf.dir/USB_DEVICE/App/usbd_cdc_if.c.obj
                0x080097e0                CDC_Transmit_FS
 .text.USBD_FS_DeviceDescriptor
                0x0800980c        0xc CMakeFiles/Test_Bench.elf.dir/USB_DEVICE/App/usbd_desc.c.obj
                0x0800980c                USBD_FS_DeviceDescriptor
 .text.USBD_FS_LangIDStrDescriptor
                0x08009818        0xc CMakeFiles/Test_Bench.elf.dir/USB_DEVICE/App/usbd_desc.c.obj
                0x08009818                USBD_FS_LangIDStrDescriptor
 .text.IntToUnicode
                0x08009824       0x46 CMakeFiles/Test_Bench.elf.dir/USB_DEVICE/App/usbd_desc.c.obj
 *fill*         0x0800986a        0x2 
 .text.Get_SerialNum
                0x0800986c       0x38 CMakeFiles/Test_Bench.elf.dir/USB_DEVICE/App/usbd_desc.c.obj
 .text.USBD_FS_SerialStrDescriptor
                0x080098a4       0x14 CMakeFiles/Test_Bench.elf.dir/USB_DEVICE/App/usbd_desc.c.obj
                0x080098a4                USBD_FS_SerialStrDescriptor
 .text.USBD_FS_ProductStrDescriptor
                0x080098b8       0x24 CMakeFiles/Test_Bench.elf.dir/USB_DEVICE/App/usbd_desc.c.obj
                0x080098b8                USBD_FS_ProductStrDescriptor
 .text.USBD_FS_ManufacturerStrDescriptor
                0x080098dc       0x1c CMakeFiles/Test_Bench.elf.dir/USB_DEVICE/App/usbd_desc.c.obj
                0x080098dc                USBD_FS_ManufacturerStrDescriptor
 .text.USBD_FS_ConfigStrDescriptor
                0x080098f8       0x24 CMakeFiles/Test_Bench.elf.dir/USB_DEVICE/App/usbd_desc.c.obj
                0x080098f8                USBD_FS_ConfigStrDescriptor
 .text.USBD_FS_InterfaceStrDescriptor
                0x0800991c       0x24 CMakeFiles/Test_Bench.elf.dir/USB_DEVICE/App/usbd_desc.c.obj
                0x0800991c                USBD_FS_InterfaceStrDescriptor
 .text.HAL_PCD_MspInit
                0x08009940       0x88 CMakeFiles/Test_Bench.elf.dir/USB_DEVICE/Target/usbd_conf.c.obj
                0x08009940                HAL_PCD_MspInit
 .text.HAL_PCD_SetupStageCallback
                0x080099c8       0x10 CMakeFiles/Test_Bench.elf.dir/USB_DEVICE/Target/usbd_conf.c.obj
                0x080099c8                HAL_PCD_SetupStageCallback
 .text.HAL_PCD_DataOutStageCallback
                0x080099d8       0x18 CMakeFiles/Test_Bench.elf.dir/USB_DEVICE/Target/usbd_conf.c.obj
                0x080099d8                HAL_PCD_DataOutStageCallback
 .text.HAL_PCD_DataInStageCallback
                0x080099f0       0x16 CMakeFiles/Test_Bench.elf.dir/USB_DEVICE/Target/usbd_conf.c.obj
                0x080099f0                HAL_PCD_DataInStageCallback
 .text.HAL_PCD_SOFCallback
                0x08009a06        0xc CMakeFiles/Test_Bench.elf.dir/USB_DEVICE/Target/usbd_conf.c.obj
                0x08009a06                HAL_PCD_SOFCallback
 .text.HAL_PCD_ResetCallback
                0x08009a12       0x28 CMakeFiles/Test_Bench.elf.dir/USB_DEVICE/Target/usbd_conf.c.obj
                0x08009a12                HAL_PCD_ResetCallback
 *fill*         0x08009a3a        0x2 
 .text.HAL_PCD_SuspendCallback
                0x08009a3c       0x30 CMakeFiles/Test_Bench.elf.dir/USB_DEVICE/Target/usbd_conf.c.obj
                0x08009a3c                HAL_PCD_SuspendCallback
 .text.HAL_PCD_ResumeCallback
                0x08009a6c        0xc CMakeFiles/Test_Bench.elf.dir/USB_DEVICE/Target/usbd_conf.c.obj
                0x08009a6c                HAL_PCD_ResumeCallback
 .text.HAL_PCD_ISOOUTIncompleteCallback
                0x08009a78        0xc CMakeFiles/Test_Bench.elf.dir/USB_DEVICE/Target/usbd_conf.c.obj
                0x08009a78                HAL_PCD_ISOOUTIncompleteCallback
 .text.HAL_PCD_ISOINIncompleteCallback
                0x08009a84        0xc CMakeFiles/Test_Bench.elf.dir/USB_DEVICE/Target/usbd_conf.c.obj
                0x08009a84                HAL_PCD_ISOINIncompleteCallback
 .text.HAL_PCD_ConnectCallback
                0x08009a90        0xc CMakeFiles/Test_Bench.elf.dir/USB_DEVICE/Target/usbd_conf.c.obj
                0x08009a90                HAL_PCD_ConnectCallback
 .text.HAL_PCD_DisconnectCallback
                0x08009a9c        0xc CMakeFiles/Test_Bench.elf.dir/USB_DEVICE/Target/usbd_conf.c.obj
                0x08009a9c                HAL_PCD_DisconnectCallback
 .text.USBD_LL_Init
                0x08009aa8       0x68 CMakeFiles/Test_Bench.elf.dir/USB_DEVICE/Target/usbd_conf.c.obj
                0x08009aa8                USBD_LL_Init
 .text.USBD_LL_IsStallEP
                0x08009b10       0x2c CMakeFiles/Test_Bench.elf.dir/USB_DEVICE/Target/usbd_conf.c.obj
                0x08009b10                USBD_LL_IsStallEP
 .text.USBD_LL_GetRxDataSize
                0x08009b3c        0xc CMakeFiles/Test_Bench.elf.dir/USB_DEVICE/Target/usbd_conf.c.obj
                0x08009b3c                USBD_LL_GetRxDataSize
 .text.USBD_static_malloc
                0x08009b48        0x8 CMakeFiles/Test_Bench.elf.dir/USB_DEVICE/Target/usbd_conf.c.obj
                0x08009b48                USBD_static_malloc
 .text.USBD_static_free
                0x08009b50        0x2 CMakeFiles/Test_Bench.elf.dir/USB_DEVICE/Target/usbd_conf.c.obj
                0x08009b50                USBD_static_free
 .text.USBD_Get_USB_Status
                0x08009b52       0x14 CMakeFiles/Test_Bench.elf.dir/USB_DEVICE/Target/usbd_conf.c.obj
                0x08009b52                USBD_Get_USB_Status
 .text.USBD_LL_Start
                0x08009b66       0x10 CMakeFiles/Test_Bench.elf.dir/USB_DEVICE/Target/usbd_conf.c.obj
                0x08009b66                USBD_LL_Start
 .text.USBD_LL_OpenEP
                0x08009b76       0x16 CMakeFiles/Test_Bench.elf.dir/USB_DEVICE/Target/usbd_conf.c.obj
                0x08009b76                USBD_LL_OpenEP
 .text.USBD_LL_CloseEP
                0x08009b8c       0x10 CMakeFiles/Test_Bench.elf.dir/USB_DEVICE/Target/usbd_conf.c.obj
                0x08009b8c                USBD_LL_CloseEP
 .text.USBD_LL_StallEP
                0x08009b9c       0x10 CMakeFiles/Test_Bench.elf.dir/USB_DEVICE/Target/usbd_conf.c.obj
                0x08009b9c                USBD_LL_StallEP
 .text.USBD_LL_ClearStallEP
                0x08009bac       0x10 CMakeFiles/Test_Bench.elf.dir/USB_DEVICE/Target/usbd_conf.c.obj
                0x08009bac                USBD_LL_ClearStallEP
 .text.USBD_LL_SetUSBAddress
                0x08009bbc       0x10 CMakeFiles/Test_Bench.elf.dir/USB_DEVICE/Target/usbd_conf.c.obj
                0x08009bbc                USBD_LL_SetUSBAddress
 .text.USBD_LL_Transmit
                0x08009bcc       0x10 CMakeFiles/Test_Bench.elf.dir/USB_DEVICE/Target/usbd_conf.c.obj
                0x08009bcc                USBD_LL_Transmit
 .text.USBD_LL_PrepareReceive
                0x08009bdc       0x10 CMakeFiles/Test_Bench.elf.dir/USB_DEVICE/Target/usbd_conf.c.obj
                0x08009bdc                USBD_LL_PrepareReceive
 .text.__udivmoddi4
                0x08009bec      0x2f8 /Users/liuguojin/Compiler/xpack-arm-none-eabi-gcc-14.2.1-1.1/bin/../lib/gcc/arm-none-eabi/14.2.1/thumb/v7e-m/nofp/libgcc.a(_udivmoddi4.o)
                0x08009bec                __udivmoddi4
 .text.atexit   0x08009ee4        0xc /Users/liuguojin/Compiler/xpack-arm-none-eabi-gcc-14.2.1-1.1/bin/../lib/gcc/arm-none-eabi/14.2.1/../../../../arm-none-eabi/lib/thumb/v7e-m/nofp/libg.a(libc_a-atexit.o)
                0x08009ee4                atexit
 .text.malloc   0x08009ef0       0x10 /Users/liuguojin/Compiler/xpack-arm-none-eabi-gcc-14.2.1-1.1/bin/../lib/gcc/arm-none-eabi/14.2.1/../../../../arm-none-eabi/lib/thumb/v7e-m/nofp/libg.a(libc_a-malloc.o)
                0x08009ef0                malloc
 .text.free     0x08009f00       0x10 /Users/liuguojin/Compiler/xpack-arm-none-eabi-gcc-14.2.1-1.1/bin/../lib/gcc/arm-none-eabi/14.2.1/../../../../arm-none-eabi/lib/thumb/v7e-m/nofp/libg.a(libc_a-malloc.o)
                0x08009f00                free
 .text._malloc_r
                0x08009f10      0x598 /Users/liuguojin/Compiler/xpack-arm-none-eabi-gcc-14.2.1-1.1/bin/../lib/gcc/arm-none-eabi/14.2.1/../../../../arm-none-eabi/lib/thumb/v7e-m/nofp/libg.a(libc_a-mallocr.o)
                0x08009f10                _malloc_r
 .text.__malloc_lock
                0x0800a4a8        0xc /Users/liuguojin/Compiler/xpack-arm-none-eabi-gcc-14.2.1-1.1/bin/../lib/gcc/arm-none-eabi/14.2.1/../../../../arm-none-eabi/lib/thumb/v7e-m/nofp/libg.a(libc_a-mlock.o)
                0x0800a4a8                __malloc_lock
 .text.__malloc_unlock
                0x0800a4b4        0xc /Users/liuguojin/Compiler/xpack-arm-none-eabi-gcc-14.2.1-1.1/bin/../lib/gcc/arm-none-eabi/14.2.1/../../../../arm-none-eabi/lib/thumb/v7e-m/nofp/libg.a(libc_a-mlock.o)
                0x0800a4b4                __malloc_unlock
 .text.snprintf
                0x0800a4c0       0x90 /Users/liuguojin/Compiler/xpack-arm-none-eabi-gcc-14.2.1-1.1/bin/../lib/gcc/arm-none-eabi/14.2.1/../../../../arm-none-eabi/lib/thumb/v7e-m/nofp/libg.a(libc_a-snprintf.o)
                0x0800a4c0                snprintf
 .text.sprintf  0x0800a550       0x44 /Users/liuguojin/Compiler/xpack-arm-none-eabi-gcc-14.2.1-1.1/bin/../lib/gcc/arm-none-eabi/14.2.1/../../../../arm-none-eabi/lib/thumb/v7e-m/nofp/libg.a(libc_a-sprintf.o)
                0x0800a550                sprintf
 .text.stdio_exit_handler
                0x0800a594       0x18 /Users/liuguojin/Compiler/xpack-arm-none-eabi-gcc-14.2.1-1.1/bin/../lib/gcc/arm-none-eabi/14.2.1/../../../../arm-none-eabi/lib/thumb/v7e-m/nofp/libg.a(libc_a-findfp.o)
 .text.cleanup_stdio
                0x0800a5ac       0x40 /Users/liuguojin/Compiler/xpack-arm-none-eabi-gcc-14.2.1-1.1/bin/../lib/gcc/arm-none-eabi/14.2.1/../../../../arm-none-eabi/lib/thumb/v7e-m/nofp/libg.a(libc_a-findfp.o)
 .text.global_stdio_init.part.0
                0x0800a5ec       0xf0 /Users/liuguojin/Compiler/xpack-arm-none-eabi-gcc-14.2.1-1.1/bin/../lib/gcc/arm-none-eabi/14.2.1/../../../../arm-none-eabi/lib/thumb/v7e-m/nofp/libg.a(libc_a-findfp.o)
 .text.__sinit  0x0800a6dc       0x3c /Users/liuguojin/Compiler/xpack-arm-none-eabi-gcc-14.2.1-1.1/bin/../lib/gcc/arm-none-eabi/14.2.1/../../../../arm-none-eabi/lib/thumb/v7e-m/nofp/libg.a(libc_a-findfp.o)
                0x0800a6dc                __sinit
 .text.__sfp_lock_acquire
                0x0800a718        0xc /Users/liuguojin/Compiler/xpack-arm-none-eabi-gcc-14.2.1-1.1/bin/../lib/gcc/arm-none-eabi/14.2.1/../../../../arm-none-eabi/lib/thumb/v7e-m/nofp/libg.a(libc_a-findfp.o)
                0x0800a718                __sfp_lock_acquire
 .text.__sfp_lock_release
                0x0800a724        0xc /Users/liuguojin/Compiler/xpack-arm-none-eabi-gcc-14.2.1-1.1/bin/../lib/gcc/arm-none-eabi/14.2.1/../../../../arm-none-eabi/lib/thumb/v7e-m/nofp/libg.a(libc_a-findfp.o)
                0x0800a724                __sfp_lock_release
 .text.memcmp   0x0800a730       0x5c /Users/liuguojin/Compiler/xpack-arm-none-eabi-gcc-14.2.1-1.1/bin/../lib/gcc/arm-none-eabi/14.2.1/../../../../arm-none-eabi/lib/thumb/v7e-m/nofp/libg.a(libc_a-memcmp.o)
                0x0800a730                memcmp
 .text.memset   0x0800a78c       0x9c /Users/liuguojin/Compiler/xpack-arm-none-eabi-gcc-14.2.1-1.1/bin/../lib/gcc/arm-none-eabi/14.2.1/../../../../arm-none-eabi/lib/thumb/v7e-m/nofp/libg.a(libc_a-memset.o)
                0x0800a78c                memset
 .text.gmtime   0x0800a828       0x10 /Users/liuguojin/Compiler/xpack-arm-none-eabi-gcc-14.2.1-1.1/bin/../lib/gcc/arm-none-eabi/14.2.1/../../../../arm-none-eabi/lib/thumb/v7e-m/nofp/libg.a(libc_a-gmtime.o)
                0x0800a828                gmtime
 .text.gmtime_r
                0x0800a838      0x1c4 /Users/liuguojin/Compiler/xpack-arm-none-eabi-gcc-14.2.1-1.1/bin/../lib/gcc/arm-none-eabi/14.2.1/../../../../arm-none-eabi/lib/thumb/v7e-m/nofp/libg.a(libc_a-gmtime_r.o)
                0x0800a838                gmtime_r
 .text._strtoll_l.isra.0
                0x0800a9fc      0x17c /Users/liuguojin/Compiler/xpack-arm-none-eabi-gcc-14.2.1-1.1/bin/../lib/gcc/arm-none-eabi/14.2.1/../../../../arm-none-eabi/lib/thumb/v7e-m/nofp/libg.a(libc_a-strtoll.o)
 .text.strtoll  0x0800ab78       0x18 /Users/liuguojin/Compiler/xpack-arm-none-eabi-gcc-14.2.1-1.1/bin/../lib/gcc/arm-none-eabi/14.2.1/../../../../arm-none-eabi/lib/thumb/v7e-m/nofp/libg.a(libc_a-strtoll.o)
                0x0800ab78                strtoll
 .text._sbrk_r  0x0800ab90       0x24 /Users/liuguojin/Compiler/xpack-arm-none-eabi-gcc-14.2.1-1.1/bin/../lib/gcc/arm-none-eabi/14.2.1/../../../../arm-none-eabi/lib/thumb/v7e-m/nofp/libg.a(libc_a-sbrkr.o)
                0x0800ab90                _sbrk_r
 .text.__errno  0x0800abb4        0xc /Users/liuguojin/Compiler/xpack-arm-none-eabi-gcc-14.2.1-1.1/bin/../lib/gcc/arm-none-eabi/14.2.1/../../../../arm-none-eabi/lib/thumb/v7e-m/nofp/libg.a(libc_a-errno.o)
                0x0800abb4                __errno
 .text.sysconf  0x0800abc0       0x1c /Users/liuguojin/Compiler/xpack-arm-none-eabi-gcc-14.2.1-1.1/bin/../lib/gcc/arm-none-eabi/14.2.1/../../../../arm-none-eabi/lib/thumb/v7e-m/nofp/libg.a(libc_a-sysconf.o)
                0x0800abc0                sysconf
 .text.__libc_init_array
                0x0800abdc       0x50 /Users/liuguojin/Compiler/xpack-arm-none-eabi-gcc-14.2.1-1.1/bin/../lib/gcc/arm-none-eabi/14.2.1/../../../../arm-none-eabi/lib/thumb/v7e-m/nofp/libg.a(libc_a-init.o)
                0x0800abdc                __libc_init_array
 .text.__libc_fini_array
                0x0800ac2c       0x28 /Users/liuguojin/Compiler/xpack-arm-none-eabi-gcc-14.2.1-1.1/bin/../lib/gcc/arm-none-eabi/14.2.1/../../../../arm-none-eabi/lib/thumb/v7e-m/nofp/libg.a(libc_a-fini.o)
                0x0800ac2c                __libc_fini_array
 .text.__retarget_lock_init_recursive