Archive member included to satisfy reference by file (symbol)

D:/SoftwareInstallPackage/Compiler/arm-gnu-toolchain-13.3.rel1-mingw-w64-i686-arm-none-eabi/bin/../lib/gcc/arm-none-eabi/13.3.1/thumb/v7e-m/nofp\libgcc.a(_arm_addsubdf3.o)
                              CMakeFiles/Test_Bench.elf.dir/Private/global.c.obj (__aeabi_f2d)
D:/SoftwareInstallPackage/Compiler/arm-gnu-toolchain-13.3.rel1-mingw-w64-i686-arm-none-eabi/bin/../lib/gcc/arm-none-eabi/13.3.1/thumb/v7e-m/nofp\libgcc.a(_arm_addsubsf3.o)
                              CMakeFiles/Test_Bench.elf.dir/Private/global.c.obj (__aeabi_i2f)
D:/SoftwareInstallPackage/Compiler/arm-gnu-toolchain-13.3.rel1-mingw-w64-i686-arm-none-eabi/bin/../lib/gcc/arm-none-eabi/13.3.1/thumb/v7e-m/nofp\libgcc.a(_arm_muldivsf3.o)
                              CMakeFiles/Test_Bench.elf.dir/Private/global.c.obj (__aeabi_fdiv)
D:/SoftwareInstallPackage/Compiler/arm-gnu-toolchain-13.3.rel1-mingw-w64-i686-arm-none-eabi/bin/../lib/gcc/arm-none-eabi/13.3.1/thumb/v7e-m/nofp\libgcc.a(_aeabi_ldivmod.o)
                              CMakeFiles/Test_Bench.elf.dir/Private/global.c.obj (__aeabi_ldivmod)
D:/SoftwareInstallPackage/Compiler/arm-gnu-toolchain-13.3.rel1-mingw-w64-i686-arm-none-eabi/bin/../lib/gcc/arm-none-eabi/13.3.1/thumb/v7e-m/nofp\libgcc.a(_aeabi_uldivmod.o)
                              CMakeFiles/Test_Bench.elf.dir/Drivers/STM32F4xx_HAL_Driver/Src/stm32f4xx_hal_rcc.c.obj (__aeabi_uldivmod)
D:/SoftwareInstallPackage/Compiler/arm-gnu-toolchain-13.3.rel1-mingw-w64-i686-arm-none-eabi/bin/../lib/gcc/arm-none-eabi/13.3.1/thumb/v7e-m/nofp\libgcc.a(_udivmoddi4.o)
                              D:/SoftwareInstallPackage/Compiler/arm-gnu-toolchain-13.3.rel1-mingw-w64-i686-arm-none-eabi/bin/../lib/gcc/arm-none-eabi/13.3.1/thumb/v7e-m/nofp\libgcc.a(_aeabi_ldivmod.o) (__udivmoddi4)
D:/SoftwareInstallPackage/Compiler/arm-gnu-toolchain-13.3.rel1-mingw-w64-i686-arm-none-eabi/bin/../lib/gcc/arm-none-eabi/13.3.1/thumb/v7e-m/nofp\libgcc.a(_dvmd_tls.o)
                              D:/SoftwareInstallPackage/Compiler/arm-gnu-toolchain-13.3.rel1-mingw-w64-i686-arm-none-eabi/bin/../lib/gcc/arm-none-eabi/13.3.1/thumb/v7e-m/nofp\libgcc.a(_aeabi_ldivmod.o) (__aeabi_ldiv0)
D:/SoftwareInstallPackage/Compiler/arm-gnu-toolchain-13.3.rel1-mingw-w64-i686-arm-none-eabi/bin/../lib/gcc/arm-none-eabi/13.3.1/thumb/v7e-m/nofp\libg.a(libc_a-exit.o)
                              D:/SoftwareInstallPackage/Compiler/arm-gnu-toolchain-13.3.rel1-mingw-w64-i686-arm-none-eabi/bin/../lib/gcc/arm-none-eabi/13.3.1/thumb/v7e-m/nofp/crt0.o (exit)
D:/SoftwareInstallPackage/Compiler/arm-gnu-toolchain-13.3.rel1-mingw-w64-i686-arm-none-eabi/bin/../lib/gcc/arm-none-eabi/13.3.1/thumb/v7e-m/nofp\libg.a(libc_a-malloc.o)
                              CMakeFiles/Test_Bench.elf.dir/Middlewares/Third_Party/FatFs/src/option/syscall.c.obj (malloc)
D:/SoftwareInstallPackage/Compiler/arm-gnu-toolchain-13.3.rel1-mingw-w64-i686-arm-none-eabi/bin/../lib/gcc/arm-none-eabi/13.3.1/thumb/v7e-m/nofp\libg.a(libc_a-mallocr.o)
                              D:/SoftwareInstallPackage/Compiler/arm-gnu-toolchain-13.3.rel1-mingw-w64-i686-arm-none-eabi/bin/../lib/gcc/arm-none-eabi/13.3.1/thumb/v7e-m/nofp\libg.a(libc_a-malloc.o) (_malloc_r)
D:/SoftwareInstallPackage/Compiler/arm-gnu-toolchain-13.3.rel1-mingw-w64-i686-arm-none-eabi/bin/../lib/gcc/arm-none-eabi/13.3.1/thumb/v7e-m/nofp\libg.a(libc_a-mlock.o)
                              D:/SoftwareInstallPackage/Compiler/arm-gnu-toolchain-13.3.rel1-mingw-w64-i686-arm-none-eabi/bin/../lib/gcc/arm-none-eabi/13.3.1/thumb/v7e-m/nofp\libg.a(libc_a-mallocr.o) (__malloc_lock)
D:/SoftwareInstallPackage/Compiler/arm-gnu-toolchain-13.3.rel1-mingw-w64-i686-arm-none-eabi/bin/../lib/gcc/arm-none-eabi/13.3.1/thumb/v7e-m/nofp\libg.a(libc_a-strtoll.o)
                              CMakeFiles/Test_Bench.elf.dir/Core/Src/main.c.obj (strtoll)
D:/SoftwareInstallPackage/Compiler/arm-gnu-toolchain-13.3.rel1-mingw-w64-i686-arm-none-eabi/bin/../lib/gcc/arm-none-eabi/13.3.1/thumb/v7e-m/nofp\libg.a(libc_a-ctype_.o)
                              D:/SoftwareInstallPackage/Compiler/arm-gnu-toolchain-13.3.rel1-mingw-w64-i686-arm-none-eabi/bin/../lib/gcc/arm-none-eabi/13.3.1/thumb/v7e-m/nofp\libg.a(libc_a-strtoll.o) (_ctype_)
D:/SoftwareInstallPackage/Compiler/arm-gnu-toolchain-13.3.rel1-mingw-w64-i686-arm-none-eabi/bin/../lib/gcc/arm-none-eabi/13.3.1/thumb/v7e-m/nofp\libg.a(libc_a-findfp.o)
                              D:/SoftwareInstallPackage/Compiler/arm-gnu-toolchain-13.3.rel1-mingw-w64-i686-arm-none-eabi/bin/../lib/gcc/arm-none-eabi/13.3.1/thumb/v7e-m/nofp\libg.a(libc_a-exit.o) (__stdio_exit_handler)
D:/SoftwareInstallPackage/Compiler/arm-gnu-toolchain-13.3.rel1-mingw-w64-i686-arm-none-eabi/bin/../lib/gcc/arm-none-eabi/13.3.1/thumb/v7e-m/nofp\libg.a(libc_a-fwalk.o)
[...]
Memory Configuration

Name             Origin             Length             Attributes
CCMRAM           0x10000000         0x00010000         xrw
RAM              0x20000000         0x00020000         xrw
FLASH            0x08000000         0x00100000         xr
*default*        0x00000000         0xffffffff

Linker script and memory map

LOAD D:/SoftwareInstallPackage/Compiler/arm-gnu-toolchain-13.3.rel1-mingw-w64-i686-arm-none-eabi/bin/../lib/gcc/arm-none-eabi/13.3.1/thumb/v7e-m/nofp/crti.o
LOAD D:/SoftwareInstallPackage/Compiler/arm-gnu-toolchain-13.3.rel1-mingw-w64-i686-arm-none-eabi/bin/../lib/gcc/arm-none-eabi/13.3.1/thumb/v7e-m/nofp/crtbegin.o
LOAD D:/SoftwareInstallPackage/Compiler/arm-gnu-toolchain-13.3.rel1-mingw-w64-i686-arm-none-eabi/bin/../lib/gcc/arm-none-eabi/13.3.1/thumb/v7e-m/nofp/crt0.o
LOAD CMakeFiles/Test_Bench.elf.dir/Core/Src/gpio.c.obj
LOAD CMakeFiles/Test_Bench.elf.dir/Core/Src/main.c.obj
LOAD CMakeFiles/Test_Bench.elf.dir/Core/Src/sdio.c.obj
LOAD CMakeFiles/Test_Bench.elf.dir/Core/Src/spi.c.obj
LOAD CMakeFiles/Test_Bench.elf.dir/Core/Src/stm32f4xx_hal_msp.c.obj
LOAD CMakeFiles/Test_Bench.elf.dir/Core/Src/stm32f4xx_it.c.obj
LOAD CMakeFiles/Test_Bench.elf.dir/Core/Src/syscalls.c.obj
LOAD CMakeFiles/Test_Bench.elf.dir/Core/Src/sysmem.c.obj
LOAD CMakeFiles/Test_Bench.elf.dir/Core/Src/system_stm32f4xx.c.obj
LOAD CMakeFiles/Test_Bench.elf.dir/Core/Src/tim.c.obj
LOAD CMakeFiles/Test_Bench.elf.dir/Core/Src/usart.c.obj
LOAD CMakeFiles/Test_Bench.elf.dir/Core/Startup/startup_stm32f407vgtx.s.obj
LOAD CMakeFiles/Test_Bench.elf.dir/Drivers/STM32F4xx_HAL_Driver/Src/stm32f4xx_hal.c.obj
LOAD CMakeFiles/Test_Bench.elf.dir/Drivers/STM32F4xx_HAL_Driver/Src/stm32f4xx_hal_cortex.c.obj
LOAD CMakeFiles/Test_Bench.elf.dir/Drivers/STM32F4xx_HAL_Driver/Src/stm32f4xx_hal_dma.c.obj
LOAD CMakeFiles/Test_Bench.elf.dir/Drivers/STM32F4xx_HAL_Driver/Src/stm32f4xx_hal_dma_ex.c.obj
LOAD CMakeFiles/Test_Bench.elf.dir/Drivers/STM32F4xx_HAL_Driver/Src/stm32f4xx_hal_exti.c.obj
LOAD CMakeFiles/Test_Bench.elf.dir/Drivers/STM32F4xx_HAL_Driver/Src/stm32f4xx_hal_flash.c.obj
LOAD CMakeFiles/Test_Bench.elf.dir/Drivers/STM32F4xx_HAL_Driver/Src/stm32f4xx_hal_flash_ex.c.obj
LOAD CMakeFiles/Test_Bench.elf.dir/Drivers/STM32F4xx_HAL_Driver/Src/stm32f4xx_hal_flash_ramfunc.c.obj
LOAD CMakeFiles/Test_Bench.elf.dir/Drivers/STM32F4xx_HAL_Driver/Src/stm32f4xx_hal_gpio.c.obj
LOAD CMakeFiles/Test_Bench.elf.dir/Drivers/STM32F4xx_HAL_Driver/Src/stm32f4xx_hal_mmc.c.obj
LOAD CMakeFiles/Test_Bench.elf.dir/Drivers/STM32F4xx_HAL_Driver/Src/stm32f4xx_hal_pcd.c.obj
LOAD CMakeFiles/Test_Bench.elf.dir/Drivers/STM32F4xx_HAL_Driver/Src/stm32f4xx_hal_pcd_ex.c.obj
LOAD CMakeFiles/Test_Bench.elf.dir/Drivers/STM32F4xx_HAL_Driver/Src/stm32f4xx_hal_pwr.c.obj
LOAD CMakeFiles/Test_Bench.elf.dir/Drivers/STM32F4xx_HAL_Driver/Src/stm32f4xx_hal_pwr_ex.c.obj
LOAD CMakeFiles/Test_Bench.elf.dir/Drivers/STM32F4xx_HAL_Driver/Src/stm32f4xx_hal_rcc.c.obj
LOAD CMakeFiles/Test_Bench.elf.dir/Drivers/STM32F4xx_HAL_Driver/Src/stm32f4xx_hal_rcc_ex.c.obj
LOAD CMakeFiles/Test_Bench.elf.dir/Drivers/STM32F4xx_HAL_Driver/Src/stm32f4xx_hal_sd.c.obj
LOAD CMakeFiles/Test_Bench.elf.dir/Drivers/STM32F4xx_HAL_Driver/Src/stm32f4xx_hal_spi.c.obj
LOAD CMakeFiles/Test_Bench.elf.dir/Drivers/STM32F4xx_HAL_Driver/Src/stm32f4xx_hal_tim.c.obj
LOAD CMakeFiles/Test_Bench.elf.dir/Drivers/STM32F4xx_HAL_Driver/Src/stm32f4xx_hal_tim_ex.c.obj
LOAD CMakeFiles/Test_Bench.elf.dir/Drivers/STM32F4xx_HAL_Driver/Src/stm32f4xx_hal_uart.c.obj
LOAD CMakeFiles/Test_Bench.elf.dir/Drivers/STM32F4xx_HAL_Driver/Src/stm32f4xx_ll_sdmmc.c.obj
LOAD CMakeFiles/Test_Bench.elf.dir/Drivers/STM32F4xx_HAL_Driver/Src/stm32f4xx_ll_usb.c.obj
LOAD CMakeFiles/Test_Bench.elf.dir/FATFS/App/fatfs.c.obj
LOAD CMakeFiles/Test_Bench.elf.dir/FATFS/Target/bsp_driver_sd.c.obj
LOAD CMakeFiles/Test_Bench.elf.dir/FATFS/Target/sd_diskio.c.obj
LOAD CMakeFiles/Test_Bench.elf.dir/Middlewares/ST/STM32_USB_Device_Library/Class/CDC/Src/usbd_cdc.c.obj
LOAD CMakeFiles/Test_Bench.elf.dir/Middlewares/ST/STM32_USB_Device_Library/Core/Src/usbd_core.c.obj
LOAD CMakeFiles/Test_Bench.elf.dir/Middlewares/ST/STM32_USB_Device_Library/Core/Src/usbd_ctlreq.c.obj
LOAD CMakeFiles/Test_Bench.elf.dir/Middlewares/ST/STM32_USB_Device_Library/Core/Src/usbd_ioreq.c.obj
LOAD CMakeFiles/Test_Bench.elf.dir/Middlewares/Third_Party/FatFs/src/diskio.c.obj
LOAD CMakeFiles/Test_Bench.elf.dir/Middlewares/Third_Party/FatFs/src/ff.c.obj
LOAD CMakeFiles/Test_Bench.elf.dir/Middlewares/Third_Party/FatFs/src/ff_gen_drv.c.obj
LOAD CMakeFiles/Test_Bench.elf.dir/Middlewares/Third_Party/FatFs/src/option/cc936.c.obj
LOAD CMakeFiles/Test_Bench.elf.dir/Middlewares/Third_Party/FatFs/src/option/syscall.c.obj
LOAD CMakeFiles/Test_Bench.elf.dir/Private/EXTI.c.obj
LOAD CMakeFiles/Test_Bench.elf.dir/Private/Pressure_Sensor/pre_sen.c.obj
LOAD CMakeFiles/Test_Bench.elf.dir/Private/file_conf.c.obj
LOAD CMakeFiles/Test_Bench.elf.dir/Private/global.c.obj
LOAD CMakeFiles/Test_Bench.elf.dir/Private/message_define.c.obj
LOAD CMakeFiles/Test_Bench.elf.dir/Private/temprature.c.obj
LOAD CMakeFiles/Test_Bench.elf.dir/USB_DEVICE/App/usb_device.c.obj
LOAD CMakeFiles/Test_Bench.elf.dir/USB_DEVICE/App/usbd_cdc_if.c.obj
LOAD CMakeFiles/Test_Bench.elf.dir/USB_DEVICE/App/usbd_desc.c.obj
LOAD CMakeFiles/Test_Bench.elf.dir/USB_DEVICE/Target/usbd_conf.c.obj
START GROUP
LOAD D:/SoftwareInstallPackage/Compiler/arm-gnu-toolchain-13.3.rel1-mingw-w64-i686-arm-none-eabi/bin/../lib/gcc/arm-none-eabi/13.3.1/thumb/v7e-m/nofp\libgcc.a
LOAD D:/SoftwareInstallPackage/Compiler/arm-gnu-toolchain-13.3.rel1-mingw-w64-i686-arm-none-eabi/bin/../lib/gcc/arm-none-eabi/13.3.1/thumb/v7e-m/nofp\libg.a
LOAD D:/SoftwareInstallPackage/Compiler/arm-gnu-toolchain-13.3.rel1-mingw-w64-i686-arm-none-eabi/bin/../lib/gcc/arm-none-eabi/13.3.1/thumb/v7e-m/nofp\libc.a
END GROUP
LOAD D:/SoftwareInstallPackage/Compiler/arm-gnu-toolchain-13.3.rel1-mingw-w64-i686-arm-none-eabi/bin/../lib/gcc/arm-none-eabi/13.3.1/thumb/v7e-m/nofp/crtend.o
LOAD D:/SoftwareInstallPackage/Compiler/arm-gnu-toolchain-13.3.rel1-mingw-w64-i686-arm-none-eabi/bin/../lib/gcc/arm-none-eabi/13.3.1/thumb/v7e-m/nofp/crtn.o
                0x20020000                        _estack = (ORIGIN (RAM) + LENGTH (RAM))
                0x00000200                        _Min_Heap_Size = 0x200
                0x00000400                        _Min_Stack_Size = 0x400

.isr_vector     0x08000000      0x188
                0x08000000                        . = ALIGN (0x4)
 *(.isr_vector)
 .isr_vector    0x08000000      0x188 CMakeFiles/Test_Bench.elf.dir/Core/Startup/startup_stm32f407vgtx.s.obj
                0x08000000                g_pfnVectors
                0x08000188                        . = ALIGN (0x4)

.text           0x080001c0    0x10448
                0x080001c0                        . = ALIGN (0x4)
 *(.text)
 .text          0x080001c0      0x378 D:/SoftwareInstallPackage/Compiler/arm-gnu-toolchain-13.3.rel1-mingw-w64-i686-arm-none-eabi/bin/../lib/gcc/arm-none-eabi/13.3.1/thumb/v7e-m/nofp\libgcc.a(_arm_addsubdf3.o)
                0x080001c0                __aeabi_drsub
                0x080001c8                __aeabi_dsub
                0x080001c8                __subdf3
                0x080001cc                __aeabi_dadd
                0x080001cc                __adddf3
                0x08000444                __floatunsidf
                0x08000444                __aeabi_ui2d
                0x08000464                __floatsidf
                0x08000464                __aeabi_i2d
                0x08000488                __aeabi_f2d
                0x08000488                __extendsfdf2
                0x080004cc                __floatundidf
                0x080004cc                __aeabi_ul2d
                0x080004dc                __floatdidf
                0x080004dc                __aeabi_l2d
 .text          0x08000538      0x21c D:/SoftwareInstallPackage/Compiler/arm-gnu-toolchain-13.3.rel1-mingw-w64-i686-arm-none-eabi/bin/../lib/gcc/arm-none-eabi/13.3.1/thumb/v7e-m/nofp\libgcc.a(_arm_addsubsf3.o)
                0x08000538                __aeabi_frsub
                0x08000540                __subsf3
                0x08000540                __aeabi_fsub
                0x08000544                __aeabi_fadd
                0x08000544                __addsf3
                0x080006a4                __aeabi_ui2f
                0x080006a4                __floatunsisf
                0x080006ac                __aeabi_i2f
                0x080006ac                __floatsisf
                0x080006c8                __aeabi_ul2f
                0x080006c8                __floatundisf
                0x080006d8                __aeabi_l2f
                0x080006d8                __floatdisf
 .text          0x08000754      0x2a0 D:/SoftwareInstallPackage/Compiler/arm-gnu-toolchain-13.3.rel1-mingw-w64-i686-arm-none-eabi/bin/../lib/gcc/arm-none-eabi/13.3.1/thumb/v7e-m/nofp\libgcc.a(_arm_muldivsf3.o)
                0x08000754                __mulsf3
                0x08000754                __aeabi_fmul
                0x080008bc                __aeabi_fdiv
                0x080008bc                __divsf3
 .text          0x080009f4       0xa0 D:/SoftwareInstallPackage/Compiler/arm-gnu-toolchain-13.3.rel1-mingw-w64-i686-arm-none-eabi/bin/../lib/gcc/arm-none-eabi/13.3.1/thumb/v7e-m/nofp\libgcc.a(_aeabi_ldivmod.o)
                0x080009f4                __aeabi_ldivmod
 .text          0x08000a94       0x30 D:/SoftwareInstallPackage/Compiler/arm-gnu-toolchain-13.3.rel1-mingw-w64-i686-arm-none-eabi/bin/../lib/gcc/arm-none-eabi/13.3.1/thumb/v7e-m/nofp\libgcc.a(_aeabi_uldivmod.o)
                0x08000a94                __aeabi_uldivmod
 .text          0x08000ac4        0x4 D:/SoftwareInstallPackage/Compiler/arm-gnu-toolchain-13.3.rel1-mingw-w64-i686-arm-none-eabi/bin/../lib/gcc/arm-none-eabi/13.3.1/thumb/v7e-m/nofp\libgcc.a(_dvmd_tls.o)
                0x08000ac4                __aeabi_idiv0
                0x08000ac4                __aeabi_ldiv0
 .text          0x08000ac8      0x134 D:/SoftwareInstallPackage/Compiler/arm-gnu-toolchain-13.3.rel1-mingw-w64-i686-arm-none-eabi/bin/../lib/gcc/arm-none-eabi/13.3.1/thumb/v7e-m/nofp\libg.a(libc_a-memcpy.o)
                0x08000ac8                memcpy
 *fill*         0x08000bfc        0x4 
 .text          0x08000c00       0xd8 D:/SoftwareInstallPackage/Compiler/arm-gnu-toolchain-13.3.rel1-mingw-w64-i686-arm-none-eabi/bin/../lib/gcc/arm-none-eabi/13.3.1/thumb/v7e-m/nofp\libg.a(libc_a-strlen.o)
                0x08000c00                strlen
 *fill*         0x08000cd8        0x8 
 .text          0x08000ce0       0xa0 D:/SoftwareInstallPackage/Compiler/arm-gnu-toolchain-13.3.rel1-mingw-w64-i686-arm-none-eabi/bin/../lib/gcc/arm-none-eabi/13.3.1/thumb/v7e-m/nofp\libg.a(libc_a-memchr.o)
                0x08000ce0                memchr
 .text          0x08000d80      0x424 D:/SoftwareInstallPackage/Compiler/arm-gnu-toolchain-13.3.rel1-mingw-w64-i686-arm-none-eabi/bin/../lib/gcc/arm-none-eabi/13.3.1/thumb/v7e-m/nofp\libgcc.a(_arm_muldivdf3.o)
                0x08000d80                __aeabi_dmul
                0x08000d80                __muldf3
                0x08000fd4                __divdf3
                0x08000fd4                __aeabi_ddiv
 .text          0x080011a4      0x110 D:/SoftwareInstallPackage/Compiler/arm-gnu-toolchain-13.3.rel1-mingw-w64-i686-arm-none-eabi/bin/../lib/gcc/arm-none-eabi/13.3.1/thumb/v7e-m/nofp\libgcc.a(_arm_cmpdf2.o)
                0x080011a4                __gtdf2
                0x080011a4                __gedf2
                0x080011ac                __ltdf2
                0x080011ac                __ledf2
                0x080011b4                __nedf2
                0x080011b4                __eqdf2
                0x080011b4                __cmpdf2
                0x08001230                __aeabi_cdrcmple
                0x08001240                __aeabi_cdcmpeq
                0x08001240                __aeabi_cdcmple
                0x08001250                __aeabi_dcmpeq
                0x08001264                __aeabi_dcmplt
                0x08001278                __aeabi_dcmple
                0x0800128c                __aeabi_dcmpge
                0x080012a0                __aeabi_dcmpgt
 .text          0x080012b4       0x2c D:/SoftwareInstallPackage/Compiler/arm-gnu-toolchain-13.3.rel1-mingw-w64-i686-arm-none-eabi/bin/../lib/gcc/arm-none-eabi/13.3.1/thumb/v7e-m/nofp\libgcc.a(_arm_unorddf2.o)
                0x080012b4                __unorddf2
                0x080012b4                __aeabi_dcmpun
 .text          0x080012e0       0x50 D:/SoftwareInstallPackage/Compiler/arm-gnu-toolchain-13.3.rel1-mingw-w64-i686-arm-none-eabi/bin/../lib/gcc/arm-none-eabi/13.3.1/thumb/v7e-m/nofp\libgcc.a(_arm_fixdfsi.o)
                0x080012e0                __aeabi_d2iz
                0x080012e0                __fixdfsi
 *(.text*)
 .text.deregister_tm_clones
                0x08001330       0x1c D:/SoftwareInstallPackage/Compiler/arm-gnu-toolchain-13.3.rel1-mingw-w64-i686-arm-none-eabi/bin/../lib/gcc/arm-none-eabi/13.3.1/thumb/v7e-m/nofp/crtbegin.o
 .text.register_tm_clones
                0x0800134c       0x24 D:/SoftwareInstallPackage/Compiler/arm-gnu-toolchain-13.3.rel1-mingw-w64-i686-arm-none-eabi/bin/../lib/gcc/arm-none-eabi/13.3.1/thumb/v7e-m/nofp/crtbegin.o
 .text.__do_global_dtors_aux
                0x08001370       0x28 D:/SoftwareInstallPackage/Compiler/arm-gnu-toolchain-13.3.rel1-mingw-w64-i686-arm-none-eabi/bin/../lib/gcc/arm-none-eabi/13.3.1/thumb/v7e-m/nofp/crtbegin.o
 .text.frame_dummy
                0x08001398       0x24 D:/SoftwareInstallPackage/Compiler/arm-gnu-toolchain-13.3.rel1-mingw-w64-i686-arm-none-eabi/bin/../lib/gcc/arm-none-eabi/13.3.1/thumb/v7e-m/nofp/crtbegin.o
 .text.MX_GPIO_Init
                0x080013bc       0xd0 CMakeFiles/Test_Bench.elf.dir/Core/Src/gpio.c.obj
                0x080013bc                MX_GPIO_Init
 .text.Error_Handler
                0x0800148c        0x4 CMakeFiles/Test_Bench.elf.dir/Core/Src/main.c.obj
                0x0800148c                Error_Handler
 .text.SystemClock_Config
                0x08001490       0xa8 CMakeFiles/Test_Bench.elf.dir/Core/Src/main.c.obj
                0x08001490                SystemClock_Config
 .text.main     0x08001538      0x198 CMakeFiles/Test_Bench.elf.dir/Core/Src/main.c.obj
                0x08001538                main
 .text.MX_SDIO_SD_Init
                0x080016d0       0x20 CMakeFiles/Test_Bench.elf.dir/Core/Src/sdio.c.obj
                0x080016d0                MX_SDIO_SD_Init
 .text.HAL_SD_MspInit
                0x080016f0       0xb0 CMakeFiles/Test_Bench.elf.dir/Core/Src/sdio.c.obj
                0x080016f0                HAL_SD_MspInit
 .text.MX_SPI2_Init
                0x080017a0       0x48 CMakeFiles/Test_Bench.elf.dir/Core/Src/spi.c.obj
                0x080017a0                MX_SPI2_Init
 .text.HAL_SPI_MspInit
                0x080017e8       0x70 CMakeFiles/Test_Bench.elf.dir/Core/Src/spi.c.obj
                0x080017e8                HAL_SPI_MspInit
 .text.HAL_MspInit
                0x08001858       0x38 CMakeFiles/Test_Bench.elf.dir/Core/Src/stm32f4xx_hal_msp.c.obj
                0x08001858                HAL_MspInit
 .text.NMI_Handler
                0x08001890        0x2 CMakeFiles/Test_Bench.elf.dir/Core/Src/stm32f4xx_it.c.obj
                0x08001890                NMI_Handler
 .text.HardFault_Handler
                0x08001892        0x2 CMakeFiles/Test_Bench.elf.dir/Core/Src/stm32f4xx_it.c.obj
                0x08001892                HardFault_Handler
 .text.MemManage_Handler
                0x08001894        0x2 CMakeFiles/Test_Bench.elf.dir/Core/Src/stm32f4xx_it.c.obj
                0x08001894                MemManage_Handler
 .text.BusFault_Handler
                0x08001896        0x2 CMakeFiles/Test_Bench.elf.dir/Core/Src/stm32f4xx_it.c.obj
                0x08001896                BusFault_Handler
 .text.UsageFault_Handler
                0x08001898        0x2 CMakeFiles/Test_Bench.elf.dir/Core/Src/stm32f4xx_it.c.obj
                0x08001898                UsageFault_Handler
 .text.SVC_Handler
                0x0800189a        0x2 CMakeFiles/Test_Bench.elf.dir/Core/Src/stm32f4xx_it.c.obj
                0x0800189a                SVC_Handler
 .text.DebugMon_Handler
                0x0800189c        0x2 CMakeFiles/Test_Bench.elf.dir/Core/Src/stm32f4xx_it.c.obj
                0x0800189c                DebugMon_Handler
 .text.PendSV_Handler
                0x0800189e        0x2 CMakeFiles/Test_Bench.elf.dir/Core/Src/stm32f4xx_it.c.obj
                0x0800189e                PendSV_Handler
 .text.SysTick_Handler
                0x080018a0        0x8 CMakeFiles/Test_Bench.elf.dir/Core/Src/stm32f4xx_it.c.obj
                0x080018a0                SysTick_Handler
 .text.USART2_IRQHandler
                0x080018a8       0x10 CMakeFiles/Test_Bench.elf.dir/Core/Src/stm32f4xx_it.c.obj
                0x080018a8                USART2_IRQHandler
 .text.SDIO_IRQHandler
                0x080018b8       0x10 CMakeFiles/Test_Bench.elf.dir/Core/Src/stm32f4xx_it.c.obj
                0x080018b8                SDIO_IRQHandler
 .text.TIM6_DAC_IRQHandler
                0x080018c8       0x10 CMakeFiles/Test_Bench.elf.dir/Core/Src/stm32f4xx_it.c.obj
                0x080018c8                TIM6_DAC_IRQHandler
 .text.OTG_FS_IRQHandler
                0x080018d8       0x10 CMakeFiles/Test_Bench.elf.dir/Core/Src/stm32f4xx_it.c.obj
                0x080018d8                OTG_FS_IRQHandler
 .text._getpid  0x080018e8        0x4 CMakeFiles/Test_Bench.elf.dir/Core/Src/syscalls.c.obj
                0x080018e8                _getpid
 .text._kill    0x080018ec       0x10 CMakeFiles/Test_Bench.elf.dir/Core/Src/syscalls.c.obj
                0x080018ec                _kill
 .text._exit    0x080018fc        0xc CMakeFiles/Test_Bench.elf.dir/Core/Src/syscalls.c.obj
                0x080018fc                _exit
 .text._read    0x08001908       0x20 CMakeFiles/Test_Bench.elf.dir/Core/Src/syscalls.c.obj
                0x08001908                _read
 .text._write   0x08001928       0x1c CMakeFiles/Test_Bench.elf.dir/Core/Src/syscalls.c.obj
                0x08001928                _write
 .text._close   0x08001944        0x6 CMakeFiles/Test_Bench.elf.dir/Core/Src/syscalls.c.obj
                0x08001944                _close
 .text._fstat   0x0800194a        0xa CMakeFiles/Test_Bench.elf.dir/Core/Src/syscalls.c.obj
                0x0800194a                _fstat
 .text._isatty  0x08001954        0x4 CMakeFiles/Test_Bench.elf.dir/Core/Src/syscalls.c.obj
                0x08001954                _isatty
 .text._lseek   0x08001958        0x4 CMakeFiles/Test_Bench.elf.dir/Core/Src/syscalls.c.obj
                0x08001958                _lseek
 .text._sbrk    0x0800195c       0x48 CMakeFiles/Test_Bench.elf.dir/Core/Src/sysmem.c.obj
                0x0800195c                _sbrk
 .text.SystemInit
                0x080019a4        0x2 CMakeFiles/Test_Bench.elf.dir/Core/Src/system_stm32f4xx.c.obj
                0x080019a4                SystemInit
 *fill*         0x080019a6        0x2 
 .text.MX_TIM6_Init
                0x080019a8       0x50 CMakeFiles/Test_Bench.elf.dir/Core/Src/tim.c.obj
                0x080019a8                MX_TIM6_Init
 .text.HAL_TIM_Base_MspInit
                0x080019f8       0x40 CMakeFiles/Test_Bench.elf.dir/Core/Src/tim.c.obj
                0x080019f8                HAL_TIM_Base_MspInit
 .text.MX_USART1_UART_Init
                0x08001a38       0x34 CMakeFiles/Test_Bench.elf.dir/Core/Src/usart.c.obj
                0x08001a38                MX_USART1_UART_Init
 .text.MX_USART2_UART_Init
                0x08001a6c       0x34 CMakeFiles/Test_Bench.elf.dir/Core/Src/usart.c.obj
                0x08001a6c                MX_USART2_UART_Init
 .text.HAL_UART_MspInit
                0x08001aa0       0xd4 CMakeFiles/Test_Bench.elf.dir/Core/Src/usart.c.obj
                0x08001aa0                HAL_UART_MspInit
 .text.Reset_Handler
                0x08001b74       0x50 CMakeFiles/Test_Bench.elf.dir/Core/Startup/startup_stm32f407vgtx.s.obj
                0x08001b74                Reset_Handler
 .text.Default_Handler
                0x08001bc4        0x2 CMakeFiles/Test_Bench.elf.dir/Core/Startup/startup_stm32f407vgtx.s.obj
                0x08001bc4                RTC_Alarm_IRQHandler
                0x08001bc4                HASH_RNG_IRQHandler
                0x08001bc4                EXTI2_IRQHandler
                0x08001bc4                TIM8_CC_IRQHandler
                0x08001bc4                TIM1_CC_IRQHandler
                0x08001bc4                DMA2_Stream5_IRQHandler
                0x08001bc4                DMA1_Stream5_IRQHandler
                0x08001bc4                PVD_IRQHandler
                0x08001bc4                TAMP_STAMP_IRQHandler
                0x08001bc4                CAN2_RX1_IRQHandler
                0x08001bc4                EXTI3_IRQHandler
                0x08001bc4                TIM8_TRG_COM_TIM14_IRQHandler
                0x08001bc4                TIM1_UP_TIM10_IRQHandler
                0x08001bc4                TIM8_UP_TIM13_IRQHandler
                0x08001bc4                I2C3_ER_IRQHandler
                0x08001bc4                EXTI0_IRQHandler
                0x08001bc4                I2C2_EV_IRQHandler
                0x08001bc4                DMA1_Stream2_IRQHandler
                0x08001bc4                CAN1_RX0_IRQHandler
                0x08001bc4                FPU_IRQHandler
                0x08001bc4                OTG_HS_WKUP_IRQHandler
                0x08001bc4                CAN2_SCE_IRQHandler
                0x08001bc4                DMA2_Stream2_IRQHandler
                0x08001bc4                SPI1_IRQHandler
                0x08001bc4                TIM1_BRK_TIM9_IRQHandler
                0x08001bc4                DCMI_IRQHandler
                0x08001bc4                CAN2_RX0_IRQHandler
                0x08001bc4                DMA2_Stream3_IRQHandler
                0x08001bc4                USART6_IRQHandler
                0x08001bc4                USART3_IRQHandler
                0x08001bc4                CAN1_RX1_IRQHandler
                0x08001bc4                UART5_IRQHandler
                0x08001bc4                DMA2_Stream0_IRQHandler
                0x08001bc4                TIM4_IRQHandler
                0x08001bc4                I2C1_EV_IRQHandler
                0x08001bc4                DMA1_Stream6_IRQHandler
                0x08001bc4                DMA1_Stream1_IRQHandler
                0x08001bc4                UART4_IRQHandler
                0x08001bc4                TIM3_IRQHandler
                0x08001bc4                RCC_IRQHandler
                0x08001bc4                TIM8_BRK_TIM12_IRQHandler
                0x08001bc4                Default_Handler
                0x08001bc4                EXTI15_10_IRQHandler
                0x08001bc4                ADC_IRQHandler
                0x08001bc4                DMA1_Stream7_IRQHandler
                0x08001bc4                TIM7_IRQHandler
                0x08001bc4                CAN2_TX_IRQHandler
                0x08001bc4                TIM5_IRQHandler
                0x08001bc4                DMA2_Stream7_IRQHandler
                0x08001bc4                I2C3_EV_IRQHandler
                0x08001bc4                EXTI9_5_IRQHandler
                0x08001bc4                RTC_WKUP_IRQHandler
                0x08001bc4                ETH_WKUP_IRQHandler
                0x08001bc4                SPI2_IRQHandler
                0x08001bc4                OTG_HS_EP1_IN_IRQHandler
                0x08001bc4                DMA1_Stream0_IRQHandler
                0x08001bc4                CAN1_TX_IRQHandler
                0x08001bc4                EXTI4_IRQHandler
                0x08001bc4                FSMC_IRQHandler
                0x08001bc4                ETH_IRQHandler
                0x08001bc4                OTG_HS_EP1_OUT_IRQHandler
                0x08001bc4                WWDG_IRQHandler
                0x08001bc4                TIM2_IRQHandler
                0x08001bc4                OTG_FS_WKUP_IRQHandler
                0x08001bc4                TIM1_TRG_COM_TIM11_IRQHandler
                0x08001bc4                OTG_HS_IRQHandler
                0x08001bc4                EXTI1_IRQHandler
                0x08001bc4                I2C2_ER_IRQHandler
                0x08001bc4                DMA2_Stream1_IRQHandler
                0x08001bc4                CAN1_SCE_IRQHandler
                0x08001bc4                FLASH_IRQHandler
                0x08001bc4                DMA2_Stream4_IRQHandler
                0x08001bc4                USART1_IRQHandler
                0x08001bc4                SPI3_IRQHandler
                0x08001bc4                DMA1_Stream4_IRQHandler
                0x08001bc4                I2C1_ER_IRQHandler
                0x08001bc4                DMA2_Stream6_IRQHandler
                0x08001bc4                DMA1_Stream3_IRQHandler
 *fill*         0x08001bc6        0x2 
 .text.HAL_InitTick
                0x08001bc8       0x4c CMakeFiles/Test_Bench.elf.dir/Drivers/STM32F4xx_HAL_Driver/Src/stm32f4xx_hal.c.obj
                0x08001bc8                HAL_InitTick
 .text.HAL_Init
                0x08001c14       0x34 CMakeFiles/Test_Bench.elf.dir/Drivers/STM32F4xx_HAL_Driver/Src/stm32f4xx_hal.c.obj
                0x08001c14                HAL_Init
 .text.HAL_IncTick
                0x08001c48       0x18 CMakeFiles/Test_Bench.elf.dir/Drivers/STM32F4xx_HAL_Driver/Src/stm32f4xx_hal.c.obj
                0x08001c48                HAL_IncTick
 .text.HAL_GetTick
                0x08001c60        0xc CMakeFiles/Test_Bench.elf.dir/Drivers/STM32F4xx_HAL_Driver/Src/stm32f4xx_hal.c.obj
                0x08001c60                HAL_GetTick
 .text.HAL_Delay
                0x08001c6c       0x28 CMakeFiles/Test_Bench.elf.dir/Drivers/STM32F4xx_HAL_Driver/Src/stm32f4xx_hal.c.obj
                0x08001c6c                HAL_Delay
 .text.__NVIC_EnableIRQ
                0x08001c94       0x1c CMakeFiles/Test_Bench.elf.dir/Drivers/STM32F4xx_HAL_Driver/Src/stm32f4xx_hal_cortex.c.obj
 .text.__NVIC_SetPriority
                0x08001cb0       0x28 CMakeFiles/Test_Bench.elf.dir/Drivers/STM32F4xx_HAL_Driver/Src/stm32f4xx_hal_cortex.c.obj
 .text.NVIC_EncodePriority
                0x08001cd8       0x3e CMakeFiles/Test_Bench.elf.dir/Drivers/STM32F4xx_HAL_Driver/Src/stm32f4xx_hal_cortex.c.obj
 *fill*         0x08001d16        0x2 
 .text.HAL_NVIC_SetPriorityGrouping
                0x08001d18       0x24 CMakeFiles/Test_Bench.elf.dir/Drivers/STM32F4xx_HAL_Driver/Src/stm32f4xx_hal_cortex.c.obj
                0x08001d18                HAL_NVIC_SetPriorityGrouping
 .text.HAL_NVIC_SetPriority
                0x08001d3c       0x20 CMakeFiles/Test_Bench.elf.dir/Drivers/STM32F4xx_HAL_Driver/Src/stm32f4xx_hal_cortex.c.obj
                0x08001d3c                HAL_NVIC_SetPriority
 .text.HAL_NVIC_EnableIRQ
                0x08001d5c        0x8 CMakeFiles/Test_Bench.elf.dir/Drivers/STM32F4xx_HAL_Driver/Src/stm32f4xx_hal_cortex.c.obj
                0x08001d5c                HAL_NVIC_EnableIRQ
 .text.HAL_SYSTICK_Config
                0x08001d64       0x28 CMakeFiles/Test_Bench.elf.dir/Drivers/STM32F4xx_HAL_Driver/Src/stm32f4xx_hal_cortex.c.obj
                0x08001d64                HAL_SYSTICK_Config
 .text.HAL_DMA_Abort
                0x08001d8c       0x94 CMakeFiles/Test_Bench.elf.dir/Drivers/STM32F4xx_HAL_Driver/Src/stm32f4xx_hal_dma.c.obj
                0x08001d8c                HAL_DMA_Abort
 .text.HAL_DMA_Abort_IT
                0x08001e20       0x26 CMakeFiles/Test_Bench.elf.dir/Drivers/STM32F4xx_HAL_Driver/Src/stm32f4xx_hal_dma.c.obj
                0x08001e20                HAL_DMA_Abort_IT
 *fill*         0x08001e46        0x2 
 .text.HAL_GPIO_Init
                0x08001e48      0x1f4 CMakeFiles/Test_Bench.elf.dir/Drivers/STM32F4xx_HAL_Driver/Src/stm32f4xx_hal_gpio.c.obj
                0x08001e48                HAL_GPIO_Init
 .text.HAL_GPIO_WritePin
                0x0800203c        0xc CMakeFiles/Test_Bench.elf.dir/Drivers/STM32F4xx_HAL_Driver/Src/stm32f4xx_hal_gpio.c.obj
                0x0800203c                HAL_GPIO_WritePin
 .text.PCD_WriteEmptyTxFifo
                0x08002048       0xd0 CMakeFiles/Test_Bench.elf.dir/Drivers/STM32F4xx_HAL_Driver/Src/stm32f4xx_hal_pcd.c.obj
 .text.HAL_PCD_Init
                0x08002118      0x102 CMakeFiles/Test_Bench.elf.dir/Drivers/STM32F4xx_HAL_Driver/Src/stm32f4xx_hal_pcd.c.obj
                0x08002118                HAL_PCD_Init
 .text.HAL_PCD_Start
                0x0800221a       0x44 CMakeFiles/Test_Bench.elf.dir/Drivers/STM32F4xx_HAL_Driver/Src/stm32f4xx_hal_pcd.c.obj
                0x0800221a                HAL_PCD_Start
 *fill*         0x0800225e        0x2 
 .text.PCD_EP_OutXfrComplete_int
                0x08002260      0x104 CMakeFiles/Test_Bench.elf.dir/Drivers/STM32F4xx_HAL_Driver/Src/stm32f4xx_hal_pcd.c.obj
 .text.PCD_EP_OutSetupPacket_int
                0x08002364       0x50 CMakeFiles/Test_Bench.elf.dir/Drivers/STM32F4xx_HAL_Driver/Src/stm32f4xx_hal_pcd.c.obj
 .text.HAL_PCD_SetAddress
                0x080023b4       0x26 CMakeFiles/Test_Bench.elf.dir/Drivers/STM32F4xx_HAL_Driver/Src/stm32f4xx_hal_pcd.c.obj
                0x080023b4                HAL_PCD_SetAddress
 .text.HAL_PCD_EP_Open
                0x080023da       0x8c CMakeFiles/Test_Bench.elf.dir/Drivers/STM32F4xx_HAL_Driver/Src/stm32f4xx_hal_pcd.c.obj
                0x080023da                HAL_PCD_EP_Open
 .text.HAL_PCD_EP_Close
                0x08002466       0x70 CMakeFiles/Test_Bench.elf.dir/Drivers/STM32F4xx_HAL_Driver/Src/stm32f4xx_hal_pcd.c.obj
                0x08002466                HAL_PCD_EP_Close
 .text.HAL_PCD_EP_Receive
                0x080024d6       0x4a CMakeFiles/Test_Bench.elf.dir/Drivers/STM32F4xx_HAL_Driver/Src/stm32f4xx_hal_pcd.c.obj
                0x080024d6                HAL_PCD_EP_Receive
 .text.HAL_PCD_EP_GetRxCount
                0x08002520       0x12 CMakeFiles/Test_Bench.elf.dir/Drivers/STM32F4xx_HAL_Driver/Src/stm32f4xx_hal_pcd.c.obj
                0x08002520                HAL_PCD_EP_GetRxCount
 .text.HAL_PCD_EP_Transmit
                0x08002532       0x4a CMakeFiles/Test_Bench.elf.dir/Drivers/STM32F4xx_HAL_Driver/Src/stm32f4xx_hal_pcd.c.obj
                0x08002532                HAL_PCD_EP_Transmit
 .text.HAL_PCD_EP_SetStall
                0x0800257c       0x86 CMakeFiles/Test_Bench.elf.dir/Drivers/STM32F4xx_HAL_Driver/Src/stm32f4xx_hal_pcd.c.obj
                0x0800257c                HAL_PCD_EP_SetStall
 .text.HAL_PCD_EP_ClrStall
                0x08002602       0x74 CMakeFiles/Test_Bench.elf.dir/Drivers/STM32F4xx_HAL_Driver/Src/stm32f4xx_hal_pcd.c.obj
                0x08002602                HAL_PCD_EP_ClrStall
 .text.HAL_PCD_EP_Abort
                0x08002676       0x34 CMakeFiles/Test_Bench.elf.dir/Drivers/STM32F4xx_HAL_Driver/Src/stm32f4xx_hal_pcd.c.obj
                0x08002676                HAL_PCD_EP_Abort
 .text.HAL_PCD_IRQHandler
                0x080026aa      0x5c0 CMakeFiles/Test_Bench.elf.dir/Drivers/STM32F4xx_HAL_Driver/Src/stm32f4xx_hal_pcd.c.obj
                0x080026aa                HAL_PCD_IRQHandler
 .text.HAL_PCDEx_SetTxFiFo
                0x08002c6a       0x4a CMakeFiles/Test_Bench.elf.dir/Drivers/STM32F4xx_HAL_Driver/Src/stm32f4xx_hal_pcd_ex.c.obj
                0x08002c6a                HAL_PCDEx_SetTxFiFo
 .text.HAL_PCDEx_SetRxFiFo
                0x08002cb4        0x8 CMakeFiles/Test_Bench.elf.dir/Drivers/STM32F4xx_HAL_Driver/Src/stm32f4xx_hal_pcd_ex.c.obj
                0x08002cb4                HAL_PCDEx_SetRxFiFo
 .text.HAL_PCDEx_LPM_Callback
                0x08002cbc        0x2 CMakeFiles/Test_Bench.elf.dir/Drivers/STM32F4xx_HAL_Driver/Src/stm32f4xx_hal_pcd_ex.c.obj
                0x08002cbc                HAL_PCDEx_LPM_Callback
 *fill*         0x08002cbe        0x2 
 .text.HAL_RCC_OscConfig
                0x08002cc0      0x3f8 CMakeFiles/Test_Bench.elf.dir/Drivers/STM32F4xx_HAL_Driver/Src/stm32f4xx_hal_rcc.c.obj
                0x08002cc0                HAL_RCC_OscConfig
 .text.HAL_RCC_GetSysClockFreq
                0x080030b8       0xdc CMakeFiles/Test_Bench.elf.dir/Drivers/STM32F4xx_HAL_Driver/Src/stm32f4xx_hal_rcc.c.obj
                0x080030b8                HAL_RCC_GetSysClockFreq
 .text.HAL_RCC_ClockConfig
                0x08003194      0x160 CMakeFiles/Test_Bench.elf.dir/Drivers/STM32F4xx_HAL_Driver/Src/stm32f4xx_hal_rcc.c.obj
                0x08003194                HAL_RCC_ClockConfig
 .text.HAL_RCC_GetHCLKFreq
                0x080032f4        0xc CMakeFiles/Test_Bench.elf.dir/Drivers/STM32F4xx_HAL_Driver/Src/stm32f4xx_hal_rcc.c.obj
                0x080032f4                HAL_RCC_GetHCLKFreq
 .text.HAL_RCC_GetPCLK1Freq
                0x08003300       0x20 CMakeFiles/Test_Bench.elf.dir/Drivers/STM32F4xx_HAL_Driver/Src/stm32f4xx_hal_rcc.c.obj
                0x08003300                HAL_RCC_GetPCLK1Freq
 .text.HAL_RCC_GetPCLK2Freq
                0x08003320       0x20 CMakeFiles/Test_Bench.elf.dir/Drivers/STM32F4xx_HAL_Driver/Src/stm32f4xx_hal_rcc.c.obj
                0x08003320                HAL_RCC_GetPCLK2Freq
 .text.SD_PowerON
                0x08003340       0xc0 CMakeFiles/Test_Bench.elf.dir/Drivers/STM32F4xx_HAL_Driver/Src/stm32f4xx_hal_sd.c.obj
 .text.SD_Read_IT
                0x08003400       0x38 CMakeFiles/Test_Bench.elf.dir/Drivers/STM32F4xx_HAL_Driver/Src/stm32f4xx_hal_sd.c.obj
 .text.SD_Write_IT
                0x08003438       0x48 CMakeFiles/Test_Bench.elf.dir/Drivers/STM32F4xx_HAL_Driver/Src/stm32f4xx_hal_sd.c.obj
 .text.SD_SendStatus
                0x08003480       0x2c CMakeFiles/Test_Bench.elf.dir/Drivers/STM32F4xx_HAL_Driver/Src/stm32f4xx_hal_sd.c.obj
 .text.HAL_SD_ReadBlocks
                0x080034ac      0x250 CMakeFiles/Test_Bench.elf.dir/Drivers/STM32F4xx_HAL_Driver/Src/stm32f4xx_hal_sd.c.obj
                0x080034ac                HAL_SD_ReadBlocks
 .text.HAL_SD_WriteBlocks
                0x080036fc      0x20c CMakeFiles/Test_Bench.elf.dir/Drivers/STM32F4xx_HAL_Driver/Src/stm32f4xx_hal_sd.c.obj
                0x080036fc                HAL_SD_WriteBlocks
 .text.HAL_SD_ErrorCallback
                0x08003908        0x2 CMakeFiles/Test_Bench.elf.dir/Drivers/STM32F4xx_HAL_Driver/Src/stm32f4xx_hal_sd.c.obj
                0x08003908                HAL_SD_ErrorCallback
 *fill*         0x0800390a        0x2 
 .text.HAL_SD_GetCardCSD
                0x0800390c      0x1b8 CMakeFiles/Test_Bench.elf.dir/Drivers/STM32F4xx_HAL_Driver/Src/stm32f4xx_hal_sd.c.obj
                0x0800390c                HAL_SD_GetCardCSD
 .text.SD_InitCard
                0x08003ac4      0x100 CMakeFiles/Test_Bench.elf.dir/Drivers/STM32F4xx_HAL_Driver/Src/stm32f4xx_hal_sd.c.obj
 .text.HAL_SD_InitCard
                0x08003bc4       0xa8 CMakeFiles/Test_Bench.elf.dir/Drivers/STM32F4xx_HAL_Driver/Src/stm32f4xx_hal_sd.c.obj
                0x08003bc4                HAL_SD_InitCard
 .text.HAL_SD_Init
                0x08003c6c       0x36 CMakeFiles/Test_Bench.elf.dir/Drivers/STM32F4xx_HAL_Driver/Src/stm32f4xx_hal_sd.c.obj
                0x08003c6c                HAL_SD_Init
 .text.HAL_SD_GetCardInfo
                0x08003ca2       0x24 CMakeFiles/Test_Bench.elf.dir/Drivers/STM32F4xx_HAL_Driver/Src/stm32f4xx_hal_sd.c.obj
                0x08003ca2                HAL_SD_GetCardInfo
 .text.HAL_SD_GetCardState
                0x08003cc6       0x22 CMakeFiles/Test_Bench.elf.dir/Drivers/STM32F4xx_HAL_Driver/Src/stm32f4xx_hal_sd.c.obj
                0x08003cc6                HAL_SD_GetCardState
 .text.SD_DMATxAbort
                0x08003ce8       0x44 CMakeFiles/Test_Bench.elf.dir/Drivers/STM32F4xx_HAL_Driver/Src/stm32f4xx_hal_sd.c.obj
 .text.SD_DMARxAbort
                0x08003d2c       0x44 CMakeFiles/Test_Bench.elf.dir/Drivers/STM32F4xx_HAL_Driver/Src/stm32f4xx_hal_sd.c.obj
 .text.HAL_SD_IRQHandler
                0x08003d70      0x1e0 CMakeFiles/Test_Bench.elf.dir/Drivers/STM32F4xx_HAL_Driver/Src/stm32f4xx_hal_sd.c.obj
                0x08003d70                HAL_SD_IRQHandler
 .text.SPI_WaitFlagStateUntilTimeout
                0x08003f50       0xc8 CMakeFiles/Test_Bench.elf.dir/Drivers/STM32F4xx_HAL_Driver/Src/stm32f4xx_hal_spi.c.obj
 .text.SPI_EndRxTxTransaction
                0x08004018       0x80 CMakeFiles/Test_Bench.elf.dir/Drivers/STM32F4xx_HAL_Driver/Src/stm32f4xx_hal_spi.c.obj
 .text.SPI_EndRxTransaction
                0x08004098       0x8c CMakeFiles/Test_Bench.elf.dir/Drivers/STM32F4xx_HAL_Driver/Src/stm32f4xx_hal_spi.c.obj
 .text.HAL_SPI_Init
                0x08004124       0xbe CMakeFiles/Test_Bench.elf.dir/Drivers/STM32F4xx_HAL_Driver/Src/stm32f4xx_hal_spi.c.obj
                0x08004124                HAL_SPI_Init
 .text.HAL_SPI_TransmitReceive
                0x080041e2      0x254 CMakeFiles/Test_Bench.elf.dir/Drivers/STM32F4xx_HAL_Driver/Src/stm32f4xx_hal_spi.c.obj
                0x080041e2                HAL_SPI_TransmitReceive
 .text.HAL_SPI_Receive
                0x08004436      0x188 CMakeFiles/Test_Bench.elf.dir/Drivers/STM32F4xx_HAL_Driver/Src/stm32f4xx_hal_spi.c.obj
                0x08004436                HAL_SPI_Receive
 *fill*         0x080045be        0x2 
 .text.HAL_TIM_Base_Start_IT
                0x080045c0       0x88 CMakeFiles/Test_Bench.elf.dir/Drivers/STM32F4xx_HAL_Driver/Src/stm32f4xx_hal_tim.c.obj
                0x080045c0                HAL_TIM_Base_Start_IT
 .text.HAL_TIM_OC_DelayElapsedCallback
                0x08004648        0x2 CMakeFiles/Test_Bench.elf.dir/Drivers/STM32F4xx_HAL_Driver/Src/stm32f4xx_hal_tim.c.obj
                0x08004648                HAL_TIM_OC_DelayElapsedCallback
 .text.HAL_TIM_IC_CaptureCallback
                0x0800464a        0x2 CMakeFiles/Test_Bench.elf.dir/Drivers/STM32F4xx_HAL_Driver/Src/stm32f4xx_hal_tim.c.obj
                0x0800464a                HAL_TIM_IC_CaptureCallback
 .text.HAL_TIM_PWM_PulseFinishedCallback
                0x0800464c        0x2 CMakeFiles/Test_Bench.elf.dir/Drivers/STM32F4xx_HAL_Driver/Src/stm32f4xx_hal_tim.c.obj
                0x0800464c                HAL_TIM_PWM_PulseFinishedCallback
 .text.HAL_TIM_TriggerCallback
                0x0800464e        0x2 CMakeFiles/Test_Bench.elf.dir/Drivers/STM32F4xx_HAL_Driver/Src/stm32f4xx_hal_tim.c.obj
                0x0800464e                HAL_TIM_TriggerCallback
 .text.HAL_TIM_IRQHandler
                0x08004650      0x15e CMakeFiles/Test_Bench.elf.dir/Drivers/STM32F4xx_HAL_Driver/Src/stm32f4xx_hal_tim.c.obj
                0x08004650                HAL_TIM_IRQHandler
 *fill*         0x080047ae        0x2 
 .text.TIM_Base_SetConfig
                0x080047b0       0xd8 CMakeFiles/Test_Bench.elf.dir/Drivers/STM32F4xx_HAL_Driver/Src/stm32f4xx_hal_tim.c.obj
                0x080047b0                TIM_Base_SetConfig
 .text.HAL_TIM_Base_Init
                0x08004888       0x58 CMakeFiles/Test_Bench.elf.dir/Drivers/STM32F4xx_HAL_Driver/Src/stm32f4xx_hal_tim.c.obj
                0x08004888                HAL_TIM_Base_Init
 .text.HAL_TIMEx_MasterConfigSynchronization
                0x080048e0       0x8c CMakeFiles/Test_Bench.elf.dir/Drivers/STM32F4xx_HAL_Driver/Src/stm32f4xx_hal_tim_ex.c.obj
                0x080048e0                HAL_TIMEx_MasterConfigSynchronization
 .text.HAL_TIMEx_CommutCallback
                0x0800496c        0x2 CMakeFiles/Test_Bench.elf.dir/Drivers/STM32F4xx_HAL_Driver/Src/stm32f4xx_hal_tim_ex.c.obj
                0x0800496c                HAL_TIMEx_CommutCallback
 .text.HAL_TIMEx_BreakCallback
                0x0800496e        0x2 CMakeFiles/Test_Bench.elf.dir/Drivers/STM32F4xx_HAL_Driver/Src/stm32f4xx_hal_tim_ex.c.obj
                0x0800496e                HAL_TIMEx_BreakCallback
 .text.UART_EndRxTransfer
                0x08004970       0x5c CMakeFiles/Test_Bench.elf.dir/Drivers/STM32F4xx_HAL_Driver/Src/stm32f4xx_hal_uart.c.obj
 .text.UART_Transmit_IT
                0x080049cc       0x60 CMakeFiles/Test_Bench.elf.dir/Drivers/STM32F4xx_HAL_Driver/Src/stm32f4xx_hal_uart.c.obj
 .text.UART_SetConfig
                0x08004a2c      0x110 CMakeFiles/Test_Bench.elf.dir/Drivers/STM32F4xx_HAL_Driver/Src/stm32f4xx_hal_uart.c.obj
 .text.UART_WaitOnFlagUntilTimeout
                0x08004b3c       0x86 CMakeFiles/Test_Bench.elf.dir/Drivers/STM32F4xx_HAL_Driver/Src/stm32f4xx_hal_uart.c.obj
 .text.HAL_UART_Init
                0x08004bc2       0x60 CMakeFiles/Test_Bench.elf.dir/Drivers/STM32F4xx_HAL_Driver/Src/stm32f4xx_hal_uart.c.obj
                0x08004bc2                HAL_UART_Init
 .text.HAL_UART_Transmit
                0x08004c22       0xcc CMakeFiles/Test_Bench.elf.dir/Drivers/STM32F4xx_HAL_Driver/Src/stm32f4xx_hal_uart.c.obj
                0x08004c22                HAL_UART_Transmit
 .text.HAL_UART_Receive
                0x08004cee       0xd2 CMakeFiles/Test_Bench.elf.dir/Drivers/STM32F4xx_HAL_Driver/Src/stm32f4xx_hal_uart.c.obj
                0x08004cee                HAL_UART_Receive
 .text.HAL_UART_TxCpltCallback
                0x08004dc0        0x2 CMakeFiles/Test_Bench.elf.dir/Drivers/STM32F4xx_HAL_Driver/Src/stm32f4xx_hal_uart.c.obj
                0x08004dc0                HAL_UART_TxCpltCallback
 .text.UART_EndTransmit_IT
                0x08004dc2       0x1a CMakeFiles/Test_Bench.elf.dir/Drivers/STM32F4xx_HAL_Driver/Src/stm32f4xx_hal_uart.c.obj
 .text.HAL_UART_RxCpltCallback
                0x08004ddc        0x2 CMakeFiles/Test_Bench.elf.dir/Drivers/STM32F4xx_HAL_Driver/Src/stm32f4xx_hal_uart.c.obj
                0x08004ddc                HAL_UART_RxCpltCallback
 .text.HAL_UART_ErrorCallback
                0x08004dde        0x2 CMakeFiles/Test_Bench.elf.dir/Drivers/STM32F4xx_HAL_Driver/Src/stm32f4xx_hal_uart.c.obj
                0x08004dde                HAL_UART_ErrorCallback
 .text.UART_DMAAbortOnError
                0x08004de0       0x10 CMakeFiles/Test_Bench.elf.dir/Drivers/STM32F4xx_HAL_Driver/Src/stm32f4xx_hal_uart.c.obj
 .text.HAL_UARTEx_RxEventCallback
                0x08004df0        0x2 CMakeFiles/Test_Bench.elf.dir/Drivers/STM32F4xx_HAL_Driver/Src/stm32f4xx_hal_uart.c.obj
                0x08004df0                HAL_UARTEx_RxEventCallback
 .text.UART_Receive_IT
                0x08004df2       0xe6 CMakeFiles/Test_Bench.elf.dir/Drivers/STM32F4xx_HAL_Driver/Src/stm32f4xx_hal_uart.c.obj
 .text.HAL_UART_IRQHandler
                0x08004ed8      0x284 CMakeFiles/Test_Bench.elf.dir/Drivers/STM32F4xx_HAL_Driver/Src/stm32f4xx_hal_uart.c.obj
                0x08004ed8                HAL_UART_IRQHandler
 .text.SDMMC_GetCmdError
                0x0800515c       0x38 CMakeFiles/Test_Bench.elf.dir/Drivers/STM32F4xx_HAL_Driver/Src/stm32f4xx_ll_sdmmc.c.obj
 .text.SDIO_Init
                0x08005194       0x32 CMakeFiles/Test_Bench.elf.dir/Drivers/STM32F4xx_HAL_Driver/Src/stm32f4xx_ll_sdmmc.c.obj
                0x08005194                SDIO_Init
 .text.SDIO_ReadFIFO
                0x080051c6        0x6 CMakeFiles/Test_Bench.elf.dir/Drivers/STM32F4xx_HAL_Driver/Src/stm32f4xx_ll_sdmmc.c.obj
                0x080051c6                SDIO_ReadFIFO
 .text.SDIO_WriteFIFO
                0x080051cc        0xa CMakeFiles/Test_Bench.elf.dir/Drivers/STM32F4xx_HAL_Driver/Src/stm32f4xx_ll_sdmmc.c.obj
                0x080051cc                SDIO_WriteFIFO
 .text.SDIO_PowerState_ON
                0x080051d6        0x8 CMakeFiles/Test_Bench.elf.dir/Drivers/STM32F4xx_HAL_Driver/Src/stm32f4xx_ll_sdmmc.c.obj
                0x080051d6                SDIO_PowerState_ON
 .text.SDIO_GetPowerState
                0x080051de        0x8 CMakeFiles/Test_Bench.elf.dir/Drivers/STM32F4xx_HAL_Driver/Src/stm32f4xx_ll_sdmmc.c.obj
                0x080051de                SDIO_GetPowerState
 .text.SDIO_SendCommand
                0x080051e6       0x20 CMakeFiles/Test_Bench.elf.dir/Drivers/STM32F4xx_HAL_Driver/Src/stm32f4xx_ll_sdmmc.c.obj
                0x080051e6                SDIO_SendCommand
 .text.SDIO_GetCommandResponse
                0x08005206        0x6 CMakeFiles/Test_Bench.elf.dir/Drivers/STM32F4xx_HAL_Driver/Src/stm32f4xx_ll_sdmmc.c.obj
                0x08005206                SDIO_GetCommandResponse
 .text.SDIO_GetResponse
                0x0800520c        0x6 CMakeFiles/Test_Bench.elf.dir/Drivers/STM32F4xx_HAL_Driver/Src/stm32f4xx_ll_sdmmc.c.obj
                0x0800520c                SDIO_GetResponse
 .text.SDIO_ConfigData
                0x08005212       0x24 CMakeFiles/Test_Bench.elf.dir/Drivers/STM32F4xx_HAL_Driver/Src/stm32f4xx_ll_sdmmc.c.obj
                0x08005212                SDIO_ConfigData
 .text.SDMMC_CmdGoIdleState
                0x08005236       0x26 CMakeFiles/Test_Bench.elf.dir/Drivers/STM32F4xx_HAL_Driver/Src/stm32f4xx_ll_sdmmc.c.obj
                0x08005236                SDMMC_CmdGoIdleState
 .text.SDMMC_GetCmdResp1
                0x0800525c      0x154 CMakeFiles/Test_Bench.elf.dir/Drivers/STM32F4xx_HAL_Driver/Src/stm32f4xx_ll_sdmmc.c.obj
                0x0800525c                SDMMC_GetCmdResp1
 .text.SDMMC_CmdBlockLength
                0x080053b0       0x30 CMakeFiles/Test_Bench.elf.dir/Drivers/STM32F4xx_HAL_Driver/Src/stm32f4xx_ll_sdmmc.c.obj
                0x080053b0                SDMMC_CmdBlockLength
 .text.SDMMC_CmdReadSingleBlock
                0x080053e0       0x30 CMakeFiles/Test_Bench.elf.dir/Drivers/STM32F4xx_HAL_Driver/Src/stm32f4xx_ll_sdmmc.c.obj
                0x080053e0                SDMMC_CmdReadSingleBlock
 .text.SDMMC_CmdReadMultiBlock
                0x08005410       0x30 CMakeFiles/Test_Bench.elf.dir/Drivers/STM32F4xx_HAL_Driver/Src/stm32f4xx_ll_sdmmc.c.obj
                0x08005410                SDMMC_CmdReadMultiBlock
 .text.SDMMC_CmdWriteSingleBlock
                0x08005440       0x30 CMakeFiles/Test_Bench.elf.dir/Drivers/STM32F4xx_HAL_Driver/Src/stm32f4xx_ll_sdmmc.c.obj
                0x08005440                SDMMC_CmdWriteSingleBlock
 .text.SDMMC_CmdWriteMultiBlock
                0x08005470       0x30 CMakeFiles/Test_Bench.elf.dir/Drivers/STM32F4xx_HAL_Driver/Src/stm32f4xx_ll_sdmmc.c.obj
                0x08005470                SDMMC_CmdWriteMultiBlock
 .text.SDMMC_CmdStopTransfer
                0x080054a0       0x34 CMakeFiles/Test_Bench.elf.dir/Drivers/STM32F4xx_HAL_Driver/Src/stm32f4xx_ll_sdmmc.c.obj
                0x080054a0                SDMMC_CmdStopTransfer
 .text.SDMMC_CmdSelDesel
                0x080054d4       0x30 CMakeFiles/Test_Bench.elf.dir/Drivers/STM32F4xx_HAL_Driver/Src/stm32f4xx_ll_sdmmc.c.obj
                0x080054d4                SDMMC_CmdSelDesel
 .text.SDMMC_CmdAppCommand
                0x08005504       0x30 CMakeFiles/Test_Bench.elf.dir/Drivers/STM32F4xx_HAL_Driver/Src/stm32f4xx_ll_sdmmc.c.obj
                0x08005504                SDMMC_CmdAppCommand
 .text.SDMMC_CmdSendStatus
                0x08005534       0x30 CMakeFiles/Test_Bench.elf.dir/Drivers/STM32F4xx_HAL_Driver/Src/stm32f4xx_ll_sdmmc.c.obj
                0x08005534                SDMMC_CmdSendStatus
 .text.SDMMC_GetCmdResp2
                0x08005564       0x5c CMakeFiles/Test_Bench.elf.dir/Drivers/STM32F4xx_HAL_Driver/Src/stm32f4xx_ll_sdmmc.c.obj
                0x08005564                SDMMC_GetCmdResp2
 .text.SDMMC_CmdSendCID
                0x080055c0       0x2a CMakeFiles/Test_Bench.elf.dir/Drivers/STM32F4xx_HAL_Driver/Src/stm32f4xx_ll_sdmmc.c.obj
                0x080055c0                SDMMC_CmdSendCID
 .text.SDMMC_CmdSendCSD
                0x080055ea       0x2a CMakeFiles/Test_Bench.elf.dir/Drivers/STM32F4xx_HAL_Driver/Src/stm32f4xx_ll_sdmmc.c.obj
                0x080055ea                SDMMC_CmdSendCSD
 .text.SDMMC_GetCmdResp3
                0x08005614       0x4c CMakeFiles/Test_Bench.elf.dir/Drivers/STM32F4xx_HAL_Driver/Src/stm32f4xx_ll_sdmmc.c.obj
                0x08005614                SDMMC_GetCmdResp3
 .text.SDMMC_CmdAppOperCommand
                0x08005660       0x32 CMakeFiles/Test_Bench.elf.dir/Drivers/STM32F4xx_HAL_Driver/Src/stm32f4xx_ll_sdmmc.c.obj
                0x08005660                SDMMC_CmdAppOperCommand
 *fill*         0x08005692        0x2 
 .text.SDMMC_GetCmdResp6
                0x08005694       0xa0 CMakeFiles/Test_Bench.elf.dir/Drivers/STM32F4xx_HAL_Driver/Src/stm32f4xx_ll_sdmmc.c.obj
                0x08005694                SDMMC_GetCmdResp6
 .text.SDMMC_CmdSetRelAdd
                0x08005734       0x30 CMakeFiles/Test_Bench.elf.dir/Drivers/STM32F4xx_HAL_Driver/Src/stm32f4xx_ll_sdmmc.c.obj
                0x08005734                SDMMC_CmdSetRelAdd
 .text.SDMMC_GetCmdResp7
                0x08005764       0x64 CMakeFiles/Test_Bench.elf.dir/Drivers/STM32F4xx_HAL_Driver/Src/stm32f4xx_ll_sdmmc.c.obj
                0x08005764                SDMMC_GetCmdResp7
 .text.SDMMC_CmdOperCond
                0x080057c8       0x2e CMakeFiles/Test_Bench.elf.dir/Drivers/STM32F4xx_HAL_Driver/Src/stm32f4xx_ll_sdmmc.c.obj
                0x080057c8                SDMMC_CmdOperCond
 .text.USB_CoreReset
                0x080057f6       0x4a CMakeFiles/Test_Bench.elf.dir/Drivers/STM32F4xx_HAL_Driver/Src/stm32f4xx_ll_usb.c.obj
 .text.USB_CoreInit
                0x08005840       0x92 CMakeFiles/Test_Bench.elf.dir/Drivers/STM32F4xx_HAL_Driver/Src/stm32f4xx_ll_usb.c.obj
                0x08005840                USB_CoreInit
 *fill*         0x080058d2        0x2 
 .text.USB_SetTurnaroundTime
                0x080058d4       0xe4 CMakeFiles/Test_Bench.elf.dir/Drivers/STM32F4xx_HAL_Driver/Src/stm32f4xx_ll_usb.c.obj
                0x080058d4                USB_SetTurnaroundTime
 .text.USB_EnableGlobalInt
                0x080059b8        0xc CMakeFiles/Test_Bench.elf.dir/Drivers/STM32F4xx_HAL_Driver/Src/stm32f4xx_ll_usb.c.obj
                0x080059b8                USB_EnableGlobalInt
 .text.USB_DisableGlobalInt
                0x080059c4        0xc CMakeFiles/Test_Bench.elf.dir/Drivers/STM32F4xx_HAL_Driver/Src/stm32f4xx_ll_usb.c.obj
                0x080059c4                USB_DisableGlobalInt
 .text.USB_FlushTxFifo
                0x080059d0       0x4a CMakeFiles/Test_Bench.elf.dir/Drivers/STM32F4xx_HAL_Driver/Src/stm32f4xx_ll_usb.c.obj
                0x080059d0                USB_FlushTxFifo
 .text.USB_FlushRxFifo
                0x08005a1a       0x46 CMakeFiles/Test_Bench.elf.dir/Drivers/STM32F4xx_HAL_Driver/Src/stm32f4xx_ll_usb.c.obj
                0x08005a1a                USB_FlushRxFifo
 .text.USB_SetDevSpeed
                0x08005a60        0xe CMakeFiles/Test_Bench.elf.dir/Drivers/STM32F4xx_HAL_Driver/Src/stm32f4xx_ll_usb.c.obj
                0x08005a60                USB_SetDevSpeed
 *fill*         0x08005a6e        0x2 
 .text.USB_DevInit
                0x08005a70      0x194 CMakeFiles/Test_Bench.elf.dir/Drivers/STM32F4xx_HAL_Driver/Src/stm32f4xx_ll_usb.c.obj
                0x08005a70                USB_DevInit
 .text.USB_GetDevSpeed
                0x08005c04       0x22 CMakeFiles/Test_Bench.elf.dir/Drivers/STM32F4xx_HAL_Driver/Src/stm32f4xx_ll_usb.c.obj
                0x08005c04                USB_GetDevSpeed
 .text.USB_ActivateEndpoint
                0x08005c26       0x9a CMakeFiles/Test_Bench.elf.dir/Drivers/STM32F4xx_HAL_Driver/Src/stm32f4xx_ll_usb.c.obj
                0x08005c26                USB_ActivateEndpoint
 .text.USB_DeactivateEndpoint
                0x08005cc0       0xe0 CMakeFiles/Test_Bench.elf.dir/Drivers/STM32F4xx_HAL_Driver/Src/stm32f4xx_ll_usb.c.obj
                0x08005cc0                USB_DeactivateEndpoint
 .text.USB_EPStopXfer
                0x08005da0       0xbc CMakeFiles/Test_Bench.elf.dir/Drivers/STM32F4xx_HAL_Driver/Src/stm32f4xx_ll_usb.c.obj
                0x08005da0                USB_EPStopXfer
 .text.USB_WritePacket
                0x08005e5c       0x2e CMakeFiles/Test_Bench.elf.dir/Drivers/STM32F4xx_HAL_Driver/Src/stm32f4xx_ll_usb.c.obj
                0x08005e5c                USB_WritePacket
 *fill*         0x08005e8a        0x2 
 .text.USB_EPStartXfer
                0x08005e8c      0x244 CMakeFiles/Test_Bench.elf.dir/Drivers/STM32F4xx_HAL_Driver/Src/stm32f4xx_ll_usb.c.obj
                0x08005e8c                USB_EPStartXfer
 .text.USB_ReadPacket
                0x080060d0       0x46 CMakeFiles/Test_Bench.elf.dir/Drivers/STM32F4xx_HAL_Driver/Src/stm32f4xx_ll_usb.c.obj
                0x080060d0                USB_ReadPacket
 .text.USB_EPSetStall
                0x08006116       0x5a CMakeFiles/Test_Bench.elf.dir/Drivers/STM32F4xx_HAL_Driver/Src/stm32f4xx_ll_usb.c.obj
                0x08006116                USB_EPSetStall
 .text.USB_EPClearStall
                0x08006170       0x5c CMakeFiles/Test_Bench.elf.dir/Drivers/STM32F4xx_HAL_Driver/Src/stm32f4xx_ll_usb.c.obj
                0x08006170                USB_EPClearStall
 .text.USB_SetDevAddress
                0x080061cc       0x20 CMakeFiles/Test_Bench.elf.dir/Drivers/STM32F4xx_HAL_Driver/Src/stm32f4xx_ll_usb.c.obj
                0x080061cc                USB_SetDevAddress
 .text.USB_DevConnect
                0x080061ec       0x1c CMakeFiles/Test_Bench.elf.dir/Drivers/STM32F4xx_HAL_Driver/Src/stm32f4xx_ll_usb.c.obj
                0x080061ec                USB_DevConnect
 .text.USB_DevDisconnect
                0x08006208       0x1c CMakeFiles/Test_Bench.elf.dir/Drivers/STM32F4xx_HAL_Driver/Src/stm32f4xx_ll_usb.c.obj
                0x08006208                USB_DevDisconnect
 .text.USB_ReadInterrupts
                0x08006224        0x8 CMakeFiles/Test_Bench.elf.dir/Drivers/STM32F4xx_HAL_Driver/Src/stm32f4xx_ll_usb.c.obj
                0x08006224                USB_ReadInterrupts
 .text.USB_ReadDevAllOutEpInterrupt
                0x0800622c       0x10 CMakeFiles/Test_Bench.elf.dir/Drivers/STM32F4xx_HAL_Driver/Src/stm32f4xx_ll_usb.c.obj
                0x0800622c                USB_ReadDevAllOutEpInterrupt
 .text.USB_ReadDevAllInEpInterrupt
                0x0800623c       0x10 CMakeFiles/Test_Bench.elf.dir/Drivers/STM32F4xx_HAL_Driver/Src/stm32f4xx_ll_usb.c.obj
                0x0800623c                USB_ReadDevAllInEpInterrupt
 .text.USB_ReadDevOutEPInterrupt
                0x0800624c       0x12 CMakeFiles/Test_Bench.elf.dir/Drivers/STM32F4xx_HAL_Driver/Src/stm32f4xx_ll_usb.c.obj
                0x0800624c                USB_ReadDevOutEPInterrupt
 .text.USB_ReadDevInEPInterrupt
                0x0800625e       0x24 CMakeFiles/Test_Bench.elf.dir/Drivers/STM32F4xx_HAL_Driver/Src/stm32f4xx_ll_usb.c.obj
                0x0800625e                USB_ReadDevInEPInterrupt
 .text.USB_GetMode
                0x08006282        0x8 CMakeFiles/Test_Bench.elf.dir/Drivers/STM32F4xx_HAL_Driver/Src/stm32f4xx_ll_usb.c.obj
                0x08006282                USB_GetMode
 .text.USB_SetCurrentMode
                0x0800628a       0x62 CMakeFiles/Test_Bench.elf.dir/Drivers/STM32F4xx_HAL_Driver/Src/stm32f4xx_ll_usb.c.obj
                0x0800628a                USB_SetCurrentMode
 .text.USB_ActivateSetup
                0x080062ec       0x1c CMakeFiles/Test_Bench.elf.dir/Drivers/STM32F4xx_HAL_Driver/Src/stm32f4xx_ll_usb.c.obj
                0x080062ec                USB_ActivateSetup
 .text.USB_EP0_OutStart
                0x08006308       0x5c CMakeFiles/Test_Bench.elf.dir/Drivers/STM32F4xx_HAL_Driver/Src/stm32f4xx_ll_usb.c.obj
                0x08006308                USB_EP0_OutStart
 .text.MX_FATFS_Init
                0x08006364       0x1c CMakeFiles/Test_Bench.elf.dir/FATFS/App/fatfs.c.obj
                0x08006364                MX_FATFS_Init
 .text.get_fattime
                0x08006380        0x4 CMakeFiles/Test_Bench.elf.dir/FATFS/App/fatfs.c.obj
                0x08006380                get_fattime
 .text.BSP_SD_ReadBlocks
                0x08006384       0x20 CMakeFiles/Test_Bench.elf.dir/FATFS/Target/bsp_driver_sd.c.obj
                0x08006384                BSP_SD_ReadBlocks
 .text.BSP_SD_WriteBlocks
                0x080063a4       0x20 CMakeFiles/Test_Bench.elf.dir/FATFS/Target/bsp_driver_sd.c.obj
                0x080063a4                BSP_SD_WriteBlocks
 .text.BSP_SD_GetCardState
                0x080063c4       0x14 CMakeFiles/Test_Bench.elf.dir/FATFS/Target/bsp_driver_sd.c.obj
                0x080063c4                BSP_SD_GetCardState
 .text.BSP_SD_GetCardInfo
                0x080063d8       0x10 CMakeFiles/Test_Bench.elf.dir/FATFS/Target/bsp_driver_sd.c.obj
                0x080063d8                BSP_SD_GetCardInfo
 .text.BSP_SD_AbortCallback
                0x080063e8        0x2 CMakeFiles/Test_Bench.elf.dir/FATFS/Target/bsp_driver_sd.c.obj
                0x080063e8                BSP_SD_AbortCallback
 .text.HAL_SD_AbortCallback
                0x080063ea        0x8 CMakeFiles/Test_Bench.elf.dir/FATFS/Target/bsp_driver_sd.c.obj
                0x080063ea                HAL_SD_AbortCallback
 .text.BSP_SD_WriteCpltCallback
                0x080063f2        0x2 CMakeFiles/Test_Bench.elf.dir/FATFS/Target/bsp_driver_sd.c.obj
                0x080063f2                BSP_SD_WriteCpltCallback
 .text.HAL_SD_TxCpltCallback
                0x080063f4        0x8 CMakeFiles/Test_Bench.elf.dir/FATFS/Target/bsp_driver_sd.c.obj
                0x080063f4                HAL_SD_TxCpltCallback
 .text.BSP_SD_ReadCpltCallback
                0x080063fc        0x2 CMakeFiles/Test_Bench.elf.dir/FATFS/Target/bsp_driver_sd.c.obj
                0x080063fc                BSP_SD_ReadCpltCallback
 .text.HAL_SD_RxCpltCallback
                0x080063fe        0x8 CMakeFiles/Test_Bench.elf.dir/FATFS/Target/bsp_driver_sd.c.obj
                0x080063fe                HAL_SD_RxCpltCallback
 .text.BSP_SD_IsDetected
                0x08006406       0x10 CMakeFiles/Test_Bench.elf.dir/FATFS/Target/bsp_driver_sd.c.obj
                0x08006406                BSP_SD_IsDetected
 *fill*         0x08006416        0x2 
 .text.BSP_SD_Init
                0x08006418       0x1c CMakeFiles/Test_Bench.elf.dir/FATFS/Target/bsp_driver_sd.c.obj
                0x08006418                BSP_SD_Init
 .text.SD_CheckStatus
                0x08006434       0x24 CMakeFiles/Test_Bench.elf.dir/FATFS/Target/sd_diskio.c.obj
 .text.SD_initialize
                0x08006458       0x28 CMakeFiles/Test_Bench.elf.dir/FATFS/Target/sd_diskio.c.obj
                0x08006458                SD_initialize
 .text.SD_status
                0x08006480        0x8 CMakeFiles/Test_Bench.elf.dir/FATFS/Target/sd_diskio.c.obj
                0x08006480                SD_status
 .text.SD_read  0x08006488       0x24 CMakeFiles/Test_Bench.elf.dir/FATFS/Target/sd_diskio.c.obj
                0x08006488                SD_read
 .text.SD_write
                0x080064ac       0x24 CMakeFiles/Test_Bench.elf.dir/FATFS/Target/sd_diskio.c.obj
                0x080064ac                SD_write
 .text.SD_ioctl
                0x080064d0       0x58 CMakeFiles/Test_Bench.elf.dir/FATFS/Target/sd_diskio.c.obj
                0x080064d0                SD_ioctl
 .text.USBD_CDC_EP0_RxReady
                0x08006528       0x40 CMakeFiles/Test_Bench.elf.dir/Middlewares/ST/STM32_USB_Device_Library/Class/CDC/Src/usbd_cdc.c.obj
 .text.USBD_CDC_GetDeviceQualifierDescriptor
                0x08006568        0xc CMakeFiles/Test_Bench.elf.dir/Middlewares/ST/STM32_USB_Device_Library/Class/CDC/Src/usbd_cdc.c.obj
                0x08006568                USBD_CDC_GetDeviceQualifierDescriptor
 .text.USBD_CDC_GetOtherSpeedCfgDesc
                0x08006574       0x48 CMakeFiles/Test_Bench.elf.dir/Middlewares/ST/STM32_USB_Device_Library/Class/CDC/Src/usbd_cdc.c.obj
 .text.USBD_CDC_GetFSCfgDesc
                0x080065bc       0x48 CMakeFiles/Test_Bench.elf.dir/Middlewares/ST/STM32_USB_Device_Library/Class/CDC/Src/usbd_cdc.c.obj
 .text.USBD_CDC_GetHSCfgDesc
                0x08006604       0x48 CMakeFiles/Test_Bench.elf.dir/Middlewares/ST/STM32_USB_Device_Library/Class/CDC/Src/usbd_cdc.c.obj
 .text.USBD_CDC_DataOut
                0x0800664c       0x38 CMakeFiles/Test_Bench.elf.dir/Middlewares/ST/STM32_USB_Device_Library/Class/CDC/Src/usbd_cdc.c.obj
 .text.USBD_CDC_DataIn
                0x08006684       0x7c CMakeFiles/Test_Bench.elf.dir/Middlewares/ST/STM32_USB_Device_Library/Class/CDC/Src/usbd_cdc.c.obj
 .text.USBD_CDC_Setup
                0x08006700      0x11a CMakeFiles/Test_Bench.elf.dir/Middlewares/ST/STM32_USB_Device_Library/Class/CDC/Src/usbd_cdc.c.obj
 .text.USBD_CDC_DeInit
                0x0800681a       0x64 CMakeFiles/Test_Bench.elf.dir/Middlewares/ST/STM32_USB_Device_Library/Class/CDC/Src/usbd_cdc.c.obj
 .text.USBD_CDC_Init
                0x0800687e       0xee CMakeFiles/Test_Bench.elf.dir/Middlewares/ST/STM32_USB_Device_Library/Class/CDC/Src/usbd_cdc.c.obj
 .text.USBD_CDC_RegisterInterface
                0x0800696c       0x16 CMakeFiles/Test_Bench.elf.dir/Middlewares/ST/STM32_USB_Device_Library/Class/CDC/Src/usbd_cdc.c.obj
                0x0800696c                USBD_CDC_RegisterInterface
 .text.USBD_CDC_SetTxBuffer
                0x08006982       0x1c CMakeFiles/Test_Bench.elf.dir/Middlewares/ST/STM32_USB_Device_Library/Class/CDC/Src/usbd_cdc.c.obj
                0x08006982                USBD_CDC_SetTxBuffer
 .text.USBD_CDC_SetRxBuffer
                0x0800699e       0x18 CMakeFiles/Test_Bench.elf.dir/Middlewares/ST/STM32_USB_Device_Library/Class/CDC/Src/usbd_cdc.c.obj
                0x0800699e                USBD_CDC_SetRxBuffer
 .text.USBD_CDC_TransmitPacket
                0x080069b6       0x36 CMakeFiles/Test_Bench.elf.dir/Middlewares/ST/STM32_USB_Device_Library/Class/CDC/Src/usbd_cdc.c.obj
                0x080069b6                USBD_CDC_TransmitPacket
 .text.USBD_CDC_ReceivePacket
                0x080069ec       0x38 CMakeFiles/Test_Bench.elf.dir/Middlewares/ST/STM32_USB_Device_Library/Class/CDC/Src/usbd_cdc.c.obj
                0x080069ec                USBD_CDC_ReceivePacket
 .text.USBD_Init
                0x08006a24       0x2e CMakeFiles/Test_Bench.elf.dir/Middlewares/ST/STM32_USB_Device_Library/Core/Src/usbd_core.c.obj
                0x08006a24                USBD_Init
 .text.USBD_RegisterClass
                0x08006a52       0x40 CMakeFiles/Test_Bench.elf.dir/Middlewares/ST/STM32_USB_Device_Library/Core/Src/usbd_core.c.obj
                0x08006a52                USBD_RegisterClass
 .text.USBD_Start
                0x08006a92        0x8 CMakeFiles/Test_Bench.elf.dir/Middlewares/ST/STM32_USB_Device_Library/Core/Src/usbd_core.c.obj
                0x08006a92                USBD_Start
 .text.USBD_SetClassConfig
                0x08006a9a       0x12 CMakeFiles/Test_Bench.elf.dir/Middlewares/ST/STM32_USB_Device_Library/Core/Src/usbd_core.c.obj
                0x08006a9a                USBD_SetClassConfig
 .text.USBD_ClrClassConfig
                0x08006aac       0x12 CMakeFiles/Test_Bench.elf.dir/Middlewares/ST/STM32_USB_Device_Library/Core/Src/usbd_core.c.obj
                0x08006aac                USBD_ClrClassConfig
 .text.USBD_LL_SetupStage
                0x08006abe       0x58 CMakeFiles/Test_Bench.elf.dir/Middlewares/ST/STM32_USB_Device_Library/Core/Src/usbd_core.c.obj
                0x08006abe                USBD_LL_SetupStage
 .text.USBD_LL_Reset
                0x08006b16       0x64 CMakeFiles/Test_Bench.elf.dir/Middlewares/ST/STM32_USB_Device_Library/Core/Src/usbd_core.c.obj
                0x08006b16                USBD_LL_Reset
 .text.USBD_LL_SetSpeed
                0x08006b7a        0x6 CMakeFiles/Test_Bench.elf.dir/Middlewares/ST/STM32_USB_Device_Library/Core/Src/usbd_core.c.obj
                0x08006b7a                USBD_LL_SetSpeed
 .text.USBD_LL_Suspend
                0x08006b80       0x1e CMakeFiles/Test_Bench.elf.dir/Middlewares/ST/STM32_USB_Device_Library/Core/Src/usbd_core.c.obj
                0x08006b80                USBD_LL_Suspend
 .text.USBD_LL_Resume
                0x08006b9e       0x1a CMakeFiles/Test_Bench.elf.dir/Middlewares/ST/STM32_USB_Device_Library/Core/Src/usbd_core.c.obj
                0x08006b9e                USBD_LL_Resume
 .text.USBD_LL_SOF
                0x08006bb8       0x22 CMakeFiles/Test_Bench.elf.dir/Middlewares/ST/STM32_USB_Device_Library/Core/Src/usbd_core.c.obj
                0x08006bb8                USBD_LL_SOF
 .text.USBD_LL_IsoINIncomplete
                0x08006bda       0x2e CMakeFiles/Test_Bench.elf.dir/Middlewares/ST/STM32_USB_Device_Library/Core/Src/usbd_core.c.obj
                0x08006bda                USBD_LL_IsoINIncomplete
 .text.USBD_LL_IsoOUTIncomplete
                0x08006c08       0x2e CMakeFiles/Test_Bench.elf.dir/Middlewares/ST/STM32_USB_Device_Library/Core/Src/usbd_core.c.obj
                0x08006c08                USBD_LL_IsoOUTIncomplete
 .text.USBD_LL_DevConnected
                0x08006c36        0x4 CMakeFiles/Test_Bench.elf.dir/Middlewares/ST/STM32_USB_Device_Library/Core/Src/usbd_core.c.obj
                0x08006c36                USBD_LL_DevConnected
 .text.USBD_LL_DevDisconnected
                0x08006c3a       0x20 CMakeFiles/Test_Bench.elf.dir/Middlewares/ST/STM32_USB_Device_Library/Core/Src/usbd_core.c.obj
                0x08006c3a                USBD_LL_DevDisconnected
 .text.USBD_CoreFindIF
                0x08006c5a        0x4 CMakeFiles/Test_Bench.elf.dir/Middlewares/ST/STM32_USB_Device_Library/Core/Src/usbd_core.c.obj
                0x08006c5a                USBD_CoreFindIF
 .text.USBD_CoreFindEP
                0x08006c5e        0x4 CMakeFiles/Test_Bench.elf.dir/Middlewares/ST/STM32_USB_Device_Library/Core/Src/usbd_core.c.obj
                0x08006c5e                USBD_CoreFindEP
 .text.USBD_LL_DataOutStage
                0x08006c62       0xc4 CMakeFiles/Test_Bench.elf.dir/Middlewares/ST/STM32_USB_Device_Library/Core/Src/usbd_core.c.obj
                0x08006c62                USBD_LL_DataOutStage
 .text.USBD_LL_DataInStage
                0x08006d26       0xd6 CMakeFiles/Test_Bench.elf.dir/Middlewares/ST/STM32_USB_Device_Library/Core/Src/usbd_core.c.obj
                0x08006d26                USBD_LL_DataInStage
 .text.USBD_GetNextDesc
                0x08006dfc        0xe CMakeFiles/Test_Bench.elf.dir/Middlewares/ST/STM32_USB_Device_Library/Core/Src/usbd_core.c.obj
                0x08006dfc                USBD_GetNextDesc
 .text.USBD_GetEpDesc
                0x08006e0a       0x3e CMakeFiles/Test_Bench.elf.dir/Middlewares/ST/STM32_USB_Device_Library/Core/Src/usbd_core.c.obj
                0x08006e0a                USBD_GetEpDesc
 .text.USBD_GetLen
                0x08006e48       0x14 CMakeFiles/Test_Bench.elf.dir/Middlewares/ST/STM32_USB_Device_Library/Core/Src/usbd_ctlreq.c.obj
 .text.USBD_ParseSetupRequest
                0x08006e5c       0x28 CMakeFiles/Test_Bench.elf.dir/Middlewares/ST/STM32_USB_Device_Library/Core/Src/usbd_ctlreq.c.obj
                0x08006e5c                USBD_ParseSetupRequest
 .text.USBD_CtlError
                0x08006e84       0x14 CMakeFiles/Test_Bench.elf.dir/Middlewares/ST/STM32_USB_Device_Library/Core/Src/usbd_ctlreq.c.obj
                0x08006e84                USBD_CtlError
 .text.USBD_GetDescriptor
                0x08006e98      0x18a CMakeFiles/Test_Bench.elf.dir/Middlewares/ST/STM32_USB_Device_Library/Core/Src/usbd_ctlreq.c.obj
 .text.USBD_SetAddress
                0x08007022       0x50 CMakeFiles/Test_Bench.elf.dir/Middlewares/ST/STM32_USB_Device_Library/Core/Src/usbd_ctlreq.c.obj
 *fill*         0x08007072        0x2 
 .text.USBD_SetConfig
                0x08007074       0xcc CMakeFiles/Test_Bench.elf.dir/Middlewares/ST/STM32_USB_Device_Library/Core/Src/usbd_ctlreq.c.obj
 .text.USBD_GetConfig
                0x08007140       0x40 CMakeFiles/Test_Bench.elf.dir/Middlewares/ST/STM32_USB_Device_Library/Core/Src/usbd_ctlreq.c.obj
 .text.USBD_GetStatus
                0x08007180       0x38 CMakeFiles/Test_Bench.elf.dir/Middlewares/ST/STM32_USB_Device_Library/Core/Src/usbd_ctlreq.c.obj
 .text.USBD_SetFeature
                0x080071b8       0x2a CMakeFiles/Test_Bench.elf.dir/Middlewares/ST/STM32_USB_Device_Library/Core/Src/usbd_ctlreq.c.obj
 .text.USBD_ClrFeature
                0x080071e2       0x26 CMakeFiles/Test_Bench.elf.dir/Middlewares/ST/STM32_USB_Device_Library/Core/Src/usbd_ctlreq.c.obj
 .text.USBD_StdDevReq
                0x08007208       0x76 CMakeFiles/Test_Bench.elf.dir/Middlewares/ST/STM32_USB_Device_Library/Core/Src/usbd_ctlreq.c.obj
                0x08007208                USBD_StdDevReq
 .text.USBD_StdItfReq
                0x0800727e       0x84 CMakeFiles/Test_Bench.elf.dir/Middlewares/ST/STM32_USB_Device_Library/Core/Src/usbd_ctlreq.c.obj
                0x0800727e                USBD_StdItfReq
 .text.USBD_StdEPReq
                0x08007302      0x230 CMakeFiles/Test_Bench.elf.dir/Middlewares/ST/STM32_USB_Device_Library/Core/Src/usbd_ctlreq.c.obj
                0x08007302                USBD_StdEPReq
 .text.USBD_GetString
                0x08007532       0x46 CMakeFiles/Test_Bench.elf.dir/Middlewares/ST/STM32_USB_Device_Library/Core/Src/usbd_ctlreq.c.obj
                0x08007532                USBD_GetString
 .text.USBD_CtlSendData
                0x08007578       0x1a CMakeFiles/Test_Bench.elf.dir/Middlewares/ST/STM32_USB_Device_Library/Core/Src/usbd_ioreq.c.obj
                0x08007578                USBD_CtlSendData
 .text.USBD_CtlContinueSendData
                0x08007592       0x10 CMakeFiles/Test_Bench.elf.dir/Middlewares/ST/STM32_USB_Device_Library/Core/Src/usbd_ioreq.c.obj
                0x08007592                USBD_CtlContinueSendData
 .text.USBD_CtlPrepareRx
                0x080075a2       0x1e CMakeFiles/Test_Bench.elf.dir/Middlewares/ST/STM32_USB_Device_Library/Core/Src/usbd_ioreq.c.obj
                0x080075a2                USBD_CtlPrepareRx
 .text.USBD_CtlContinueRx
                0x080075c0       0x10 CMakeFiles/Test_Bench.elf.dir/Middlewares/ST/STM32_USB_Device_Library/Core/Src/usbd_ioreq.c.obj
                0x080075c0                USBD_CtlContinueRx
 .text.USBD_CtlSendStatus
                0x080075d0       0x16 CMakeFiles/Test_Bench.elf.dir/Middlewares/ST/STM32_USB_Device_Library/Core/Src/usbd_ioreq.c.obj
                0x080075d0                USBD_CtlSendStatus
 .text.USBD_CtlReceiveStatus
                0x080075e6       0x16 CMakeFiles/Test_Bench.elf.dir/Middlewares/ST/STM32_USB_Device_Library/Core/Src/usbd_ioreq.c.obj
                0x080075e6                USBD_CtlReceiveStatus
 .text.disk_status
                0x080075fc       0x18 CMakeFiles/Test_Bench.elf.dir/Middlewares/Third_Party/FatFs/src/diskio.c.obj
                0x080075fc                disk_status
 .text.disk_initialize
                0x08007614       0x2c CMakeFiles/Test_Bench.elf.dir/Middlewares/Third_Party/FatFs/src/diskio.c.obj
                0x08007614                disk_initialize
 .text.disk_read
                0x08007640       0x18 CMakeFiles/Test_Bench.elf.dir/Middlewares/Third_Party/FatFs/src/diskio.c.obj
                0x08007640                disk_read
 .text.disk_write
                0x08007658       0x18 CMakeFiles/Test_Bench.elf.dir/Middlewares/Third_Party/FatFs/src/diskio.c.obj
                0x08007658                disk_write
 .text.disk_ioctl
                0x08007670       0x18 CMakeFiles/Test_Bench.elf.dir/Middlewares/Third_Party/FatFs/src/diskio.c.obj
                0x08007670                disk_ioctl
 .text.ld_word  0x08007688        0xa CMakeFiles/Test_Bench.elf.dir/Middlewares/Third_Party/FatFs/src/ff.c.obj
 .text.ld_dword
                0x08007692       0x16 CMakeFiles/Test_Bench.elf.dir/Middlewares/Third_Party/FatFs/src/ff.c.obj
 .text.st_word  0x080076a8        0x8 CMakeFiles/Test_Bench.elf.dir/Middlewares/Third_Party/FatFs/src/ff.c.obj
 .text.st_dword
                0x080076b0       0x14 CMakeFiles/Test_Bench.elf.dir/Middlewares/Third_Party/FatFs/src/ff.c.obj
 .text.mem_cpy  0x080076c4       0x14 CMakeFiles/Test_Bench.elf.dir/Middlewares/Third_Party/FatFs/src/ff.c.obj
 .text.mem_set  0x080076d8        0xa CMakeFiles/Test_Bench.elf.dir/Middlewares/Third_Party/FatFs/src/ff.c.obj
 .text.mem_cmp  0x080076e2       0x1a CMakeFiles/Test_Bench.elf.dir/Middlewares/Third_Party/FatFs/src/ff.c.obj
 .text.chk_chr  0x080076fc       0x10 CMakeFiles/Test_Bench.elf.dir/Middlewares/Third_Party/FatFs/src/ff.c.obj
 .text.chk_lock
                0x0800770c       0x74 CMakeFiles/Test_Bench.elf.dir/Middlewares/Third_Party/FatFs/src/ff.c.obj
 .text.enq_lock
                0x08007780       0x20 CMakeFiles/Test_Bench.elf.dir/Middlewares/Third_Party/FatFs/src/ff.c.obj
 .text.inc_lock
                0x080077a0       0xa4 CMakeFiles/Test_Bench.elf.dir/Middlewares/Third_Party/FatFs/src/ff.c.obj
 .text.dec_lock
                0x08007844       0x40 CMakeFiles/Test_Bench.elf.dir/Middlewares/Third_Party/FatFs/src/ff.c.obj
 .text.clear_lock
                0x08007884       0x38 CMakeFiles/Test_Bench.elf.dir/Middlewares/Third_Party/FatFs/src/ff.c.obj
 .text.clust2sect
                0x080078bc       0x18 CMakeFiles/Test_Bench.elf.dir/Middlewares/Third_Party/FatFs/src/ff.c.obj
 .text.clmt_clust
                0x080078d4       0x22 CMakeFiles/Test_Bench.elf.dir/Middlewares/Third_Party/FatFs/src/ff.c.obj
 .text.ld_clust
                0x080078f6       0x26 CMakeFiles/Test_Bench.elf.dir/Middlewares/Third_Party/FatFs/src/ff.c.obj
 .text.st_clust
                0x0800791c       0x26 CMakeFiles/Test_Bench.elf.dir/Middlewares/Third_Party/FatFs/src/ff.c.obj
 *fill*         0x08007942        0x2 
 .text.put_lfn  0x08007944       0x78 CMakeFiles/Test_Bench.elf.dir/Middlewares/Third_Party/FatFs/src/ff.c.obj
 .text.gen_numname
                0x080079bc       0xbc CMakeFiles/Test_Bench.elf.dir/Middlewares/Third_Party/FatFs/src/ff.c.obj
 .text.sum_sfn  0x08007a78       0x20 CMakeFiles/Test_Bench.elf.dir/Middlewares/Third_Party/FatFs/src/ff.c.obj
 .text.get_ldnumber
                0x08007a98       0x52 CMakeFiles/Test_Bench.elf.dir/Middlewares/Third_Party/FatFs/src/ff.c.obj
 .text.validate
                0x08007aea       0x46 CMakeFiles/Test_Bench.elf.dir/Middlewares/Third_Party/FatFs/src/ff.c.obj
 .text.sync_window
                0x08007b30       0x54 CMakeFiles/Test_Bench.elf.dir/Middlewares/Third_Party/FatFs/src/ff.c.obj
 .text.move_window
                0x08007b84       0x36 CMakeFiles/Test_Bench.elf.dir/Middlewares/Third_Party/FatFs/src/ff.c.obj
 *fill*         0x08007bba        0x2 
 .text.check_fs
                0x08007bbc       0x78 CMakeFiles/Test_Bench.elf.dir/Middlewares/Third_Party/FatFs/src/ff.c.obj
 .text.find_volume
                0x08007c34      0x2fc CMakeFiles/Test_Bench.elf.dir/Middlewares/Third_Party/FatFs/src/ff.c.obj
 .text.put_fat  0x08007f30      0x104 CMakeFiles/Test_Bench.elf.dir/Middlewares/Third_Party/FatFs/src/ff.c.obj
 .text.get_fat  0x08008034       0xd0 CMakeFiles/Test_Bench.elf.dir/Middlewares/Third_Party/FatFs/src/ff.c.obj
 .text.dir_sdi  0x08008104       0xac CMakeFiles/Test_Bench.elf.dir/Middlewares/Third_Party/FatFs/src/ff.c.obj
 .text.create_chain
                0x080081b0       0xcc CMakeFiles/Test_Bench.elf.dir/Middlewares/Third_Party/FatFs/src/ff.c.obj
 .text.remove_chain
                0x0800827c       0x7e CMakeFiles/Test_Bench.elf.dir/Middlewares/Third_Party/FatFs/src/ff.c.obj
 .text.dir_next
                0x080082fa      0x108 CMakeFiles/Test_Bench.elf.dir/Middlewares/Third_Party/FatFs/src/ff.c.obj
 .text.dir_alloc
                0x08008402       0x50 CMakeFiles/Test_Bench.elf.dir/Middlewares/Third_Party/FatFs/src/ff.c.obj
 *fill*         0x08008452        0x2 
 .text.create_name
                0x08008454      0x27c CMakeFiles/Test_Bench.elf.dir/Middlewares/Third_Party/FatFs/src/ff.c.obj
 .text.cmp_lfn  0x080086d0       0xa0 CMakeFiles/Test_Bench.elf.dir/Middlewares/Third_Party/FatFs/src/ff.c.obj
 .text.dir_find
                0x08008770       0xe6 CMakeFiles/Test_Bench.elf.dir/Middlewares/Third_Party/FatFs/src/ff.c.obj
 .text.follow_path
                0x08008856       0x8c CMakeFiles/Test_Bench.elf.dir/Middlewares/Third_Party/FatFs/src/ff.c.obj
 *fill*         0x080088e2        0x2 
 .text.dir_register
                0x080088e4      0x140 CMakeFiles/Test_Bench.elf.dir/Middlewares/Third_Party/FatFs/src/ff.c.obj
 .text.sync_fs  0x08008a24       0x8c CMakeFiles/Test_Bench.elf.dir/Middlewares/Third_Party/FatFs/src/ff.c.obj
 .text.f_mount  0x08008ab0       0x5c CMakeFiles/Test_Bench.elf.dir/Middlewares/Third_Party/FatFs/src/ff.c.obj
                0x08008ab0                f_mount
 .text.f_open   0x08008b0c      0x23a CMakeFiles/Test_Bench.elf.dir/Middlewares/Third_Party/FatFs/src/ff.c.obj
                0x08008b0c                f_open
 .text.f_write  0x08008d46      0x1fc CMakeFiles/Test_Bench.elf.dir/Middlewares/Third_Party/FatFs/src/ff.c.obj
                0x08008d46                f_write
 .text.f_sync   0x08008f42       0x98 CMakeFiles/Test_Bench.elf.dir/Middlewares/Third_Party/FatFs/src/ff.c.obj
                0x08008f42                f_sync
 .text.f_close  0x08008fda       0x2a CMakeFiles/Test_Bench.elf.dir/Middlewares/Third_Party/FatFs/src/ff.c.obj
                0x08008fda                f_close
 .text.f_lseek  0x08009004      0x288 CMakeFiles/Test_Bench.elf.dir/Middlewares/Third_Party/FatFs/src/ff.c.obj
                0x08009004                f_lseek
 .text.FATFS_LinkDriverEx
                0x0800928c       0x54 CMakeFiles/Test_Bench.elf.dir/Middlewares/Third_Party/FatFs/src/ff_gen_drv.c.obj
                0x0800928c                FATFS_LinkDriverEx
 .text.FATFS_LinkDriver
                0x080092e0        0xa CMakeFiles/Test_Bench.elf.dir/Middlewares/Third_Party/FatFs/src/ff_gen_drv.c.obj
                0x080092e0                FATFS_LinkDriver
 *fill*         0x080092ea        0x2 
 .text.ff_convert
                0x080092ec       0x54 CMakeFiles/Test_Bench.elf.dir/Middlewares/Third_Party/FatFs/src/option/cc936.c.obj
                0x080092ec                ff_convert
 .text.ff_wtoupper
                0x08009340       0x9c CMakeFiles/Test_Bench.elf.dir/Middlewares/Third_Party/FatFs/src/option/cc936.c.obj
                0x08009340                ff_wtoupper
 .text.ff_memalloc
                0x080093dc        0x8 CMakeFiles/Test_Bench.elf.dir/Middlewares/Third_Party/FatFs/src/option/syscall.c.obj
                0x080093dc                ff_memalloc
 .text.ff_memfree
                0x080093e4        0x8 CMakeFiles/Test_Bench.elf.dir/Middlewares/Third_Party/FatFs/src/option/syscall.c.obj
                0x080093e4                ff_memfree
 .text.HAL_TIM_PeriodElapsedCallback
                0x080093ec       0x30 CMakeFiles/Test_Bench.elf.dir/Private/EXTI.c.obj
                0x080093ec                HAL_TIM_PeriodElapsedCallback
 .text.pre_send_reback
                0x0800941c       0x40 CMakeFiles/Test_Bench.elf.dir/Private/Pressure_Sensor/pre_sen.c.obj
                0x0800941c                pre_send_reback
 .text.pre_init
                0x0800945c       0x4c CMakeFiles/Test_Bench.elf.dir/Private/Pressure_Sensor/pre_sen.c.obj
                0x0800945c                pre_init
 .text.pre_read_value
                0x080094a8       0x3c CMakeFiles/Test_Bench.elf.dir/Private/Pressure_Sensor/pre_sen.c.obj
                0x080094a8                pre_read_value
 .text.pre_clear
                0x080094e4       0x28 CMakeFiles/Test_Bench.elf.dir/Private/Pressure_Sensor/pre_sen.c.obj
                0x080094e4                pre_clear
 .text.SD_files_Init
                0x0800950c       0x24 CMakeFiles/Test_Bench.elf.dir/Private/file_conf.c.obj
                0x0800950c                SD_files_Init
 .text.SD_files_mount
                0x08009530       0x44 CMakeFiles/Test_Bench.elf.dir/Private/file_conf.c.obj
                0x08009530                SD_files_mount
 .text.SD_files_New
                0x08009574       0x34 CMakeFiles/Test_Bench.elf.dir/Private/file_conf.c.obj
                0x08009574                SD_files_New
 .text.SD_files_Write
                0x080095a8       0xb8 CMakeFiles/Test_Bench.elf.dir/Private/file_conf.c.obj
                0x080095a8                SD_files_Write
 .text.SD_files_Close
                0x08009660       0x30 CMakeFiles/Test_Bench.elf.dir/Private/file_conf.c.obj
                0x08009660                SD_files_Close
 .text.convert_unix_to_beijing_time
                0x08009690       0x50 CMakeFiles/Test_Bench.elf.dir/Private/global.c.obj
                0x08009690                convert_unix_to_beijing_time
 .text.Start_Read
                0x080096e0       0x60 CMakeFiles/Test_Bench.elf.dir/Private/global.c.obj
                0x080096e0                Start_Read
 .text.Read_value
                0x08009740       0xc0 CMakeFiles/Test_Bench.elf.dir/Private/global.c.obj
                0x08009740                Read_value
 .text.Send_Value
                0x08009800      0x104 CMakeFiles/Test_Bench.elf.dir/Private/global.c.obj
                0x08009800                Send_Value
 .text.finishing_Read
                0x08009904        0x8 CMakeFiles/Test_Bench.elf.dir/Private/global.c.obj
                0x08009904                finishing_Read
 .text.Send_Error_to_PC
                0x0800990c       0x26 CMakeFiles/Test_Bench.elf.dir/Private/message_define.c.obj
                0x0800990c                Send_Error_to_PC
 .text.Send_Warning_to_PC
                0x08009932       0x2a CMakeFiles/Test_Bench.elf.dir/Private/message_define.c.obj
                0x08009932                Send_Warning_to_PC
 .text.Send_Init_Success_to_PC
                0x0800995c       0x22 CMakeFiles/Test_Bench.elf.dir/Private/message_define.c.obj
                0x0800995c                Send_Init_Success_to_PC
 .text.Send_Message_to_PC
                0x0800997e       0x2c CMakeFiles/Test_Bench.elf.dir/Private/message_define.c.obj
                0x0800997e                Send_Message_to_PC
 *fill*         0x080099aa        0x2 
 .text.temp_receive
                0x080099ac       0x60 CMakeFiles/Test_Bench.elf.dir/Private/temprature.c.obj
                0x080099ac                temp_receive
 .text.MX_USB_DEVICE_Init
                0x08009a0c       0x54 CMakeFiles/Test_Bench.elf.dir/USB_DEVICE/App/usb_device.c.obj
                0x08009a0c                MX_USB_DEVICE_Init
 .text.CDC_DeInit_FS
                0x08009a60        0x4 CMakeFiles/Test_Bench.elf.dir/USB_DEVICE/App/usbd_cdc_if.c.obj
 .text.CDC_Control_FS
                0x08009a64        0x4 CMakeFiles/Test_Bench.elf.dir/USB_DEVICE/App/usbd_cdc_if.c.obj
 .text.CDC_TransmitCplt_FS
                0x08009a68        0x4 CMakeFiles/Test_Bench.elf.dir/USB_DEVICE/App/usbd_cdc_if.c.obj
 .text.CDC_Receive_FS
                0x08009a6c       0x44 CMakeFiles/Test_Bench.elf.dir/USB_DEVICE/App/usbd_cdc_if.c.obj
 .text.CDC_Init_FS
                0x08009ab0       0x28 CMakeFiles/Test_Bench.elf.dir/USB_DEVICE/App/usbd_cdc_if.c.obj
 .text.CDC_Transmit_FS
                0x08009ad8       0x2c CMakeFiles/Test_Bench.elf.dir/USB_DEVICE/App/usbd_cdc_if.c.obj
                0x08009ad8                CDC_Transmit_FS
 .text.USBD_FS_DeviceDescriptor
                0x08009b04        0xc CMakeFiles/Test_Bench.elf.dir/USB_DEVICE/App/usbd_desc.c.obj
                0x08009b04                USBD_FS_DeviceDescriptor
 .text.USBD_FS_LangIDStrDescriptor
                0x08009b10        0xc CMakeFiles/Test_Bench.elf.dir/USB_DEVICE/App/usbd_desc.c.obj
                0x08009b10                USBD_FS_LangIDStrDescriptor
 .text.IntToUnicode
                0x08009b1c       0x46 CMakeFiles/Test_Bench.elf.dir/USB_DEVICE/App/usbd_desc.c.obj
 *fill*         0x08009b62        0x2 
 .text.Get_SerialNum
                0x08009b64       0x38 CMakeFiles/Test_Bench.elf.dir/USB_DEVICE/App/usbd_desc.c.obj
 .text.USBD_FS_SerialStrDescriptor
                0x08009b9c       0x14 CMakeFiles/Test_Bench.elf.dir/USB_DEVICE/App/usbd_desc.c.obj
                0x08009b9c                USBD_FS_SerialStrDescriptor
 .text.USBD_FS_ProductStrDescriptor
                0x08009bb0       0x24 CMakeFiles/Test_Bench.elf.dir/USB_DEVICE/App/usbd_desc.c.obj
                0x08009bb0                USBD_FS_ProductStrDescriptor
 .text.USBD_FS_ManufacturerStrDescriptor
                0x08009bd4       0x1c CMakeFiles/Test_Bench.elf.dir/USB_DEVICE/App/usbd_desc.c.obj
                0x08009bd4                USBD_FS_ManufacturerStrDescriptor
 .text.USBD_FS_ConfigStrDescriptor
                0x08009bf0       0x24 CMakeFiles/Test_Bench.elf.dir/USB_DEVICE/App/usbd_desc.c.obj
                0x08009bf0                USBD_FS_ConfigStrDescriptor
 .text.USBD_FS_InterfaceStrDescriptor
                0x08009c14       0x24 CMakeFiles/Test_Bench.elf.dir/USB_DEVICE/App/usbd_desc.c.obj
                0x08009c14                USBD_FS_InterfaceStrDescriptor
 .text.HAL_PCD_MspInit
                0x08009c38       0x84 CMakeFiles/Test_Bench.elf.dir/USB_DEVICE/Target/usbd_conf.c.obj
                0x08009c38                HAL_PCD_MspInit
 .text.HAL_PCD_SetupStageCallback
                0x08009cbc       0x10 CMakeFiles/Test_Bench.elf.dir/USB_DEVICE/Target/usbd_conf.c.obj
                0x08009cbc                HAL_PCD_SetupStageCallback
 .text.HAL_PCD_DataOutStageCallback
                0x08009ccc       0x18 CMakeFiles/Test_Bench.elf.dir/USB_DEVICE/Target/usbd_conf.c.obj
                0x08009ccc                HAL_PCD_DataOutStageCallback
 .text.HAL_PCD_DataInStageCallback
                0x08009ce4       0x16 CMakeFiles/Test_Bench.elf.dir/USB_DEVICE/Target/usbd_conf.c.obj
                0x08009ce4                HAL_PCD_DataInStageCallback
 .text.HAL_PCD_SOFCallback
                0x08009cfa        0xc CMakeFiles/Test_Bench.elf.dir/USB_DEVICE/Target/usbd_conf.c.obj
                0x08009cfa                HAL_PCD_SOFCallback
 .text.HAL_PCD_ResetCallback
                0x08009d06       0x28 CMakeFiles/Test_Bench.elf.dir/USB_DEVICE/Target/usbd_conf.c.obj
                0x08009d06                HAL_PCD_ResetCallback
 *fill*         0x08009d2e        0x2 
 .text.HAL_PCD_SuspendCallback
                0x08009d30       0x30 CMakeFiles/Test_Bench.elf.dir/USB_DEVICE/Target/usbd_conf.c.obj
                0x08009d30                HAL_PCD_SuspendCallback
 .text.HAL_PCD_ResumeCallback
                0x08009d60        0xc CMakeFiles/Test_Bench.elf.dir/USB_DEVICE/Target/usbd_conf.c.obj
                0x08009d60                HAL_PCD_ResumeCallback
 .text.HAL_PCD_ISOOUTIncompleteCallback
                0x08009d6c        0xc CMakeFiles/Test_Bench.elf.dir/USB_DEVICE/Target/usbd_conf.c.obj
                0x08009d6c                HAL_PCD_ISOOUTIncompleteCallback
 .text.HAL_PCD_ISOINIncompleteCallback
                0x08009d78        0xc CMakeFiles/Test_Bench.elf.dir/USB_DEVICE/Target/usbd_conf.c.obj
                0x08009d78                HAL_PCD_ISOINIncompleteCallback
 .text.HAL_PCD_ConnectCallback
                0x08009d84        0xc CMakeFiles/Test_Bench.elf.dir/USB_DEVICE/Target/usbd_conf.c.obj
                0x08009d84                HAL_PCD_ConnectCallback
 .text.HAL_PCD_DisconnectCallback
                0x08009d90        0xc CMakeFiles/Test_Bench.elf.dir/USB_DEVICE/Target/usbd_conf.c.obj
                0x08009d90                HAL_PCD_DisconnectCallback
 .text.USBD_LL_Init
                0x08009d9c       0x68 CMakeFiles/Test_Bench.elf.dir/USB_DEVICE/Target/usbd_conf.c.obj
                0x08009d9c                USBD_LL_Init
 .text.USBD_LL_IsStallEP
                0x08009e04       0x2c CMakeFiles/Test_Bench.elf.dir/USB_DEVICE/Target/usbd_conf.c.obj
                0x08009e04                USBD_LL_IsStallEP
 .text.USBD_LL_GetRxDataSize
                0x08009e30        0xc CMakeFiles/Test_Bench.elf.dir/USB_DEVICE/Target/usbd_conf.c.obj
                0x08009e30                USBD_LL_GetRxDataSize
 .text.USBD_static_malloc
                0x08009e3c        0x8 CMakeFiles/Test_Bench.elf.dir/USB_DEVICE/Target/usbd_conf.c.obj
                0x08009e3c                USBD_static_malloc
 .text.USBD_static_free
                0x08009e44        0x2 CMakeFiles/Test_Bench.elf.dir/USB_DEVICE/Target/usbd_conf.c.obj
                0x08009e44                USBD_static_free
 .text.USBD_Get_USB_Status
                0x08009e46       0x14 CMakeFiles/Test_Bench.elf.dir/USB_DEVICE/Target/usbd_conf.c.obj
                0x08009e46                USBD_Get_USB_Status
 .text.USBD_LL_Start
                0x08009e5a       0x10 CMakeFiles/Test_Bench.elf.dir/USB_DEVICE/Target/usbd_conf.c.obj
                0x08009e5a                USBD_LL_Start
 .text.USBD_LL_OpenEP
                0x08009e6a       0x16 CMakeFiles/Test_Bench.elf.dir/USB_DEVICE/Target/usbd_conf.c.obj
                0x08009e6a                USBD_LL_OpenEP
 .text.USBD_LL_CloseEP
                0x08009e80       0x10 CMakeFiles/Test_Bench.elf.dir/USB_DEVICE/Target/usbd_conf.c.obj
                0x08009e80                USBD_LL_CloseEP
 .text.USBD_LL_StallEP
                0x08009e90       0x10 CMakeFiles/Test_Bench.elf.dir/USB_DEVICE/Target/usbd_conf.c.obj
                0x08009e90                USBD_LL_StallEP
 .text.USBD_LL_ClearStallEP
                0x08009ea0       0x10 CMakeFiles/Test_Bench.elf.dir/USB_DEVICE/Target/usbd_conf.c.obj
                0x08009ea0                USBD_LL_ClearStallEP
 .text.USBD_LL_SetUSBAddress
                0x08009eb0       0x10 CMakeFiles/Test_Bench.elf.dir/USB_DEVICE/Target/usbd_conf.c.obj
                0x08009eb0                USBD_LL_SetUSBAddress
 .text.USBD_LL_Transmit
                0x08009ec0       0x10 CMakeFiles/Test_Bench.elf.dir/USB_DEVICE/Target/usbd_conf.c.obj
                0x08009ec0                USBD_LL_Transmit
 .text.USBD_LL_PrepareReceive
                0x08009ed0       0x10 CMakeFiles/Test_Bench.elf.dir/USB_DEVICE/Target/usbd_conf.c.obj
                0x08009ed0                USBD_LL_PrepareReceive
 .text.__udivmoddi4
                0x08009ee0      0x2bc D:/SoftwareInstallPackage/Compiler/arm-gnu-toolchain-13.3.rel1-mingw-w64-i686-arm-none-eabi/bin/../lib/gcc/arm-none-eabi/13.3.1/thumb/v7e-m/nofp\libgcc.a(_udivmoddi4.o)
                0x08009ee0                __udivmoddi4
 .text.malloc   0x0800a19c       0x10 D:/SoftwareInstallPackage/Compiler/arm-gnu-toolchain-13.3.rel1-mingw-w64-i686-arm-none-eabi/bin/../lib/gcc/arm-none-eabi/13.3.1/thumb/v7e-m/nofp\libg.a(libc_a-malloc.o)
                0x0800a19c                malloc
 .text.free     0x0800a1ac       0x10 D:/SoftwareInstallPackage/Compiler/arm-gnu-toolchain-13.3.rel1-mingw-w64-i686-arm-none-eabi/bin/../lib/gcc/arm-none-eabi/13.3.1/thumb/v7e-m/nofp\libg.a(libc_a-malloc.o)
                0x0800a1ac                free
 .text._malloc_r
                0x0800a1bc      0x564 D:/SoftwareInstallPackage/Compiler/arm-gnu-toolchain-13.3.rel1-mingw-w64-i686-arm-none-eabi/bin/../lib/gcc/arm-none-eabi/13.3.1/thumb/v7e-m/nofp\libg.a(libc_a-mallocr.o)
                0x0800a1bc                _malloc_r
 .text.__malloc_lock
                0x0800a720        0xc D:/SoftwareInstallPackage/Compiler/arm-gnu-toolchain-13.3.rel1-mingw-w64-i686-arm-none-eabi/bin/../lib/gcc/arm-none-eabi/13.3.1/thumb/v7e-m/nofp\libg.a(libc_a-mlock.o)
                0x0800a720                __malloc_lock
 .text.__malloc_unlock
                0x0800a72c        0xc D:/SoftwareInstallPackage/Compiler/arm-gnu-toolchain-13.3.rel1-mingw-w64-i686-arm-none-eabi/bin/../lib/gcc/arm-none-eabi/13.3.1/thumb/v7e-m/nofp\libg.a(libc_a-mlock.o)
                0x0800a72c                __malloc_unlock
 .text._strtoll_l.isra.0
                0x0800a738      0x17c D:/SoftwareInstallPackage/Compiler/arm-gnu-toolchain-13.3.rel1-mingw-w64-i686-arm-none-eabi/bin/../lib/gcc/arm-none-eabi/13.3.1/thumb/v7e-m/nofp\libg.a(libc_a-strtoll.o)
 .text.strtoll  0x0800a8b4       0x18 D:/SoftwareInstallPackage/Compiler/arm-gnu-toolchain-13.3.rel1-mingw-w64-i686-arm-none-eabi/bin/../lib/gcc/arm-none-eabi/13.3.1/thumb/v7e-m/nofp\libg.a(libc_a-strtoll.o)
                0x0800a8b4                strtoll
 .text.stdio_exit_handler
                0x0800a8cc       0x18 D:/SoftwareInstallPackage/Compiler/arm-gnu-toolchain-13.3.rel1-mingw-w64-i686-arm-none-eabi/bin/../lib/gcc/arm-none-eabi/13.3.1/thumb/v7e-m/nofp\libg.a(libc_a-findfp.o)
 .text.cleanup_stdio
                0x0800a8e4       0x40 D:/SoftwareInstallPackage/Compiler/arm-gnu-toolchain-13.3.rel1-mingw-w64-i686-arm-none-eabi/bin/../lib/gcc/arm-none-eabi/13.3.1/thumb/v7e-m/nofp\libg.a(libc_a-findfp.o)
 .text.global_stdio_init.part.0
                0x0800a924       0xf0 D:/SoftwareInstallPackage/Compiler/arm-gnu-toolchain-13.3.rel1-mingw-w64-i686-arm-none-eabi/bin/../lib/gcc/arm-none-eabi/13.3.1/thumb/v7e-m/nofp\libg.a(libc_a-findfp.o)
 .text.__sinit  0x0800aa14       0x3c D:/SoftwareInstallPackage/Compiler/arm-gnu-toolchain-13.3.rel1-mingw-w64-i686-arm-none-eabi/bin/../lib/gcc/arm-none-eabi/13.3.1/thumb/v7e-m/nofp\libg.a(libc_a-findfp.o)
                0x0800aa14                __sinit
 .text.__sfp_lock_acquire
                0x0800aa50        0xc D:/SoftwareInstallPackage/Compiler/arm-gnu-toolchain-13.3.rel1-mingw-w64-i686-arm-none-eabi/bin/../lib/gcc/arm-none-eabi/13.3.1/thumb/v7e-m/nofp\libg.a(libc_a-findfp.o)
                0x0800aa50                __sfp_lock_acquire
 .text.__sfp_lock_release
                0x0800aa5c        0xc D:/SoftwareInstallPackage/Compiler/arm-gnu-toolchain-13.3.rel1-mingw-w64-i686-arm-none-eabi/bin/../lib/gcc/arm-none-eabi/13.3.1/thumb/v7e-m/nofp\libg.a(libc_a-findfp.o)
                0x0800aa5c                __sfp_lock_release
 .text._fwalk_sglue
                0x0800aa68       0x44 D:/SoftwareInstallPackage/Compiler/arm-gnu-toolchain-13.3.rel1-mingw-w64-i686-arm-none-eabi/bin/../lib/gcc/arm-none-eabi/13.3.1/thumb/v7e-m/nofp\libg.a(libc_a-fwalk.o)
                0x0800aa68                _fwalk_sglue
 .text.snprintf
                0x0800aaac       0x90 D:/SoftwareInstallPackage/Compiler/arm-gnu-toolchain-13.3.rel1-mingw-w64-i686-arm-none-eabi/bin/../lib/gcc/arm-none-eabi/13.3.1/thumb/v7e-m/nofp\libg.a(libc_a-snprintf.o)
                0x0800aaac                snprintf
 .text.sprintf  0x0800ab3c       0x44 D:/SoftwareInstallPackage/Compiler/arm-gnu-toolchain-13.3.rel1-mingw-w64-i686-arm-none-eabi/bin/../lib/gcc/arm-none-eabi/13.3.1/thumb/v7e-m/nofp\libg.a(libc_a-sprintf.o)
                0x0800ab3c                sprintf
 .text.__sread  0x0800ab80       0x24 D:/SoftwareInstallPackage/Compiler/arm-gnu-toolchain-13.3.rel1-mingw-w64-i686-arm-none-eabi/bin/../lib/gcc/arm-none-eabi/13.3.1/thumb/v7e-m/nofp\libg.a(libc_a-stdio.o)
                0x0800ab80                __sread
 .text.__swrite