Archive member included to satisfy reference by file (symbol)

D:/SoftwareInstallPackage/Compiler/arm-gnu-toolchain-13.3.rel1-mingw-w64-i686-arm-none-eabi/bin/../lib/gcc/arm-none-eabi/13.3.1/thumb/v7e-m/nofp\libgcc.a(_arm_addsubdf3.o)
                              CMakeFiles/Test_Bench.elf.dir/Private/global.c.obj (__aeabi_f2d)
D:/SoftwareInstallPackage/Compiler/arm-gnu-toolchain-13.3.rel1-mingw-w64-i686-arm-none-eabi/bin/../lib/gcc/arm-none-eabi/13.3.1/thumb/v7e-m/nofp\libgcc.a(_arm_addsubsf3.o)
                              CMakeFiles/Test_Bench.elf.dir/Private/global.c.obj (__aeabi_i2f)
D:/SoftwareInstallPackage/Compiler/arm-gnu-toolchain-13.3.rel1-mingw-w64-i686-arm-none-eabi/bin/../lib/gcc/arm-none-eabi/13.3.1/thumb/v7e-m/nofp\libgcc.a(_arm_muldivsf3.o)
                              CMakeFiles/Test_Bench.elf.dir/Private/global.c.obj (__aeabi_fdiv)
D:/SoftwareInstallPackage/Compiler/arm-gnu-toolchain-13.3.rel1-mingw-w64-i686-arm-none-eabi/bin/../lib/gcc/arm-none-eabi/13.3.1/thumb/v7e-m/nofp\libgcc.a(_aeabi_ldivmod.o)
                              CMakeFiles/Test_Bench.elf.dir/Private/global.c.obj (__aeabi_ldivmod)
D:/SoftwareInstallPackage/Compiler/arm-gnu-toolchain-13.3.rel1-mingw-w64-i686-arm-none-eabi/bin/../lib/gcc/arm-none-eabi/13.3.1/thumb/v7e-m/nofp\libgcc.a(_aeabi_uldivmod.o)
                              CMakeFiles/Test_Bench.elf.dir/Drivers/STM32F4xx_HAL_Driver/Src/stm32f4xx_hal_rcc.c.obj (__aeabi_uldivmod)
D:/SoftwareInstallPackage/Compiler/arm-gnu-toolchain-13.3.rel1-mingw-w64-i686-arm-none-eabi/bin/../lib/gcc/arm-none-eabi/13.3.1/thumb/v7e-m/nofp\libgcc.a(_udivmoddi4.o)
                              D:/SoftwareInstallPackage/Compiler/arm-gnu-toolchain-13.3.rel1-mingw-w64-i686-arm-none-eabi/bin/../lib/gcc/arm-none-eabi/13.3.1/thumb/v7e-m/nofp\libgcc.a(_aeabi_ldivmod.o) (__udivmoddi4)
D:/SoftwareInstallPackage/Compiler/arm-gnu-toolchain-13.3.rel1-mingw-w64-i686-arm-none-eabi/bin/../lib/gcc/arm-none-eabi/13.3.1/thumb/v7e-m/nofp\libgcc.a(_dvmd_tls.o)
                              D:/SoftwareInstallPackage/Compiler/arm-gnu-toolchain-13.3.rel1-mingw-w64-i686-arm-none-eabi/bin/../lib/gcc/arm-none-eabi/13.3.1/thumb/v7e-m/nofp\libgcc.a(_aeabi_ldivmod.o) (__aeabi_ldiv0)
D:/SoftwareInstallPackage/Compiler/arm-gnu-toolchain-13.3.rel1-mingw-w64-i686-arm-none-eabi/bin/../lib/gcc/arm-none-eabi/13.3.1/thumb/v7e-m/nofp\libg.a(libc_a-exit.o)
                              D:/SoftwareInstallPackage/Compiler/arm-gnu-toolchain-13.3.rel1-mingw-w64-i686-arm-none-eabi/bin/../lib/gcc/arm-none-eabi/13.3.1/thumb/v7e-m/nofp/crt0.o (exit)
D:/SoftwareInstallPackage/Compiler/arm-gnu-toolchain-13.3.rel1-mingw-w64-i686-arm-none-eabi/bin/../lib/gcc/arm-none-eabi/13.3.1/thumb/v7e-m/nofp\libg.a(libc_a-malloc.o)
                              CMakeFiles/Test_Bench.elf.dir/Middlewares/Third_Party/FatFs/src/option/syscall.c.obj (malloc)
D:/SoftwareInstallPackage/Compiler/arm-gnu-toolchain-13.3.rel1-mingw-w64-i686-arm-none-eabi/bin/../lib/gcc/arm-none-eabi/13.3.1/thumb/v7e-m/nofp\libg.a(libc_a-mallocr.o)
                              D:/SoftwareInstallPackage/Compiler/arm-gnu-toolchain-13.3.rel1-mingw-w64-i686-arm-none-eabi/bin/../lib/gcc/arm-none-eabi/13.3.1/thumb/v7e-m/nofp\libg.a(libc_a-malloc.o) (_malloc_r)
D:/SoftwareInstallPackage/Compiler/arm-gnu-toolchain-13.3.rel1-mingw-w64-i686-arm-none-eabi/bin/../lib/gcc/arm-none-eabi/13.3.1/thumb/v7e-m/nofp\libg.a(libc_a-mlock.o)
                              D:/SoftwareInstallPackage/Compiler/arm-gnu-toolchain-13.3.rel1-mingw-w64-i686-arm-none-eabi/bin/../lib/gcc/arm-none-eabi/13.3.1/thumb/v7e-m/nofp\libg.a(libc_a-mallocr.o) (__malloc_lock)
D:/SoftwareInstallPackage/Compiler/arm-gnu-toolchain-13.3.rel1-mingw-w64-i686-arm-none-eabi/bin/../lib/gcc/arm-none-eabi/13.3.1/thumb/v7e-m/nofp\libg.a(libc_a-strtoll.o)
                              CMakeFiles/Test_Bench.elf.dir/Core/Src/main.c.obj (strtoll)
D:/SoftwareInstallPackage/Compiler/arm-gnu-toolchain-13.3.rel1-mingw-w64-i686-arm-none-eabi/bin/../lib/gcc/arm-none-eabi/13.3.1/thumb/v7e-m/nofp\libg.a(libc_a-ctype_.o)
                              D:/SoftwareInstallPackage/Compiler/arm-gnu-toolchain-13.3.rel1-mingw-w64-i686-arm-none-eabi/bin/../lib/gcc/arm-none-eabi/13.3.1/thumb/v7e-m/nofp\libg.a(libc_a-strtoll.o) (_ctype_)
D:/SoftwareInstallPackage/Compiler/arm-gnu-toolchain-13.3.rel1-mingw-w64-i686-arm-none-eabi/bin/../lib/gcc/arm-none-eabi/13.3.1/thumb/v7e-m/nofp\libg.a(libc_a-findfp.o)
                              D:/SoftwareInstallPackage/Compiler/arm-gnu-toolchain-13.3.rel1-mingw-w64-i686-arm-none-eabi/bin/../lib/gcc/arm-none-eabi/13.3.1/thumb/v7e-m/nofp\libg.a(libc_a-exit.o) (__stdio_exit_handler)
D:/SoftwareInstallPackage/Compiler/arm-gnu-toolchain-13.3.rel1-mingw-w64-i686-arm-none-eabi/bin/../lib/gcc/arm-none-eabi/13.3.1/thumb/v7e-m/nofp\libg.a(libc_a-fwalk.o)
[...]
Memory Configuration

Name             Origin             Length             Attributes
CCMRAM           0x10000000         0x00010000         xrw
RAM              0x20000000         0x00020000         xrw
FLASH            0x08000000         0x00100000         xr
*default*        0x00000000         0xffffffff

Linker script and memory map

LOAD D:/SoftwareInstallPackage/Compiler/arm-gnu-toolchain-13.3.rel1-mingw-w64-i686-arm-none-eabi/bin/../lib/gcc/arm-none-eabi/13.3.1/thumb/v7e-m/nofp/crti.o
LOAD D:/SoftwareInstallPackage/Compiler/arm-gnu-toolchain-13.3.rel1-mingw-w64-i686-arm-none-eabi/bin/../lib/gcc/arm-none-eabi/13.3.1/thumb/v7e-m/nofp/crtbegin.o
LOAD D:/SoftwareInstallPackage/Compiler/arm-gnu-toolchain-13.3.rel1-mingw-w64-i686-arm-none-eabi/bin/../lib/gcc/arm-none-eabi/13.3.1/thumb/v7e-m/nofp/crt0.o
LOAD CMakeFiles/Test_Bench.elf.dir/Core/Src/gpio.c.obj
LOAD CMakeFiles/Test_Bench.elf.dir/Core/Src/main.c.obj
LOAD CMakeFiles/Test_Bench.elf.dir/Core/Src/sdio.c.obj
LOAD CMakeFiles/Test_Bench.elf.dir/Core/Src/spi.c.obj
LOAD CMakeFiles/Test_Bench.elf.dir/Core/Src/stm32f4xx_hal_msp.c.obj
LOAD CMakeFiles/Test_Bench.elf.dir/Core/Src/stm32f4xx_it.c.obj
LOAD CMakeFiles/Test_Bench.elf.dir/Core/Src/syscalls.c.obj
LOAD CMakeFiles/Test_Bench.elf.dir/Core/Src/sysmem.c.obj
LOAD CMakeFiles/Test_Bench.elf.dir/Core/Src/system_stm32f4xx.c.obj
LOAD CMakeFiles/Test_Bench.elf.dir/Core/Src/tim.c.obj
LOAD CMakeFiles/Test_Bench.elf.dir/Core/Src/usart.c.obj
LOAD CMakeFiles/Test_Bench.elf.dir/Core/Startup/startup_stm32f407vgtx.s.obj
LOAD CMakeFiles/Test_Bench.elf.dir/Drivers/STM32F4xx_HAL_Driver/Src/stm32f4xx_hal.c.obj
LOAD CMakeFiles/Test_Bench.elf.dir/Drivers/STM32F4xx_HAL_Driver/Src/stm32f4xx_hal_cortex.c.obj
LOAD CMakeFiles/Test_Bench.elf.dir/Drivers/STM32F4xx_HAL_Driver/Src/stm32f4xx_hal_dma.c.obj
LOAD CMakeFiles/Test_Bench.elf.dir/Drivers/STM32F4xx_HAL_Driver/Src/stm32f4xx_hal_dma_ex.c.obj
LOAD CMakeFiles/Test_Bench.elf.dir/Drivers/STM32F4xx_HAL_Driver/Src/stm32f4xx_hal_exti.c.obj
LOAD CMakeFiles/Test_Bench.elf.dir/Drivers/STM32F4xx_HAL_Driver/Src/stm32f4xx_hal_flash.c.obj
LOAD CMakeFiles/Test_Bench.elf.dir/Drivers/STM32F4xx_HAL_Driver/Src/stm32f4xx_hal_flash_ex.c.obj
LOAD CMakeFiles/Test_Bench.elf.dir/Drivers/STM32F4xx_HAL_Driver/Src/stm32f4xx_hal_flash_ramfunc.c.obj
LOAD CMakeFiles/Test_Bench.elf.dir/Drivers/STM32F4xx_HAL_Driver/Src/stm32f4xx_hal_gpio.c.obj
LOAD CMakeFiles/Test_Bench.elf.dir/Drivers/STM32F4xx_HAL_Driver/Src/stm32f4xx_hal_mmc.c.obj
LOAD CMakeFiles/Test_Bench.elf.dir/Drivers/STM32F4xx_HAL_Driver/Src/stm32f4xx_hal_pcd.c.obj
LOAD CMakeFiles/Test_Bench.elf.dir/Drivers/STM32F4xx_HAL_Driver/Src/stm32f4xx_hal_pcd_ex.c.obj
LOAD CMakeFiles/Test_Bench.elf.dir/Drivers/STM32F4xx_HAL_Driver/Src/stm32f4xx_hal_pwr.c.obj
LOAD CMakeFiles/Test_Bench.elf.dir/Drivers/STM32F4xx_HAL_Driver/Src/stm32f4xx_hal_pwr_ex.c.obj
LOAD CMakeFiles/Test_Bench.elf.dir/Drivers/STM32F4xx_HAL_Driver/Src/stm32f4xx_hal_rcc.c.obj
LOAD CMakeFiles/Test_Bench.elf.dir/Drivers/STM32F4xx_HAL_Driver/Src/stm32f4xx_hal_rcc_ex.c.obj
LOAD CMakeFiles/Test_Bench.elf.dir/Drivers/STM32F4xx_HAL_Driver/Src/stm32f4xx_hal_sd.c.obj
LOAD CMakeFiles/Test_Bench.elf.dir/Drivers/STM32F4xx_HAL_Driver/Src/stm32f4xx_hal_spi.c.obj
LOAD CMakeFiles/Test_Bench.elf.dir/Drivers/STM32F4xx_HAL_Driver/Src/stm32f4xx_hal_tim.c.obj
LOAD CMakeFiles/Test_Bench.elf.dir/Drivers/STM32F4xx_HAL_Driver/Src/stm32f4xx_hal_tim_ex.c.obj
LOAD CMakeFiles/Test_Bench.elf.dir/Drivers/STM32F4xx_HAL_Driver/Src/stm32f4xx_hal_uart.c.obj
LOAD CMakeFiles/Test_Bench.elf.dir/Drivers/STM32F4xx_HAL_Driver/Src/stm32f4xx_ll_sdmmc.c.obj
LOAD CMakeFiles/Test_Bench.elf.dir/Drivers/STM32F4xx_HAL_Driver/Src/stm32f4xx_ll_usb.c.obj
LOAD CMakeFiles/Test_Bench.elf.dir/FATFS/App/fatfs.c.obj
LOAD CMakeFiles/Test_Bench.elf.dir/FATFS/Target/bsp_driver_sd.c.obj
LOAD CMakeFiles/Test_Bench.elf.dir/FATFS/Target/sd_diskio.c.obj
LOAD CMakeFiles/Test_Bench.elf.dir/Middlewares/ST/STM32_USB_Device_Library/Class/CDC/Src/usbd_cdc.c.obj
LOAD CMakeFiles/Test_Bench.elf.dir/Middlewares/ST/STM32_USB_Device_Library/Core/Src/usbd_core.c.obj
LOAD CMakeFiles/Test_Bench.elf.dir/Middlewares/ST/STM32_USB_Device_Library/Core/Src/usbd_ctlreq.c.obj
LOAD CMakeFiles/Test_Bench.elf.dir/Middlewares/ST/STM32_USB_Device_Library/Core/Src/usbd_ioreq.c.obj
LOAD CMakeFiles/Test_Bench.elf.dir/Middlewares/Third_Party/FatFs/src/diskio.c.obj
LOAD CMakeFiles/Test_Bench.elf.dir/Middlewares/Third_Party/FatFs/src/ff.c.obj
LOAD CMakeFiles/Test_Bench.elf.dir/Middlewares/Third_Party/FatFs/src/ff_gen_drv.c.obj
LOAD CMakeFiles/Test_Bench.elf.dir/Middlewares/Third_Party/FatFs/src/option/cc936.c.obj
LOAD CMakeFiles/Test_Bench.elf.dir/Middlewares/Third_Party/FatFs/src/option/syscall.c.obj
LOAD CMakeFiles/Test_Bench.elf.dir/Private/EXTI.c.obj
LOAD CMakeFiles/Test_Bench.elf.dir/Private/Pressure_Sensor/pre_sen.c.obj
LOAD CMakeFiles/Test_Bench.elf.dir/Private/file_conf.c.obj
LOAD CMakeFiles/Test_Bench.elf.dir/Private/global.c.obj
LOAD CMakeFiles/Test_Bench.elf.dir/Private/message_define.c.obj
LOAD CMakeFiles/Test_Bench.elf.dir/Private/temprature.c.obj
LOAD CMakeFiles/Test_Bench.elf.dir/USB_DEVICE/App/usb_device.c.obj
LOAD CMakeFiles/Test_Bench.elf.dir/USB_DEVICE/App/usbd_cdc_if.c.obj
LOAD CMakeFiles/Test_Bench.elf.dir/USB_DEVICE/App/usbd_desc.c.obj
LOAD CMakeFiles/Test_Bench.elf.dir/USB_DEVICE/Target/usbd_conf.c.obj
START GROUP
LOAD D:/SoftwareInstallPackage/Compiler/arm-gnu-toolchain-13.3.rel1-mingw-w64-i686-arm-none-eabi/bin/../lib/gcc/arm-none-eabi/13.3.1/thumb/v7e-m/nofp\libgcc.a
LOAD D:/SoftwareInstallPackage/Compiler/arm-gnu-toolchain-13.3.rel1-mingw-w64-i686-arm-none-eabi/bin/../lib/gcc/arm-none-eabi/13.3.1/thumb/v7e-m/nofp\libg.a
LOAD D:/SoftwareInstallPackage/Compiler/arm-gnu-toolchain-13.3.rel1-mingw-w64-i686-arm-none-eabi/bin/../lib/gcc/arm-none-eabi/13.3.1/thumb/v7e-m/nofp\libc.a
END GROUP
LOAD D:/SoftwareInstallPackage/Compiler/arm-gnu-toolchain-13.3.rel1-mingw-w64-i686-arm-none-eabi/bin/../lib/gcc/arm-none-eabi/13.3.1/thumb/v7e-m/nofp/crtend.o
LOAD D:/SoftwareInstallPackage/Compiler/arm-gnu-toolchain-13.3.rel1-mingw-w64-i686-arm-none-eabi/bin/../lib/gcc/arm-none-eabi/13.3.1/thumb/v7e-m/nofp/crtn.o
                0x20020000                        _estack = (ORIGIN (RAM) + LENGTH (RAM))
                0x00000200                        _Min_Heap_Size = 0x200
                0x00000400                        _Min_Stack_Size = 0x400

.isr_vector     0x08000000      0x188
                0x08000000                        . = ALIGN (0x4)
 *(.isr_vector)
 .isr_vector    0x08000000      0x188 CMakeFiles/Test_Bench.elf.dir/Core/Startup/startup_stm32f407vgtx.s.obj
                0x08000000                g_pfnVectors
                0x08000188                        . = ALIGN (0x4)

.text           0x080001c0    0x10448
                0x080001c0                        . = ALIGN (0x4)
 *(.text)
 .text          0x080001c0      0x378 D:/SoftwareInstallPackage/Compiler/arm-gnu-toolchain-13.3.rel1-mingw-w64-i686-arm-none-eabi/bin/../lib/gcc/arm-none-eabi/13.3.1/thumb/v7e-m/nofp\libgcc.a(_arm_addsubdf3.o)
                0x080001c0                __aeabi_drsub
                0x080001c8                __aeabi_dsub
                0x080001c8                __subdf3
                0x080001cc                __aeabi_dadd
                0x080001cc                __adddf3
                0x08000444                __floatunsidf
                0x08000444                __aeabi_ui2d
                0x08000464                __floatsidf
                0x08000464                __aeabi_i2d
                0x08000488                __aeabi_f2d
                0x08000488                __extendsfdf2
                0x080004cc                __floatundidf
                0x080004cc                __aeabi_ul2d
                0x080004dc                __floatdidf
                0x080004dc                __aeabi_l2d
 .text          0x08000538      0x21c D:/SoftwareInstallPackage/Compiler/arm-gnu-toolchain-13.3.rel1-mingw-w64-i686-arm-none-eabi/bin/../lib/gcc/arm-none-eabi/13.3.1/thumb/v7e-m/nofp\libgcc.a(_arm_addsubsf3.o)
                0x08000538                __aeabi_frsub
                0x08000540                __subsf3
                0x08000540                __aeabi_fsub
                0x08000544                __aeabi_fadd
                0x08000544                __addsf3
                0x080006a4                __aeabi_ui2f
                0x080006a4                __floatunsisf
                0x080006ac                __aeabi_i2f
                0x080006ac                __floatsisf
                0x080006c8                __aeabi_ul2f
                0x080006c8                __floatundisf
                0x080006d8                __aeabi_l2f
                0x080006d8                __floatdisf
 .text          0x08000754      0x2a0 D:/SoftwareInstallPackage/Compiler/arm-gnu-toolchain-13.3.rel1-mingw-w64-i686-arm-none-eabi/bin/../lib/gcc/arm-none-eabi/13.3.1/thumb/v7e-m/nofp\libgcc.a(_arm_muldivsf3.o)
                0x08000754                __mulsf3
                0x08000754                __aeabi_fmul
                0x080008bc                __aeabi_fdiv
                0x080008bc                __divsf3
 .text          0x080009f4       0xa0 D:/SoftwareInstallPackage/Compiler/arm-gnu-toolchain-13.3.rel1-mingw-w64-i686-arm-none-eabi/bin/../lib/gcc/arm-none-eabi/13.3.1/thumb/v7e-m/nofp\libgcc.a(_aeabi_ldivmod.o)
                0x080009f4                __aeabi_ldivmod
 .text          0x08000a94       0x30 D:/SoftwareInstallPackage/Compiler/arm-gnu-toolchain-13.3.rel1-mingw-w64-i686-arm-none-eabi/bin/../lib/gcc/arm-none-eabi/13.3.1/thumb/v7e-m/nofp\libgcc.a(_aeabi_uldivmod.o)
                0x08000a94                __aeabi_uldivmod
 .text          0x08000ac4        0x4 D:/SoftwareInstallPackage/Compiler/arm-gnu-toolchain-13.3.rel1-mingw-w64-i686-arm-none-eabi/bin/../lib/gcc/arm-none-eabi/13.3.1/thumb/v7e-m/nofp\libgcc.a(_dvmd_tls.o)
                0x08000ac4                __aeabi_idiv0
                0x08000ac4                __aeabi_ldiv0
 .text          0x08000ac8      0x134 D:/SoftwareInstallPackage/Compiler/arm-gnu-toolchain-13.3.rel1-mingw-w64-i686-arm-none-eabi/bin/../lib/gcc/arm-none-eabi/13.3.1/thumb/v7e-m/nofp\libg.a(libc_a-memcpy.o)
                0x08000ac8                memcpy
 *fill*         0x08000bfc        0x4 
 .text          0x08000c00       0xd8 D:/SoftwareInstallPackage/Compiler/arm-gnu-toolchain-13.3.rel1-mingw-w64-i686-arm-none-eabi/bin/../lib/gcc/arm-none-eabi/13.3.1/thumb/v7e-m/nofp\libg.a(libc_a-strlen.o)
                0x08000c00                strlen
 *fill*         0x08000cd8        0x8 
 .text          0x08000ce0       0xa0 D:/SoftwareInstallPackage/Compiler/arm-gnu-toolchain-13.3.rel1-mingw-w64-i686-arm-none-eabi/bin/../lib/gcc/arm-none-eabi/13.3.1/thumb/v7e-m/nofp\libg.a(libc_a-memchr.o)
                0x08000ce0                memchr
 .text          0x08000d80      0x424 D:/SoftwareInstallPackage/Compiler/arm-gnu-toolchain-13.3.rel1-mingw-w64-i686-arm-none-eabi/bin/../lib/gcc/arm-none-eabi/13.3.1/thumb/v7e-m/nofp\libgcc.a(_arm_muldivdf3.o)
                0x08000d80                __aeabi_dmul
                0x08000d80                __muldf3
                0x08000fd4                __divdf3
                0x08000fd4                __aeabi_ddiv
 .text          0x080011a4      0x110 D:/SoftwareInstallPackage/Compiler/arm-gnu-toolchain-13.3.rel1-mingw-w64-i686-arm-none-eabi/bin/../lib/gcc/arm-none-eabi/13.3.1/thumb/v7e-m/nofp\libgcc.a(_arm_cmpdf2.o)
                0x080011a4                __gtdf2
                0x080011a4                __gedf2
                0x080011ac                __ltdf2
                0x080011ac                __ledf2
                0x080011b4                __nedf2
                0x080011b4                __eqdf2
                0x080011b4                __cmpdf2
                0x08001230                __aeabi_cdrcmple
                0x08001240                __aeabi_cdcmpeq
                0x08001240                __aeabi_cdcmple
                0x08001250                __aeabi_dcmpeq
                0x08001264                __aeabi_dcmplt
                0x08001278                __aeabi_dcmple
                0x0800128c                __aeabi_dcmpge
                0x080012a0                __aeabi_dcmpgt
 .text          0x080012b4       0x2c D:/SoftwareInstallPackage/Compiler/arm-gnu-toolchain-13.3.rel1-mingw-w64-i686-arm-none-eabi/bin/../lib/gcc/arm-none-eabi/13.3.1/thumb/v7e-m/nofp\libgcc.a(_arm_unorddf2.o)
                0x080012b4                __unorddf2
                0x080012b4                __aeabi_dcmpun
 .text          0x080012e0       0x50 D:/SoftwareInstallPackage/Compiler/arm-gnu-toolchain-13.3.rel1-mingw-w64-i686-arm-none-eabi/bin/../lib/gcc/arm-none-eabi/13.3.1/thumb/v7e-m/nofp\libgcc.a(_arm_fixdfsi.o)
                0x080012e0                __aeabi_d2iz
                0x080012e0                __fixdfsi
 *(.text*)
 .text.deregister_tm_clones
                0x08001330       0x1c D:/SoftwareInstallPackage/Compiler/arm-gnu-toolchain-13.3.rel1-mingw-w64-i686-arm-none-eabi/bin/../lib/gcc/arm-none-eabi/13.3.1/thumb/v7e-m/nofp/crtbegin.o
 .text.register_tm_clones
                0x0800134c       0x24 D:/SoftwareInstallPackage/Compiler/arm-gnu-toolchain-13.3.rel1-mingw-w64-i686-arm-none-eabi/bin/../lib/gcc/arm-none-eabi/13.3.1/thumb/v7e-m/nofp/crtbegin.o
 .text.__do_global_dtors_aux
                0x08001370       0x28 D:/SoftwareInstallPackage/Compiler/arm-gnu-toolchain-13.3.rel1-mingw-w64-i686-arm-none-eabi/bin/../lib/gcc/arm-none-eabi/13.3.1/thumb/v7e-m/nofp/crtbegin.o
 .text.frame_dummy
                0x08001398       0x24 D:/SoftwareInstallPackage/Compiler/arm-gnu-toolchain-13.3.rel1-mingw-w64-i686-arm-none-eabi/bin/../lib/gcc/arm-none-eabi/13.3.1/thumb/v7e-m/nofp/crtbegin.o
 .text.MX_GPIO_Init
                0x080013bc       0xd0 CMakeFiles/Test_Bench.elf.dir/Core/Src/gpio.c.obj
                0x080013bc                MX_GPIO_Init
 .text.Error_Handler
                0x0800148c        0x4 CMakeFiles/Test_Bench.elf.dir/Core/Src/main.c.obj
                0x0800148c                Error_Handler
 .text.SystemClock_Config
                0x08001490       0xa8 CMakeFiles/Test_Bench.elf.dir/Core/Src/main.c.obj
                0x08001490                SystemClock_Config
 .text.main     0x08001538      0x19c CMakeFiles/Test_Bench.elf.dir/Core/Src/main.c.obj
                0x08001538                main
 .text.MX_SDIO_SD_Init
                0x080016d4       0x20 CMakeFiles/Test_Bench.elf.dir/Core/Src/sdio.c.obj
                0x080016d4                MX_SDIO_SD_Init
 .text.HAL_SD_MspInit
                0x080016f4       0xb0 CMakeFiles/Test_Bench.elf.dir/Core/Src/sdio.c.obj
                0x080016f4                HAL_SD_MspInit
 .text.MX_SPI2_Init
                0x080017a4       0x48 CMakeFiles/Test_Bench.elf.dir/Core/Src/spi.c.obj
                0x080017a4                MX_SPI2_Init
 .text.HAL_SPI_MspInit
                0x080017ec       0x70 CMakeFiles/Test_Bench.elf.dir/Core/Src/spi.c.obj
                0x080017ec                HAL_SPI_MspInit
 .text.HAL_MspInit
                0x0800185c       0x38 CMakeFiles/Test_Bench.elf.dir/Core/Src/stm32f4xx_hal_msp.c.obj
                0x0800185c                HAL_MspInit
 .text.NMI_Handler
                0x08001894        0x2 CMakeFiles/Test_Bench.elf.dir/Core/Src/stm32f4xx_it.c.obj
                0x08001894                NMI_Handler
 .text.HardFault_Handler
                0x08001896        0x2 CMakeFiles/Test_Bench.elf.dir/Core/Src/stm32f4xx_it.c.obj
                0x08001896                HardFault_Handler
 .text.MemManage_Handler
                0x08001898        0x2 CMakeFiles/Test_Bench.elf.dir/Core/Src/stm32f4xx_it.c.obj
                0x08001898                MemManage_Handler
 .text.BusFault_Handler
                0x0800189a        0x2 CMakeFiles/Test_Bench.elf.dir/Core/Src/stm32f4xx_it.c.obj
                0x0800189a                BusFault_Handler
 .text.UsageFault_Handler
                0x0800189c        0x2 CMakeFiles/Test_Bench.elf.dir/Core/Src/stm32f4xx_it.c.obj
                0x0800189c                UsageFault_Handler
 .text.SVC_Handler
                0x0800189e        0x2 CMakeFiles/Test_Bench.elf.dir/Core/Src/stm32f4xx_it.c.obj
                0x0800189e                SVC_Handler
 .text.DebugMon_Handler
                0x080018a0        0x2 CMakeFiles/Test_Bench.elf.dir/Core/Src/stm32f4xx_it.c.obj
                0x080018a0                DebugMon_Handler
 .text.PendSV_Handler
                0x080018a2        0x2 CMakeFiles/Test_Bench.elf.dir/Core/Src/stm32f4xx_it.c.obj
                0x080018a2                PendSV_Handler
 .text.SysTick_Handler
                0x080018a4        0x8 CMakeFiles/Test_Bench.elf.dir/Core/Src/stm32f4xx_it.c.obj
                0x080018a4                SysTick_Handler
 .text.USART2_IRQHandler
                0x080018ac       0x10 CMakeFiles/Test_Bench.elf.dir/Core/Src/stm32f4xx_it.c.obj
                0x080018ac                USART2_IRQHandler
 .text.SDIO_IRQHandler
                0x080018bc       0x10 CMakeFiles/Test_Bench.elf.dir/Core/Src/stm32f4xx_it.c.obj
                0x080018bc                SDIO_IRQHandler
 .text.TIM6_DAC_IRQHandler
                0x080018cc       0x10 CMakeFiles/Test_Bench.elf.dir/Core/Src/stm32f4xx_it.c.obj
                0x080018cc                TIM6_DAC_IRQHandler
 .text.OTG_FS_IRQHandler
                0x080018dc       0x10 CMakeFiles/Test_Bench.elf.dir/Core/Src/stm32f4xx_it.c.obj
                0x080018dc                OTG_FS_IRQHandler
 .text._getpid  0x080018ec        0x4 CMakeFiles/Test_Bench.elf.dir/Core/Src/syscalls.c.obj
                0x080018ec                _getpid
 .text._kill    0x080018f0       0x10 CMakeFiles/Test_Bench.elf.dir/Core/Src/syscalls.c.obj
                0x080018f0                _kill
 .text._exit    0x08001900        0xc CMakeFiles/Test_Bench.elf.dir/Core/Src/syscalls.c.obj
                0x08001900                _exit
 .text._read    0x0800190c       0x20 CMakeFiles/Test_Bench.elf.dir/Core/Src/syscalls.c.obj
                0x0800190c                _read
 .text._write   0x0800192c       0x1c CMakeFiles/Test_Bench.elf.dir/Core/Src/syscalls.c.obj
                0x0800192c                _write
 .text._close   0x08001948        0x6 CMakeFiles/Test_Bench.elf.dir/Core/Src/syscalls.c.obj
                0x08001948                _close
 .text._fstat   0x0800194e        0xa CMakeFiles/Test_Bench.elf.dir/Core/Src/syscalls.c.obj
                0x0800194e                _fstat
 .text._isatty  0x08001958        0x4 CMakeFiles/Test_Bench.elf.dir/Core/Src/syscalls.c.obj
                0x08001958                _isatty
 .text._lseek   0x0800195c        0x4 CMakeFiles/Test_Bench.elf.dir/Core/Src/syscalls.c.obj
                0x0800195c                _lseek
 .text._sbrk    0x08001960       0x48 CMakeFiles/Test_Bench.elf.dir/Core/Src/sysmem.c.obj
                0x08001960                _sbrk
 .text.SystemInit
                0x080019a8        0x2 CMakeFiles/Test_Bench.elf.dir/Core/Src/system_stm32f4xx.c.obj
                0x080019a8                SystemInit
 *fill*         0x080019aa        0x2 
 .text.MX_TIM6_Init
                0x080019ac       0x50 CMakeFiles/Test_Bench.elf.dir/Core/Src/tim.c.obj
                0x080019ac                MX_TIM6_Init
 .text.HAL_TIM_Base_MspInit
                0x080019fc       0x40 CMakeFiles/Test_Bench.elf.dir/Core/Src/tim.c.obj
                0x080019fc                HAL_TIM_Base_MspInit
 .text.MX_USART1_UART_Init
                0x08001a3c       0x34 CMakeFiles/Test_Bench.elf.dir/Core/Src/usart.c.obj
                0x08001a3c                MX_USART1_UART_Init
 .text.MX_USART2_UART_Init
                0x08001a70       0x34 CMakeFiles/Test_Bench.elf.dir/Core/Src/usart.c.obj
                0x08001a70                MX_USART2_UART_Init
 .text.HAL_UART_MspInit
                0x08001aa4       0xd4 CMakeFiles/Test_Bench.elf.dir/Core/Src/usart.c.obj
                0x08001aa4                HAL_UART_MspInit
 .text.Reset_Handler
                0x08001b78       0x50 CMakeFiles/Test_Bench.elf.dir/Core/Startup/startup_stm32f407vgtx.s.obj
                0x08001b78                Reset_Handler
 .text.Default_Handler
                0x08001bc8        0x2 CMakeFiles/Test_Bench.elf.dir/Core/Startup/startup_stm32f407vgtx.s.obj
                0x08001bc8                RTC_Alarm_IRQHandler
                0x08001bc8                HASH_RNG_IRQHandler
                0x08001bc8                EXTI2_IRQHandler
                0x08001bc8                TIM8_CC_IRQHandler
                0x08001bc8                TIM1_CC_IRQHandler
                0x08001bc8                DMA2_Stream5_IRQHandler
                0x08001bc8                DMA1_Stream5_IRQHandler
                0x08001bc8                PVD_IRQHandler
                0x08001bc8                TAMP_STAMP_IRQHandler
                0x08001bc8                CAN2_RX1_IRQHandler
                0x08001bc8                EXTI3_IRQHandler
                0x08001bc8                TIM8_TRG_COM_TIM14_IRQHandler
                0x08001bc8                TIM1_UP_TIM10_IRQHandler
                0x08001bc8                TIM8_UP_TIM13_IRQHandler
                0x08001bc8                I2C3_ER_IRQHandler
                0x08001bc8                EXTI0_IRQHandler
                0x08001bc8                I2C2_EV_IRQHandler
                0x08001bc8                DMA1_Stream2_IRQHandler
                0x08001bc8                CAN1_RX0_IRQHandler
                0x08001bc8                FPU_IRQHandler
                0x08001bc8                OTG_HS_WKUP_IRQHandler
                0x08001bc8                CAN2_SCE_IRQHandler
                0x08001bc8                DMA2_Stream2_IRQHandler
                0x08001bc8                SPI1_IRQHandler
                0x08001bc8                TIM1_BRK_TIM9_IRQHandler
                0x08001bc8                DCMI_IRQHandler
                0x08001bc8                CAN2_RX0_IRQHandler
                0x08001bc8                DMA2_Stream3_IRQHandler
                0x08001bc8                USART6_IRQHandler
                0x08001bc8                USART3_IRQHandler
                0x08001bc8                CAN1_RX1_IRQHandler
                0x08001bc8                UART5_IRQHandler
                0x08001bc8                DMA2_Stream0_IRQHandler
                0x08001bc8                TIM4_IRQHandler
                0x08001bc8                I2C1_EV_IRQHandler
                0x08001bc8                DMA1_Stream6_IRQHandler
                0x08001bc8                DMA1_Stream1_IRQHandler
                0x08001bc8                UART4_IRQHandler
                0x08001bc8                TIM3_IRQHandler
                0x08001bc8                RCC_IRQHandler
                0x08001bc8                TIM8_BRK_TIM12_IRQHandler
                0x08001bc8                Default_Handler
                0x08001bc8                EXTI15_10_IRQHandler
                0x08001bc8                ADC_IRQHandler
                0x08001bc8                DMA1_Stream7_IRQHandler
                0x08001bc8                TIM7_IRQHandler
                0x08001bc8                CAN2_TX_IRQHandler
                0x08001bc8                TIM5_IRQHandler
                0x08001bc8                DMA2_Stream7_IRQHandler
                0x08001bc8                I2C3_EV_IRQHandler
                0x08001bc8                EXTI9_5_IRQHandler
                0x08001bc8                RTC_WKUP_IRQHandler
                0x08001bc8                ETH_WKUP_IRQHandler
                0x08001bc8                SPI2_IRQHandler
                0x08001bc8                OTG_HS_EP1_IN_IRQHandler
                0x08001bc8                DMA1_Stream0_IRQHandler
                0x08001bc8                CAN1_TX_IRQHandler
                0x08001bc8                EXTI4_IRQHandler
                0x08001bc8                FSMC_IRQHandler
                0x08001bc8                ETH_IRQHandler
                0x08001bc8                OTG_HS_EP1_OUT_IRQHandler
                0x08001bc8                WWDG_IRQHandler
                0x08001bc8                TIM2_IRQHandler
                0x08001bc8                OTG_FS_WKUP_IRQHandler
                0x08001bc8                TIM1_TRG_COM_TIM11_IRQHandler
                0x08001bc8                OTG_HS_IRQHandler
                0x08001bc8                EXTI1_IRQHandler
                0x08001bc8                I2C2_ER_IRQHandler
                0x08001bc8                DMA2_Stream1_IRQHandler
                0x08001bc8                CAN1_SCE_IRQHandler
                0x08001bc8                FLASH_IRQHandler
                0x08001bc8                DMA2_Stream4_IRQHandler
                0x08001bc8                USART1_IRQHandler
                0x08001bc8                SPI3_IRQHandler
                0x08001bc8                DMA1_Stream4_IRQHandler
                0x08001bc8                I2C1_ER_IRQHandler
                0x08001bc8                DMA2_Stream6_IRQHandler
                0x08001bc8                DMA1_Stream3_IRQHandler
 *fill*         0x08001bca        0x2 
 .text.HAL_InitTick
                0x08001bcc       0x4c CMakeFiles/Test_Bench.elf.dir/Drivers/STM32F4xx_HAL_Driver/Src/stm32f4xx_hal.c.obj
                0x08001bcc                HAL_InitTick
 .text.HAL_Init
                0x08001c18       0x34 CMakeFiles/Test_Bench.elf.dir/Drivers/STM32F4xx_HAL_Driver/Src/stm32f4xx_hal.c.obj
                0x08001c18                HAL_Init
 .text.HAL_IncTick
                0x08001c4c       0x18 CMakeFiles/Test_Bench.elf.dir/Drivers/STM32F4xx_HAL_Driver/Src/stm32f4xx_hal.c.obj
                0x08001c4c                HAL_IncTick
 .text.HAL_GetTick
                0x08001c64        0xc CMakeFiles/Test_Bench.elf.dir/Drivers/STM32F4xx_HAL_Driver/Src/stm32f4xx_hal.c.obj
                0x08001c64                HAL_GetTick
 .text.HAL_Delay
                0x08001c70       0x28 CMakeFiles/Test_Bench.elf.dir/Drivers/STM32F4xx_HAL_Driver/Src/stm32f4xx_hal.c.obj
                0x08001c70                HAL_Delay
 .text.__NVIC_EnableIRQ
                0x08001c98       0x1c CMakeFiles/Test_Bench.elf.dir/Drivers/STM32F4xx_HAL_Driver/Src/stm32f4xx_hal_cortex.c.obj
 .text.__NVIC_SetPriority
                0x08001cb4       0x28 CMakeFiles/Test_Bench.elf.dir/Drivers/STM32F4xx_HAL_Driver/Src/stm32f4xx_hal_cortex.c.obj
 .text.NVIC_EncodePriority
                0x08001cdc       0x3e CMakeFiles/Test_Bench.elf.dir/Drivers/STM32F4xx_HAL_Driver/Src/stm32f4xx_hal_cortex.c.obj
 *fill*         0x08001d1a        0x2 
 .text.HAL_NVIC_SetPriorityGrouping
                0x08001d1c       0x24 CMakeFiles/Test_Bench.elf.dir/Drivers/STM32F4xx_HAL_Driver/Src/stm32f4xx_hal_cortex.c.obj
                0x08001d1c                HAL_NVIC_SetPriorityGrouping
 .text.HAL_NVIC_SetPriority
                0x08001d40       0x20 CMakeFiles/Test_Bench.elf.dir/Drivers/STM32F4xx_HAL_Driver/Src/stm32f4xx_hal_cortex.c.obj
                0x08001d40                HAL_NVIC_SetPriority
 .text.HAL_NVIC_EnableIRQ
                0x08001d60        0x8 CMakeFiles/Test_Bench.elf.dir/Drivers/STM32F4xx_HAL_Driver/Src/stm32f4xx_hal_cortex.c.obj
                0x08001d60                HAL_NVIC_EnableIRQ
 .text.HAL_SYSTICK_Config
                0x08001d68       0x28 CMakeFiles/Test_Bench.elf.dir/Drivers/STM32F4xx_HAL_Driver/Src/stm32f4xx_hal_cortex.c.obj
                0x08001d68                HAL_SYSTICK_Config
 .text.HAL_DMA_Abort
                0x08001d90       0x94 CMakeFiles/Test_Bench.elf.dir/Drivers/STM32F4xx_HAL_Driver/Src/stm32f4xx_hal_dma.c.obj
                0x08001d90                HAL_DMA_Abort
 .text.HAL_DMA_Abort_IT
                0x08001e24       0x26 CMakeFiles/Test_Bench.elf.dir/Drivers/STM32F4xx_HAL_Driver/Src/stm32f4xx_hal_dma.c.obj
                0x08001e24                HAL_DMA_Abort_IT
 *fill*         0x08001e4a        0x2 
 .text.HAL_GPIO_Init
                0x08001e4c      0x1f4 CMakeFiles/Test_Bench.elf.dir/Drivers/STM32F4xx_HAL_Driver/Src/stm32f4xx_hal_gpio.c.obj
                0x08001e4c                HAL_GPIO_Init
 .text.HAL_GPIO_WritePin
                0x08002040        0xc CMakeFiles/Test_Bench.elf.dir/Drivers/STM32F4xx_HAL_Driver/Src/stm32f4xx_hal_gpio.c.obj
                0x08002040                HAL_GPIO_WritePin
 .text.PCD_WriteEmptyTxFifo
                0x0800204c       0xd0 CMakeFiles/Test_Bench.elf.dir/Drivers/STM32F4xx_HAL_Driver/Src/stm32f4xx_hal_pcd.c.obj
 .text.HAL_PCD_Init
                0x0800211c      0x102 CMakeFiles/Test_Bench.elf.dir/Drivers/STM32F4xx_HAL_Driver/Src/stm32f4xx_hal_pcd.c.obj
                0x0800211c                HAL_PCD_Init
 .text.HAL_PCD_Start
                0x0800221e       0x44 CMakeFiles/Test_Bench.elf.dir/Drivers/STM32F4xx_HAL_Driver/Src/stm32f4xx_hal_pcd.c.obj
                0x0800221e                HAL_PCD_Start
 *fill*         0x08002262        0x2 
 .text.PCD_EP_OutXfrComplete_int
                0x08002264      0x104 CMakeFiles/Test_Bench.elf.dir/Drivers/STM32F4xx_HAL_Driver/Src/stm32f4xx_hal_pcd.c.obj
 .text.PCD_EP_OutSetupPacket_int
                0x08002368       0x50 CMakeFiles/Test_Bench.elf.dir/Drivers/STM32F4xx_HAL_Driver/Src/stm32f4xx_hal_pcd.c.obj
 .text.HAL_PCD_SetAddress
                0x080023b8       0x26 CMakeFiles/Test_Bench.elf.dir/Drivers/STM32F4xx_HAL_Driver/Src/stm32f4xx_hal_pcd.c.obj
                0x080023b8                HAL_PCD_SetAddress
 .text.HAL_PCD_EP_Open
                0x080023de       0x8c CMakeFiles/Test_Bench.elf.dir/Drivers/STM32F4xx_HAL_Driver/Src/stm32f4xx_hal_pcd.c.obj
                0x080023de                HAL_PCD_EP_Open
 .text.HAL_PCD_EP_Close
                0x0800246a       0x70 CMakeFiles/Test_Bench.elf.dir/Drivers/STM32F4xx_HAL_Driver/Src/stm32f4xx_hal_pcd.c.obj
                0x0800246a                HAL_PCD_EP_Close
 .text.HAL_PCD_EP_Receive
                0x080024da       0x4a CMakeFiles/Test_Bench.elf.dir/Drivers/STM32F4xx_HAL_Driver/Src/stm32f4xx_hal_pcd.c.obj
                0x080024da                HAL_PCD_EP_Receive
 .text.HAL_PCD_EP_GetRxCount
                0x08002524       0x12 CMakeFiles/Test_Bench.elf.dir/Drivers/STM32F4xx_HAL_Driver/Src/stm32f4xx_hal_pcd.c.obj
                0x08002524                HAL_PCD_EP_GetRxCount
 .text.HAL_PCD_EP_Transmit
                0x08002536       0x4a CMakeFiles/Test_Bench.elf.dir/Drivers/STM32F4xx_HAL_Driver/Src/stm32f4xx_hal_pcd.c.obj
                0x08002536                HAL_PCD_EP_Transmit
 .text.HAL_PCD_EP_SetStall
                0x08002580       0x86 CMakeFiles/Test_Bench.elf.dir/Drivers/STM32F4xx_HAL_Driver/Src/stm32f4xx_hal_pcd.c.obj
                0x08002580                HAL_PCD_EP_SetStall
 .text.HAL_PCD_EP_ClrStall
                0x08002606       0x74 CMakeFiles/Test_Bench.elf.dir/Drivers/STM32F4xx_HAL_Driver/Src/stm32f4xx_hal_pcd.c.obj
                0x08002606                HAL_PCD_EP_ClrStall
 .text.HAL_PCD_EP_Abort
                0x0800267a       0x34 CMakeFiles/Test_Bench.elf.dir/Drivers/STM32F4xx_HAL_Driver/Src/stm32f4xx_hal_pcd.c.obj
                0x0800267a                HAL_PCD_EP_Abort
 .text.HAL_PCD_IRQHandler
                0x080026ae      0x5c0 CMakeFiles/Test_Bench.elf.dir/Drivers/STM32F4xx_HAL_Driver/Src/stm32f4xx_hal_pcd.c.obj
                0x080026ae                HAL_PCD_IRQHandler
 .text.HAL_PCDEx_SetTxFiFo
                0x08002c6e       0x4a CMakeFiles/Test_Bench.elf.dir/Drivers/STM32F4xx_HAL_Driver/Src/stm32f4xx_hal_pcd_ex.c.obj
                0x08002c6e                HAL_PCDEx_SetTxFiFo
 .text.HAL_PCDEx_SetRxFiFo
                0x08002cb8        0x8 CMakeFiles/Test_Bench.elf.dir/Drivers/STM32F4xx_HAL_Driver/Src/stm32f4xx_hal_pcd_ex.c.obj
                0x08002cb8                HAL_PCDEx_SetRxFiFo
 .text.HAL_PCDEx_LPM_Callback
                0x08002cc0        0x2 CMakeFiles/Test_Bench.elf.dir/Drivers/STM32F4xx_HAL_Driver/Src/stm32f4xx_hal_pcd_ex.c.obj
                0x08002cc0                HAL_PCDEx_LPM_Callback
 *fill*         0x08002cc2        0x2 
 .text.HAL_RCC_OscConfig
                0x08002cc4      0x3f8 CMakeFiles/Test_Bench.elf.dir/Drivers/STM32F4xx_HAL_Driver/Src/stm32f4xx_hal_rcc.c.obj
                0x08002cc4                HAL_RCC_OscConfig
 .text.HAL_RCC_GetSysClockFreq
                0x080030bc       0xdc CMakeFiles/Test_Bench.elf.dir/Drivers/STM32F4xx_HAL_Driver/Src/stm32f4xx_hal_rcc.c.obj
                0x080030bc                HAL_RCC_GetSysClockFreq
 .text.HAL_RCC_ClockConfig
                0x08003198      0x160 CMakeFiles/Test_Bench.elf.dir/Drivers/STM32F4xx_HAL_Driver/Src/stm32f4xx_hal_rcc.c.obj
                0x08003198                HAL_RCC_ClockConfig
 .text.HAL_RCC_GetHCLKFreq
                0x080032f8        0xc CMakeFiles/Test_Bench.elf.dir/Drivers/STM32F4xx_HAL_Driver/Src/stm32f4xx_hal_rcc.c.obj
                0x080032f8                HAL_RCC_GetHCLKFreq
 .text.HAL_RCC_GetPCLK1Freq
                0x08003304       0x20 CMakeFiles/Test_Bench.elf.dir/Drivers/STM32F4xx_HAL_Driver/Src/stm32f4xx_hal_rcc.c.obj
                0x08003304                HAL_RCC_GetPCLK1Freq
 .text.HAL_RCC_GetPCLK2Freq
                0x08003324       0x20 CMakeFiles/Test_Bench.elf.dir/Drivers/STM32F4xx_HAL_Driver/Src/stm32f4xx_hal_rcc.c.obj
                0x08003324                HAL_RCC_GetPCLK2Freq
 .text.SD_PowerON
                0x08003344       0xc0 CMakeFiles/Test_Bench.elf.dir/Drivers/STM32F4xx_HAL_Driver/Src/stm32f4xx_hal_sd.c.obj
 .text.SD_Read_IT
                0x08003404       0x38 CMakeFiles/Test_Bench.elf.dir/Drivers/STM32F4xx_HAL_Driver/Src/stm32f4xx_hal_sd.c.obj
 .text.SD_Write_IT
                0x0800343c       0x48 CMakeFiles/Test_Bench.elf.dir/Drivers/STM32F4xx_HAL_Driver/Src/stm32f4xx_hal_sd.c.obj
 .text.SD_SendStatus
                0x08003484       0x2c CMakeFiles/Test_Bench.elf.dir/Drivers/STM32F4xx_HAL_Driver/Src/stm32f4xx_hal_sd.c.obj
 .text.HAL_SD_ReadBlocks
                0x080034b0      0x250 CMakeFiles/Test_Bench.elf.dir/Drivers/STM32F4xx_HAL_Driver/Src/stm32f4xx_hal_sd.c.obj
                0x080034b0                HAL_SD_ReadBlocks
 .text.HAL_SD_WriteBlocks
                0x08003700      0x20c CMakeFiles/Test_Bench.elf.dir/Drivers/STM32F4xx_HAL_Driver/Src/stm32f4xx_hal_sd.c.obj
                0x08003700                HAL_SD_WriteBlocks
 .text.HAL_SD_ErrorCallback
                0x0800390c        0x2 CMakeFiles/Test_Bench.elf.dir/Drivers/STM32F4xx_HAL_Driver/Src/stm32f4xx_hal_sd.c.obj
                0x0800390c                HAL_SD_ErrorCallback
 *fill*         0x0800390e        0x2 
 .text.HAL_SD_GetCardCSD
                0x08003910      0x1b8 CMakeFiles/Test_Bench.elf.dir/Drivers/STM32F4xx_HAL_Driver/Src/stm32f4xx_hal_sd.c.obj
                0x08003910                HAL_SD_GetCardCSD
 .text.SD_InitCard
                0x08003ac8      0x100 CMakeFiles/Test_Bench.elf.dir/Drivers/STM32F4xx_HAL_Driver/Src/stm32f4xx_hal_sd.c.obj
 .text.HAL_SD_InitCard
                0x08003bc8       0xa8 CMakeFiles/Test_Bench.elf.dir/Drivers/STM32F4xx_HAL_Driver/Src/stm32f4xx_hal_sd.c.obj
                0x08003bc8                HAL_SD_InitCard
 .text.HAL_SD_Init
                0x08003c70       0x36 CMakeFiles/Test_Bench.elf.dir/Drivers/STM32F4xx_HAL_Driver/Src/stm32f4xx_hal_sd.c.obj
                0x08003c70                HAL_SD_Init
 .text.HAL_SD_GetCardInfo
                0x08003ca6       0x24 CMakeFiles/Test_Bench.elf.dir/Drivers/STM32F4xx_HAL_Driver/Src/stm32f4xx_hal_sd.c.obj
                0x08003ca6                HAL_SD_GetCardInfo
 .text.HAL_SD_GetCardState
                0x08003cca       0x22 CMakeFiles/Test_Bench.elf.dir/Drivers/STM32F4xx_HAL_Driver/Src/stm32f4xx_hal_sd.c.obj
                0x08003cca                HAL_SD_GetCardState
 .text.SD_DMATxAbort
                0x08003cec       0x44 CMakeFiles/Test_Bench.elf.dir/Drivers/STM32F4xx_HAL_Driver/Src/stm32f4xx_hal_sd.c.obj
 .text.SD_DMARxAbort
                0x08003d30       0x44 CMakeFiles/Test_Bench.elf.dir/Drivers/STM32F4xx_HAL_Driver/Src/stm32f4xx_hal_sd.c.obj
 .text.HAL_SD_IRQHandler
                0x08003d74      0x1e0 CMakeFiles/Test_Bench.elf.dir/Drivers/STM32F4xx_HAL_Driver/Src/stm32f4xx_hal_sd.c.obj
                0x08003d74                HAL_SD_IRQHandler
 .text.SPI_WaitFlagStateUntilTimeout
                0x08003f54       0xc8 CMakeFiles/Test_Bench.elf.dir/Drivers/STM32F4xx_HAL_Driver/Src/stm32f4xx_hal_spi.c.obj
 .text.SPI_EndRxTxTransaction
                0x0800401c       0x80 CMakeFiles/Test_Bench.elf.dir/Drivers/STM32F4xx_HAL_Driver/Src/stm32f4xx_hal_spi.c.obj
 .text.SPI_EndRxTransaction
                0x0800409c       0x8c CMakeFiles/Test_Bench.elf.dir/Drivers/STM32F4xx_HAL_Driver/Src/stm32f4xx_hal_spi.c.obj
 .text.HAL_SPI_Init
                0x08004128       0xbe CMakeFiles/Test_Bench.elf.dir/Drivers/STM32F4xx_HAL_Driver/Src/stm32f4xx_hal_spi.c.obj
                0x08004128                HAL_SPI_Init
 .text.HAL_SPI_TransmitReceive
                0x080041e6      0x254 CMakeFiles/Test_Bench.elf.dir/Drivers/STM32F4xx_HAL_Driver/Src/stm32f4xx_hal_spi.c.obj
                0x080041e6                HAL_SPI_TransmitReceive
 .text.HAL_SPI_Receive
                0x0800443a      0x188 CMakeFiles/Test_Bench.elf.dir/Drivers/STM32F4xx_HAL_Driver/Src/stm32f4xx_hal_spi.c.obj
                0x0800443a                HAL_SPI_Receive
 *fill*         0x080045c2        0x2 
 .text.HAL_TIM_Base_Start_IT
                0x080045c4       0x88 CMakeFiles/Test_Bench.elf.dir/Drivers/STM32F4xx_HAL_Driver/Src/stm32f4xx_hal_tim.c.obj
                0x080045c4                HAL_TIM_Base_Start_IT
 .text.HAL_TIM_OC_DelayElapsedCallback
                0x0800464c        0x2 CMakeFiles/Test_Bench.elf.dir/Drivers/STM32F4xx_HAL_Driver/Src/stm32f4xx_hal_tim.c.obj
                0x0800464c                HAL_TIM_OC_DelayElapsedCallback
 .text.HAL_TIM_IC_CaptureCallback
                0x0800464e        0x2 CMakeFiles/Test_Bench.elf.dir/Drivers/STM32F4xx_HAL_Driver/Src/stm32f4xx_hal_tim.c.obj
                0x0800464e                HAL_TIM_IC_CaptureCallback
 .text.HAL_TIM_PWM_PulseFinishedCallback
                0x08004650        0x2 CMakeFiles/Test_Bench.elf.dir/Drivers/STM32F4xx_HAL_Driver/Src/stm32f4xx_hal_tim.c.obj
                0x08004650                HAL_TIM_PWM_PulseFinishedCallback
 .text.HAL_TIM_TriggerCallback
                0x08004652        0x2 CMakeFiles/Test_Bench.elf.dir/Drivers/STM32F4xx_HAL_Driver/Src/stm32f4xx_hal_tim.c.obj
                0x08004652                HAL_TIM_TriggerCallback
 .text.HAL_TIM_IRQHandler
                0x08004654      0x15e CMakeFiles/Test_Bench.elf.dir/Drivers/STM32F4xx_HAL_Driver/Src/stm32f4xx_hal_tim.c.obj
                0x08004654                HAL_TIM_IRQHandler
 *fill*         0x080047b2        0x2 
 .text.TIM_Base_SetConfig
                0x080047b4       0xd8 CMakeFiles/Test_Bench.elf.dir/Drivers/STM32F4xx_HAL_Driver/Src/stm32f4xx_hal_tim.c.obj
                0x080047b4                TIM_Base_SetConfig
 .text.HAL_TIM_Base_Init
                0x0800488c       0x58 CMakeFiles/Test_Bench.elf.dir/Drivers/STM32F4xx_HAL_Driver/Src/stm32f4xx_hal_tim.c.obj
                0x0800488c                HAL_TIM_Base_Init
 .text.HAL_TIMEx_MasterConfigSynchronization
                0x080048e4       0x8c CMakeFiles/Test_Bench.elf.dir/Drivers/STM32F4xx_HAL_Driver/Src/stm32f4xx_hal_tim_ex.c.obj
                0x080048e4                HAL_TIMEx_MasterConfigSynchronization
 .text.HAL_TIMEx_CommutCallback
                0x08004970        0x2 CMakeFiles/Test_Bench.elf.dir/Drivers/STM32F4xx_HAL_Driver/Src/stm32f4xx_hal_tim_ex.c.obj
                0x08004970                HAL_TIMEx_CommutCallback
 .text.HAL_TIMEx_BreakCallback
                0x08004972        0x2 CMakeFiles/Test_Bench.elf.dir/Drivers/STM32F4xx_HAL_Driver/Src/stm32f4xx_hal_tim_ex.c.obj
                0x08004972                HAL_TIMEx_BreakCallback
 .text.UART_EndRxTransfer
                0x08004974       0x5c CMakeFiles/Test_Bench.elf.dir/Drivers/STM32F4xx_HAL_Driver/Src/stm32f4xx_hal_uart.c.obj
 .text.UART_Transmit_IT
                0x080049d0       0x60 CMakeFiles/Test_Bench.elf.dir/Drivers/STM32F4xx_HAL_Driver/Src/stm32f4xx_hal_uart.c.obj
 .text.UART_SetConfig
                0x08004a30      0x110 CMakeFiles/Test_Bench.elf.dir/Drivers/STM32F4xx_HAL_Driver/Src/stm32f4xx_hal_uart.c.obj
 .text.UART_WaitOnFlagUntilTimeout
                0x08004b40       0x86 CMakeFiles/Test_Bench.elf.dir/Drivers/STM32F4xx_HAL_Driver/Src/stm32f4xx_hal_uart.c.obj
 .text.HAL_UART_Init
                0x08004bc6       0x60 CMakeFiles/Test_Bench.elf.dir/Drivers/STM32F4xx_HAL_Driver/Src/stm32f4xx_hal_uart.c.obj
                0x08004bc6                HAL_UART_Init
 .text.HAL_UART_Transmit
                0x08004c26       0xcc CMakeFiles/Test_Bench.elf.dir/Drivers/STM32F4xx_HAL_Driver/Src/stm32f4xx_hal_uart.c.obj
                0x08004c26                HAL_UART_Transmit
 .text.HAL_UART_Receive
                0x08004cf2       0xd2 CMakeFiles/Test_Bench.elf.dir/Drivers/STM32F4xx_HAL_Driver/Src/stm32f4xx_hal_uart.c.obj
                0x08004cf2                HAL_UART_Receive
 .text.HAL_UART_TxCpltCallback
                0x08004dc4        0x2 CMakeFiles/Test_Bench.elf.dir/Drivers/STM32F4xx_HAL_Driver/Src/stm32f4xx_hal_uart.c.obj
                0x08004dc4                HAL_UART_TxCpltCallback
 .text.UART_EndTransmit_IT
                0x08004dc6       0x1a CMakeFiles/Test_Bench.elf.dir/Drivers/STM32F4xx_HAL_Driver/Src/stm32f4xx_hal_uart.c.obj
 .text.HAL_UART_RxCpltCallback
                0x08004de0        0x2 CMakeFiles/Test_Bench.elf.dir/Drivers/STM32F4xx_HAL_Driver/Src/stm32f4xx_hal_uart.c.obj
                0x08004de0                HAL_UART_RxCpltCallback
 .text.HAL_UART_ErrorCallback
                0x08004de2        0x2 CMakeFiles/Test_Bench.elf.dir/Drivers/STM32F4xx_HAL_Driver/Src/stm32f4xx_hal_uart.c.obj
                0x08004de2                HAL_UART_ErrorCallback
 .text.UART_DMAAbortOnError
                0x08004de4       0x10 CMakeFiles/Test_Bench.elf.dir/Drivers/STM32F4xx_HAL_Driver/Src/stm32f4xx_hal_uart.c.obj
 .text.HAL_UARTEx_RxEventCallback
                0x08004df4        0x2 CMakeFiles/Test_Bench.elf.dir/Drivers/STM32F4xx_HAL_Driver/Src/stm32f4xx_hal_uart.c.obj
                0x08004df4                HAL_UARTEx_RxEventCallback
 .text.UART_Receive_IT
                0x08004df6       0xe6 CMakeFiles/Test_Bench.elf.dir/Drivers/STM32F4xx_HAL_Driver/Src/stm32f4xx_hal_uart.c.obj
 .text.HAL_UART_IRQHandler
                0x08004edc      0x284 CMakeFiles/Test_Bench.elf.dir/Drivers/STM32F4xx_HAL_Driver/Src/stm32f4xx_hal_uart.c.obj
                0x08004edc                HAL_UART_IRQHandler
 .text.SDMMC_GetCmdError
                0x08005160       0x38 CMakeFiles/Test_Bench.elf.dir/Drivers/STM32F4xx_HAL_Driver/Src/stm32f4xx_ll_sdmmc.c.obj
 .text.SDIO_Init
                0x08005198       0x32 CMakeFiles/Test_Bench.elf.dir/Drivers/STM32F4xx_HAL_Driver/Src/stm32f4xx_ll_sdmmc.c.obj
                0x08005198                SDIO_Init
 .text.SDIO_ReadFIFO
                0x080051ca        0x6 CMakeFiles/Test_Bench.elf.dir/Drivers/STM32F4xx_HAL_Driver/Src/stm32f4xx_ll_sdmmc.c.obj
                0x080051ca                SDIO_ReadFIFO
 .text.SDIO_WriteFIFO
                0x080051d0        0xa CMakeFiles/Test_Bench.elf.dir/Drivers/STM32F4xx_HAL_Driver/Src/stm32f4xx_ll_sdmmc.c.obj
                0x080051d0                SDIO_WriteFIFO
 .text.SDIO_PowerState_ON
                0x080051da        0x8 CMakeFiles/Test_Bench.elf.dir/Drivers/STM32F4xx_HAL_Driver/Src/stm32f4xx_ll_sdmmc.c.obj
                0x080051da                SDIO_PowerState_ON
 .text.SDIO_GetPowerState
                0x080051e2        0x8 CMakeFiles/Test_Bench.elf.dir/Drivers/STM32F4xx_HAL_Driver/Src/stm32f4xx_ll_sdmmc.c.obj
                0x080051e2                SDIO_GetPowerState
 .text.SDIO_SendCommand
                0x080051ea       0x20 CMakeFiles/Test_Bench.elf.dir/Drivers/STM32F4xx_HAL_Driver/Src/stm32f4xx_ll_sdmmc.c.obj
                0x080051ea                SDIO_SendCommand
 .text.SDIO_GetCommandResponse
                0x0800520a        0x6 CMakeFiles/Test_Bench.elf.dir/Drivers/STM32F4xx_HAL_Driver/Src/stm32f4xx_ll_sdmmc.c.obj
                0x0800520a                SDIO_GetCommandResponse
 .text.SDIO_GetResponse
                0x08005210        0x6 CMakeFiles/Test_Bench.elf.dir/Drivers/STM32F4xx_HAL_Driver/Src/stm32f4xx_ll_sdmmc.c.obj
                0x08005210                SDIO_GetResponse
 .text.SDIO_ConfigData
                0x08005216       0x24 CMakeFiles/Test_Bench.elf.dir/Drivers/STM32F4xx_HAL_Driver/Src/stm32f4xx_ll_sdmmc.c.obj
                0x08005216                SDIO_ConfigData
 .text.SDMMC_CmdGoIdleState
                0x0800523a       0x26 CMakeFiles/Test_Bench.elf.dir/Drivers/STM32F4xx_HAL_Driver/Src/stm32f4xx_ll_sdmmc.c.obj
                0x0800523a                SDMMC_CmdGoIdleState
 .text.SDMMC_GetCmdResp1
                0x08005260      0x154 CMakeFiles/Test_Bench.elf.dir/Drivers/STM32F4xx_HAL_Driver/Src/stm32f4xx_ll_sdmmc.c.obj
                0x08005260                SDMMC_GetCmdResp1
 .text.SDMMC_CmdBlockLength
                0x080053b4       0x30 CMakeFiles/Test_Bench.elf.dir/Drivers/STM32F4xx_HAL_Driver/Src/stm32f4xx_ll_sdmmc.c.obj
                0x080053b4                SDMMC_CmdBlockLength
 .text.SDMMC_CmdReadSingleBlock
                0x080053e4       0x30 CMakeFiles/Test_Bench.elf.dir/Drivers/STM32F4xx_HAL_Driver/Src/stm32f4xx_ll_sdmmc.c.obj
                0x080053e4                SDMMC_CmdReadSingleBlock
 .text.SDMMC_CmdReadMultiBlock
                0x08005414       0x30 CMakeFiles/Test_Bench.elf.dir/Drivers/STM32F4xx_HAL_Driver/Src/stm32f4xx_ll_sdmmc.c.obj
                0x08005414                SDMMC_CmdReadMultiBlock
 .text.SDMMC_CmdWriteSingleBlock
                0x08005444       0x30 CMakeFiles/Test_Bench.elf.dir/Drivers/STM32F4xx_HAL_Driver/Src/stm32f4xx_ll_sdmmc.c.obj
                0x08005444                SDMMC_CmdWriteSingleBlock
 .text.SDMMC_CmdWriteMultiBlock
                0x08005474       0x30 CMakeFiles/Test_Bench.elf.dir/Drivers/STM32F4xx_HAL_Driver/Src/stm32f4xx_ll_sdmmc.c.obj
                0x08005474                SDMMC_CmdWriteMultiBlock
 .text.SDMMC_CmdStopTransfer
                0x080054a4       0x34 CMakeFiles/Test_Bench.elf.dir/Drivers/STM32F4xx_HAL_Driver/Src/stm32f4xx_ll_sdmmc.c.obj
                0x080054a4                SDMMC_CmdStopTransfer
 .text.SDMMC_CmdSelDesel
                0x080054d8       0x30 CMakeFiles/Test_Bench.elf.dir/Drivers/STM32F4xx_HAL_Driver/Src/stm32f4xx_ll_sdmmc.c.obj
                0x080054d8                SDMMC_CmdSelDesel
 .text.SDMMC_CmdAppCommand
                0x08005508       0x30 CMakeFiles/Test_Bench.elf.dir/Drivers/STM32F4xx_HAL_Driver/Src/stm32f4xx_ll_sdmmc.c.obj
                0x08005508                SDMMC_CmdAppCommand
 .text.SDMMC_CmdSendStatus
                0x08005538       0x30 CMakeFiles/Test_Bench.elf.dir/Drivers/STM32F4xx_HAL_Driver/Src/stm32f4xx_ll_sdmmc.c.obj
                0x08005538                SDMMC_CmdSendStatus
 .text.SDMMC_GetCmdResp2
                0x08005568       0x5c CMakeFiles/Test_Bench.elf.dir/Drivers/STM32F4xx_HAL_Driver/Src/stm32f4xx_ll_sdmmc.c.obj
                0x08005568                SDMMC_GetCmdResp2
 .text.SDMMC_CmdSendCID
                0x080055c4       0x2a CMakeFiles/Test_Bench.elf.dir/Drivers/STM32F4xx_HAL_Driver/Src/stm32f4xx_ll_sdmmc.c.obj
                0x080055c4                SDMMC_CmdSendCID
 .text.SDMMC_CmdSendCSD
                0x080055ee       0x2a CMakeFiles/Test_Bench.elf.dir/Drivers/STM32F4xx_HAL_Driver/Src/stm32f4xx_ll_sdmmc.c.obj
                0x080055ee                SDMMC_CmdSendCSD
 .text.SDMMC_GetCmdResp3
                0x08005618       0x4c CMakeFiles/Test_Bench.elf.dir/Drivers/STM32F4xx_HAL_Driver/Src/stm32f4xx_ll_sdmmc.c.obj
                0x08005618                SDMMC_GetCmdResp3
 .text.SDMMC_CmdAppOperCommand
                0x08005664       0x32 CMakeFiles/Test_Bench.elf.dir/Drivers/STM32F4xx_HAL_Driver/Src/stm32f4xx_ll_sdmmc.c.obj
                0x08005664                SDMMC_CmdAppOperCommand
 *fill*         0x08005696        0x2 
 .text.SDMMC_GetCmdResp6
                0x08005698       0xa0 CMakeFiles/Test_Bench.elf.dir/Drivers/STM32F4xx_HAL_Driver/Src/stm32f4xx_ll_sdmmc.c.obj
                0x08005698                SDMMC_GetCmdResp6
 .text.SDMMC_CmdSetRelAdd
                0x08005738       0x30 CMakeFiles/Test_Bench.elf.dir/Drivers/STM32F4xx_HAL_Driver/Src/stm32f4xx_ll_sdmmc.c.obj
                0x08005738                SDMMC_CmdSetRelAdd
 .text.SDMMC_GetCmdResp7
                0x08005768       0x64 CMakeFiles/Test_Bench.elf.dir/Drivers/STM32F4xx_HAL_Driver/Src/stm32f4xx_ll_sdmmc.c.obj
                0x08005768                SDMMC_GetCmdResp7
 .text.SDMMC_CmdOperCond
                0x080057cc       0x2e CMakeFiles/Test_Bench.elf.dir/Drivers/STM32F4xx_HAL_Driver/Src/stm32f4xx_ll_sdmmc.c.obj
                0x080057cc                SDMMC_CmdOperCond
 .text.USB_CoreReset
                0x080057fa       0x4a CMakeFiles/Test_Bench.elf.dir/Drivers/STM32F4xx_HAL_Driver/Src/stm32f4xx_ll_usb.c.obj
 .text.USB_CoreInit
                0x08005844       0x92 CMakeFiles/Test_Bench.elf.dir/Drivers/STM32F4xx_HAL_Driver/Src/stm32f4xx_ll_usb.c.obj
                0x08005844                USB_CoreInit
 *fill*         0x080058d6        0x2 
 .text.USB_SetTurnaroundTime
                0x080058d8       0xe4 CMakeFiles/Test_Bench.elf.dir/Drivers/STM32F4xx_HAL_Driver/Src/stm32f4xx_ll_usb.c.obj
                0x080058d8                USB_SetTurnaroundTime
 .text.USB_EnableGlobalInt
                0x080059bc        0xc CMakeFiles/Test_Bench.elf.dir/Drivers/STM32F4xx_HAL_Driver/Src/stm32f4xx_ll_usb.c.obj
                0x080059bc                USB_EnableGlobalInt
 .text.USB_DisableGlobalInt
                0x080059c8        0xc CMakeFiles/Test_Bench.elf.dir/Drivers/STM32F4xx_HAL_Driver/Src/stm32f4xx_ll_usb.c.obj
                0x080059c8                USB_DisableGlobalInt
 .text.USB_FlushTxFifo
                0x080059d4       0x4a CMakeFiles/Test_Bench.elf.dir/Drivers/STM32F4xx_HAL_Driver/Src/stm32f4xx_ll_usb.c.obj
                0x080059d4                USB_FlushTxFifo
 .text.USB_FlushRxFifo
                0x08005a1e       0x46 CMakeFiles/Test_Bench.elf.dir/Drivers/STM32F4xx_HAL_Driver/Src/stm32f4xx_ll_usb.c.obj
                0x08005a1e                USB_FlushRxFifo
 .text.USB_SetDevSpeed
                0x08005a64        0xe CMakeFiles/Test_Bench.elf.dir/Drivers/STM32F4xx_HAL_Driver/Src/stm32f4xx_ll_usb.c.obj
                0x08005a64                USB_SetDevSpeed
 *fill*         0x08005a72        0x2 
 .text.USB_DevInit
                0x08005a74      0x194 CMakeFiles/Test_Bench.elf.dir/Drivers/STM32F4xx_HAL_Driver/Src/stm32f4xx_ll_usb.c.obj
                0x08005a74                USB_DevInit
 .text.USB_GetDevSpeed
                0x08005c08       0x22 CMakeFiles/Test_Bench.elf.dir/Drivers/STM32F4xx_HAL_Driver/Src/stm32f4xx_ll_usb.c.obj
                0x08005c08                USB_GetDevSpeed
 .text.USB_ActivateEndpoint
                0x08005c2a       0x9a CMakeFiles/Test_Bench.elf.dir/Drivers/STM32F4xx_HAL_Driver/Src/stm32f4xx_ll_usb.c.obj
                0x08005c2a                USB_ActivateEndpoint
 .text.USB_DeactivateEndpoint
                0x08005cc4       0xe0 CMakeFiles/Test_Bench.elf.dir/Drivers/STM32F4xx_HAL_Driver/Src/stm32f4xx_ll_usb.c.obj
                0x08005cc4                USB_DeactivateEndpoint
 .text.USB_EPStopXfer
                0x08005da4       0xbc CMakeFiles/Test_Bench.elf.dir/Drivers/STM32F4xx_HAL_Driver/Src/stm32f4xx_ll_usb.c.obj
                0x08005da4                USB_EPStopXfer
 .text.USB_WritePacket
                0x08005e60       0x2e CMakeFiles/Test_Bench.elf.dir/Drivers/STM32F4xx_HAL_Driver/Src/stm32f4xx_ll_usb.c.obj
                0x08005e60                USB_WritePacket
 *fill*         0x08005e8e        0x2 
 .text.USB_EPStartXfer
                0x08005e90      0x244 CMakeFiles/Test_Bench.elf.dir/Drivers/STM32F4xx_HAL_Driver/Src/stm32f4xx_ll_usb.c.obj
                0x08005e90                USB_EPStartXfer
 .text.USB_ReadPacket
                0x080060d4       0x46 CMakeFiles/Test_Bench.elf.dir/Drivers/STM32F4xx_HAL_Driver/Src/stm32f4xx_ll_usb.c.obj
                0x080060d4                USB_ReadPacket
 .text.USB_EPSetStall
                0x0800611a       0x5a CMakeFiles/Test_Bench.elf.dir/Drivers/STM32F4xx_HAL_Driver/Src/stm32f4xx_ll_usb.c.obj
                0x0800611a                USB_EPSetStall
 .text.USB_EPClearStall
                0x08006174       0x5c CMakeFiles/Test_Bench.elf.dir/Drivers/STM32F4xx_HAL_Driver/Src/stm32f4xx_ll_usb.c.obj
                0x08006174                USB_EPClearStall
 .text.USB_SetDevAddress
                0x080061d0       0x20 CMakeFiles/Test_Bench.elf.dir/Drivers/STM32F4xx_HAL_Driver/Src/stm32f4xx_ll_usb.c.obj
                0x080061d0                USB_SetDevAddress
 .text.USB_DevConnect
                0x080061f0       0x1c CMakeFiles/Test_Bench.elf.dir/Drivers/STM32F4xx_HAL_Driver/Src/stm32f4xx_ll_usb.c.obj
                0x080061f0                USB_DevConnect
 .text.USB_DevDisconnect
                0x0800620c       0x1c CMakeFiles/Test_Bench.elf.dir/Drivers/STM32F4xx_HAL_Driver/Src/stm32f4xx_ll_usb.c.obj
                0x0800620c                USB_DevDisconnect
 .text.USB_ReadInterrupts
                0x08006228        0x8 CMakeFiles/Test_Bench.elf.dir/Drivers/STM32F4xx_HAL_Driver/Src/stm32f4xx_ll_usb.c.obj
                0x08006228                USB_ReadInterrupts
 .text.USB_ReadDevAllOutEpInterrupt
                0x08006230       0x10 CMakeFiles/Test_Bench.elf.dir/Drivers/STM32F4xx_HAL_Driver/Src/stm32f4xx_ll_usb.c.obj
                0x08006230                USB_ReadDevAllOutEpInterrupt
 .text.USB_ReadDevAllInEpInterrupt
                0x08006240       0x10 CMakeFiles/Test_Bench.elf.dir/Drivers/STM32F4xx_HAL_Driver/Src/stm32f4xx_ll_usb.c.obj
                0x08006240                USB_ReadDevAllInEpInterrupt
 .text.USB_ReadDevOutEPInterrupt
                0x08006250       0x12 CMakeFiles/Test_Bench.elf.dir/Drivers/STM32F4xx_HAL_Driver/Src/stm32f4xx_ll_usb.c.obj
                0x08006250                USB_ReadDevOutEPInterrupt
 .text.USB_ReadDevInEPInterrupt
                0x08006262       0x24 CMakeFiles/Test_Bench.elf.dir/Drivers/STM32F4xx_HAL_Driver/Src/stm32f4xx_ll_usb.c.obj
                0x08006262                USB_ReadDevInEPInterrupt
 .text.USB_GetMode
                0x08006286        0x8 CMakeFiles/Test_Bench.elf.dir/Drivers/STM32F4xx_HAL_Driver/Src/stm32f4xx_ll_usb.c.obj
                0x08006286                USB_GetMode
 .text.USB_SetCurrentMode
                0x0800628e       0x62 CMakeFiles/Test_Bench.elf.dir/Drivers/STM32F4xx_HAL_Driver/Src/stm32f4xx_ll_usb.c.obj
                0x0800628e                USB_SetCurrentMode
 .text.USB_ActivateSetup
                0x080062f0       0x1c CMakeFiles/Test_Bench.elf.dir/Drivers/STM32F4xx_HAL_Driver/Src/stm32f4xx_ll_usb.c.obj
                0x080062f0                USB_ActivateSetup
 .text.USB_EP0_OutStart
                0x0800630c       0x5c CMakeFiles/Test_Bench.elf.dir/Drivers/STM32F4xx_HAL_Driver/Src/stm32f4xx_ll_usb.c.obj
                0x0800630c                USB_EP0_OutStart
 .text.MX_FATFS_Init
                0x08006368       0x1c CMakeFiles/Test_Bench.elf.dir/FATFS/App/fatfs.c.obj
                0x08006368                MX_FATFS_Init
 .text.get_fattime
                0x08006384        0x4 CMakeFiles/Test_Bench.elf.dir/FATFS/App/fatfs.c.obj
                0x08006384                get_fattime
 .text.BSP_SD_ReadBlocks
                0x08006388       0x20 CMakeFiles/Test_Bench.elf.dir/FATFS/Target/bsp_driver_sd.c.obj
                0x08006388                BSP_SD_ReadBlocks
 .text.BSP_SD_WriteBlocks
                0x080063a8       0x20 CMakeFiles/Test_Bench.elf.dir/FATFS/Target/bsp_driver_sd.c.obj
                0x080063a8                BSP_SD_WriteBlocks
 .text.BSP_SD_GetCardState
                0x080063c8       0x14 CMakeFiles/Test_Bench.elf.dir/FATFS/Target/bsp_driver_sd.c.obj
                0x080063c8                BSP_SD_GetCardState
 .text.BSP_SD_GetCardInfo
                0x080063dc       0x10 CMakeFiles/Test_Bench.elf.dir/FATFS/Target/bsp_driver_sd.c.obj
                0x080063dc                BSP_SD_GetCardInfo
 .text.BSP_SD_AbortCallback
                0x080063ec        0x2 CMakeFiles/Test_Bench.elf.dir/FATFS/Target/bsp_driver_sd.c.obj
                0x080063ec                BSP_SD_AbortCallback
 .text.HAL_SD_AbortCallback
                0x080063ee        0x8 CMakeFiles/Test_Bench.elf.dir/FATFS/Target/bsp_driver_sd.c.obj
                0x080063ee                HAL_SD_AbortCallback
 .text.BSP_SD_WriteCpltCallback
                0x080063f6        0x2 CMakeFiles/Test_Bench.elf.dir/FATFS/Target/bsp_driver_sd.c.obj
                0x080063f6                BSP_SD_WriteCpltCallback
 .text.HAL_SD_TxCpltCallback
                0x080063f8        0x8 CMakeFiles/Test_Bench.elf.dir/FATFS/Target/bsp_driver_sd.c.obj
                0x080063f8                HAL_SD_TxCpltCallback
 .text.BSP_SD_ReadCpltCallback
                0x08006400        0x2 CMakeFiles/Test_Bench.elf.dir/FATFS/Target/bsp_driver_sd.c.obj
                0x08006400                BSP_SD_ReadCpltCallback
 .text.HAL_SD_RxCpltCallback
                0x08006402        0x8 CMakeFiles/Test_Bench.elf.dir/FATFS/Target/bsp_driver_sd.c.obj
                0x08006402                HAL_SD_RxCpltCallback
 .text.BSP_SD_IsDetected
                0x0800640a       0x10 CMakeFiles/Test_Bench.elf.dir/FATFS/Target/bsp_driver_sd.c.obj
                0x0800640a                BSP_SD_IsDetected
 *fill*         0x0800641a        0x2 
 .text.BSP_SD_Init
                0x0800641c       0x1c CMakeFiles/Test_Bench.elf.dir/FATFS/Target/bsp_driver_sd.c.obj
                0x0800641c                BSP_SD_Init
 .text.SD_CheckStatus
                0x08006438       0x24 CMakeFiles/Test_Bench.elf.dir/FATFS/Target/sd_diskio.c.obj
 .text.SD_initialize
                0x0800645c       0x28 CMakeFiles/Test_Bench.elf.dir/FATFS/Target/sd_diskio.c.obj
                0x0800645c                SD_initialize
 .text.SD_status
                0x08006484        0x8 CMakeFiles/Test_Bench.elf.dir/FATFS/Target/sd_diskio.c.obj
                0x08006484                SD_status
 .text.SD_read  0x0800648c       0x24 CMakeFiles/Test_Bench.elf.dir/FATFS/Target/sd_diskio.c.obj
                0x0800648c                SD_read
 .text.SD_write
                0x080064b0       0x24 CMakeFiles/Test_Bench.elf.dir/FATFS/Target/sd_diskio.c.obj
                0x080064b0                SD_write
 .text.SD_ioctl
                0x080064d4       0x58 CMakeFiles/Test_Bench.elf.dir/FATFS/Target/sd_diskio.c.obj
                0x080064d4                SD_ioctl
 .text.USBD_CDC_EP0_RxReady
                0x0800652c       0x40 CMakeFiles/Test_Bench.elf.dir/Middlewares/ST/STM32_USB_Device_Library/Class/CDC/Src/usbd_cdc.c.obj
 .text.USBD_CDC_GetDeviceQualifierDescriptor
                0x0800656c        0xc CMakeFiles/Test_Bench.elf.dir/Middlewares/ST/STM32_USB_Device_Library/Class/CDC/Src/usbd_cdc.c.obj
                0x0800656c                USBD_CDC_GetDeviceQualifierDescriptor
 .text.USBD_CDC_GetOtherSpeedCfgDesc
                0x08006578       0x48 CMakeFiles/Test_Bench.elf.dir/Middlewares/ST/STM32_USB_Device_Library/Class/CDC/Src/usbd_cdc.c.obj
 .text.USBD_CDC_GetFSCfgDesc
                0x080065c0       0x48 CMakeFiles/Test_Bench.elf.dir/Middlewares/ST/STM32_USB_Device_Library/Class/CDC/Src/usbd_cdc.c.obj
 .text.USBD_CDC_GetHSCfgDesc
                0x08006608       0x48 CMakeFiles/Test_Bench.elf.dir/Middlewares/ST/STM32_USB_Device_Library/Class/CDC/Src/usbd_cdc.c.obj
 .text.USBD_CDC_DataOut
                0x08006650       0x38 CMakeFiles/Test_Bench.elf.dir/Middlewares/ST/STM32_USB_Device_Library/Class/CDC/Src/usbd_cdc.c.obj
 .text.USBD_CDC_DataIn
                0x08006688       0x7c CMakeFiles/Test_Bench.elf.dir/Middlewares/ST/STM32_USB_Device_Library/Class/CDC/Src/usbd_cdc.c.obj
 .text.USBD_CDC_Setup
                0x08006704      0x11a CMakeFiles/Test_Bench.elf.dir/Middlewares/ST/STM32_USB_Device_Library/Class/CDC/Src/usbd_cdc.c.obj
 .text.USBD_CDC_DeInit
                0x0800681e       0x64 CMakeFiles/Test_Bench.elf.dir/Middlewares/ST/STM32_USB_Device_Library/Class/CDC/Src/usbd_cdc.c.obj
 .text.USBD_CDC_Init
                0x08006882       0xee CMakeFiles/Test_Bench.elf.dir/Middlewares/ST/STM32_USB_Device_Library/Class/CDC/Src/usbd_cdc.c.obj
 .text.USBD_CDC_RegisterInterface
                0x08006970       0x16 CMakeFiles/Test_Bench.elf.dir/Middlewares/ST/STM32_USB_Device_Library/Class/CDC/Src/usbd_cdc.c.obj
                0x08006970                USBD_CDC_RegisterInterface
 .text.USBD_CDC_SetTxBuffer
                0x08006986       0x1c CMakeFiles/Test_Bench.elf.dir/Middlewares/ST/STM32_USB_Device_Library/Class/CDC/Src/usbd_cdc.c.obj
                0x08006986                USBD_CDC_SetTxBuffer
 .text.USBD_CDC_SetRxBuffer
                0x080069a2       0x18 CMakeFiles/Test_Bench.elf.dir/Middlewares/ST/STM32_USB_Device_Library/Class/CDC/Src/usbd_cdc.c.obj
                0x080069a2                USBD_CDC_SetRxBuffer
 .text.USBD_CDC_TransmitPacket
                0x080069ba       0x36 CMakeFiles/Test_Bench.elf.dir/Middlewares/ST/STM32_USB_Device_Library/Class/CDC/Src/usbd_cdc.c.obj
                0x080069ba                USBD_CDC_TransmitPacket
 .text.USBD_CDC_ReceivePacket
                0x080069f0       0x38 CMakeFiles/Test_Bench.elf.dir/Middlewares/ST/STM32_USB_Device_Library/Class/CDC/Src/usbd_cdc.c.obj
                0x080069f0                USBD_CDC_ReceivePacket
 .text.USBD_Init
                0x08006a28       0x2e CMakeFiles/Test_Bench.elf.dir/Middlewares/ST/STM32_USB_Device_Library/Core/Src/usbd_core.c.obj
                0x08006a28                USBD_Init
 .text.USBD_RegisterClass
                0x08006a56       0x40 CMakeFiles/Test_Bench.elf.dir/Middlewares/ST/STM32_USB_Device_Library/Core/Src/usbd_core.c.obj
                0x08006a56                USBD_RegisterClass
 .text.USBD_Start
                0x08006a96        0x8 CMakeFiles/Test_Bench.elf.dir/Middlewares/ST/STM32_USB_Device_Library/Core/Src/usbd_core.c.obj
                0x08006a96                USBD_Start
 .text.USBD_SetClassConfig
                0x08006a9e       0x12 CMakeFiles/Test_Bench.elf.dir/Middlewares/ST/STM32_USB_Device_Library/Core/Src/usbd_core.c.obj
                0x08006a9e                USBD_SetClassConfig
 .text.USBD_ClrClassConfig
                0x08006ab0       0x12 CMakeFiles/Test_Bench.elf.dir/Middlewares/ST/STM32_USB_Device_Library/Core/Src/usbd_core.c.obj
                0x08006ab0                USBD_ClrClassConfig
 .text.USBD_LL_SetupStage
                0x08006ac2       0x58 CMakeFiles/Test_Bench.elf.dir/Middlewares/ST/STM32_USB_Device_Library/Core/Src/usbd_core.c.obj
                0x08006ac2                USBD_LL_SetupStage
 .text.USBD_LL_Reset
                0x08006b1a       0x64 CMakeFiles/Test_Bench.elf.dir/Middlewares/ST/STM32_USB_Device_Library/Core/Src/usbd_core.c.obj
                0x08006b1a                USBD_LL_Reset
 .text.USBD_LL_SetSpeed
                0x08006b7e        0x6 CMakeFiles/Test_Bench.elf.dir/Middlewares/ST/STM32_USB_Device_Library/Core/Src/usbd_core.c.obj
                0x08006b7e                USBD_LL_SetSpeed
 .text.USBD_LL_Suspend
                0x08006b84       0x1e CMakeFiles/Test_Bench.elf.dir/Middlewares/ST/STM32_USB_Device_Library/Core/Src/usbd_core.c.obj
                0x08006b84                USBD_LL_Suspend
 .text.USBD_LL_Resume
                0x08006ba2       0x1a CMakeFiles/Test_Bench.elf.dir/Middlewares/ST/STM32_USB_Device_Library/Core/Src/usbd_core.c.obj
                0x08006ba2                USBD_LL_Resume
 .text.USBD_LL_SOF
                0x08006bbc       0x22 CMakeFiles/Test_Bench.elf.dir/Middlewares/ST/STM32_USB_Device_Library/Core/Src/usbd_core.c.obj
                0x08006bbc                USBD_LL_SOF
 .text.USBD_LL_IsoINIncomplete
                0x08006bde       0x2e CMakeFiles/Test_Bench.elf.dir/Middlewares/ST/STM32_USB_Device_Library/Core/Src/usbd_core.c.obj
                0x08006bde                USBD_LL_IsoINIncomplete
 .text.USBD_LL_IsoOUTIncomplete
                0x08006c0c       0x2e CMakeFiles/Test_Bench.elf.dir/Middlewares/ST/STM32_USB_Device_Library/Core/Src/usbd_core.c.obj
                0x08006c0c                USBD_LL_IsoOUTIncomplete
 .text.USBD_LL_DevConnected
                0x08006c3a        0x4 CMakeFiles/Test_Bench.elf.dir/Middlewares/ST/STM32_USB_Device_Library/Core/Src/usbd_core.c.obj
                0x08006c3a                USBD_LL_DevConnected
 .text.USBD_LL_DevDisconnected
                0x08006c3e       0x20 CMakeFiles/Test_Bench.elf.dir/Middlewares/ST/STM32_USB_Device_Library/Core/Src/usbd_core.c.obj
                0x08006c3e                USBD_LL_DevDisconnected
 .text.USBD_CoreFindIF
                0x08006c5e        0x4 CMakeFiles/Test_Bench.elf.dir/Middlewares/ST/STM32_USB_Device_Library/Core/Src/usbd_core.c.obj
                0x08006c5e                USBD_CoreFindIF
 .text.USBD_CoreFindEP
                0x08006c62        0x4 CMakeFiles/Test_Bench.elf.dir/Middlewares/ST/STM32_USB_Device_Library/Core/Src/usbd_core.c.obj
                0x08006c62                USBD_CoreFindEP
 .text.USBD_LL_DataOutStage
                0x08006c66       0xc4 CMakeFiles/Test_Bench.elf.dir/Middlewares/ST/STM32_USB_Device_Library/Core/Src/usbd_core.c.obj
                0x08006c66                USBD_LL_DataOutStage
 .text.USBD_LL_DataInStage
                0x08006d2a       0xd6 CMakeFiles/Test_Bench.elf.dir/Middlewares/ST/STM32_USB_Device_Library/Core/Src/usbd_core.c.obj
                0x08006d2a                USBD_LL_DataInStage
 .text.USBD_GetNextDesc
                0x08006e00        0xe CMakeFiles/Test_Bench.elf.dir/Middlewares/ST/STM32_USB_Device_Library/Core/Src/usbd_core.c.obj
                0x08006e00                USBD_GetNextDesc
 .text.USBD_GetEpDesc
                0x08006e0e       0x3e CMakeFiles/Test_Bench.elf.dir/Middlewares/ST/STM32_USB_Device_Library/Core/Src/usbd_core.c.obj
                0x08006e0e                USBD_GetEpDesc
 .text.USBD_GetLen
                0x08006e4c       0x14 CMakeFiles/Test_Bench.elf.dir/Middlewares/ST/STM32_USB_Device_Library/Core/Src/usbd_ctlreq.c.obj
 .text.USBD_ParseSetupRequest
                0x08006e60       0x28 CMakeFiles/Test_Bench.elf.dir/Middlewares/ST/STM32_USB_Device_Library/Core/Src/usbd_ctlreq.c.obj
                0x08006e60                USBD_ParseSetupRequest
 .text.USBD_CtlError
                0x08006e88       0x14 CMakeFiles/Test_Bench.elf.dir/Middlewares/ST/STM32_USB_Device_Library/Core/Src/usbd_ctlreq.c.obj
                0x08006e88                USBD_CtlError
 .text.USBD_GetDescriptor
                0x08006e9c      0x18a CMakeFiles/Test_Bench.elf.dir/Middlewares/ST/STM32_USB_Device_Library/Core/Src/usbd_ctlreq.c.obj
 .text.USBD_SetAddress
                0x08007026       0x50 CMakeFiles/Test_Bench.elf.dir/Middlewares/ST/STM32_USB_Device_Library/Core/Src/usbd_ctlreq.c.obj
 *fill*         0x08007076        0x2 
 .text.USBD_SetConfig
                0x08007078       0xcc CMakeFiles/Test_Bench.elf.dir/Middlewares/ST/STM32_USB_Device_Library/Core/Src/usbd_ctlreq.c.obj
 .text.USBD_GetConfig
                0x08007144       0x40 CMakeFiles/Test_Bench.elf.dir/Middlewares/ST/STM32_USB_Device_Library/Core/Src/usbd_ctlreq.c.obj
 .text.USBD_GetStatus
                0x08007184       0x38 CMakeFiles/Test_Bench.elf.dir/Middlewares/ST/STM32_USB_Device_Library/Core/Src/usbd_ctlreq.c.obj
 .text.USBD_SetFeature
                0x080071bc       0x2a CMakeFiles/Test_Bench.elf.dir/Middlewares/ST/STM32_USB_Device_Library/Core/Src/usbd_ctlreq.c.obj
 .text.USBD_ClrFeature
                0x080071e6       0x26 CMakeFiles/Test_Bench.elf.dir/Middlewares/ST/STM32_USB_Device_Library/Core/Src/usbd_ctlreq.c.obj
 .text.USBD_StdDevReq
                0x0800720c       0x76 CMakeFiles/Test_Bench.elf.dir/Middlewares/ST/STM32_USB_Device_Library/Core/Src/usbd_ctlreq.c.obj
                0x0800720c                USBD_StdDevReq
 .text.USBD_StdItfReq
                0x08007282       0x84 CMakeFiles/Test_Bench.elf.dir/Middlewares/ST/STM32_USB_Device_Library/Core/Src/usbd_ctlreq.c.obj
                0x08007282                USBD_StdItfReq
 .text.USBD_StdEPReq
                0x08007306      0x230 CMakeFiles/Test_Bench.elf.dir/Middlewares/ST/STM32_USB_Device_Library/Core/Src/usbd_ctlreq.c.obj
                0x08007306                USBD_StdEPReq
 .text.USBD_GetString
                0x08007536       0x46 CMakeFiles/Test_Bench.elf.dir/Middlewares/ST/STM32_USB_Device_Library/Core/Src/usbd_ctlreq.c.obj
                0x08007536                USBD_GetString
 .text.USBD_CtlSendData
                0x0800757c       0x1a CMakeFiles/Test_Bench.elf.dir/Middlewares/ST/STM32_USB_Device_Library/Core/Src/usbd_ioreq.c.obj
                0x0800757c                USBD_CtlSendData
 .text.USBD_CtlContinueSendData
                0x08007596       0x10 CMakeFiles/Test_Bench.elf.dir/Middlewares/ST/STM32_USB_Device_Library/Core/Src/usbd_ioreq.c.obj
                0x08007596                USBD_CtlContinueSendData
 .text.USBD_CtlPrepareRx
                0x080075a6       0x1e CMakeFiles/Test_Bench.elf.dir/Middlewares/ST/STM32_USB_Device_Library/Core/Src/usbd_ioreq.c.obj
                0x080075a6                USBD_CtlPrepareRx
 .text.USBD_CtlContinueRx
                0x080075c4       0x10 CMakeFiles/Test_Bench.elf.dir/Middlewares/ST/STM32_USB_Device_Library/Core/Src/usbd_ioreq.c.obj
                0x080075c4                USBD_CtlContinueRx
 .text.USBD_CtlSendStatus
                0x080075d4       0x16 CMakeFiles/Test_Bench.elf.dir/Middlewares/ST/STM32_USB_Device_Library/Core/Src/usbd_ioreq.c.obj
                0x080075d4                USBD_CtlSendStatus
 .text.USBD_CtlReceiveStatus
                0x080075ea       0x16 CMakeFiles/Test_Bench.elf.dir/Middlewares/ST/STM32_USB_Device_Library/Core/Src/usbd_ioreq.c.obj
                0x080075ea                USBD_CtlReceiveStatus
 .text.disk_status
                0x08007600       0x18 CMakeFiles/Test_Bench.elf.dir/Middlewares/Third_Party/FatFs/src/diskio.c.obj
                0x08007600                disk_status
 .text.disk_initialize
                0x08007618       0x2c CMakeFiles/Test_Bench.elf.dir/Middlewares/Third_Party/FatFs/src/diskio.c.obj
                0x08007618                disk_initialize
 .text.disk_read
                0x08007644       0x18 CMakeFiles/Test_Bench.elf.dir/Middlewares/Third_Party/FatFs/src/diskio.c.obj
                0x08007644                disk_read
 .text.disk_write
                0x0800765c       0x18 CMakeFiles/Test_Bench.elf.dir/Middlewares/Third_Party/FatFs/src/diskio.c.obj
                0x0800765c                disk_write
 .text.disk_ioctl
                0x08007674       0x18 CMakeFiles/Test_Bench.elf.dir/Middlewares/Third_Party/FatFs/src/diskio.c.obj
                0x08007674                disk_ioctl
 .text.ld_word  0x0800768c        0xa CMakeFiles/Test_Bench.elf.dir/Middlewares/Third_Party/FatFs/src/ff.c.obj
 .text.ld_dword
                0x08007696       0x16 CMakeFiles/Test_Bench.elf.dir/Middlewares/Third_Party/FatFs/src/ff.c.obj
 .text.st_word  0x080076ac        0x8 CMakeFiles/Test_Bench.elf.dir/Middlewares/Third_Party/FatFs/src/ff.c.obj
 .text.st_dword
                0x080076b4       0x14 CMakeFiles/Test_Bench.elf.dir/Middlewares/Third_Party/FatFs/src/ff.c.obj
 .text.mem_cpy  0x080076c8       0x14 CMakeFiles/Test_Bench.elf.dir/Middlewares/Third_Party/FatFs/src/ff.c.obj
 .text.mem_set  0x080076dc        0xa CMakeFiles/Test_Bench.elf.dir/Middlewares/Third_Party/FatFs/src/ff.c.obj
 .text.mem_cmp  0x080076e6       0x1a CMakeFiles/Test_Bench.elf.dir/Middlewares/Third_Party/FatFs/src/ff.c.obj
 .text.chk_chr  0x08007700       0x10 CMakeFiles/Test_Bench.elf.dir/Middlewares/Third_Party/FatFs/src/ff.c.obj
 .text.chk_lock
                0x08007710       0x74 CMakeFiles/Test_Bench.elf.dir/Middlewares/Third_Party/FatFs/src/ff.c.obj
 .text.enq_lock
                0x08007784       0x20 CMakeFiles/Test_Bench.elf.dir/Middlewares/Third_Party/FatFs/src/ff.c.obj
 .text.inc_lock
                0x080077a4       0xa4 CMakeFiles/Test_Bench.elf.dir/Middlewares/Third_Party/FatFs/src/ff.c.obj
 .text.dec_lock
                0x08007848       0x40 CMakeFiles/Test_Bench.elf.dir/Middlewares/Third_Party/FatFs/src/ff.c.obj
 .text.clear_lock
                0x08007888       0x38 CMakeFiles/Test_Bench.elf.dir/Middlewares/Third_Party/FatFs/src/ff.c.obj
 .text.clust2sect
                0x080078c0       0x18 CMakeFiles/Test_Bench.elf.dir/Middlewares/Third_Party/FatFs/src/ff.c.obj
 .text.clmt_clust
                0x080078d8       0x22 CMakeFiles/Test_Bench.elf.dir/Middlewares/Third_Party/FatFs/src/ff.c.obj
 .text.ld_clust
                0x080078fa       0x26 CMakeFiles/Test_Bench.elf.dir/Middlewares/Third_Party/FatFs/src/ff.c.obj
 .text.st_clust
                0x08007920       0x26 CMakeFiles/Test_Bench.elf.dir/Middlewares/Third_Party/FatFs/src/ff.c.obj
 *fill*         0x08007946        0x2 
 .text.put_lfn  0x08007948       0x78 CMakeFiles/Test_Bench.elf.dir/Middlewares/Third_Party/FatFs/src/ff.c.obj
 .text.gen_numname
                0x080079c0       0xbc CMakeFiles/Test_Bench.elf.dir/Middlewares/Third_Party/FatFs/src/ff.c.obj
 .text.sum_sfn  0x08007a7c       0x20 CMakeFiles/Test_Bench.elf.dir/Middlewares/Third_Party/FatFs/src/ff.c.obj
 .text.get_ldnumber
                0x08007a9c       0x52 CMakeFiles/Test_Bench.elf.dir/Middlewares/Third_Party/FatFs/src/ff.c.obj
 .text.validate
                0x08007aee       0x46 CMakeFiles/Test_Bench.elf.dir/Middlewares/Third_Party/FatFs/src/ff.c.obj
 .text.sync_window
                0x08007b34       0x54 CMakeFiles/Test_Bench.elf.dir/Middlewares/Third_Party/FatFs/src/ff.c.obj
 .text.move_window
                0x08007b88       0x36 CMakeFiles/Test_Bench.elf.dir/Middlewares/Third_Party/FatFs/src/ff.c.obj
 *fill*         0x08007bbe        0x2 
 .text.check_fs
                0x08007bc0       0x78 CMakeFiles/Test_Bench.elf.dir/Middlewares/Third_Party/FatFs/src/ff.c.obj
 .text.find_volume
                0x08007c38      0x2fc CMakeFiles/Test_Bench.elf.dir/Middlewares/Third_Party/FatFs/src/ff.c.obj
 .text.put_fat  0x08007f34      0x104 CMakeFiles/Test_Bench.elf.dir/Middlewares/Third_Party/FatFs/src/ff.c.obj
 .text.get_fat  0x08008038       0xd0 CMakeFiles/Test_Bench.elf.dir/Middlewares/Third_Party/FatFs/src/ff.c.obj
 .text.dir_sdi  0x08008108       0xac CMakeFiles/Test_Bench.elf.dir/Middlewares/Third_Party/FatFs/src/ff.c.obj
 .text.create_chain
                0x080081b4       0xcc CMakeFiles/Test_Bench.elf.dir/Middlewares/Third_Party/FatFs/src/ff.c.obj
 .text.remove_chain
                0x08008280       0x7e CMakeFiles/Test_Bench.elf.dir/Middlewares/Third_Party/FatFs/src/ff.c.obj
 .text.dir_next
                0x080082fe      0x108 CMakeFiles/Test_Bench.elf.dir/Middlewares/Third_Party/FatFs/src/ff.c.obj
 .text.dir_alloc
                0x08008406       0x50 CMakeFiles/Test_Bench.elf.dir/Middlewares/Third_Party/FatFs/src/ff.c.obj
 *fill*         0x08008456        0x2 
 .text.create_name
                0x08008458      0x27c CMakeFiles/Test_Bench.elf.dir/Middlewares/Third_Party/FatFs/src/ff.c.obj
 .text.cmp_lfn  0x080086d4       0xa0 CMakeFiles/Test_Bench.elf.dir/Middlewares/Third_Party/FatFs/src/ff.c.obj
 .text.dir_find
                0x08008774       0xe6 CMakeFiles/Test_Bench.elf.dir/Middlewares/Third_Party/FatFs/src/ff.c.obj
 .text.follow_path
                0x0800885a       0x8c CMakeFiles/Test_Bench.elf.dir/Middlewares/Third_Party/FatFs/src/ff.c.obj
 *fill*         0x080088e6        0x2 
 .text.dir_register
                0x080088e8      0x140 CMakeFiles/Test_Bench.elf.dir/Middlewares/Third_Party/FatFs/src/ff.c.obj
 .text.sync_fs  0x08008a28       0x8c CMakeFiles/Test_Bench.elf.dir/Middlewares/Third_Party/FatFs/src/ff.c.obj
 .text.f_mount  0x08008ab4       0x5c CMakeFiles/Test_Bench.elf.dir/Middlewares/Third_Party/FatFs/src/ff.c.obj
                0x08008ab4                f_mount
 .text.f_open   0x08008b10      0x23a CMakeFiles/Test_Bench.elf.dir/Middlewares/Third_Party/FatFs/src/ff.c.obj
                0x08008b10                f_open
 .text.f_write  0x08008d4a      0x1fc CMakeFiles/Test_Bench.elf.dir/Middlewares/Third_Party/FatFs/src/ff.c.obj
                0x08008d4a                f_write
 .text.f_sync   0x08008f46       0x98 CMakeFiles/Test_Bench.elf.dir/Middlewares/Third_Party/FatFs/src/ff.c.obj
                0x08008f46                f_sync
 .text.f_close  0x08008fde       0x2a CMakeFiles/Test_Bench.elf.dir/Middlewares/Third_Party/FatFs/src/ff.c.obj
                0x08008fde                f_close
 .text.f_lseek  0x08009008      0x288 CMakeFiles/Test_Bench.elf.dir/Middlewares/Third_Party/FatFs/src/ff.c.obj
                0x08009008                f_lseek
 .text.FATFS_LinkDriverEx
                0x08009290       0x54 CMakeFiles/Test_Bench.elf.dir/Middlewares/Third_Party/FatFs/src/ff_gen_drv.c.obj
                0x08009290                FATFS_LinkDriverEx
 .text.FATFS_LinkDriver
                0x080092e4        0xa CMakeFiles/Test_Bench.elf.dir/Middlewares/Third_Party/FatFs/src/ff_gen_drv.c.obj
                0x080092e4                FATFS_LinkDriver
 *fill*         0x080092ee        0x2 
 .text.ff_convert
                0x080092f0       0x54 CMakeFiles/Test_Bench.elf.dir/Middlewares/Third_Party/FatFs/src/option/cc936.c.obj
                0x080092f0                ff_convert
 .text.ff_wtoupper
                0x08009344       0x9c CMakeFiles/Test_Bench.elf.dir/Middlewares/Third_Party/FatFs/src/option/cc936.c.obj
                0x08009344                ff_wtoupper
 .text.ff_memalloc
                0x080093e0        0x8 CMakeFiles/Test_Bench.elf.dir/Middlewares/Third_Party/FatFs/src/option/syscall.c.obj
                0x080093e0                ff_memalloc
 .text.ff_memfree
                0x080093e8        0x8 CMakeFiles/Test_Bench.elf.dir/Middlewares/Third_Party/FatFs/src/option/syscall.c.obj
                0x080093e8                ff_memfree
 .text.HAL_TIM_PeriodElapsedCallback
                0x080093f0       0x30 CMakeFiles/Test_Bench.elf.dir/Private/EXTI.c.obj
                0x080093f0                HAL_TIM_PeriodElapsedCallback
 .text.pre_send_reback
                0x08009420       0x40 CMakeFiles/Test_Bench.elf.dir/Private/Pressure_Sensor/pre_sen.c.obj
                0x08009420                pre_send_reback
 .text.pre_init
                0x08009460       0x4c CMakeFiles/Test_Bench.elf.dir/Private/Pressure_Sensor/pre_sen.c.obj
                0x08009460                pre_init
 .text.pre_read_value
                0x080094ac       0x3c CMakeFiles/Test_Bench.elf.dir/Private/Pressure_Sensor/pre_sen.c.obj
                0x080094ac                pre_read_value
 .text.pre_clear
                0x080094e8       0x28 CMakeFiles/Test_Bench.elf.dir/Private/Pressure_Sensor/pre_sen.c.obj
                0x080094e8                pre_clear
 .text.SD_files_Init
                0x08009510       0x24 CMakeFiles/Test_Bench.elf.dir/Private/file_conf.c.obj
                0x08009510                SD_files_Init
 .text.SD_files_mount
                0x08009534       0x44 CMakeFiles/Test_Bench.elf.dir/Private/file_conf.c.obj
                0x08009534                SD_files_mount
 .text.SD_files_New
                0x08009578       0x34 CMakeFiles/Test_Bench.elf.dir/Private/file_conf.c.obj
                0x08009578                SD_files_New
 .text.SD_files_Write
                0x080095ac       0xb8 CMakeFiles/Test_Bench.elf.dir/Private/file_conf.c.obj
                0x080095ac                SD_files_Write
 .text.SD_files_Close
                0x08009664       0x30 CMakeFiles/Test_Bench.elf.dir/Private/file_conf.c.obj
                0x08009664                SD_files_Close
 .text.convert_unix_to_beijing_time
                0x08009694       0x50 CMakeFiles/Test_Bench.elf.dir/Private/global.c.obj
                0x08009694                convert_unix_to_beijing_time
 .text.Start_Read
                0x080096e4       0x60 CMakeFiles/Test_Bench.elf.dir/Private/global.c.obj
                0x080096e4                Start_Read
 .text.Read_value
                0x08009744       0xc0 CMakeFiles/Test_Bench.elf.dir/Private/global.c.obj
                0x08009744                Read_value
 .text.Send_Value
                0x08009804      0x104 CMakeFiles/Test_Bench.elf.dir/Private/global.c.obj
                0x08009804                Send_Value
 .text.finishing_Read
                0x08009908        0x8 CMakeFiles/Test_Bench.elf.dir/Private/global.c.obj
                0x08009908                finishing_Read
 .text.Send_Error_to_PC
                0x08009910       0x26 CMakeFiles/Test_Bench.elf.dir/Private/message_define.c.obj
                0x08009910                Send_Error_to_PC
 .text.Send_Warning_to_PC
                0x08009936       0x2a CMakeFiles/Test_Bench.elf.dir/Private/message_define.c.obj
                0x08009936                Send_Warning_to_PC
 .text.Send_Init_Success_to_PC
                0x08009960       0x22 CMakeFiles/Test_Bench.elf.dir/Private/message_define.c.obj
                0x08009960                Send_Init_Success_to_PC
 .text.Send_Message_to_PC
                0x08009982       0x2c CMakeFiles/Test_Bench.elf.dir/Private/message_define.c.obj
                0x08009982                Send_Message_to_PC
 *fill*         0x080099ae        0x2 
 .text.temp_receive
                0x080099b0       0x60 CMakeFiles/Test_Bench.elf.dir/Private/temprature.c.obj
                0x080099b0                temp_receive
 .text.MX_USB_DEVICE_Init
                0x08009a10       0x54 CMakeFiles/Test_Bench.elf.dir/USB_DEVICE/App/usb_device.c.obj
                0x08009a10                MX_USB_DEVICE_Init
 .text.CDC_DeInit_FS
                0x08009a64        0x4 CMakeFiles/Test_Bench.elf.dir/USB_DEVICE/App/usbd_cdc_if.c.obj
 .text.CDC_Control_FS
                0x08009a68        0x4 CMakeFiles/Test_Bench.elf.dir/USB_DEVICE/App/usbd_cdc_if.c.obj
 .text.CDC_TransmitCplt_FS
                0x08009a6c        0x4 CMakeFiles/Test_Bench.elf.dir/USB_DEVICE/App/usbd_cdc_if.c.obj
 .text.CDC_Receive_FS
                0x08009a70       0x44 CMakeFiles/Test_Bench.elf.dir/USB_DEVICE/App/usbd_cdc_if.c.obj
 .text.CDC_Init_FS
                0x08009ab4       0x28 CMakeFiles/Test_Bench.elf.dir/USB_DEVICE/App/usbd_cdc_if.c.obj
 .text.CDC_Transmit_FS
                0x08009adc       0x2c CMakeFiles/Test_Bench.elf.dir/USB_DEVICE/App/usbd_cdc_if.c.obj
                0x08009adc                CDC_Transmit_FS
 .text.USBD_FS_DeviceDescriptor
                0x08009b08        0xc CMakeFiles/Test_Bench.elf.dir/USB_DEVICE/App/usbd_desc.c.obj
                0x08009b08                USBD_FS_DeviceDescriptor
 .text.USBD_FS_LangIDStrDescriptor
                0x08009b14        0xc CMakeFiles/Test_Bench.elf.dir/USB_DEVICE/App/usbd_desc.c.obj
                0x08009b14                USBD_FS_LangIDStrDescriptor
 .text.IntToUnicode
                0x08009b20       0x46 CMakeFiles/Test_Bench.elf.dir/USB_DEVICE/App/usbd_desc.c.obj
 *fill*         0x08009b66        0x2 
 .text.Get_SerialNum
                0x08009b68       0x38 CMakeFiles/Test_Bench.elf.dir/USB_DEVICE/App/usbd_desc.c.obj
 .text.USBD_FS_SerialStrDescriptor
                0x08009ba0       0x14 CMakeFiles/Test_Bench.elf.dir/USB_DEVICE/App/usbd_desc.c.obj
                0x08009ba0                USBD_FS_SerialStrDescriptor
 .text.USBD_FS_ProductStrDescriptor
                0x08009bb4       0x24 CMakeFiles/Test_Bench.elf.dir/USB_DEVICE/App/usbd_desc.c.obj
                0x08009bb4                USBD_FS_ProductStrDescriptor
 .text.USBD_FS_ManufacturerStrDescriptor
                0x08009bd8       0x1c CMakeFiles/Test_Bench.elf.dir/USB_DEVICE/App/usbd_desc.c.obj
                0x08009bd8                USBD_FS_ManufacturerStrDescriptor
 .text.USBD_FS_ConfigStrDescriptor
                0x08009bf4       0x24 CMakeFiles/Test_Bench.elf.dir/USB_DEVICE/App/usbd_desc.c.obj
                0x08009bf4                USBD_FS_ConfigStrDescriptor
 .text.USBD_FS_InterfaceStrDescriptor
                0x08009c18       0x24 CMakeFiles/Test_Bench.elf.dir/USB_DEVICE/App/usbd_desc.c.obj
                0x08009c18                USBD_FS_InterfaceStrDescriptor
 .text.HAL_PCD_MspInit
                0x08009c3c       0x84 CMakeFiles/Test_Bench.elf.dir/USB_DEVICE/Target/usbd_conf.c.obj
                0x08009c3c                HAL_PCD_MspInit
 .text.HAL_PCD_SetupStageCallback
                0x08009cc0       0x10 CMakeFiles/Test_Bench.elf.dir/USB_DEVICE/Target/usbd_conf.c.obj
                0x08009cc0                HAL_PCD_SetupStageCallback
 .text.HAL_PCD_DataOutStageCallback
                0x08009cd0       0x18 CMakeFiles/Test_Bench.elf.dir/USB_DEVICE/Target/usbd_conf.c.obj
                0x08009cd0                HAL_PCD_DataOutStageCallback
 .text.HAL_PCD_DataInStageCallback
                0x08009ce8       0x16 CMakeFiles/Test_Bench.elf.dir/USB_DEVICE/Target/usbd_conf.c.obj
                0x08009ce8                HAL_PCD_DataInStageCallback
 .text.HAL_PCD_SOFCallback
                0x08009cfe        0xc CMakeFiles/Test_Bench.elf.dir/USB_DEVICE/Target/usbd_conf.c.obj
                0x08009cfe                HAL_PCD_SOFCallback
 .text.HAL_PCD_ResetCallback
                0x08009d0a       0x28 CMakeFiles/Test_Bench.elf.dir/USB_DEVICE/Target/usbd_conf.c.obj
                0x08009d0a                HAL_PCD_ResetCallback
 *fill*         0x08009d32        0x2 
 .text.HAL_PCD_SuspendCallback
                0x08009d34       0x30 CMakeFiles/Test_Bench.elf.dir/USB_DEVICE/Target/usbd_conf.c.obj
                0x08009d34                HAL_PCD_SuspendCallback
 .text.HAL_PCD_ResumeCallback
                0x08009d64        0xc CMakeFiles/Test_Bench.elf.dir/USB_DEVICE/Target/usbd_conf.c.obj
                0x08009d64                HAL_PCD_ResumeCallback
 .text.HAL_PCD_ISOOUTIncompleteCallback
                0x08009d70        0xc CMakeFiles/Test_Bench.elf.dir/USB_DEVICE/Target/usbd_conf.c.obj
                0x08009d70                HAL_PCD_ISOOUTIncompleteCallback
 .text.HAL_PCD_ISOINIncompleteCallback
                0x08009d7c        0xc CMakeFiles/Test_Bench.elf.dir/USB_DEVICE/Target/usbd_conf.c.obj
                0x08009d7c                HAL_PCD_ISOINIncompleteCallback
 .text.HAL_PCD_ConnectCallback
                0x08009d88        0xc CMakeFiles/Test_Bench.elf.dir/USB_DEVICE/Target/usbd_conf.c.obj
                0x08009d88                HAL_PCD_ConnectCallback
 .text.HAL_PCD_DisconnectCallback
                0x08009d94        0xc CMakeFiles/Test_Bench.elf.dir/USB_DEVICE/Target/usbd_conf.c.obj
                0x08009d94                HAL_PCD_DisconnectCallback
 .text.USBD_LL_Init
                0x08009da0       0x68 CMakeFiles/Test_Bench.elf.dir/USB_DEVICE/Target/usbd_conf.c.obj
                0x08009da0                USBD_LL_Init
 .text.USBD_LL_IsStallEP
                0x08009e08       0x2c CMakeFiles/Test_Bench.elf.dir/USB_DEVICE/Target/usbd_conf.c.obj
                0x08009e08                USBD_LL_IsStallEP
 .text.USBD_LL_GetRxDataSize
                0x08009e34        0xc CMakeFiles/Test_Bench.elf.dir/USB_DEVICE/Target/usbd_conf.c.obj
                0x08009e34                USBD_LL_GetRxDataSize
 .text.USBD_static_malloc
                0x08009e40        0x8 CMakeFiles/Test_Bench.elf.dir/USB_DEVICE/Target/usbd_conf.c.obj
                0x08009e40                USBD_static_malloc
 .text.USBD_static_free
                0x08009e48        0x2 CMakeFiles/Test_Bench.elf.dir/USB_DEVICE/Target/usbd_conf.c.obj
                0x08009e48                USBD_static_free
 .text.USBD_Get_USB_Status
                0x08009e4a       0x14 CMakeFiles/Test_Bench.elf.dir/USB_DEVICE/Target/usbd_conf.c.obj
                0x08009e4a                USBD_Get_USB_Status
 .text.USBD_LL_Start
                0x08009e5e       0x10 CMakeFiles/Test_Bench.elf.dir/USB_DEVICE/Target/usbd_conf.c.obj
                0x08009e5e                USBD_LL_Start
 .text.USBD_LL_OpenEP
                0x08009e6e       0x16 CMakeFiles/Test_Bench.elf.dir/USB_DEVICE/Target/usbd_conf.c.obj
                0x08009e6e                USBD_LL_OpenEP
 .text.USBD_LL_CloseEP
                0x08009e84       0x10 CMakeFiles/Test_Bench.elf.dir/USB_DEVICE/Target/usbd_conf.c.obj
                0x08009e84                USBD_LL_CloseEP
 .text.USBD_LL_StallEP
                0x08009e94       0x10 CMakeFiles/Test_Bench.elf.dir/USB_DEVICE/Target/usbd_conf.c.obj
                0x08009e94                USBD_LL_StallEP
 .text.USBD_LL_ClearStallEP
                0x08009ea4       0x10 CMakeFiles/Test_Bench.elf.dir/USB_DEVICE/Target/usbd_conf.c.obj
                0x08009ea4                USBD_LL_ClearStallEP
 .text.USBD_LL_SetUSBAddress
                0x08009eb4       0x10 CMakeFiles/Test_Bench.elf.dir/USB_DEVICE/Target/usbd_conf.c.obj
                0x08009eb4                USBD_LL_SetUSBAddress
 .text.USBD_LL_Transmit
                0x08009ec4       0x10 CMakeFiles/Test_Bench.elf.dir/USB_DEVICE/Target/usbd_conf.c.obj
                0x08009ec4                USBD_LL_Transmit
 .text.USBD_LL_PrepareReceive
                0x08009ed4       0x10 CMakeFiles/Test_Bench.elf.dir/USB_DEVICE/Target/usbd_conf.c.obj
                0x08009ed4                USBD_LL_PrepareReceive
 .text.__udivmoddi4
                0x08009ee4      0x2bc D:/SoftwareInstallPackage/Compiler/arm-gnu-toolchain-13.3.rel1-mingw-w64-i686-arm-none-eabi/bin/../lib/gcc/arm-none-eabi/13.3.1/thumb/v7e-m/nofp\libgcc.a(_udivmoddi4.o)
                0x08009ee4                __udivmoddi4
 .text.malloc   0x0800a1a0       0x10 D:/SoftwareInstallPackage/Compiler/arm-gnu-toolchain-13.3.rel1-mingw-w64-i686-arm-none-eabi/bin/../lib/gcc/arm-none-eabi/13.3.1/thumb/v7e-m/nofp\libg.a(libc_a-malloc.o)
                0x0800a1a0                malloc
 .text.free     0x0800a1b0       0x10 D:/SoftwareInstallPackage/Compiler/arm-gnu-toolchain-13.3.rel1-mingw-w64-i686-arm-none-eabi/bin/../lib/gcc/arm-none-eabi/13.3.1/thumb/v7e-m/nofp\libg.a(libc_a-malloc.o)
                0x0800a1b0                free
 .text._malloc_r
                0x0800a1c0      0x564 D:/SoftwareInstallPackage/Compiler/arm-gnu-toolchain-13.3.rel1-mingw-w64-i686-arm-none-eabi/bin/../lib/gcc/arm-none-eabi/13.3.1/thumb/v7e-m/nofp\libg.a(libc_a-mallocr.o)
                0x0800a1c0                _malloc_r
 .text.__malloc_lock
                0x0800a724        0xc D:/SoftwareInstallPackage/Compiler/arm-gnu-toolchain-13.3.rel1-mingw-w64-i686-arm-none-eabi/bin/../lib/gcc/arm-none-eabi/13.3.1/thumb/v7e-m/nofp\libg.a(libc_a-mlock.o)
                0x0800a724                __malloc_lock
 .text.__malloc_unlock
                0x0800a730        0xc D:/SoftwareInstallPackage/Compiler/arm-gnu-toolchain-13.3.rel1-mingw-w64-i686-arm-none-eabi/bin/../lib/gcc/arm-none-eabi/13.3.1/thumb/v7e-m/nofp\libg.a(libc_a-mlock.o)
                0x0800a730                __malloc_unlock
 .text._strtoll_l.isra.0
                0x0800a73c      0x17c D:/SoftwareInstallPackage/Compiler/arm-gnu-toolchain-13.3.rel1-mingw-w64-i686-arm-none-eabi/bin/../lib/gcc/arm-none-eabi/13.3.1/thumb/v7e-m/nofp\libg.a(libc_a-strtoll.o)
 .text.strtoll  0x0800a8b8       0x18 D:/SoftwareInstallPackage/Compiler/arm-gnu-toolchain-13.3.rel1-mingw-w64-i686-arm-none-eabi/bin/../lib/gcc/arm-none-eabi/13.3.1/thumb/v7e-m/nofp\libg.a(libc_a-strtoll.o)
                0x0800a8b8                strtoll
 .text.stdio_exit_handler
                0x0800a8d0       0x18 D:/SoftwareInstallPackage/Compiler/arm-gnu-toolchain-13.3.rel1-mingw-w64-i686-arm-none-eabi/bin/../lib/gcc/arm-none-eabi/13.3.1/thumb/v7e-m/nofp\libg.a(libc_a-findfp.o)
 .text.cleanup_stdio
                0x0800a8e8       0x40 D:/SoftwareInstallPackage/Compiler/arm-gnu-toolchain-13.3.rel1-mingw-w64-i686-arm-none-eabi/bin/../lib/gcc/arm-none-eabi/13.3.1/thumb/v7e-m/nofp\libg.a(libc_a-findfp.o)
 .text.global_stdio_init.part.0
                0x0800a928       0xf0 D:/SoftwareInstallPackage/Compiler/arm-gnu-toolchain-13.3.rel1-mingw-w64-i686-arm-none-eabi/bin/../lib/gcc/arm-none-eabi/13.3.1/thumb/v7e-m/nofp\libg.a(libc_a-findfp.o)
 .text.__sinit  0x0800aa18       0x3c D:/SoftwareInstallPackage/Compiler/arm-gnu-toolchain-13.3.rel1-mingw-w64-i686-arm-none-eabi/bin/../lib/gcc/arm-none-eabi/13.3.1/thumb/v7e-m/nofp\libg.a(libc_a-findfp.o)
                0x0800aa18                __sinit
 .text.__sfp_lock_acquire
                0x0800aa54        0xc D:/SoftwareInstallPackage/Compiler/arm-gnu-toolchain-13.3.rel1-mingw-w64-i686-arm-none-eabi/bin/../lib/gcc/arm-none-eabi/13.3.1/thumb/v7e-m/nofp\libg.a(libc_a-findfp.o)
                0x0800aa54                __sfp_lock_acquire
 .text.__sfp_lock_release
                0x0800aa60        0xc D:/SoftwareInstallPackage/Compiler/arm-gnu-toolchain-13.3.rel1-mingw-w64-i686-arm-none-eabi/bin/../lib/gcc/arm-none-eabi/13.3.1/thumb/v7e-m/nofp\libg.a(libc_a-findfp.o)
                0x0800aa60                __sfp_lock_release
 .text._fwalk_sglue
                0x0800aa6c       0x44 D:/SoftwareInstallPackage/Compiler/arm-gnu-toolchain-13.3.rel1-mingw-w64-i686-arm-none-eabi/bin/../lib/gcc/arm-none-eabi/13.3.1/thumb/v7e-m/nofp\libg.a(libc_a-fwalk.o)
                0x0800aa6c                _fwalk_sglue
 .text.snprintf
                0x0800aab0       0x90 D:/SoftwareInstallPackage/Compiler/arm-gnu-toolchain-13.3.rel1-mingw-w64-i686-arm-none-eabi/bin/../lib/gcc/arm-none-eabi/13.3.1/thumb/v7e-m/nofp\libg.a(libc_a-snprintf.o)
                0x0800aab0                snprintf
 .text.sprintf  0x0800ab40       0x44 D:/SoftwareInstallPackage/Compiler/arm-gnu-toolchain-13.3.rel1-mingw-w64-i686-arm-none-eabi/bin/../lib/gcc/arm-none-eabi/13.3.1/thumb/v7e-m/nofp\libg.a(libc_a-sprintf.o)
                0x0800ab40                sprintf
 .text.__sread  0x0800ab84       0x24 D:/SoftwareInstallPackage/Compiler/arm-gnu-toolchain-13.3.rel1-mingw-w64-i686-arm-none-eabi/bin/../lib/gcc/arm-none-eabi/13.3.1/thumb/v7e-m/nofp\libg.a(libc_a-stdio.o)
                0x0800ab84                __sread
 .text.__swrite