Archive member included to satisfy reference by file (symbol)

D:/_SOFTW~1/_TOOLS~1/ARM-GN~1.REL/bin/../lib/gcc/arm-none-eabi/13.3.1/thumb/v7e-m/nofp\libgcc.a(_aeabi_uldivmod.o)
                              CMakeFiles/Test_Bench.elf.dir/Drivers/STM32F4xx_HAL_Driver/Src/stm32f4xx_hal_rcc.c.obj (__aeabi_uldivmod)
D:/_SOFTW~1/_TOOLS~1/ARM-GN~1.REL/bin/../lib/gcc/arm-none-eabi/13.3.1/thumb/v7e-m/nofp\libgcc.a(_udivmoddi4.o)
                              D:/_SOFTW~1/_TOOLS~1/ARM-GN~1.REL/bin/../lib/gcc/arm-none-eabi/13.3.1/thumb/v7e-m/nofp\libgcc.a(_aeabi_uldivmod.o) (__udivmoddi4)
D:/_SOFTW~1/_TOOLS~1/ARM-GN~1.REL/bin/../lib/gcc/arm-none-eabi/13.3.1/thumb/v7e-m/nofp\libgcc.a(_dvmd_tls.o)
                              D:/_SOFTW~1/_TOOLS~1/ARM-GN~1.REL/bin/../lib/gcc/arm-none-eabi/13.3.1/thumb/v7e-m/nofp\libgcc.a(_aeabi_uldivmod.o) (__aeabi_ldiv0)
D:/_SOFTW~1/_TOOLS~1/ARM-GN~1.REL/bin/../lib/gcc/arm-none-eabi/13.3.1/thumb/v7e-m/nofp\libc.a(libc_a-exit.o)
                              D:/_SOFTW~1/_TOOLS~1/ARM-GN~1.REL/bin/../lib/gcc/arm-none-eabi/13.3.1/thumb/v7e-m/nofp/crt0.o (exit)
D:/_SOFTW~1/_TOOLS~1/ARM-GN~1.REL/bin/../lib/gcc/arm-none-eabi/13.3.1/thumb/v7e-m/nofp\libc.a(libc_a-malloc.o)
                              CMakeFiles/Test_Bench.elf.dir/Private/file_conf.c.obj (malloc)
D:/_SOFTW~1/_TOOLS~1/ARM-GN~1.REL/bin/../lib/gcc/arm-none-eabi/13.3.1/thumb/v7e-m/nofp\libc.a(libc_a-mallocr.o)
                              D:/_SOFTW~1/_TOOLS~1/ARM-GN~1.REL/bin/../lib/gcc/arm-none-eabi/13.3.1/thumb/v7e-m/nofp\libc.a(libc_a-malloc.o) (_malloc_r)
D:/_SOFTW~1/_TOOLS~1/ARM-GN~1.REL/bin/../lib/gcc/arm-none-eabi/13.3.1/thumb/v7e-m/nofp\libc.a(libc_a-mlock.o)
                              D:/_SOFTW~1/_TOOLS~1/ARM-GN~1.REL/bin/../lib/gcc/arm-none-eabi/13.3.1/thumb/v7e-m/nofp\libc.a(libc_a-mallocr.o) (__malloc_lock)
D:/_SOFTW~1/_TOOLS~1/ARM-GN~1.REL/bin/../lib/gcc/arm-none-eabi/13.3.1/thumb/v7e-m/nofp\libc.a(libc_a-findfp.o)
                              D:/_SOFTW~1/_TOOLS~1/ARM-GN~1.REL/bin/../lib/gcc/arm-none-eabi/13.3.1/thumb/v7e-m/nofp\libc.a(libc_a-exit.o) (__stdio_exit_handler)
D:/_SOFTW~1/_TOOLS~1/ARM-GN~1.REL/bin/../lib/gcc/arm-none-eabi/13.3.1/thumb/v7e-m/nofp\libc.a(libc_a-fwalk.o)
                              D:/_SOFTW~1/_TOOLS~1/ARM-GN~1.REL/bin/../lib/gcc/arm-none-eabi/13.3.1/thumb/v7e-m/nofp\libc.a(libc_a-findfp.o) (_fwalk_sglue)
D:/_SOFTW~1/_TOOLS~1/ARM-GN~1.REL/bin/../lib/gcc/arm-none-eabi/13.3.1/thumb/v7e-m/nofp\libc.a(libc_a-sprintf.o)
                              CMakeFiles/Test_Bench.elf.dir/Private/file_conf.c.obj (sprintf)
D:/_SOFTW~1/_TOOLS~1/ARM-GN~1.REL/bin/../lib/gcc/arm-none-eabi/13.3.1/thumb/v7e-m/nofp\libc.a(libc_a-stdio.o)
                              D:/_SOFTW~1/_TOOLS~1/ARM-GN~1.REL/bin/../lib/gcc/arm-none-eabi/13.3.1/thumb/v7e-m/nofp\libc.a(libc_a-findfp.o) (__sread)
D:/_SOFTW~1/_TOOLS~1/ARM-GN~1.REL/bin/../lib/gcc/arm-none-eabi/13.3.1/thumb/v7e-m/nofp\libc.a(libc_a-memcmp.o)
                              CMakeFiles/Test_Bench.elf.dir/Private/Pressure_Sensor/pre_sen.c.obj (memcmp)
D:/_SOFTW~1/_TOOLS~1/ARM-GN~1.REL/bin/../lib/gcc/arm-none-eabi/13.3.1/thumb/v7e-m/nofp\libc.a(libc_a-memset.o)
                              D:/_SOFTW~1/_TOOLS~1/ARM-GN~1.REL/bin/../lib/gcc/arm-none-eabi/13.3.1/thumb/v7e-m/nofp/crt0.o (memset)
D:/_SOFTW~1/_TOOLS~1/ARM-GN~1.REL/bin/../lib/gcc/arm-none-eabi/13.3.1/thumb/v7e-m/nofp\libc.a(libc_a-closer.o)
                              D:/_SOFTW~1/_TOOLS~1/ARM-GN~1.REL/bin/../lib/gcc/arm-none-eabi/13.3.1/thumb/v7e-m/nofp\libc.a(libc_a-stdio.o) (_close_r)
D:/_SOFTW~1/_TOOLS~1/ARM-GN~1.REL/bin/../lib/gcc/arm-none-eabi/13.3.1/thumb/v7e-m/nofp\libc.a(libc_a-reent.o)
                              D:/_SOFTW~1/_TOOLS~1/ARM-GN~1.REL/bin/../lib/gcc/arm-none-eabi/13.3.1/thumb/v7e-m/nofp\libc.a(libc_a-closer.o) (errno)
D:/_SOFTW~1/_TOOLS~1/ARM-GN~1.REL/bin/../lib/gcc/arm-none-eabi/13.3.1/thumb/v7e-m/nofp\libc.a(libc_a-impure.o)
                              D:/_SOFTW~1/_TOOLS~1/ARM-GN~1.REL/bin/../lib/gcc/arm-none-eabi/13.3.1/thumb/v7e-m/nofp\libc.a(libc_a-malloc.o) (_impure_ptr)
D:/_SOFTW~1/_TOOLS~1/ARM-GN~1.REL/bin/../lib/gcc/arm-none-eabi/13.3.1/thumb/v7e-m/nofp\libc.a(libc_a-lseekr.o)
                              D:/_SOFTW~1/_TOOLS~1/ARM-GN~1.REL/bin/../lib/gcc/arm-none-eabi/13.3.1/thumb/v7e-m/nofp\libc.a(libc_a-stdio.o) (_lseek_r)
D:/_SOFTW~1/_TOOLS~1/ARM-GN~1.REL/bin/../lib/gcc/arm-none-eabi/13.3.1/thumb/v7e-m/nofp\libc.a(libc_a-readr.o)
                              D:/_SOFTW~1/_TOOLS~1/ARM-GN~1.REL/bin/../lib/gcc/arm-none-eabi/13.3.1/thumb/v7e-m/nofp\libc.a(libc_a-stdio.o) (_read_r)
D:/_SOFTW~1/_TOOLS~1/ARM-GN~1.REL/bin/../lib/gcc/arm-none-eabi/13.3.1/thumb/v7e-m/nofp\libc.a(libc_a-sbrkr.o)
                              D:/_SOFTW~1/_TOOLS~1/ARM-GN~1.REL/bin/../lib/gcc/arm-none-eabi/13.3.1/thumb/v7e-m/nofp\libc.a(libc_a-mallocr.o) (_sbrk_r)
D:/_SOFTW~1/_TOOLS~1/ARM-GN~1.REL/bin/../lib/gcc/arm-none-eabi/13.3.1/thumb/v7e-m/nofp\libc.a(libc_a-writer.o)
[...]
Memory Configuration

Name             Origin             Length             Attributes
CCMRAM           0x10000000         0x00010000         xrw
RAM              0x20000000         0x00020000         xrw
FLASH            0x08000000         0x00100000         xr
*default*        0x00000000         0xffffffff

Linker script and memory map

LOAD D:/_SOFTW~1/_TOOLS~1/ARM-GN~1.REL/bin/../lib/gcc/arm-none-eabi/13.3.1/thumb/v7e-m/nofp/crti.o
LOAD D:/_SOFTW~1/_TOOLS~1/ARM-GN~1.REL/bin/../lib/gcc/arm-none-eabi/13.3.1/thumb/v7e-m/nofp/crtbegin.o
LOAD D:/_SOFTW~1/_TOOLS~1/ARM-GN~1.REL/bin/../lib/gcc/arm-none-eabi/13.3.1/thumb/v7e-m/nofp/crt0.o
LOAD CMakeFiles/Test_Bench.elf.dir/Core/Src/gpio.c.obj
LOAD CMakeFiles/Test_Bench.elf.dir/Core/Src/main.c.obj
LOAD CMakeFiles/Test_Bench.elf.dir/Core/Src/sdio.c.obj
LOAD CMakeFiles/Test_Bench.elf.dir/Core/Src/stm32f4xx_hal_msp.c.obj
LOAD CMakeFiles/Test_Bench.elf.dir/Core/Src/stm32f4xx_it.c.obj
LOAD CMakeFiles/Test_Bench.elf.dir/Core/Src/syscalls.c.obj
LOAD CMakeFiles/Test_Bench.elf.dir/Core/Src/sysmem.c.obj
LOAD CMakeFiles/Test_Bench.elf.dir/Core/Src/system_stm32f4xx.c.obj
LOAD CMakeFiles/Test_Bench.elf.dir/Core/Src/usart.c.obj
LOAD CMakeFiles/Test_Bench.elf.dir/Core/Startup/startup_stm32f407vgtx.s.obj
LOAD CMakeFiles/Test_Bench.elf.dir/Drivers/STM32F4xx_HAL_Driver/Src/stm32f4xx_hal.c.obj
LOAD CMakeFiles/Test_Bench.elf.dir/Drivers/STM32F4xx_HAL_Driver/Src/stm32f4xx_hal_cortex.c.obj
LOAD CMakeFiles/Test_Bench.elf.dir/Drivers/STM32F4xx_HAL_Driver/Src/stm32f4xx_hal_dma.c.obj
LOAD CMakeFiles/Test_Bench.elf.dir/Drivers/STM32F4xx_HAL_Driver/Src/stm32f4xx_hal_dma_ex.c.obj
LOAD CMakeFiles/Test_Bench.elf.dir/Drivers/STM32F4xx_HAL_Driver/Src/stm32f4xx_hal_exti.c.obj
LOAD CMakeFiles/Test_Bench.elf.dir/Drivers/STM32F4xx_HAL_Driver/Src/stm32f4xx_hal_flash.c.obj
LOAD CMakeFiles/Test_Bench.elf.dir/Drivers/STM32F4xx_HAL_Driver/Src/stm32f4xx_hal_flash_ex.c.obj
LOAD CMakeFiles/Test_Bench.elf.dir/Drivers/STM32F4xx_HAL_Driver/Src/stm32f4xx_hal_flash_ramfunc.c.obj
LOAD CMakeFiles/Test_Bench.elf.dir/Drivers/STM32F4xx_HAL_Driver/Src/stm32f4xx_hal_gpio.c.obj
LOAD CMakeFiles/Test_Bench.elf.dir/Drivers/STM32F4xx_HAL_Driver/Src/stm32f4xx_hal_pcd.c.obj
LOAD CMakeFiles/Test_Bench.elf.dir/Drivers/STM32F4xx_HAL_Driver/Src/stm32f4xx_hal_pcd_ex.c.obj
LOAD CMakeFiles/Test_Bench.elf.dir/Drivers/STM32F4xx_HAL_Driver/Src/stm32f4xx_hal_pwr.c.obj
LOAD CMakeFiles/Test_Bench.elf.dir/Drivers/STM32F4xx_HAL_Driver/Src/stm32f4xx_hal_pwr_ex.c.obj
LOAD CMakeFiles/Test_Bench.elf.dir/Drivers/STM32F4xx_HAL_Driver/Src/stm32f4xx_hal_rcc.c.obj
LOAD CMakeFiles/Test_Bench.elf.dir/Drivers/STM32F4xx_HAL_Driver/Src/stm32f4xx_hal_rcc_ex.c.obj
LOAD CMakeFiles/Test_Bench.elf.dir/Drivers/STM32F4xx_HAL_Driver/Src/stm32f4xx_hal_sd.c.obj
LOAD CMakeFiles/Test_Bench.elf.dir/Drivers/STM32F4xx_HAL_Driver/Src/stm32f4xx_hal_tim.c.obj
LOAD CMakeFiles/Test_Bench.elf.dir/Drivers/STM32F4xx_HAL_Driver/Src/stm32f4xx_hal_tim_ex.c.obj
LOAD CMakeFiles/Test_Bench.elf.dir/Drivers/STM32F4xx_HAL_Driver/Src/stm32f4xx_hal_uart.c.obj
LOAD CMakeFiles/Test_Bench.elf.dir/Drivers/STM32F4xx_HAL_Driver/Src/stm32f4xx_ll_sdmmc.c.obj
LOAD CMakeFiles/Test_Bench.elf.dir/Drivers/STM32F4xx_HAL_Driver/Src/stm32f4xx_ll_usb.c.obj
LOAD CMakeFiles/Test_Bench.elf.dir/FATFS/App/fatfs.c.obj
LOAD CMakeFiles/Test_Bench.elf.dir/FATFS/Target/bsp_driver_sd.c.obj
LOAD CMakeFiles/Test_Bench.elf.dir/FATFS/Target/sd_diskio.c.obj
LOAD CMakeFiles/Test_Bench.elf.dir/Middlewares/ST/STM32_USB_Device_Library/Class/CDC/Src/usbd_cdc.c.obj
LOAD CMakeFiles/Test_Bench.elf.dir/Middlewares/ST/STM32_USB_Device_Library/Core/Src/usbd_core.c.obj
LOAD CMakeFiles/Test_Bench.elf.dir/Middlewares/ST/STM32_USB_Device_Library/Core/Src/usbd_ctlreq.c.obj
LOAD CMakeFiles/Test_Bench.elf.dir/Middlewares/ST/STM32_USB_Device_Library/Core/Src/usbd_ioreq.c.obj
LOAD CMakeFiles/Test_Bench.elf.dir/Middlewares/Third_Party/FatFs/src/diskio.c.obj
LOAD CMakeFiles/Test_Bench.elf.dir/Middlewares/Third_Party/FatFs/src/ff.c.obj
LOAD CMakeFiles/Test_Bench.elf.dir/Middlewares/Third_Party/FatFs/src/ff_gen_drv.c.obj
LOAD CMakeFiles/Test_Bench.elf.dir/Middlewares/Third_Party/FatFs/src/option/syscall.c.obj
LOAD CMakeFiles/Test_Bench.elf.dir/Private/Pressure_Sensor/pre_sen.c.obj
LOAD CMakeFiles/Test_Bench.elf.dir/Private/file_conf.c.obj
LOAD CMakeFiles/Test_Bench.elf.dir/Private/message_define.c.obj
LOAD CMakeFiles/Test_Bench.elf.dir/USB_DEVICE/App/usb_device.c.obj
LOAD CMakeFiles/Test_Bench.elf.dir/USB_DEVICE/App/usbd_cdc_if.c.obj
LOAD CMakeFiles/Test_Bench.elf.dir/USB_DEVICE/App/usbd_desc.c.obj
LOAD CMakeFiles/Test_Bench.elf.dir/USB_DEVICE/Target/usbd_conf.c.obj
START GROUP
LOAD D:/_SOFTW~1/_TOOLS~1/ARM-GN~1.REL/bin/../lib/gcc/arm-none-eabi/13.3.1/thumb/v7e-m/nofp\libgcc.a
LOAD D:/_SOFTW~1/_TOOLS~1/ARM-GN~1.REL/bin/../lib/gcc/arm-none-eabi/13.3.1/thumb/v7e-m/nofp\libc.a
END GROUP
LOAD D:/_SOFTW~1/_TOOLS~1/ARM-GN~1.REL/bin/../lib/gcc/arm-none-eabi/13.3.1/thumb/v7e-m/nofp/crtend.o
LOAD D:/_SOFTW~1/_TOOLS~1/ARM-GN~1.REL/bin/../lib/gcc/arm-none-eabi/13.3.1/thumb/v7e-m/nofp/crtn.o
                0x20020000                        _estack = (ORIGIN (RAM) + LENGTH (RAM))
                0x00000200                        _Min_Heap_Size = 0x200
                0x00000400                        _Min_Stack_Size = 0x400

.isr_vector     0x08000000      0x188
                0x08000000                        . = ALIGN (0x4)
 *(.isr_vector)
 .isr_vector    0x08000000      0x188 CMakeFiles/Test_Bench.elf.dir/Core/Startup/startup_stm32f407vgtx.s.obj
                0x08000000                g_pfnVectors
                0x08000188                        . = ALIGN (0x4)

.text           0x080001c0     0xe458
                0x080001c0                        . = ALIGN (0x4)
 *(.text)
 .text          0x080001c0       0x30 D:/_SOFTW~1/_TOOLS~1/ARM-GN~1.REL/bin/../lib/gcc/arm-none-eabi/13.3.1/thumb/v7e-m/nofp\libgcc.a(_aeabi_uldivmod.o)
                0x080001c0                __aeabi_uldivmod
 .text          0x080001f0        0x4 D:/_SOFTW~1/_TOOLS~1/ARM-GN~1.REL/bin/../lib/gcc/arm-none-eabi/13.3.1/thumb/v7e-m/nofp\libgcc.a(_dvmd_tls.o)
                0x080001f0                __aeabi_idiv0
                0x080001f0                __aeabi_ldiv0
 *fill*         0x080001f4        0xc 
 .text          0x08000200       0xd8 D:/_SOFTW~1/_TOOLS~1/ARM-GN~1.REL/bin/../lib/gcc/arm-none-eabi/13.3.1/thumb/v7e-m/nofp\libc.a(libc_a-strlen.o)
                0x08000200                strlen
 *fill*         0x080002d8        0x8 
 .text          0x080002e0       0xa0 D:/_SOFTW~1/_TOOLS~1/ARM-GN~1.REL/bin/../lib/gcc/arm-none-eabi/13.3.1/thumb/v7e-m/nofp\libc.a(libc_a-memchr.o)
                0x080002e0                memchr
 .text          0x08000380      0x134 D:/_SOFTW~1/_TOOLS~1/ARM-GN~1.REL/bin/../lib/gcc/arm-none-eabi/13.3.1/thumb/v7e-m/nofp\libc.a(libc_a-memcpy.o)
                0x08000380                memcpy
 .text          0x080004b4      0x378 D:/_SOFTW~1/_TOOLS~1/ARM-GN~1.REL/bin/../lib/gcc/arm-none-eabi/13.3.1/thumb/v7e-m/nofp\libgcc.a(_arm_addsubdf3.o)
                0x080004b4                __aeabi_drsub
                0x080004bc                __aeabi_dsub
                0x080004bc                __subdf3
                0x080004c0                __aeabi_dadd
                0x080004c0                __adddf3
                0x08000738                __floatunsidf
                0x08000738                __aeabi_ui2d
                0x08000758                __floatsidf
                0x08000758                __aeabi_i2d
                0x0800077c                __aeabi_f2d
                0x0800077c                __extendsfdf2
                0x080007c0                __floatundidf
                0x080007c0                __aeabi_ul2d
                0x080007d0                __floatdidf
                0x080007d0                __aeabi_l2d
 .text          0x0800082c      0x424 D:/_SOFTW~1/_TOOLS~1/ARM-GN~1.REL/bin/../lib/gcc/arm-none-eabi/13.3.1/thumb/v7e-m/nofp\libgcc.a(_arm_muldivdf3.o)
                0x0800082c                __aeabi_dmul
                0x0800082c                __muldf3
                0x08000a80                __divdf3
                0x08000a80                __aeabi_ddiv
 .text          0x08000c50      0x110 D:/_SOFTW~1/_TOOLS~1/ARM-GN~1.REL/bin/../lib/gcc/arm-none-eabi/13.3.1/thumb/v7e-m/nofp\libgcc.a(_arm_cmpdf2.o)
                0x08000c50                __gtdf2
                0x08000c50                __gedf2
                0x08000c58                __ltdf2
                0x08000c58                __ledf2
                0x08000c60                __nedf2
                0x08000c60                __eqdf2
                0x08000c60                __cmpdf2
                0x08000cdc                __aeabi_cdrcmple
                0x08000cec                __aeabi_cdcmpeq
                0x08000cec                __aeabi_cdcmple
                0x08000cfc                __aeabi_dcmpeq
                0x08000d10                __aeabi_dcmplt
                0x08000d24                __aeabi_dcmple
                0x08000d38                __aeabi_dcmpge
                0x08000d4c                __aeabi_dcmpgt
 .text          0x08000d60       0x2c D:/_SOFTW~1/_TOOLS~1/ARM-GN~1.REL/bin/../lib/gcc/arm-none-eabi/13.3.1/thumb/v7e-m/nofp\libgcc.a(_arm_unorddf2.o)
                0x08000d60                __unorddf2
                0x08000d60                __aeabi_dcmpun
 .text          0x08000d8c       0x50 D:/_SOFTW~1/_TOOLS~1/ARM-GN~1.REL/bin/../lib/gcc/arm-none-eabi/13.3.1/thumb/v7e-m/nofp\libgcc.a(_arm_fixdfsi.o)
                0x08000d8c                __aeabi_d2iz
                0x08000d8c                __fixdfsi
 *(.text*)
 .text.deregister_tm_clones
                0x08000ddc       0x1c D:/_SOFTW~1/_TOOLS~1/ARM-GN~1.REL/bin/../lib/gcc/arm-none-eabi/13.3.1/thumb/v7e-m/nofp/crtbegin.o
 .text.register_tm_clones
                0x08000df8       0x24 D:/_SOFTW~1/_TOOLS~1/ARM-GN~1.REL/bin/../lib/gcc/arm-none-eabi/13.3.1/thumb/v7e-m/nofp/crtbegin.o
 .text.__do_global_dtors_aux
                0x08000e1c       0x28 D:/_SOFTW~1/_TOOLS~1/ARM-GN~1.REL/bin/../lib/gcc/arm-none-eabi/13.3.1/thumb/v7e-m/nofp/crtbegin.o
 .text.frame_dummy
                0x08000e44       0x24 D:/_SOFTW~1/_TOOLS~1/ARM-GN~1.REL/bin/../lib/gcc/arm-none-eabi/13.3.1/thumb/v7e-m/nofp/crtbegin.o
 .text.MX_GPIO_Init
                0x08000e68       0x60 CMakeFiles/Test_Bench.elf.dir/Core/Src/gpio.c.obj
                0x08000e68                MX_GPIO_Init
 .text.Error_Handler
                0x08000ec8        0x4 CMakeFiles/Test_Bench.elf.dir/Core/Src/main.c.obj
                0x08000ec8                Error_Handler
 .text.SystemClock_Config
                0x08000ecc       0xa8 CMakeFiles/Test_Bench.elf.dir/Core/Src/main.c.obj
                0x08000ecc                SystemClock_Config
 .text.main     0x08000f74       0xbc CMakeFiles/Test_Bench.elf.dir/Core/Src/main.c.obj
                0x08000f74                main
 .text.MX_SDIO_SD_Init
                0x08001030       0x20 CMakeFiles/Test_Bench.elf.dir/Core/Src/sdio.c.obj
                0x08001030                MX_SDIO_SD_Init
 .text.HAL_SD_MspInit
                0x08001050       0xb0 CMakeFiles/Test_Bench.elf.dir/Core/Src/sdio.c.obj
                0x08001050                HAL_SD_MspInit
 .text.HAL_MspInit
                0x08001100       0x38 CMakeFiles/Test_Bench.elf.dir/Core/Src/stm32f4xx_hal_msp.c.obj
                0x08001100                HAL_MspInit
 .text.NMI_Handler
                0x08001138        0x2 CMakeFiles/Test_Bench.elf.dir/Core/Src/stm32f4xx_it.c.obj
                0x08001138                NMI_Handler
 .text.HardFault_Handler
                0x0800113a        0x2 CMakeFiles/Test_Bench.elf.dir/Core/Src/stm32f4xx_it.c.obj
                0x0800113a                HardFault_Handler
 .text.MemManage_Handler
                0x0800113c        0x2 CMakeFiles/Test_Bench.elf.dir/Core/Src/stm32f4xx_it.c.obj
                0x0800113c                MemManage_Handler
 .text.BusFault_Handler
                0x0800113e        0x2 CMakeFiles/Test_Bench.elf.dir/Core/Src/stm32f4xx_it.c.obj
                0x0800113e                BusFault_Handler
 .text.UsageFault_Handler
                0x08001140        0x2 CMakeFiles/Test_Bench.elf.dir/Core/Src/stm32f4xx_it.c.obj
                0x08001140                UsageFault_Handler
 .text.SVC_Handler
                0x08001142        0x2 CMakeFiles/Test_Bench.elf.dir/Core/Src/stm32f4xx_it.c.obj
                0x08001142                SVC_Handler
 .text.DebugMon_Handler
                0x08001144        0x2 CMakeFiles/Test_Bench.elf.dir/Core/Src/stm32f4xx_it.c.obj
                0x08001144                DebugMon_Handler
 .text.PendSV_Handler
                0x08001146        0x2 CMakeFiles/Test_Bench.elf.dir/Core/Src/stm32f4xx_it.c.obj
                0x08001146                PendSV_Handler
 .text.SysTick_Handler
                0x08001148        0x8 CMakeFiles/Test_Bench.elf.dir/Core/Src/stm32f4xx_it.c.obj
                0x08001148                SysTick_Handler
 .text.USART2_IRQHandler
                0x08001150       0x10 CMakeFiles/Test_Bench.elf.dir/Core/Src/stm32f4xx_it.c.obj
                0x08001150                USART2_IRQHandler
 .text.SDIO_IRQHandler
                0x08001160       0x10 CMakeFiles/Test_Bench.elf.dir/Core/Src/stm32f4xx_it.c.obj
                0x08001160                SDIO_IRQHandler
 .text.OTG_FS_IRQHandler
                0x08001170       0x10 CMakeFiles/Test_Bench.elf.dir/Core/Src/stm32f4xx_it.c.obj
                0x08001170                OTG_FS_IRQHandler
 .text._getpid  0x08001180        0x4 CMakeFiles/Test_Bench.elf.dir/Core/Src/syscalls.c.obj
                0x08001180                _getpid
 .text._kill    0x08001184       0x10 CMakeFiles/Test_Bench.elf.dir/Core/Src/syscalls.c.obj
                0x08001184                _kill
 .text._exit    0x08001194        0xc CMakeFiles/Test_Bench.elf.dir/Core/Src/syscalls.c.obj
                0x08001194                _exit
 .text._read    0x080011a0       0x20 CMakeFiles/Test_Bench.elf.dir/Core/Src/syscalls.c.obj
                0x080011a0                _read
 .text._write   0x080011c0       0x1c CMakeFiles/Test_Bench.elf.dir/Core/Src/syscalls.c.obj
                0x080011c0                _write
 .text._close   0x080011dc        0x6 CMakeFiles/Test_Bench.elf.dir/Core/Src/syscalls.c.obj
                0x080011dc                _close
 .text._fstat   0x080011e2        0xa CMakeFiles/Test_Bench.elf.dir/Core/Src/syscalls.c.obj
                0x080011e2                _fstat
 .text._isatty  0x080011ec        0x4 CMakeFiles/Test_Bench.elf.dir/Core/Src/syscalls.c.obj
                0x080011ec                _isatty
 .text._lseek   0x080011f0        0x4 CMakeFiles/Test_Bench.elf.dir/Core/Src/syscalls.c.obj
                0x080011f0                _lseek
 .text._sbrk    0x080011f4       0x48 CMakeFiles/Test_Bench.elf.dir/Core/Src/sysmem.c.obj
                0x080011f4                _sbrk
 .text.SystemInit
                0x0800123c        0x2 CMakeFiles/Test_Bench.elf.dir/Core/Src/system_stm32f4xx.c.obj
                0x0800123c                SystemInit
 *fill*         0x0800123e        0x2 
 .text.MX_USART2_UART_Init
                0x08001240       0x34 CMakeFiles/Test_Bench.elf.dir/Core/Src/usart.c.obj
                0x08001240                MX_USART2_UART_Init
 .text.HAL_UART_MspInit
                0x08001274       0x7c CMakeFiles/Test_Bench.elf.dir/Core/Src/usart.c.obj
                0x08001274                HAL_UART_MspInit
 .text.Reset_Handler
                0x080012f0       0x50 CMakeFiles/Test_Bench.elf.dir/Core/Startup/startup_stm32f407vgtx.s.obj
                0x080012f0                Reset_Handler
 .text.Default_Handler
                0x08001340        0x2 CMakeFiles/Test_Bench.elf.dir/Core/Startup/startup_stm32f407vgtx.s.obj
                0x08001340                RTC_Alarm_IRQHandler
                0x08001340                HASH_RNG_IRQHandler
                0x08001340                EXTI2_IRQHandler
                0x08001340                TIM8_CC_IRQHandler
                0x08001340                TIM1_CC_IRQHandler
                0x08001340                DMA2_Stream5_IRQHandler
                0x08001340                DMA1_Stream5_IRQHandler
                0x08001340                PVD_IRQHandler
                0x08001340                TAMP_STAMP_IRQHandler
                0x08001340                CAN2_RX1_IRQHandler
                0x08001340                EXTI3_IRQHandler
                0x08001340                TIM8_TRG_COM_TIM14_IRQHandler
                0x08001340                TIM1_UP_TIM10_IRQHandler
                0x08001340                TIM8_UP_TIM13_IRQHandler
                0x08001340                I2C3_ER_IRQHandler
                0x08001340                EXTI0_IRQHandler
                0x08001340                I2C2_EV_IRQHandler
                0x08001340                DMA1_Stream2_IRQHandler
                0x08001340                CAN1_RX0_IRQHandler
                0x08001340                FPU_IRQHandler
                0x08001340                OTG_HS_WKUP_IRQHandler
                0x08001340                CAN2_SCE_IRQHandler
                0x08001340                DMA2_Stream2_IRQHandler
                0x08001340                SPI1_IRQHandler
                0x08001340                TIM6_DAC_IRQHandler
                0x08001340                TIM1_BRK_TIM9_IRQHandler
                0x08001340                DCMI_IRQHandler
                0x08001340                CAN2_RX0_IRQHandler
                0x08001340                DMA2_Stream3_IRQHandler
                0x08001340                USART6_IRQHandler
                0x08001340                USART3_IRQHandler
                0x08001340                CAN1_RX1_IRQHandler
                0x08001340                UART5_IRQHandler
                0x08001340                DMA2_Stream0_IRQHandler
                0x08001340                TIM4_IRQHandler
                0x08001340                I2C1_EV_IRQHandler
                0x08001340                DMA1_Stream6_IRQHandler
                0x08001340                DMA1_Stream1_IRQHandler
                0x08001340                UART4_IRQHandler
                0x08001340                TIM3_IRQHandler
                0x08001340                RCC_IRQHandler
                0x08001340                TIM8_BRK_TIM12_IRQHandler
                0x08001340                Default_Handler
                0x08001340                EXTI15_10_IRQHandler
                0x08001340                ADC_IRQHandler
                0x08001340                DMA1_Stream7_IRQHandler
                0x08001340                TIM7_IRQHandler
                0x08001340                CAN2_TX_IRQHandler
                0x08001340                TIM5_IRQHandler
                0x08001340                DMA2_Stream7_IRQHandler
                0x08001340                I2C3_EV_IRQHandler
                0x08001340                EXTI9_5_IRQHandler
                0x08001340                RTC_WKUP_IRQHandler
                0x08001340                ETH_WKUP_IRQHandler
                0x08001340                SPI2_IRQHandler
                0x08001340                OTG_HS_EP1_IN_IRQHandler
                0x08001340                DMA1_Stream0_IRQHandler
                0x08001340                CAN1_TX_IRQHandler
                0x08001340                EXTI4_IRQHandler
                0x08001340                FSMC_IRQHandler
                0x08001340                ETH_IRQHandler
                0x08001340                OTG_HS_EP1_OUT_IRQHandler
                0x08001340                WWDG_IRQHandler
                0x08001340                TIM2_IRQHandler
                0x08001340                OTG_FS_WKUP_IRQHandler
                0x08001340                TIM1_TRG_COM_TIM11_IRQHandler
                0x08001340                OTG_HS_IRQHandler
                0x08001340                EXTI1_IRQHandler
                0x08001340                I2C2_ER_IRQHandler
                0x08001340                DMA2_Stream1_IRQHandler
                0x08001340                CAN1_SCE_IRQHandler
                0x08001340                FLASH_IRQHandler
                0x08001340                DMA2_Stream4_IRQHandler
                0x08001340                USART1_IRQHandler
                0x08001340                SPI3_IRQHandler
                0x08001340                DMA1_Stream4_IRQHandler
                0x08001340                I2C1_ER_IRQHandler
                0x08001340                DMA2_Stream6_IRQHandler
                0x08001340                DMA1_Stream3_IRQHandler
 *fill*         0x08001342        0x2 
 .text.HAL_InitTick
                0x08001344       0x4c CMakeFiles/Test_Bench.elf.dir/Drivers/STM32F4xx_HAL_Driver/Src/stm32f4xx_hal.c.obj
                0x08001344                HAL_InitTick
 .text.HAL_Init
                0x08001390       0x34 CMakeFiles/Test_Bench.elf.dir/Drivers/STM32F4xx_HAL_Driver/Src/stm32f4xx_hal.c.obj
                0x08001390                HAL_Init
 .text.HAL_IncTick
                0x080013c4       0x18 CMakeFiles/Test_Bench.elf.dir/Drivers/STM32F4xx_HAL_Driver/Src/stm32f4xx_hal.c.obj
                0x080013c4                HAL_IncTick
 .text.HAL_GetTick
                0x080013dc        0xc CMakeFiles/Test_Bench.elf.dir/Drivers/STM32F4xx_HAL_Driver/Src/stm32f4xx_hal.c.obj
                0x080013dc                HAL_GetTick
 .text.HAL_Delay
                0x080013e8       0x28 CMakeFiles/Test_Bench.elf.dir/Drivers/STM32F4xx_HAL_Driver/Src/stm32f4xx_hal.c.obj
                0x080013e8                HAL_Delay
 .text.__NVIC_EnableIRQ
                0x08001410       0x1c CMakeFiles/Test_Bench.elf.dir/Drivers/STM32F4xx_HAL_Driver/Src/stm32f4xx_hal_cortex.c.obj
 .text.__NVIC_SetPriority
                0x0800142c       0x28 CMakeFiles/Test_Bench.elf.dir/Drivers/STM32F4xx_HAL_Driver/Src/stm32f4xx_hal_cortex.c.obj
 .text.NVIC_EncodePriority
                0x08001454       0x3e CMakeFiles/Test_Bench.elf.dir/Drivers/STM32F4xx_HAL_Driver/Src/stm32f4xx_hal_cortex.c.obj
 *fill*         0x08001492        0x2 
 .text.HAL_NVIC_SetPriorityGrouping
                0x08001494       0x24 CMakeFiles/Test_Bench.elf.dir/Drivers/STM32F4xx_HAL_Driver/Src/stm32f4xx_hal_cortex.c.obj
                0x08001494                HAL_NVIC_SetPriorityGrouping
 .text.HAL_NVIC_SetPriority
                0x080014b8       0x20 CMakeFiles/Test_Bench.elf.dir/Drivers/STM32F4xx_HAL_Driver/Src/stm32f4xx_hal_cortex.c.obj
                0x080014b8                HAL_NVIC_SetPriority
 .text.HAL_NVIC_EnableIRQ
                0x080014d8        0x8 CMakeFiles/Test_Bench.elf.dir/Drivers/STM32F4xx_HAL_Driver/Src/stm32f4xx_hal_cortex.c.obj
                0x080014d8                HAL_NVIC_EnableIRQ
 .text.HAL_SYSTICK_Config
                0x080014e0       0x28 CMakeFiles/Test_Bench.elf.dir/Drivers/STM32F4xx_HAL_Driver/Src/stm32f4xx_hal_cortex.c.obj
                0x080014e0                HAL_SYSTICK_Config
 .text.HAL_DMA_Abort
                0x08001508       0x94 CMakeFiles/Test_Bench.elf.dir/Drivers/STM32F4xx_HAL_Driver/Src/stm32f4xx_hal_dma.c.obj
                0x08001508                HAL_DMA_Abort
 .text.HAL_DMA_Abort_IT
                0x0800159c       0x26 CMakeFiles/Test_Bench.elf.dir/Drivers/STM32F4xx_HAL_Driver/Src/stm32f4xx_hal_dma.c.obj
                0x0800159c                HAL_DMA_Abort_IT
 *fill*         0x080015c2        0x2 
 .text.HAL_GPIO_Init
                0x080015c4      0x1f4 CMakeFiles/Test_Bench.elf.dir/Drivers/STM32F4xx_HAL_Driver/Src/stm32f4xx_hal_gpio.c.obj
                0x080015c4                HAL_GPIO_Init
 .text.PCD_WriteEmptyTxFifo
                0x080017b8       0xd0 CMakeFiles/Test_Bench.elf.dir/Drivers/STM32F4xx_HAL_Driver/Src/stm32f4xx_hal_pcd.c.obj
 .text.HAL_PCD_Init
                0x08001888      0x102 CMakeFiles/Test_Bench.elf.dir/Drivers/STM32F4xx_HAL_Driver/Src/stm32f4xx_hal_pcd.c.obj
                0x08001888                HAL_PCD_Init
 .text.HAL_PCD_Start
                0x0800198a       0x44 CMakeFiles/Test_Bench.elf.dir/Drivers/STM32F4xx_HAL_Driver/Src/stm32f4xx_hal_pcd.c.obj
                0x0800198a                HAL_PCD_Start
 *fill*         0x080019ce        0x2 
 .text.PCD_EP_OutXfrComplete_int
                0x080019d0      0x104 CMakeFiles/Test_Bench.elf.dir/Drivers/STM32F4xx_HAL_Driver/Src/stm32f4xx_hal_pcd.c.obj
 .text.PCD_EP_OutSetupPacket_int
                0x08001ad4       0x50 CMakeFiles/Test_Bench.elf.dir/Drivers/STM32F4xx_HAL_Driver/Src/stm32f4xx_hal_pcd.c.obj
 .text.HAL_PCD_SetAddress
                0x08001b24       0x26 CMakeFiles/Test_Bench.elf.dir/Drivers/STM32F4xx_HAL_Driver/Src/stm32f4xx_hal_pcd.c.obj
                0x08001b24                HAL_PCD_SetAddress
 .text.HAL_PCD_EP_Open
                0x08001b4a       0x8c CMakeFiles/Test_Bench.elf.dir/Drivers/STM32F4xx_HAL_Driver/Src/stm32f4xx_hal_pcd.c.obj
                0x08001b4a                HAL_PCD_EP_Open
 .text.HAL_PCD_EP_Close
                0x08001bd6       0x70 CMakeFiles/Test_Bench.elf.dir/Drivers/STM32F4xx_HAL_Driver/Src/stm32f4xx_hal_pcd.c.obj
                0x08001bd6                HAL_PCD_EP_Close
 .text.HAL_PCD_EP_Receive
                0x08001c46       0x4a CMakeFiles/Test_Bench.elf.dir/Drivers/STM32F4xx_HAL_Driver/Src/stm32f4xx_hal_pcd.c.obj
                0x08001c46                HAL_PCD_EP_Receive
 .text.HAL_PCD_EP_GetRxCount
                0x08001c90       0x12 CMakeFiles/Test_Bench.elf.dir/Drivers/STM32F4xx_HAL_Driver/Src/stm32f4xx_hal_pcd.c.obj
                0x08001c90                HAL_PCD_EP_GetRxCount
 .text.HAL_PCD_EP_Transmit
                0x08001ca2       0x4a CMakeFiles/Test_Bench.elf.dir/Drivers/STM32F4xx_HAL_Driver/Src/stm32f4xx_hal_pcd.c.obj
                0x08001ca2                HAL_PCD_EP_Transmit
 .text.HAL_PCD_EP_SetStall
                0x08001cec       0x86 CMakeFiles/Test_Bench.elf.dir/Drivers/STM32F4xx_HAL_Driver/Src/stm32f4xx_hal_pcd.c.obj
                0x08001cec                HAL_PCD_EP_SetStall
 .text.HAL_PCD_EP_ClrStall
                0x08001d72       0x74 CMakeFiles/Test_Bench.elf.dir/Drivers/STM32F4xx_HAL_Driver/Src/stm32f4xx_hal_pcd.c.obj
                0x08001d72                HAL_PCD_EP_ClrStall
 .text.HAL_PCD_EP_Abort
                0x08001de6       0x34 CMakeFiles/Test_Bench.elf.dir/Drivers/STM32F4xx_HAL_Driver/Src/stm32f4xx_hal_pcd.c.obj
                0x08001de6                HAL_PCD_EP_Abort
 .text.HAL_PCD_IRQHandler
                0x08001e1a      0x5c0 CMakeFiles/Test_Bench.elf.dir/Drivers/STM32F4xx_HAL_Driver/Src/stm32f4xx_hal_pcd.c.obj
                0x08001e1a                HAL_PCD_IRQHandler
 .text.HAL_PCDEx_SetTxFiFo
                0x080023da       0x4a CMakeFiles/Test_Bench.elf.dir/Drivers/STM32F4xx_HAL_Driver/Src/stm32f4xx_hal_pcd_ex.c.obj
                0x080023da                HAL_PCDEx_SetTxFiFo
 .text.HAL_PCDEx_SetRxFiFo
                0x08002424        0x8 CMakeFiles/Test_Bench.elf.dir/Drivers/STM32F4xx_HAL_Driver/Src/stm32f4xx_hal_pcd_ex.c.obj
                0x08002424                HAL_PCDEx_SetRxFiFo
 .text.HAL_PCDEx_LPM_Callback
                0x0800242c        0x2 CMakeFiles/Test_Bench.elf.dir/Drivers/STM32F4xx_HAL_Driver/Src/stm32f4xx_hal_pcd_ex.c.obj
                0x0800242c                HAL_PCDEx_LPM_Callback
 *fill*         0x0800242e        0x2 
 .text.HAL_RCC_OscConfig
                0x08002430      0x3f8 CMakeFiles/Test_Bench.elf.dir/Drivers/STM32F4xx_HAL_Driver/Src/stm32f4xx_hal_rcc.c.obj
                0x08002430                HAL_RCC_OscConfig
 .text.HAL_RCC_GetSysClockFreq
                0x08002828       0xdc CMakeFiles/Test_Bench.elf.dir/Drivers/STM32F4xx_HAL_Driver/Src/stm32f4xx_hal_rcc.c.obj
                0x08002828                HAL_RCC_GetSysClockFreq
 .text.HAL_RCC_ClockConfig
                0x08002904      0x160 CMakeFiles/Test_Bench.elf.dir/Drivers/STM32F4xx_HAL_Driver/Src/stm32f4xx_hal_rcc.c.obj
                0x08002904                HAL_RCC_ClockConfig
 .text.HAL_RCC_GetHCLKFreq
                0x08002a64        0xc CMakeFiles/Test_Bench.elf.dir/Drivers/STM32F4xx_HAL_Driver/Src/stm32f4xx_hal_rcc.c.obj
                0x08002a64                HAL_RCC_GetHCLKFreq
 .text.HAL_RCC_GetPCLK1Freq
                0x08002a70       0x20 CMakeFiles/Test_Bench.elf.dir/Drivers/STM32F4xx_HAL_Driver/Src/stm32f4xx_hal_rcc.c.obj
                0x08002a70                HAL_RCC_GetPCLK1Freq
 .text.HAL_RCC_GetPCLK2Freq
                0x08002a90       0x20 CMakeFiles/Test_Bench.elf.dir/Drivers/STM32F4xx_HAL_Driver/Src/stm32f4xx_hal_rcc.c.obj
                0x08002a90                HAL_RCC_GetPCLK2Freq
 .text.SD_PowerON
                0x08002ab0       0xc0 CMakeFiles/Test_Bench.elf.dir/Drivers/STM32F4xx_HAL_Driver/Src/stm32f4xx_hal_sd.c.obj
 .text.SD_Read_IT
                0x08002b70       0x38 CMakeFiles/Test_Bench.elf.dir/Drivers/STM32F4xx_HAL_Driver/Src/stm32f4xx_hal_sd.c.obj
 .text.SD_Write_IT
                0x08002ba8       0x48 CMakeFiles/Test_Bench.elf.dir/Drivers/STM32F4xx_HAL_Driver/Src/stm32f4xx_hal_sd.c.obj
 .text.SD_SendStatus
                0x08002bf0       0x2c CMakeFiles/Test_Bench.elf.dir/Drivers/STM32F4xx_HAL_Driver/Src/stm32f4xx_hal_sd.c.obj
 .text.HAL_SD_ReadBlocks
                0x08002c1c      0x250 CMakeFiles/Test_Bench.elf.dir/Drivers/STM32F4xx_HAL_Driver/Src/stm32f4xx_hal_sd.c.obj
                0x08002c1c                HAL_SD_ReadBlocks
 .text.HAL_SD_WriteBlocks
                0x08002e6c      0x20c CMakeFiles/Test_Bench.elf.dir/Drivers/STM32F4xx_HAL_Driver/Src/stm32f4xx_hal_sd.c.obj
                0x08002e6c                HAL_SD_WriteBlocks
 .text.HAL_SD_ErrorCallback
                0x08003078        0x2 CMakeFiles/Test_Bench.elf.dir/Drivers/STM32F4xx_HAL_Driver/Src/stm32f4xx_hal_sd.c.obj
                0x08003078                HAL_SD_ErrorCallback
 *fill*         0x0800307a        0x2 
 .text.HAL_SD_GetCardCSD
                0x0800307c      0x1b8 CMakeFiles/Test_Bench.elf.dir/Drivers/STM32F4xx_HAL_Driver/Src/stm32f4xx_hal_sd.c.obj
                0x0800307c                HAL_SD_GetCardCSD
 .text.SD_InitCard
                0x08003234      0x100 CMakeFiles/Test_Bench.elf.dir/Drivers/STM32F4xx_HAL_Driver/Src/stm32f4xx_hal_sd.c.obj
 .text.HAL_SD_InitCard
                0x08003334       0xa8 CMakeFiles/Test_Bench.elf.dir/Drivers/STM32F4xx_HAL_Driver/Src/stm32f4xx_hal_sd.c.obj
                0x08003334                HAL_SD_InitCard
 .text.HAL_SD_Init
                0x080033dc       0x36 CMakeFiles/Test_Bench.elf.dir/Drivers/STM32F4xx_HAL_Driver/Src/stm32f4xx_hal_sd.c.obj
                0x080033dc                HAL_SD_Init
 .text.HAL_SD_GetCardInfo
                0x08003412       0x24 CMakeFiles/Test_Bench.elf.dir/Drivers/STM32F4xx_HAL_Driver/Src/stm32f4xx_hal_sd.c.obj
                0x08003412                HAL_SD_GetCardInfo
 .text.HAL_SD_GetCardState
                0x08003436       0x22 CMakeFiles/Test_Bench.elf.dir/Drivers/STM32F4xx_HAL_Driver/Src/stm32f4xx_hal_sd.c.obj
                0x08003436                HAL_SD_GetCardState
 .text.SD_DMATxAbort
                0x08003458       0x44 CMakeFiles/Test_Bench.elf.dir/Drivers/STM32F4xx_HAL_Driver/Src/stm32f4xx_hal_sd.c.obj
 .text.SD_DMARxAbort
                0x0800349c       0x44 CMakeFiles/Test_Bench.elf.dir/Drivers/STM32F4xx_HAL_Driver/Src/stm32f4xx_hal_sd.c.obj
 .text.HAL_SD_IRQHandler
                0x080034e0      0x1e0 CMakeFiles/Test_Bench.elf.dir/Drivers/STM32F4xx_HAL_Driver/Src/stm32f4xx_hal_sd.c.obj
                0x080034e0                HAL_SD_IRQHandler
 .text.UART_EndRxTransfer
                0x080036c0       0x5c CMakeFiles/Test_Bench.elf.dir/Drivers/STM32F4xx_HAL_Driver/Src/stm32f4xx_hal_uart.c.obj
 .text.UART_Transmit_IT
                0x0800371c       0x60 CMakeFiles/Test_Bench.elf.dir/Drivers/STM32F4xx_HAL_Driver/Src/stm32f4xx_hal_uart.c.obj
 .text.UART_SetConfig
                0x0800377c      0x110 CMakeFiles/Test_Bench.elf.dir/Drivers/STM32F4xx_HAL_Driver/Src/stm32f4xx_hal_uart.c.obj
 .text.UART_WaitOnFlagUntilTimeout
                0x0800388c       0x86 CMakeFiles/Test_Bench.elf.dir/Drivers/STM32F4xx_HAL_Driver/Src/stm32f4xx_hal_uart.c.obj
 .text.HAL_UART_Init
                0x08003912       0x60 CMakeFiles/Test_Bench.elf.dir/Drivers/STM32F4xx_HAL_Driver/Src/stm32f4xx_hal_uart.c.obj
                0x08003912                HAL_UART_Init
 .text.HAL_UART_Transmit
                0x08003972       0xcc CMakeFiles/Test_Bench.elf.dir/Drivers/STM32F4xx_HAL_Driver/Src/stm32f4xx_hal_uart.c.obj
                0x08003972                HAL_UART_Transmit
 .text.HAL_UART_Receive
                0x08003a3e       0xd2 CMakeFiles/Test_Bench.elf.dir/Drivers/STM32F4xx_HAL_Driver/Src/stm32f4xx_hal_uart.c.obj
                0x08003a3e                HAL_UART_Receive
 .text.HAL_UART_TxCpltCallback
                0x08003b10        0x2 CMakeFiles/Test_Bench.elf.dir/Drivers/STM32F4xx_HAL_Driver/Src/stm32f4xx_hal_uart.c.obj
                0x08003b10                HAL_UART_TxCpltCallback
 .text.UART_EndTransmit_IT
                0x08003b12       0x1a CMakeFiles/Test_Bench.elf.dir/Drivers/STM32F4xx_HAL_Driver/Src/stm32f4xx_hal_uart.c.obj
 .text.HAL_UART_RxCpltCallback
                0x08003b2c        0x2 CMakeFiles/Test_Bench.elf.dir/Drivers/STM32F4xx_HAL_Driver/Src/stm32f4xx_hal_uart.c.obj
                0x08003b2c                HAL_UART_RxCpltCallback
 .text.HAL_UART_ErrorCallback
                0x08003b2e        0x2 CMakeFiles/Test_Bench.elf.dir/Drivers/STM32F4xx_HAL_Driver/Src/stm32f4xx_hal_uart.c.obj
                0x08003b2e                HAL_UART_ErrorCallback
 .text.UART_DMAAbortOnError
                0x08003b30       0x10 CMakeFiles/Test_Bench.elf.dir/Drivers/STM32F4xx_HAL_Driver/Src/stm32f4xx_hal_uart.c.obj
 .text.HAL_UARTEx_RxEventCallback
                0x08003b40        0x2 CMakeFiles/Test_Bench.elf.dir/Drivers/STM32F4xx_HAL_Driver/Src/stm32f4xx_hal_uart.c.obj
                0x08003b40                HAL_UARTEx_RxEventCallback
 .text.UART_Receive_IT
                0x08003b42       0xe6 CMakeFiles/Test_Bench.elf.dir/Drivers/STM32F4xx_HAL_Driver/Src/stm32f4xx_hal_uart.c.obj
 .text.HAL_UART_IRQHandler
                0x08003c28      0x284 CMakeFiles/Test_Bench.elf.dir/Drivers/STM32F4xx_HAL_Driver/Src/stm32f4xx_hal_uart.c.obj
                0x08003c28                HAL_UART_IRQHandler
 .text.SDMMC_GetCmdError
                0x08003eac       0x38 CMakeFiles/Test_Bench.elf.dir/Drivers/STM32F4xx_HAL_Driver/Src/stm32f4xx_ll_sdmmc.c.obj
 .text.SDIO_Init
                0x08003ee4       0x32 CMakeFiles/Test_Bench.elf.dir/Drivers/STM32F4xx_HAL_Driver/Src/stm32f4xx_ll_sdmmc.c.obj
                0x08003ee4                SDIO_Init
 .text.SDIO_ReadFIFO
                0x08003f16        0x6 CMakeFiles/Test_Bench.elf.dir/Drivers/STM32F4xx_HAL_Driver/Src/stm32f4xx_ll_sdmmc.c.obj
                0x08003f16                SDIO_ReadFIFO
 .text.SDIO_WriteFIFO
                0x08003f1c        0xa CMakeFiles/Test_Bench.elf.dir/Drivers/STM32F4xx_HAL_Driver/Src/stm32f4xx_ll_sdmmc.c.obj
                0x08003f1c                SDIO_WriteFIFO
 .text.SDIO_PowerState_ON
                0x08003f26        0x8 CMakeFiles/Test_Bench.elf.dir/Drivers/STM32F4xx_HAL_Driver/Src/stm32f4xx_ll_sdmmc.c.obj
                0x08003f26                SDIO_PowerState_ON
 .text.SDIO_GetPowerState
                0x08003f2e        0x8 CMakeFiles/Test_Bench.elf.dir/Drivers/STM32F4xx_HAL_Driver/Src/stm32f4xx_ll_sdmmc.c.obj
                0x08003f2e                SDIO_GetPowerState
 .text.SDIO_SendCommand
                0x08003f36       0x20 CMakeFiles/Test_Bench.elf.dir/Drivers/STM32F4xx_HAL_Driver/Src/stm32f4xx_ll_sdmmc.c.obj
                0x08003f36                SDIO_SendCommand
 .text.SDIO_GetCommandResponse
                0x08003f56        0x6 CMakeFiles/Test_Bench.elf.dir/Drivers/STM32F4xx_HAL_Driver/Src/stm32f4xx_ll_sdmmc.c.obj
                0x08003f56                SDIO_GetCommandResponse
 .text.SDIO_GetResponse
                0x08003f5c        0x6 CMakeFiles/Test_Bench.elf.dir/Drivers/STM32F4xx_HAL_Driver/Src/stm32f4xx_ll_sdmmc.c.obj
                0x08003f5c                SDIO_GetResponse
 .text.SDIO_ConfigData
                0x08003f62       0x24 CMakeFiles/Test_Bench.elf.dir/Drivers/STM32F4xx_HAL_Driver/Src/stm32f4xx_ll_sdmmc.c.obj
                0x08003f62                SDIO_ConfigData
 .text.SDMMC_CmdGoIdleState
                0x08003f86       0x26 CMakeFiles/Test_Bench.elf.dir/Drivers/STM32F4xx_HAL_Driver/Src/stm32f4xx_ll_sdmmc.c.obj
                0x08003f86                SDMMC_CmdGoIdleState
 .text.SDMMC_GetCmdResp1
                0x08003fac      0x154 CMakeFiles/Test_Bench.elf.dir/Drivers/STM32F4xx_HAL_Driver/Src/stm32f4xx_ll_sdmmc.c.obj
                0x08003fac                SDMMC_GetCmdResp1
 .text.SDMMC_CmdBlockLength
                0x08004100       0x30 CMakeFiles/Test_Bench.elf.dir/Drivers/STM32F4xx_HAL_Driver/Src/stm32f4xx_ll_sdmmc.c.obj
                0x08004100                SDMMC_CmdBlockLength
 .text.SDMMC_CmdReadSingleBlock
                0x08004130       0x30 CMakeFiles/Test_Bench.elf.dir/Drivers/STM32F4xx_HAL_Driver/Src/stm32f4xx_ll_sdmmc.c.obj
                0x08004130                SDMMC_CmdReadSingleBlock
 .text.SDMMC_CmdReadMultiBlock
                0x08004160       0x30 CMakeFiles/Test_Bench.elf.dir/Drivers/STM32F4xx_HAL_Driver/Src/stm32f4xx_ll_sdmmc.c.obj
                0x08004160                SDMMC_CmdReadMultiBlock
 .text.SDMMC_CmdWriteSingleBlock
                0x08004190       0x30 CMakeFiles/Test_Bench.elf.dir/Drivers/STM32F4xx_HAL_Driver/Src/stm32f4xx_ll_sdmmc.c.obj
                0x08004190                SDMMC_CmdWriteSingleBlock
 .text.SDMMC_CmdWriteMultiBlock
                0x080041c0       0x30 CMakeFiles/Test_Bench.elf.dir/Drivers/STM32F4xx_HAL_Driver/Src/stm32f4xx_ll_sdmmc.c.obj
                0x080041c0                SDMMC_CmdWriteMultiBlock
 .text.SDMMC_CmdStopTransfer
                0x080041f0       0x34 CMakeFiles/Test_Bench.elf.dir/Drivers/STM32F4xx_HAL_Driver/Src/stm32f4xx_ll_sdmmc.c.obj
                0x080041f0                SDMMC_CmdStopTransfer
 .text.SDMMC_CmdSelDesel
                0x08004224       0x30 CMakeFiles/Test_Bench.elf.dir/Drivers/STM32F4xx_HAL_Driver/Src/stm32f4xx_ll_sdmmc.c.obj
                0x08004224                SDMMC_CmdSelDesel
 .text.SDMMC_CmdAppCommand
                0x08004254       0x30 CMakeFiles/Test_Bench.elf.dir/Drivers/STM32F4xx_HAL_Driver/Src/stm32f4xx_ll_sdmmc.c.obj
                0x08004254                SDMMC_CmdAppCommand
 .text.SDMMC_CmdSendStatus
                0x08004284       0x30 CMakeFiles/Test_Bench.elf.dir/Drivers/STM32F4xx_HAL_Driver/Src/stm32f4xx_ll_sdmmc.c.obj
                0x08004284                SDMMC_CmdSendStatus
 .text.SDMMC_GetCmdResp2
                0x080042b4       0x5c CMakeFiles/Test_Bench.elf.dir/Drivers/STM32F4xx_HAL_Driver/Src/stm32f4xx_ll_sdmmc.c.obj
                0x080042b4                SDMMC_GetCmdResp2
 .text.SDMMC_CmdSendCID
                0x08004310       0x2a CMakeFiles/Test_Bench.elf.dir/Drivers/STM32F4xx_HAL_Driver/Src/stm32f4xx_ll_sdmmc.c.obj
                0x08004310                SDMMC_CmdSendCID
 .text.SDMMC_CmdSendCSD
                0x0800433a       0x2a CMakeFiles/Test_Bench.elf.dir/Drivers/STM32F4xx_HAL_Driver/Src/stm32f4xx_ll_sdmmc.c.obj
                0x0800433a                SDMMC_CmdSendCSD
 .text.SDMMC_GetCmdResp3
                0x08004364       0x4c CMakeFiles/Test_Bench.elf.dir/Drivers/STM32F4xx_HAL_Driver/Src/stm32f4xx_ll_sdmmc.c.obj
                0x08004364                SDMMC_GetCmdResp3
 .text.SDMMC_CmdAppOperCommand
                0x080043b0       0x32 CMakeFiles/Test_Bench.elf.dir/Drivers/STM32F4xx_HAL_Driver/Src/stm32f4xx_ll_sdmmc.c.obj
                0x080043b0                SDMMC_CmdAppOperCommand
 *fill*         0x080043e2        0x2 
 .text.SDMMC_GetCmdResp6
                0x080043e4       0xa0 CMakeFiles/Test_Bench.elf.dir/Drivers/STM32F4xx_HAL_Driver/Src/stm32f4xx_ll_sdmmc.c.obj
                0x080043e4                SDMMC_GetCmdResp6
 .text.SDMMC_CmdSetRelAdd
                0x08004484       0x30 CMakeFiles/Test_Bench.elf.dir/Drivers/STM32F4xx_HAL_Driver/Src/stm32f4xx_ll_sdmmc.c.obj
                0x08004484                SDMMC_CmdSetRelAdd
 .text.SDMMC_GetCmdResp7
                0x080044b4       0x64 CMakeFiles/Test_Bench.elf.dir/Drivers/STM32F4xx_HAL_Driver/Src/stm32f4xx_ll_sdmmc.c.obj
                0x080044b4                SDMMC_GetCmdResp7
 .text.SDMMC_CmdOperCond
                0x08004518       0x2e CMakeFiles/Test_Bench.elf.dir/Drivers/STM32F4xx_HAL_Driver/Src/stm32f4xx_ll_sdmmc.c.obj
                0x08004518                SDMMC_CmdOperCond
 .text.USB_CoreReset
                0x08004546       0x4a CMakeFiles/Test_Bench.elf.dir/Drivers/STM32F4xx_HAL_Driver/Src/stm32f4xx_ll_usb.c.obj
 .text.USB_CoreInit
                0x08004590       0x92 CMakeFiles/Test_Bench.elf.dir/Drivers/STM32F4xx_HAL_Driver/Src/stm32f4xx_ll_usb.c.obj
                0x08004590                USB_CoreInit
 *fill*         0x08004622        0x2 
 .text.USB_SetTurnaroundTime
                0x08004624       0xe4 CMakeFiles/Test_Bench.elf.dir/Drivers/STM32F4xx_HAL_Driver/Src/stm32f4xx_ll_usb.c.obj
                0x08004624                USB_SetTurnaroundTime
 .text.USB_EnableGlobalInt
                0x08004708        0xc CMakeFiles/Test_Bench.elf.dir/Drivers/STM32F4xx_HAL_Driver/Src/stm32f4xx_ll_usb.c.obj
                0x08004708                USB_EnableGlobalInt
 .text.USB_DisableGlobalInt
                0x08004714        0xc CMakeFiles/Test_Bench.elf.dir/Drivers/STM32F4xx_HAL_Driver/Src/stm32f4xx_ll_usb.c.obj
                0x08004714                USB_DisableGlobalInt
 .text.USB_FlushTxFifo
                0x08004720       0x4a CMakeFiles/Test_Bench.elf.dir/Drivers/STM32F4xx_HAL_Driver/Src/stm32f4xx_ll_usb.c.obj
                0x08004720                USB_FlushTxFifo
 .text.USB_FlushRxFifo
                0x0800476a       0x46 CMakeFiles/Test_Bench.elf.dir/Drivers/STM32F4xx_HAL_Driver/Src/stm32f4xx_ll_usb.c.obj
                0x0800476a                USB_FlushRxFifo
 .text.USB_SetDevSpeed
                0x080047b0        0xe CMakeFiles/Test_Bench.elf.dir/Drivers/STM32F4xx_HAL_Driver/Src/stm32f4xx_ll_usb.c.obj
                0x080047b0                USB_SetDevSpeed
 *fill*         0x080047be        0x2 
 .text.USB_DevInit
                0x080047c0      0x194 CMakeFiles/Test_Bench.elf.dir/Drivers/STM32F4xx_HAL_Driver/Src/stm32f4xx_ll_usb.c.obj
                0x080047c0                USB_DevInit
 .text.USB_GetDevSpeed
                0x08004954       0x22 CMakeFiles/Test_Bench.elf.dir/Drivers/STM32F4xx_HAL_Driver/Src/stm32f4xx_ll_usb.c.obj
                0x08004954                USB_GetDevSpeed
 .text.USB_ActivateEndpoint
                0x08004976       0x9a CMakeFiles/Test_Bench.elf.dir/Drivers/STM32F4xx_HAL_Driver/Src/stm32f4xx_ll_usb.c.obj
                0x08004976                USB_ActivateEndpoint
 .text.USB_DeactivateEndpoint
                0x08004a10       0xe0 CMakeFiles/Test_Bench.elf.dir/Drivers/STM32F4xx_HAL_Driver/Src/stm32f4xx_ll_usb.c.obj
                0x08004a10                USB_DeactivateEndpoint
 .text.USB_EPStopXfer
                0x08004af0       0xbc CMakeFiles/Test_Bench.elf.dir/Drivers/STM32F4xx_HAL_Driver/Src/stm32f4xx_ll_usb.c.obj
                0x08004af0                USB_EPStopXfer
 .text.USB_WritePacket
                0x08004bac       0x2e CMakeFiles/Test_Bench.elf.dir/Drivers/STM32F4xx_HAL_Driver/Src/stm32f4xx_ll_usb.c.obj
                0x08004bac                USB_WritePacket
 *fill*         0x08004bda        0x2 
 .text.USB_EPStartXfer
                0x08004bdc      0x244 CMakeFiles/Test_Bench.elf.dir/Drivers/STM32F4xx_HAL_Driver/Src/stm32f4xx_ll_usb.c.obj
                0x08004bdc                USB_EPStartXfer
 .text.USB_ReadPacket
                0x08004e20       0x46 CMakeFiles/Test_Bench.elf.dir/Drivers/STM32F4xx_HAL_Driver/Src/stm32f4xx_ll_usb.c.obj
                0x08004e20                USB_ReadPacket
 .text.USB_EPSetStall
                0x08004e66       0x5a CMakeFiles/Test_Bench.elf.dir/Drivers/STM32F4xx_HAL_Driver/Src/stm32f4xx_ll_usb.c.obj
                0x08004e66                USB_EPSetStall
 .text.USB_EPClearStall
                0x08004ec0       0x5c CMakeFiles/Test_Bench.elf.dir/Drivers/STM32F4xx_HAL_Driver/Src/stm32f4xx_ll_usb.c.obj
                0x08004ec0                USB_EPClearStall
 .text.USB_SetDevAddress
                0x08004f1c       0x20 CMakeFiles/Test_Bench.elf.dir/Drivers/STM32F4xx_HAL_Driver/Src/stm32f4xx_ll_usb.c.obj
                0x08004f1c                USB_SetDevAddress
 .text.USB_DevConnect
                0x08004f3c       0x1c CMakeFiles/Test_Bench.elf.dir/Drivers/STM32F4xx_HAL_Driver/Src/stm32f4xx_ll_usb.c.obj
                0x08004f3c                USB_DevConnect
 .text.USB_DevDisconnect
                0x08004f58       0x1c CMakeFiles/Test_Bench.elf.dir/Drivers/STM32F4xx_HAL_Driver/Src/stm32f4xx_ll_usb.c.obj
                0x08004f58                USB_DevDisconnect
 .text.USB_ReadInterrupts
                0x08004f74        0x8 CMakeFiles/Test_Bench.elf.dir/Drivers/STM32F4xx_HAL_Driver/Src/stm32f4xx_ll_usb.c.obj
                0x08004f74                USB_ReadInterrupts
 .text.USB_ReadDevAllOutEpInterrupt
                0x08004f7c       0x10 CMakeFiles/Test_Bench.elf.dir/Drivers/STM32F4xx_HAL_Driver/Src/stm32f4xx_ll_usb.c.obj
                0x08004f7c                USB_ReadDevAllOutEpInterrupt
 .text.USB_ReadDevAllInEpInterrupt
                0x08004f8c       0x10 CMakeFiles/Test_Bench.elf.dir/Drivers/STM32F4xx_HAL_Driver/Src/stm32f4xx_ll_usb.c.obj
                0x08004f8c                USB_ReadDevAllInEpInterrupt
 .text.USB_ReadDevOutEPInterrupt
                0x08004f9c       0x12 CMakeFiles/Test_Bench.elf.dir/Drivers/STM32F4xx_HAL_Driver/Src/stm32f4xx_ll_usb.c.obj
                0x08004f9c                USB_ReadDevOutEPInterrupt
 .text.USB_ReadDevInEPInterrupt
                0x08004fae       0x24 CMakeFiles/Test_Bench.elf.dir/Drivers/STM32F4xx_HAL_Driver/Src/stm32f4xx_ll_usb.c.obj
                0x08004fae                USB_ReadDevInEPInterrupt
 .text.USB_GetMode
                0x08004fd2        0x8 CMakeFiles/Test_Bench.elf.dir/Drivers/STM32F4xx_HAL_Driver/Src/stm32f4xx_ll_usb.c.obj
                0x08004fd2                USB_GetMode
 .text.USB_SetCurrentMode
                0x08004fda       0x62 CMakeFiles/Test_Bench.elf.dir/Drivers/STM32F4xx_HAL_Driver/Src/stm32f4xx_ll_usb.c.obj
                0x08004fda                USB_SetCurrentMode
 .text.USB_ActivateSetup
                0x0800503c       0x1c CMakeFiles/Test_Bench.elf.dir/Drivers/STM32F4xx_HAL_Driver/Src/stm32f4xx_ll_usb.c.obj
                0x0800503c                USB_ActivateSetup
 .text.USB_EP0_OutStart
                0x08005058       0x5c CMakeFiles/Test_Bench.elf.dir/Drivers/STM32F4xx_HAL_Driver/Src/stm32f4xx_ll_usb.c.obj
                0x08005058                USB_EP0_OutStart
 .text.MX_FATFS_Init
                0x080050b4       0x1c CMakeFiles/Test_Bench.elf.dir/FATFS/App/fatfs.c.obj
                0x080050b4                MX_FATFS_Init
 .text.get_fattime
                0x080050d0        0x4 CMakeFiles/Test_Bench.elf.dir/FATFS/App/fatfs.c.obj
                0x080050d0                get_fattime
 .text.BSP_SD_ReadBlocks
                0x080050d4       0x20 CMakeFiles/Test_Bench.elf.dir/FATFS/Target/bsp_driver_sd.c.obj
                0x080050d4                BSP_SD_ReadBlocks
 .text.BSP_SD_WriteBlocks
                0x080050f4       0x20 CMakeFiles/Test_Bench.elf.dir/FATFS/Target/bsp_driver_sd.c.obj
                0x080050f4                BSP_SD_WriteBlocks
 .text.BSP_SD_GetCardState
                0x08005114       0x14 CMakeFiles/Test_Bench.elf.dir/FATFS/Target/bsp_driver_sd.c.obj
                0x08005114                BSP_SD_GetCardState
 .text.BSP_SD_GetCardInfo
                0x08005128       0x10 CMakeFiles/Test_Bench.elf.dir/FATFS/Target/bsp_driver_sd.c.obj
                0x08005128                BSP_SD_GetCardInfo
 .text.BSP_SD_AbortCallback
                0x08005138        0x2 CMakeFiles/Test_Bench.elf.dir/FATFS/Target/bsp_driver_sd.c.obj
                0x08005138                BSP_SD_AbortCallback
 .text.HAL_SD_AbortCallback
                0x0800513a        0x8 CMakeFiles/Test_Bench.elf.dir/FATFS/Target/bsp_driver_sd.c.obj
                0x0800513a                HAL_SD_AbortCallback
 .text.BSP_SD_WriteCpltCallback
                0x08005142        0x2 CMakeFiles/Test_Bench.elf.dir/FATFS/Target/bsp_driver_sd.c.obj
                0x08005142                BSP_SD_WriteCpltCallback
 .text.HAL_SD_TxCpltCallback
                0x08005144        0x8 CMakeFiles/Test_Bench.elf.dir/FATFS/Target/bsp_driver_sd.c.obj
                0x08005144                HAL_SD_TxCpltCallback
 .text.BSP_SD_ReadCpltCallback
                0x0800514c        0x2 CMakeFiles/Test_Bench.elf.dir/FATFS/Target/bsp_driver_sd.c.obj
                0x0800514c                BSP_SD_ReadCpltCallback
 .text.HAL_SD_RxCpltCallback
                0x0800514e        0x8 CMakeFiles/Test_Bench.elf.dir/FATFS/Target/bsp_driver_sd.c.obj
                0x0800514e                HAL_SD_RxCpltCallback
 .text.BSP_SD_IsDetected
                0x08005156       0x10 CMakeFiles/Test_Bench.elf.dir/FATFS/Target/bsp_driver_sd.c.obj
                0x08005156                BSP_SD_IsDetected
 *fill*         0x08005166        0x2 
 .text.BSP_SD_Init
                0x08005168       0x1c CMakeFiles/Test_Bench.elf.dir/FATFS/Target/bsp_driver_sd.c.obj
                0x08005168                BSP_SD_Init
 .text.SD_CheckStatus
                0x08005184       0x24 CMakeFiles/Test_Bench.elf.dir/FATFS/Target/sd_diskio.c.obj
 .text.SD_initialize
                0x080051a8       0x28 CMakeFiles/Test_Bench.elf.dir/FATFS/Target/sd_diskio.c.obj
                0x080051a8                SD_initialize
 .text.SD_status
                0x080051d0        0x8 CMakeFiles/Test_Bench.elf.dir/FATFS/Target/sd_diskio.c.obj
                0x080051d0                SD_status
 .text.SD_read  0x080051d8       0x24 CMakeFiles/Test_Bench.elf.dir/FATFS/Target/sd_diskio.c.obj
                0x080051d8                SD_read
 .text.SD_write
                0x080051fc       0x24 CMakeFiles/Test_Bench.elf.dir/FATFS/Target/sd_diskio.c.obj
                0x080051fc                SD_write
 .text.SD_ioctl
                0x08005220       0x58 CMakeFiles/Test_Bench.elf.dir/FATFS/Target/sd_diskio.c.obj
                0x08005220                SD_ioctl
 .text.USBD_CDC_EP0_RxReady
                0x08005278       0x40 CMakeFiles/Test_Bench.elf.dir/Middlewares/ST/STM32_USB_Device_Library/Class/CDC/Src/usbd_cdc.c.obj
 .text.USBD_CDC_GetDeviceQualifierDescriptor
                0x080052b8        0xc CMakeFiles/Test_Bench.elf.dir/Middlewares/ST/STM32_USB_Device_Library/Class/CDC/Src/usbd_cdc.c.obj
                0x080052b8                USBD_CDC_GetDeviceQualifierDescriptor
 .text.USBD_CDC_GetOtherSpeedCfgDesc
                0x080052c4       0x48 CMakeFiles/Test_Bench.elf.dir/Middlewares/ST/STM32_USB_Device_Library/Class/CDC/Src/usbd_cdc.c.obj
 .text.USBD_CDC_GetFSCfgDesc
                0x0800530c       0x48 CMakeFiles/Test_Bench.elf.dir/Middlewares/ST/STM32_USB_Device_Library/Class/CDC/Src/usbd_cdc.c.obj
 .text.USBD_CDC_GetHSCfgDesc
                0x08005354       0x48 CMakeFiles/Test_Bench.elf.dir/Middlewares/ST/STM32_USB_Device_Library/Class/CDC/Src/usbd_cdc.c.obj
 .text.USBD_CDC_DataOut
                0x0800539c       0x38 CMakeFiles/Test_Bench.elf.dir/Middlewares/ST/STM32_USB_Device_Library/Class/CDC/Src/usbd_cdc.c.obj
 .text.USBD_CDC_DataIn
                0x080053d4       0x7c CMakeFiles/Test_Bench.elf.dir/Middlewares/ST/STM32_USB_Device_Library/Class/CDC/Src/usbd_cdc.c.obj
 .text.USBD_CDC_Setup
                0x08005450      0x11a CMakeFiles/Test_Bench.elf.dir/Middlewares/ST/STM32_USB_Device_Library/Class/CDC/Src/usbd_cdc.c.obj
 .text.USBD_CDC_DeInit
                0x0800556a       0x64 CMakeFiles/Test_Bench.elf.dir/Middlewares/ST/STM32_USB_Device_Library/Class/CDC/Src/usbd_cdc.c.obj
 .text.USBD_CDC_Init
                0x080055ce       0xee CMakeFiles/Test_Bench.elf.dir/Middlewares/ST/STM32_USB_Device_Library/Class/CDC/Src/usbd_cdc.c.obj
 .text.USBD_CDC_RegisterInterface
                0x080056bc       0x16 CMakeFiles/Test_Bench.elf.dir/Middlewares/ST/STM32_USB_Device_Library/Class/CDC/Src/usbd_cdc.c.obj
                0x080056bc                USBD_CDC_RegisterInterface
 .text.USBD_CDC_SetTxBuffer
                0x080056d2       0x1c CMakeFiles/Test_Bench.elf.dir/Middlewares/ST/STM32_USB_Device_Library/Class/CDC/Src/usbd_cdc.c.obj
                0x080056d2                USBD_CDC_SetTxBuffer
 .text.USBD_CDC_SetRxBuffer
                0x080056ee       0x18 CMakeFiles/Test_Bench.elf.dir/Middlewares/ST/STM32_USB_Device_Library/Class/CDC/Src/usbd_cdc.c.obj
                0x080056ee                USBD_CDC_SetRxBuffer
 .text.USBD_CDC_TransmitPacket
                0x08005706       0x36 CMakeFiles/Test_Bench.elf.dir/Middlewares/ST/STM32_USB_Device_Library/Class/CDC/Src/usbd_cdc.c.obj
                0x08005706                USBD_CDC_TransmitPacket
 .text.USBD_CDC_ReceivePacket
                0x0800573c       0x38 CMakeFiles/Test_Bench.elf.dir/Middlewares/ST/STM32_USB_Device_Library/Class/CDC/Src/usbd_cdc.c.obj
                0x0800573c                USBD_CDC_ReceivePacket
 .text.USBD_Init
                0x08005774       0x2e CMakeFiles/Test_Bench.elf.dir/Middlewares/ST/STM32_USB_Device_Library/Core/Src/usbd_core.c.obj
                0x08005774                USBD_Init
 .text.USBD_RegisterClass
                0x080057a2       0x40 CMakeFiles/Test_Bench.elf.dir/Middlewares/ST/STM32_USB_Device_Library/Core/Src/usbd_core.c.obj
                0x080057a2                USBD_RegisterClass
 .text.USBD_Start
                0x080057e2        0x8 CMakeFiles/Test_Bench.elf.dir/Middlewares/ST/STM32_USB_Device_Library/Core/Src/usbd_core.c.obj
                0x080057e2                USBD_Start
 .text.USBD_SetClassConfig
                0x080057ea       0x12 CMakeFiles/Test_Bench.elf.dir/Middlewares/ST/STM32_USB_Device_Library/Core/Src/usbd_core.c.obj
                0x080057ea                USBD_SetClassConfig
 .text.USBD_ClrClassConfig
                0x080057fc       0x12 CMakeFiles/Test_Bench.elf.dir/Middlewares/ST/STM32_USB_Device_Library/Core/Src/usbd_core.c.obj
                0x080057fc                USBD_ClrClassConfig
 .text.USBD_LL_SetupStage
                0x0800580e       0x58 CMakeFiles/Test_Bench.elf.dir/Middlewares/ST/STM32_USB_Device_Library/Core/Src/usbd_core.c.obj
                0x0800580e                USBD_LL_SetupStage
 .text.USBD_LL_Reset
                0x08005866       0x64 CMakeFiles/Test_Bench.elf.dir/Middlewares/ST/STM32_USB_Device_Library/Core/Src/usbd_core.c.obj
                0x08005866                USBD_LL_Reset
 .text.USBD_LL_SetSpeed
                0x080058ca        0x6 CMakeFiles/Test_Bench.elf.dir/Middlewares/ST/STM32_USB_Device_Library/Core/Src/usbd_core.c.obj
                0x080058ca                USBD_LL_SetSpeed
 .text.USBD_LL_Suspend
                0x080058d0       0x1e CMakeFiles/Test_Bench.elf.dir/Middlewares/ST/STM32_USB_Device_Library/Core/Src/usbd_core.c.obj
                0x080058d0                USBD_LL_Suspend
 .text.USBD_LL_Resume
                0x080058ee       0x1a CMakeFiles/Test_Bench.elf.dir/Middlewares/ST/STM32_USB_Device_Library/Core/Src/usbd_core.c.obj
                0x080058ee                USBD_LL_Resume
 .text.USBD_LL_SOF
                0x08005908       0x22 CMakeFiles/Test_Bench.elf.dir/Middlewares/ST/STM32_USB_Device_Library/Core/Src/usbd_core.c.obj
                0x08005908                USBD_LL_SOF
 .text.USBD_LL_IsoINIncomplete
                0x0800592a       0x2e CMakeFiles/Test_Bench.elf.dir/Middlewares/ST/STM32_USB_Device_Library/Core/Src/usbd_core.c.obj
                0x0800592a                USBD_LL_IsoINIncomplete
 .text.USBD_LL_IsoOUTIncomplete
                0x08005958       0x2e CMakeFiles/Test_Bench.elf.dir/Middlewares/ST/STM32_USB_Device_Library/Core/Src/usbd_core.c.obj
                0x08005958                USBD_LL_IsoOUTIncomplete
 .text.USBD_LL_DevConnected
                0x08005986        0x4 CMakeFiles/Test_Bench.elf.dir/Middlewares/ST/STM32_USB_Device_Library/Core/Src/usbd_core.c.obj
                0x08005986                USBD_LL_DevConnected
 .text.USBD_LL_DevDisconnected
                0x0800598a       0x20 CMakeFiles/Test_Bench.elf.dir/Middlewares/ST/STM32_USB_Device_Library/Core/Src/usbd_core.c.obj
                0x0800598a                USBD_LL_DevDisconnected
 .text.USBD_CoreFindIF
                0x080059aa        0x4 CMakeFiles/Test_Bench.elf.dir/Middlewares/ST/STM32_USB_Device_Library/Core/Src/usbd_core.c.obj
                0x080059aa                USBD_CoreFindIF
 .text.USBD_CoreFindEP
                0x080059ae        0x4 CMakeFiles/Test_Bench.elf.dir/Middlewares/ST/STM32_USB_Device_Library/Core/Src/usbd_core.c.obj
                0x080059ae                USBD_CoreFindEP
 .text.USBD_LL_DataOutStage
                0x080059b2       0xc4 CMakeFiles/Test_Bench.elf.dir/Middlewares/ST/STM32_USB_Device_Library/Core/Src/usbd_core.c.obj
                0x080059b2                USBD_LL_DataOutStage
 .text.USBD_LL_DataInStage
                0x08005a76       0xd6 CMakeFiles/Test_Bench.elf.dir/Middlewares/ST/STM32_USB_Device_Library/Core/Src/usbd_core.c.obj
                0x08005a76                USBD_LL_DataInStage
 .text.USBD_GetNextDesc
                0x08005b4c        0xe CMakeFiles/Test_Bench.elf.dir/Middlewares/ST/STM32_USB_Device_Library/Core/Src/usbd_core.c.obj
                0x08005b4c                USBD_GetNextDesc
 .text.USBD_GetEpDesc
                0x08005b5a       0x3e CMakeFiles/Test_Bench.elf.dir/Middlewares/ST/STM32_USB_Device_Library/Core/Src/usbd_core.c.obj
                0x08005b5a                USBD_GetEpDesc
 .text.USBD_GetLen
                0x08005b98       0x14 CMakeFiles/Test_Bench.elf.dir/Middlewares/ST/STM32_USB_Device_Library/Core/Src/usbd_ctlreq.c.obj
 .text.USBD_ParseSetupRequest
                0x08005bac       0x28 CMakeFiles/Test_Bench.elf.dir/Middlewares/ST/STM32_USB_Device_Library/Core/Src/usbd_ctlreq.c.obj
                0x08005bac                USBD_ParseSetupRequest
 .text.USBD_CtlError
                0x08005bd4       0x14 CMakeFiles/Test_Bench.elf.dir/Middlewares/ST/STM32_USB_Device_Library/Core/Src/usbd_ctlreq.c.obj
                0x08005bd4                USBD_CtlError
 .text.USBD_GetDescriptor
                0x08005be8      0x18a CMakeFiles/Test_Bench.elf.dir/Middlewares/ST/STM32_USB_Device_Library/Core/Src/usbd_ctlreq.c.obj
 .text.USBD_SetAddress
                0x08005d72       0x50 CMakeFiles/Test_Bench.elf.dir/Middlewares/ST/STM32_USB_Device_Library/Core/Src/usbd_ctlreq.c.obj
 *fill*         0x08005dc2        0x2 
 .text.USBD_SetConfig
                0x08005dc4       0xcc CMakeFiles/Test_Bench.elf.dir/Middlewares/ST/STM32_USB_Device_Library/Core/Src/usbd_ctlreq.c.obj
 .text.USBD_GetConfig
                0x08005e90       0x40 CMakeFiles/Test_Bench.elf.dir/Middlewares/ST/STM32_USB_Device_Library/Core/Src/usbd_ctlreq.c.obj
 .text.USBD_GetStatus
                0x08005ed0       0x38 CMakeFiles/Test_Bench.elf.dir/Middlewares/ST/STM32_USB_Device_Library/Core/Src/usbd_ctlreq.c.obj
 .text.USBD_SetFeature
                0x08005f08       0x2a CMakeFiles/Test_Bench.elf.dir/Middlewares/ST/STM32_USB_Device_Library/Core/Src/usbd_ctlreq.c.obj
 .text.USBD_ClrFeature
                0x08005f32       0x26 CMakeFiles/Test_Bench.elf.dir/Middlewares/ST/STM32_USB_Device_Library/Core/Src/usbd_ctlreq.c.obj
 .text.USBD_StdDevReq
                0x08005f58       0x76 CMakeFiles/Test_Bench.elf.dir/Middlewares/ST/STM32_USB_Device_Library/Core/Src/usbd_ctlreq.c.obj
                0x08005f58                USBD_StdDevReq
 .text.USBD_StdItfReq
                0x08005fce       0x84 CMakeFiles/Test_Bench.elf.dir/Middlewares/ST/STM32_USB_Device_Library/Core/Src/usbd_ctlreq.c.obj
                0x08005fce                USBD_StdItfReq
 .text.USBD_StdEPReq
                0x08006052      0x230 CMakeFiles/Test_Bench.elf.dir/Middlewares/ST/STM32_USB_Device_Library/Core/Src/usbd_ctlreq.c.obj
                0x08006052                USBD_StdEPReq
 .text.USBD_GetString
                0x08006282       0x46 CMakeFiles/Test_Bench.elf.dir/Middlewares/ST/STM32_USB_Device_Library/Core/Src/usbd_ctlreq.c.obj
                0x08006282                USBD_GetString
 .text.USBD_CtlSendData
                0x080062c8       0x1a CMakeFiles/Test_Bench.elf.dir/Middlewares/ST/STM32_USB_Device_Library/Core/Src/usbd_ioreq.c.obj
                0x080062c8                USBD_CtlSendData
 .text.USBD_CtlContinueSendData
                0x080062e2       0x10 CMakeFiles/Test_Bench.elf.dir/Middlewares/ST/STM32_USB_Device_Library/Core/Src/usbd_ioreq.c.obj
                0x080062e2                USBD_CtlContinueSendData
 .text.USBD_CtlPrepareRx
                0x080062f2       0x1e CMakeFiles/Test_Bench.elf.dir/Middlewares/ST/STM32_USB_Device_Library/Core/Src/usbd_ioreq.c.obj
                0x080062f2                USBD_CtlPrepareRx
 .text.USBD_CtlContinueRx
                0x08006310       0x10 CMakeFiles/Test_Bench.elf.dir/Middlewares/ST/STM32_USB_Device_Library/Core/Src/usbd_ioreq.c.obj
                0x08006310                USBD_CtlContinueRx
 .text.USBD_CtlSendStatus
                0x08006320       0x16 CMakeFiles/Test_Bench.elf.dir/Middlewares/ST/STM32_USB_Device_Library/Core/Src/usbd_ioreq.c.obj
                0x08006320                USBD_CtlSendStatus
 .text.USBD_CtlReceiveStatus
                0x08006336       0x16 CMakeFiles/Test_Bench.elf.dir/Middlewares/ST/STM32_USB_Device_Library/Core/Src/usbd_ioreq.c.obj
                0x08006336                USBD_CtlReceiveStatus
 .text.disk_status
                0x0800634c       0x18 CMakeFiles/Test_Bench.elf.dir/Middlewares/Third_Party/FatFs/src/diskio.c.obj
                0x0800634c                disk_status
 .text.disk_initialize
                0x08006364       0x2c CMakeFiles/Test_Bench.elf.dir/Middlewares/Third_Party/FatFs/src/diskio.c.obj
                0x08006364                disk_initialize
 .text.disk_read
                0x08006390       0x18 CMakeFiles/Test_Bench.elf.dir/Middlewares/Third_Party/FatFs/src/diskio.c.obj
                0x08006390                disk_read
 .text.disk_write
                0x080063a8       0x18 CMakeFiles/Test_Bench.elf.dir/Middlewares/Third_Party/FatFs/src/diskio.c.obj
                0x080063a8                disk_write
 .text.disk_ioctl
                0x080063c0       0x18 CMakeFiles/Test_Bench.elf.dir/Middlewares/Third_Party/FatFs/src/diskio.c.obj
                0x080063c0                disk_ioctl
 .text.ld_word  0x080063d8        0xa CMakeFiles/Test_Bench.elf.dir/Middlewares/Third_Party/FatFs/src/ff.c.obj
 .text.ld_dword
                0x080063e2       0x16 CMakeFiles/Test_Bench.elf.dir/Middlewares/Third_Party/FatFs/src/ff.c.obj
 .text.st_word  0x080063f8        0x8 CMakeFiles/Test_Bench.elf.dir/Middlewares/Third_Party/FatFs/src/ff.c.obj
 .text.st_dword
                0x08006400       0x14 CMakeFiles/Test_Bench.elf.dir/Middlewares/Third_Party/FatFs/src/ff.c.obj
 .text.mem_cpy  0x08006414       0x14 CMakeFiles/Test_Bench.elf.dir/Middlewares/Third_Party/FatFs/src/ff.c.obj
 .text.mem_set  0x08006428        0xa CMakeFiles/Test_Bench.elf.dir/Middlewares/Third_Party/FatFs/src/ff.c.obj
 .text.mem_cmp  0x08006432       0x1a CMakeFiles/Test_Bench.elf.dir/Middlewares/Third_Party/FatFs/src/ff.c.obj
 .text.chk_chr  0x0800644c       0x10 CMakeFiles/Test_Bench.elf.dir/Middlewares/Third_Party/FatFs/src/ff.c.obj
 .text.chk_lock
                0x0800645c       0x74 CMakeFiles/Test_Bench.elf.dir/Middlewares/Third_Party/FatFs/src/ff.c.obj
 .text.enq_lock
                0x080064d0       0x20 CMakeFiles/Test_Bench.elf.dir/Middlewares/Third_Party/FatFs/src/ff.c.obj
 .text.inc_lock
                0x080064f0       0xa4 CMakeFiles/Test_Bench.elf.dir/Middlewares/Third_Party/FatFs/src/ff.c.obj
 .text.dec_lock
                0x08006594       0x40 CMakeFiles/Test_Bench.elf.dir/Middlewares/Third_Party/FatFs/src/ff.c.obj
 .text.clear_lock
                0x080065d4       0x38 CMakeFiles/Test_Bench.elf.dir/Middlewares/Third_Party/FatFs/src/ff.c.obj
 .text.clust2sect
                0x0800660c       0x18 CMakeFiles/Test_Bench.elf.dir/Middlewares/Third_Party/FatFs/src/ff.c.obj
 .text.clmt_clust
                0x08006624       0x22 CMakeFiles/Test_Bench.elf.dir/Middlewares/Third_Party/FatFs/src/ff.c.obj
 .text.ld_clust
                0x08006646       0x26 CMakeFiles/Test_Bench.elf.dir/Middlewares/Third_Party/FatFs/src/ff.c.obj
 .text.st_clust
                0x0800666c       0x26 CMakeFiles/Test_Bench.elf.dir/Middlewares/Third_Party/FatFs/src/ff.c.obj
 *fill*         0x08006692        0x2 
 .text.create_name
                0x08006694       0xfc CMakeFiles/Test_Bench.elf.dir/Middlewares/Third_Party/FatFs/src/ff.c.obj
 .text.get_ldnumber
                0x08006790       0x52 CMakeFiles/Test_Bench.elf.dir/Middlewares/Third_Party/FatFs/src/ff.c.obj
 .text.validate
                0x080067e2       0x46 CMakeFiles/Test_Bench.elf.dir/Middlewares/Third_Party/FatFs/src/ff.c.obj
 .text.sync_window
                0x08006828       0x54 CMakeFiles/Test_Bench.elf.dir/Middlewares/Third_Party/FatFs/src/ff.c.obj
 .text.move_window
                0x0800687c       0x36 CMakeFiles/Test_Bench.elf.dir/Middlewares/Third_Party/FatFs/src/ff.c.obj
 *fill*         0x080068b2        0x2 
 .text.check_fs
                0x080068b4       0x78 CMakeFiles/Test_Bench.elf.dir/Middlewares/Third_Party/FatFs/src/ff.c.obj
 .text.find_volume
                0x0800692c      0x2fc CMakeFiles/Test_Bench.elf.dir/Middlewares/Third_Party/FatFs/src/ff.c.obj
 .text.put_fat  0x08006c28      0x104 CMakeFiles/Test_Bench.elf.dir/Middlewares/Third_Party/FatFs/src/ff.c.obj
 .text.get_fat  0x08006d2c       0xd0 CMakeFiles/Test_Bench.elf.dir/Middlewares/Third_Party/FatFs/src/ff.c.obj
 .text.dir_sdi  0x08006dfc       0xac CMakeFiles/Test_Bench.elf.dir/Middlewares/Third_Party/FatFs/src/ff.c.obj
 .text.create_chain
                0x08006ea8       0xcc CMakeFiles/Test_Bench.elf.dir/Middlewares/Third_Party/FatFs/src/ff.c.obj
 .text.remove_chain
                0x08006f74       0x7e CMakeFiles/Test_Bench.elf.dir/Middlewares/Third_Party/FatFs/src/ff.c.obj
 .text.dir_next
                0x08006ff2      0x108 CMakeFiles/Test_Bench.elf.dir/Middlewares/Third_Party/FatFs/src/ff.c.obj
 .text.dir_find
                0x080070fa       0x5a CMakeFiles/Test_Bench.elf.dir/Middlewares/Third_Party/FatFs/src/ff.c.obj
 .text.follow_path
                0x08007154       0x8c CMakeFiles/Test_Bench.elf.dir/Middlewares/Third_Party/FatFs/src/ff.c.obj
 .text.dir_alloc
                0x080071e0       0x50 CMakeFiles/Test_Bench.elf.dir/Middlewares/Third_Party/FatFs/src/ff.c.obj
 .text.dir_register
                0x08007230       0x3e CMakeFiles/Test_Bench.elf.dir/Middlewares/Third_Party/FatFs/src/ff.c.obj
 *fill*         0x0800726e        0x2 
 .text.sync_fs  0x08007270       0x8c CMakeFiles/Test_Bench.elf.dir/Middlewares/Third_Party/FatFs/src/ff.c.obj
 .text.f_mount  0x080072fc       0x5c CMakeFiles/Test_Bench.elf.dir/Middlewares/Third_Party/FatFs/src/ff.c.obj
                0x080072fc                f_mount
 .text.f_open   0x08007358      0x21c CMakeFiles/Test_Bench.elf.dir/Middlewares/Third_Party/FatFs/src/ff.c.obj
                0x08007358                f_open
 .text.f_write  0x08007574      0x1fc CMakeFiles/Test_Bench.elf.dir/Middlewares/Third_Party/FatFs/src/ff.c.obj
                0x08007574                f_write
 .text.f_sync   0x08007770       0x98 CMakeFiles/Test_Bench.elf.dir/Middlewares/Third_Party/FatFs/src/ff.c.obj
                0x08007770                f_sync
 .text.f_close  0x08007808       0x2a CMakeFiles/Test_Bench.elf.dir/Middlewares/Third_Party/FatFs/src/ff.c.obj
                0x08007808                f_close
 .text.f_lseek  0x08007832      0x288 CMakeFiles/Test_Bench.elf.dir/Middlewares/Third_Party/FatFs/src/ff.c.obj
                0x08007832                f_lseek
 *fill*         0x08007aba        0x2 
 .text.FATFS_LinkDriverEx
                0x08007abc       0x54 CMakeFiles/Test_Bench.elf.dir/Middlewares/Third_Party/FatFs/src/ff_gen_drv.c.obj
                0x08007abc                FATFS_LinkDriverEx
 .text.FATFS_LinkDriver
                0x08007b10        0xa CMakeFiles/Test_Bench.elf.dir/Middlewares/Third_Party/FatFs/src/ff_gen_drv.c.obj
                0x08007b10                FATFS_LinkDriver
 *fill*         0x08007b1a        0x2 
 .text.pre_send_reback
                0x08007b1c       0x40 CMakeFiles/Test_Bench.elf.dir/Private/Pressure_Sensor/pre_sen.c.obj
                0x08007b1c                pre_send_reback
 .text.pre_init
                0x08007b5c       0x60 CMakeFiles/Test_Bench.elf.dir/Private/Pressure_Sensor/pre_sen.c.obj
                0x08007b5c                pre_init
 .text.pre_read_value
                0x08007bbc       0x3c CMakeFiles/Test_Bench.elf.dir/Private/Pressure_Sensor/pre_sen.c.obj
                0x08007bbc                pre_read_value
 .text.pre_clear
                0x08007bf8       0x20 CMakeFiles/Test_Bench.elf.dir/Private/Pressure_Sensor/pre_sen.c.obj
                0x08007bf8                pre_clear
 .text.SD_files_Init
                0x08007c18       0x30 CMakeFiles/Test_Bench.elf.dir/Private/file_conf.c.obj
                0x08007c18                SD_files_Init
 .text.SD_files_mount
                0x08007c48       0x44 CMakeFiles/Test_Bench.elf.dir/Private/file_conf.c.obj
                0x08007c48                SD_files_mount
 .text.SD_files_New
                0x08007c8c       0x38 CMakeFiles/Test_Bench.elf.dir/Private/file_conf.c.obj
                0x08007c8c                SD_files_New
 .text.SD_files_Write
                0x08007cc4       0xc4 CMakeFiles/Test_Bench.elf.dir/Private/file_conf.c.obj
                0x08007cc4                SD_files_Write
 .text.SD_files_Close
                0x08007d88       0x34 CMakeFiles/Test_Bench.elf.dir/Private/file_conf.c.obj
                0x08007d88                SD_files_Close
 .text.Send_Error_to_PC
                0x08007dbc       0x32 CMakeFiles/Test_Bench.elf.dir/Private/message_define.c.obj
                0x08007dbc                Send_Error_to_PC
 .text.Send_Warning_to_PC
                0x08007dee       0x36 CMakeFiles/Test_Bench.elf.dir/Private/message_define.c.obj
                0x08007dee                Send_Warning_to_PC
 .text.Send_Init_Success_to_PC
                0x08007e24       0x2c CMakeFiles/Test_Bench.elf.dir/Private/message_define.c.obj
                0x08007e24                Send_Init_Success_to_PC
 .text.MX_USB_DEVICE_Init
                0x08007e50       0x54 CMakeFiles/Test_Bench.elf.dir/USB_DEVICE/App/usb_device.c.obj
                0x08007e50                MX_USB_DEVICE_Init
 .text.CDC_DeInit_FS
                0x08007ea4        0x4 CMakeFiles/Test_Bench.elf.dir/USB_DEVICE/App/usbd_cdc_if.c.obj
 .text.CDC_Control_FS
                0x08007ea8        0x4 CMakeFiles/Test_Bench.elf.dir/USB_DEVICE/App/usbd_cdc_if.c.obj
 .text.CDC_TransmitCplt_FS
                0x08007eac        0x4 CMakeFiles/Test_Bench.elf.dir/USB_DEVICE/App/usbd_cdc_if.c.obj
 .text.CDC_Receive_FS
                0x08007eb0       0x1c CMakeFiles/Test_Bench.elf.dir/USB_DEVICE/App/usbd_cdc_if.c.obj
 .text.CDC_Init_FS
                0x08007ecc       0x28 CMakeFiles/Test_Bench.elf.dir/USB_DEVICE/App/usbd_cdc_if.c.obj
 .text.CDC_Transmit_FS
                0x08007ef4       0x2c CMakeFiles/Test_Bench.elf.dir/USB_DEVICE/App/usbd_cdc_if.c.obj
                0x08007ef4                CDC_Transmit_FS
 .text.USBD_FS_DeviceDescriptor
                0x08007f20        0xc CMakeFiles/Test_Bench.elf.dir/USB_DEVICE/App/usbd_desc.c.obj
                0x08007f20                USBD_FS_DeviceDescriptor
 .text.USBD_FS_LangIDStrDescriptor
                0x08007f2c        0xc CMakeFiles/Test_Bench.elf.dir/USB_DEVICE/App/usbd_desc.c.obj
                0x08007f2c                USBD_FS_LangIDStrDescriptor
 .text.IntToUnicode
                0x08007f38       0x46 CMakeFiles/Test_Bench.elf.dir/USB_DEVICE/App/usbd_desc.c.obj
 *fill*         0x08007f7e        0x2 
 .text.Get_SerialNum
                0x08007f80       0x38 CMakeFiles/Test_Bench.elf.dir/USB_DEVICE/App/usbd_desc.c.obj
 .text.USBD_FS_SerialStrDescriptor
                0x08007fb8       0x14 CMakeFiles/Test_Bench.elf.dir/USB_DEVICE/App/usbd_desc.c.obj
                0x08007fb8                USBD_FS_SerialStrDescriptor
 .text.USBD_FS_ProductStrDescriptor
                0x08007fcc       0x24 CMakeFiles/Test_Bench.elf.dir/USB_DEVICE/App/usbd_desc.c.obj
                0x08007fcc                USBD_FS_ProductStrDescriptor
 .text.USBD_FS_ManufacturerStrDescriptor
                0x08007ff0       0x1c CMakeFiles/Test_Bench.elf.dir/USB_DEVICE/App/usbd_desc.c.obj
                0x08007ff0                USBD_FS_ManufacturerStrDescriptor
 .text.USBD_FS_ConfigStrDescriptor
                0x0800800c       0x24 CMakeFiles/Test_Bench.elf.dir/USB_DEVICE/App/usbd_desc.c.obj
                0x0800800c                USBD_FS_ConfigStrDescriptor
 .text.USBD_FS_InterfaceStrDescriptor
                0x08008030       0x24 CMakeFiles/Test_Bench.elf.dir/USB_DEVICE/App/usbd_desc.c.obj
                0x08008030                USBD_FS_InterfaceStrDescriptor
 .text.HAL_PCD_MspInit
                0x08008054       0x84 CMakeFiles/Test_Bench.elf.dir/USB_DEVICE/Target/usbd_conf.c.obj
                0x08008054                HAL_PCD_MspInit
 .text.HAL_PCD_SetupStageCallback
                0x080080d8       0x10 CMakeFiles/Test_Bench.elf.dir/USB_DEVICE/Target/usbd_conf.c.obj
                0x080080d8                HAL_PCD_SetupStageCallback
 .text.HAL_PCD_DataOutStageCallback
                0x080080e8       0x18 CMakeFiles/Test_Bench.elf.dir/USB_DEVICE/Target/usbd_conf.c.obj
                0x080080e8                HAL_PCD_DataOutStageCallback
 .text.HAL_PCD_DataInStageCallback
                0x08008100       0x16 CMakeFiles/Test_Bench.elf.dir/USB_DEVICE/Target/usbd_conf.c.obj
                0x08008100                HAL_PCD_DataInStageCallback
 .text.HAL_PCD_SOFCallback
                0x08008116        0xc CMakeFiles/Test_Bench.elf.dir/USB_DEVICE/Target/usbd_conf.c.obj
                0x08008116                HAL_PCD_SOFCallback
 .text.HAL_PCD_ResetCallback
                0x08008122       0x28 CMakeFiles/Test_Bench.elf.dir/USB_DEVICE/Target/usbd_conf.c.obj
                0x08008122                HAL_PCD_ResetCallback
 *fill*         0x0800814a        0x2 
 .text.HAL_PCD_SuspendCallback
                0x0800814c       0x30 CMakeFiles/Test_Bench.elf.dir/USB_DEVICE/Target/usbd_conf.c.obj
                0x0800814c                HAL_PCD_SuspendCallback
 .text.HAL_PCD_ResumeCallback
                0x0800817c        0xc CMakeFiles/Test_Bench.elf.dir/USB_DEVICE/Target/usbd_conf.c.obj
                0x0800817c                HAL_PCD_ResumeCallback
 .text.HAL_PCD_ISOOUTIncompleteCallback
                0x08008188        0xc CMakeFiles/Test_Bench.elf.dir/USB_DEVICE/Target/usbd_conf.c.obj
                0x08008188                HAL_PCD_ISOOUTIncompleteCallback
 .text.HAL_PCD_ISOINIncompleteCallback
                0x08008194        0xc CMakeFiles/Test_Bench.elf.dir/USB_DEVICE/Target/usbd_conf.c.obj
                0x08008194                HAL_PCD_ISOINIncompleteCallback
 .text.HAL_PCD_ConnectCallback
                0x080081a0        0xc CMakeFiles/Test_Bench.elf.dir/USB_DEVICE/Target/usbd_conf.c.obj
                0x080081a0                HAL_PCD_ConnectCallback
 .text.HAL_PCD_DisconnectCallback
                0x080081ac        0xc CMakeFiles/Test_Bench.elf.dir/USB_DEVICE/Target/usbd_conf.c.obj
                0x080081ac                HAL_PCD_DisconnectCallback
 .text.USBD_LL_Init
                0x080081b8       0x68 CMakeFiles/Test_Bench.elf.dir/USB_DEVICE/Target/usbd_conf.c.obj
                0x080081b8                USBD_LL_Init
 .text.USBD_LL_IsStallEP
                0x08008220       0x2c CMakeFiles/Test_Bench.elf.dir/USB_DEVICE/Target/usbd_conf.c.obj
                0x08008220                USBD_LL_IsStallEP
 .text.USBD_LL_GetRxDataSize
                0x0800824c        0xc CMakeFiles/Test_Bench.elf.dir/USB_DEVICE/Target/usbd_conf.c.obj
                0x0800824c                USBD_LL_GetRxDataSize
 .text.USBD_static_malloc
                0x08008258        0x8 CMakeFiles/Test_Bench.elf.dir/USB_DEVICE/Target/usbd_conf.c.obj
                0x08008258                USBD_static_malloc
 .text.USBD_static_free
                0x08008260        0x2 CMakeFiles/Test_Bench.elf.dir/USB_DEVICE/Target/usbd_conf.c.obj
                0x08008260                USBD_static_free
 .text.USBD_Get_USB_Status
                0x08008262       0x14 CMakeFiles/Test_Bench.elf.dir/USB_DEVICE/Target/usbd_conf.c.obj
                0x08008262                USBD_Get_USB_Status
 .text.USBD_LL_Start
                0x08008276       0x10 CMakeFiles/Test_Bench.elf.dir/USB_DEVICE/Target/usbd_conf.c.obj
                0x08008276                USBD_LL_Start
 .text.USBD_LL_OpenEP
                0x08008286       0x16 CMakeFiles/Test_Bench.elf.dir/USB_DEVICE/Target/usbd_conf.c.obj
                0x08008286                USBD_LL_OpenEP
 .text.USBD_LL_CloseEP
                0x0800829c       0x10 CMakeFiles/Test_Bench.elf.dir/USB_DEVICE/Target/usbd_conf.c.obj
                0x0800829c                USBD_LL_CloseEP
 .text.USBD_LL_StallEP
                0x080082ac       0x10 CMakeFiles/Test_Bench.elf.dir/USB_DEVICE/Target/usbd_conf.c.obj
                0x080082ac                USBD_LL_StallEP
 .text.USBD_LL_ClearStallEP
                0x080082bc       0x10 CMakeFiles/Test_Bench.elf.dir/USB_DEVICE/Target/usbd_conf.c.obj
                0x080082bc                USBD_LL_ClearStallEP
 .text.USBD_LL_SetUSBAddress
                0x080082cc       0x10 CMakeFiles/Test_Bench.elf.dir/USB_DEVICE/Target/usbd_conf.c.obj
                0x080082cc                USBD_LL_SetUSBAddress
 .text.USBD_LL_Transmit
                0x080082dc       0x10 CMakeFiles/Test_Bench.elf.dir/USB_DEVICE/Target/usbd_conf.c.obj
                0x080082dc                USBD_LL_Transmit
 .text.USBD_LL_PrepareReceive
                0x080082ec       0x10 CMakeFiles/Test_Bench.elf.dir/USB_DEVICE/Target/usbd_conf.c.obj
                0x080082ec                USBD_LL_PrepareReceive
 .text.__udivmoddi4
                0x080082fc      0x2bc D:/_SOFTW~1/_TOOLS~1/ARM-GN~1.REL/bin/../lib/gcc/arm-none-eabi/13.3.1/thumb/v7e-m/nofp\libgcc.a(_udivmoddi4.o)
                0x080082fc                __udivmoddi4
 .text.malloc   0x080085b8       0x10 D:/_SOFTW~1/_TOOLS~1/ARM-GN~1.REL/bin/../lib/gcc/arm-none-eabi/13.3.1/thumb/v7e-m/nofp\libc.a(libc_a-malloc.o)
                0x080085b8                malloc
 .text._malloc_r
                0x080085c8      0x564 D:/_SOFTW~1/_TOOLS~1/ARM-GN~1.REL/bin/../lib/gcc/arm-none-eabi/13.3.1/thumb/v7e-m/nofp\libc.a(libc_a-mallocr.o)
                0x080085c8                _malloc_r
 .text.__malloc_lock
                0x08008b2c        0xc D:/_SOFTW~1/_TOOLS~1/ARM-GN~1.REL/bin/../lib/gcc/arm-none-eabi/13.3.1/thumb/v7e-m/nofp\libc.a(libc_a-mlock.o)
                0x08008b2c                __malloc_lock
 .text.__malloc_unlock
                0x08008b38        0xc D:/_SOFTW~1/_TOOLS~1/ARM-GN~1.REL/bin/../lib/gcc/arm-none-eabi/13.3.1/thumb/v7e-m/nofp\libc.a(libc_a-mlock.o)
                0x08008b38                __malloc_unlock
 .text.stdio_exit_handler
                0x08008b44       0x18 D:/_SOFTW~1/_TOOLS~1/ARM-GN~1.REL/bin/../lib/gcc/arm-none-eabi/13.3.1/thumb/v7e-m/nofp\libc.a(libc_a-findfp.o)
 .text.cleanup_stdio
                0x08008b5c       0x40 D:/_SOFTW~1/_TOOLS~1/ARM-GN~1.REL/bin/../lib/gcc/arm-none-eabi/13.3.1/thumb/v7e-m/nofp\libc.a(libc_a-findfp.o)
 .text.global_stdio_init.part.0
                0x08008b9c       0xf0 D:/_SOFTW~1/_TOOLS~1/ARM-GN~1.REL/bin/../lib/gcc/arm-none-eabi/13.3.1/thumb/v7e-m/nofp\libc.a(libc_a-findfp.o)
 .text.__sinit  0x08008c8c       0x3c D:/_SOFTW~1/_TOOLS~1/ARM-GN~1.REL/bin/../lib/gcc/arm-none-eabi/13.3.1/thumb/v7e-m/nofp\libc.a(libc_a-findfp.o)
                0x08008c8c                __sinit
 .text.__sfp_lock_acquire
                0x08008cc8        0xc D:/_SOFTW~1/_TOOLS~1/ARM-GN~1.REL/bin/../lib/gcc/arm-none-eabi/13.3.1/thumb/v7e-m/nofp\libc.a(libc_a-findfp.o)
                0x08008cc8                __sfp_lock_acquire
 .text.__sfp_lock_release
                0x08008cd4        0xc D:/_SOFTW~1/_TOOLS~1/ARM-GN~1.REL/bin/../lib/gcc/arm-none-eabi/13.3.1/thumb/v7e-m/nofp\libc.a(libc_a-findfp.o)
                0x08008cd4                __sfp_lock_release
 .text._fwalk_sglue
                0x08008ce0       0x44 D:/_SOFTW~1/_TOOLS~1/ARM-GN~1.REL/bin/../lib/gcc/arm-none-eabi/13.3.1/thumb/v7e-m/nofp\libc.a(libc_a-fwalk.o)
                0x08008ce0                _fwalk_sglue
 .text.sprintf  0x08008d24       0x44 D:/_SOFTW~1/_TOOLS~1/ARM-GN~1.REL/bin/../lib/gcc/arm-none-eabi/13.3.1/thumb/v7e-m/nofp\libc.a(libc_a-sprintf.o)
                0x08008d24                sprintf
 .text.__sread  0x08008d68       0x24 D:/_SOFTW~1/_TOOLS~1/ARM-GN~1.REL/bin/../lib/gcc/arm-none-eabi/13.3.1/thumb/v7e-m/nofp\libc.a(libc_a-stdio.o)
                0x08008d68                __sread
 .text.__swrite
                0x08008d8c       0x40 D:/_SOFTW~1/_TOOLS~1/ARM-GN~1.REL/bin/../lib/gcc/arm-none-eabi/13.3.1/thumb/v7e-m/nofp\libc.a(libc_a-stdio.o)
                0x08008d8c                __swrite
 .text.__sseek  0x08008dcc       0x24 D:/_SOFTW~1/_TOOLS~1/ARM-GN~1.REL/bin/../lib/gcc/arm-none-eabi/13.3.1/thumb/v7e-m/nofp\libc.a(libc_a-stdio.o)
                0x08008dcc                __sseek
 .text.__sclose
                0x08008df0        0x8 D:/_SOFTW~1/_TOOLS~1/ARM-GN~1.REL/bin/../lib/gcc/arm-none-eabi/13.3.1/thumb/v7e-m/nofp\libc.a(libc_a-stdio.o)
                0x08008df0                __sclose
 .text.memcmp   0x08008df8       0x5c D:/_SOFTW~1/_TOOLS~1/ARM-GN~1.REL/bin/../lib/gcc/arm-none-eabi/13.3.1/thumb/v7e-m/nofp\libc.a(libc_a-memcmp.o)
                0x08008df8                memcmp
 .text.memset   0x08008e54       0xa4 D:/_SOFTW~1/_TOOLS~1/ARM-GN~1.REL/bin/../lib/gcc/arm-none-eabi/13.3.1/thumb/v7e-m/nofp\libc.a(libc_a-memset.o)
                0x08008e54                memset
 .text._close_r
                0x08008ef8       0x24 D:/_SOFTW~1/_TOOLS~1/ARM-GN~1.REL/bin/../lib/gcc/arm-none-eabi/13.3.1/thumb/v7e-m/nofp\libc.a(libc_a-closer.o)
                0x08008ef8                _close_r
 .text._lseek_r
                0x08008f1c       0x2c D:/_SOFTW~1/_TOOLS~1/ARM-GN~1.REL/bin/../lib/gcc/arm-none-eabi/13.3.1/thumb/v7e-m/nofp\libc.a(libc_a-lseekr.o)
                0x08008f1c                _lseek_r
 .text._read_r  0x08008f48       0x2c D:/_SOFTW~1/_TOOLS~1/ARM-GN~1.REL/bin/../lib/gcc/arm-none-eabi/13.3.1/thumb/v7e-m/nofp\libc.a(libc_a-readr.o)
                0x08008f48                _read_r
 .text._sbrk_r  0x08008f74       0x24 D:/_SOFTW~1/_TOOLS~1/ARM-GN~1.REL/bin/../lib/gcc/arm-none-eabi/13.3.1/thumb/v7e-m/nofp\libc.a(libc_a-sbrkr.o)
                0x08008f74                _sbrk_r
 .text._write_r
                0x08008f98       0x2c D:/_SOFTW~1/_TOOLS~1/ARM-GN~1.REL/bin/../lib/gcc/arm-none-eabi/13.3.1/thumb/v7e-m/nofp\libc.a(libc_a-writer.o)
                0x08008f98                _write_r
 .text.__errno  0x08008fc4        0xc D:/_SOFTW~1/_TOOLS~1/ARM-GN~1.REL/bin/../lib/gcc/arm-none-eabi/13.3.1/thumb/v7e-m/nofp\libc.a(libc_a-errno.o)
                0x08008fc4                __errno
 .text.__libc_init_array
                0x08008fd0       0x50 D:/_SOFTW~1/_TOOLS~1/ARM-GN~1.REL/bin/../lib/gcc/arm-none-eabi/13.3.1/thumb/v7e-m/nofp\libc.a(libc_a-init.o)
                0x08008fd0                __libc_init_array
 .text.__retarget_lock_init_recursive
                0x08009020        0x4 D:/_SOFTW~1/_TOOLS~1/ARM-GN~1.REL/bin/../lib/gcc/arm-none-eabi/13.3.1/thumb/v7e-m/nofp\libc.a(libc_a-lock.o)
                0x08009020                __retarget_lock_init_recursive
 .text.__retarget_lock_close_recursive
                0x08009024        0x4 D:/_SOFTW~1/_TOOLS~1/ARM-GN~1.REL/bin/../lib/gcc/arm-none-eabi/13.3.1/thumb/v7e-m/nofp\libc.a(libc_a-lock.o)
                0x08009024                __retarget_lock_close_recursive
 .text.__retarget_lock_acquire_recursive
                0x08009028        0x4 D:/_SOFTW~1/_TOOLS~1/ARM-GN~1.REL/bin/../lib/gcc/arm-none-eabi/13.3.1/thumb/v7e-m/nofp\libc.a(libc_a-lock.o)
                0x08009028                __retarget_lock_acquire_recursive
 .text.__retarget_lock_release_recursive
                0x0800902c        0x4 D:/_SOFTW~1/_TOOLS~1/ARM-GN~1.REL/bin/../lib/gcc/arm-none-eabi/13.3.1/thumb/v7e-m/nofp\libc.a(libc_a-lock.o)
                0x0800902c                __retarget_lock_release_recursive
 .text.sysconf  0x08009030       0x1c D:/_SOFTW~1/_TOOLS~1/ARM-GN~1.REL/bin/../lib/gcc/arm-none-eabi/13.3.1/thumb/v7e-m/nofp\libc.a(libc_a-sysconf.o)
                0x08009030                sysconf
 .text.startup.register_fini
                0x0800904c       0x14 D:/_SOFTW~1/_TOOLS~1/ARM-GN~1.REL/bin/../lib/gcc/arm-none-eabi/13.3.1/thumb/v7e-m/nofp\libc.a(libc_a-__call_atexit.o)
 .text.atexit   0x08009060        0xc D:/_SOFTW~1/_TOOLS~1/ARM-GN~1.REL/bin/../lib/gcc/arm-none-eabi/13.3.1/thumb/v7e-m/nofp\libc.a(libc_a-atexit.o)
                0x08009060                atexit
 .text._malloc_trim_r
                0x0800906c       0xb8 D:/_SOFTW~1/_TOOLS~1/ARM-GN~1.REL/bin/../lib/gcc/arm-none-eabi/13.3.1/thumb/v7e-m/nofp\libc.a(libc_a-freer.o)
                0x0800906c                _malloc_trim_r
 .text._free_r  0x08009124      0x1f8 D:/_SOFTW~1/_TOOLS~1/ARM-GN~1.REL/bin/../lib/gcc/arm-none-eabi/13.3.1/thumb/v7e-m/nofp\libc.a(libc_a-freer.o)
                0x08009124                _free_r
 .text._svfprintf_r
                0x0800931c     0x1b6c D:/_SOFTW~1/_TOOLS~1/ARM-GN~1.REL/bin/../lib/gcc/arm-none-eabi/13.3.1/thumb/v7e-m/nofp\libc.a(libc_a-svfprintf.o)
                0x0800931c                _svfprintf_r
 .text.__ssprint_r
                0x0800ae88       0x58 D:/_SOFTW~1/_TOOLS~1/ARM-GN~1.REL/bin/../lib/gcc/arm-none-eabi/13.3.1/thumb/v7e-m/nofp\libc.a(libc_a-ssprint_r.o)
                0x0800ae88                __ssprint_r
 .text._fclose_r
                0x0800aee0       0xc0 D:/_SOFTW~1/_TOOLS~1/ARM-GN~1.REL/bin/../lib/gcc/arm-none-eabi/13.3.1/thumb/v7e-m/nofp\libc.a(libc_a-fclose.o)
                0x0800aee0                _fclose_r
 .text.__sflush_r
                0x0800afa0      0x128 D:/_SOFTW~1/_TOOLS~1/ARM-GN~1.REL/bin/../lib/gcc/arm-none-eabi/13.3.1/thumb/v7e-m/nofp\libc.a(libc_a-fflush.o)
                0x0800afa0                __sflush_r
 .text._fflush_r
                0x0800b0c8       0x54 D:/_SOFTW~1/_TOOLS~1/ARM-GN~1.REL/bin/../lib/gcc/arm-none-eabi/13.3.1/thumb/v7e-m/nofp\libc.a(libc_a-fflush.o)
                0x0800b0c8                _fflush_r
 .text.strncpy  0x0800b11c       0x68 D:/_SOFTW~1/_TOOLS~1/ARM-GN~1.REL/bin/../lib/gcc/arm-none-eabi/13.3.1/thumb/v7e-m/nofp\libc.a(libc_a-strncpy.o)
                0x0800b11c                strncpy
 .text.__locale_mb_cur_max
                0x0800b184        0xc D:/_SOFTW~1/_TOOLS~1/ARM-GN~1.REL/bin/../lib/gcc/arm-none-eabi/13.3.1/thumb/v7e-m/nofp\libc.a(libc_a-locale.o)
                0x0800b184                __locale_mb_cur_max
 .text._localeconv_r
                0x0800b190        0x8 D:/_SOFTW~1/_TOOLS~1/ARM-GN~1.REL/bin/../lib/gcc/arm-none-eabi/13.3.1/thumb/v7e-m/nofp\libc.a(libc_a-localeconv.o)
                0x0800b190                _localeconv_r
 .text.__libc_fini_array
                0x0800b198       0x28 D:/_SOFTW~1/_TOOLS~1/ARM-GN~1.REL/bin/../lib/gcc/arm-none-eabi/13.3.1/thumb/v7e-m/nofp\libc.a(libc_a-fini.o)
                0x0800b198                __libc_fini_array
 .text.frexp    0x0800b1c0       0x6c D:/_SOFTW~1/_TOOLS~1/ARM-GN~1.REL/bin/../lib/gcc/arm-none-eabi/13.3.1/thumb/v7e-m/nofp\libc.a(libm_a-s_frexp.o)
                0x0800b1c0                frexp
 .text.__register_exitproc
                0x0800b22c       0x80 D:/_SOFTW~1/_TOOLS~1/ARM-GN~1.REL/bin/../lib/gcc/arm-none-eabi/13.3.1/thumb/v7e-m/nofp\libc.a(libc_a-__atexit.o)
                0x0800b22c                __register_exitproc
 .text.quorem   0x0800b2ac      0x12c D:/_SOFTW~1/_TOOLS~1/ARM-GN~1.REL/bin/../lib/gcc/arm-none-eabi/13.3.1/thumb/v7e-m/nofp\libc.a(libc_a-dtoa.o)
 .text._dtoa_r  0x0800b3d8      0xe80 D:/_SOFTW~1/_TOOLS~1/ARM-GN~1.REL/bin/../lib/gcc/arm-none-eabi/13.3.1/thumb/v7e-m/nofp\libc.a(libc_a-dtoa.o)
                0x0800b3d8                _dtoa_r
 .text.__ascii_mbtowc
                0x0800c258       0x2c D:/_SOFTW~1/_TOOLS~1/ARM-GN~1.REL/bin/../lib/gcc/arm-none-eabi/13.3.1/thumb/v7e-m/nofp\libc.a(libc_a-mbtowc_r.o)
                0x0800c258                __ascii_mbtowc
 .text._Balloc  0x0800c284       0x4c D:/_SOFTW~1/_TOOLS~1/ARM-GN~1.REL/bin/../lib/gcc/arm-none-eabi/13.3.1/thumb/v7e-m/nofp\libc.a(libc_a-mprec.o)
                0x0800c284                _Balloc
 .text._Bfree   0x0800c2d0       0x14 D:/_SOFTW~1/_TOOLS~1/ARM-GN~1.REL/bin/../lib/gcc/arm-none-eabi/13.3.1/thumb/v7e-m/nofp\libc.a(libc_a-mprec.o)
                0x0800c2d0                _Bfree
 .text.__multadd
                0x0800c2e4       0xa0 D:/_SOFTW~1/_TOOLS~1/ARM-GN~1.REL/bin/../lib/gcc/arm-none-eabi/13.3.1/thumb/v7e-m/nofp\libc.a(libc_a-mprec.o)
                0x0800c2e4                __multadd
 .text.__hi0bits
                0x0800c384       0x44 D:/_SOFTW~1/_TOOLS~1/ARM-GN~1.REL/bin/../lib/gcc/arm-none-eabi/13.3.1/thumb/v7e-m/nofp\libc.a(libc_a-mprec.o)
                0x0800c384                __hi0bits
 .text.__lo0bits
                0x0800c3c8       0x60 D:/_SOFTW~1/_TOOLS~1/ARM-GN~1.REL/bin/../lib/gcc/arm-none-eabi/13.3.1/thumb/v7e-m/nofp\libc.a(libc_a-mprec.o)
                0x0800c3c8                __lo0bits
 .text.__i2b    0x0800c428       0x5c D:/_SOFTW~1/_TOOLS~1/ARM-GN~1.REL/bin/../lib/gcc/arm-none-eabi/13.3.1/thumb/v7e-m/nofp\libc.a(libc_a-mprec.o)
                0x0800c428                __i2b
 .text.__multiply
                0x0800c484      0x16c D:/_SOFTW~1/_TOOLS~1/ARM-GN~1.REL/bin/../lib/gcc/arm-none-eabi/13.3.1/thumb/v7e-m/nofp\libc.a(libc_a-mprec.o)
                0x0800c484                __multiply
 .text.__pow5mult
                0x0800c5f0       0xb4 D:/_SOFTW~1/_TOOLS~1/ARM-GN~1.REL/bin/../lib/gcc/arm-none-eabi/13.3.1/thumb/v7e-m/nofp\libc.a(libc_a-mprec.o)
                0x0800c5f0                __pow5mult
 .text.__lshift
                0x0800c6a4       0xf0 D:/_SOFTW~1/_TOOLS~1/ARM-GN~1.REL/bin/../lib/gcc/arm-none-eabi/13.3.1/thumb/v7e-m/nofp\libc.a(libc_a-mprec.o)
                0x0800c6a4                __lshift
 .text.__mcmp   0x0800c794       0x40 D:/_SOFTW~1/_TOOLS~1/ARM-GN~1.REL/bin/../lib/gcc/arm-none-eabi/13.3.1/thumb/v7e-m/nofp\libc.a(libc_a-mprec.o)
                0x0800c794                __mcmp
 .text.__mdiff  0x0800c7d4      0x178 D:/_SOFTW~1/_TOOLS~1/ARM-GN~1.REL/bin/../lib/gcc/arm-none-eabi/13.3.1/thumb/v7e-m/nofp\libc.a(libc_a-mprec.o)
                0x0800c7d4                __mdiff
 .text.__d2b    0x0800c94c       0xbc D:/_SOFTW~1/_TOOLS~1/ARM-GN~1.REL/bin/../lib/gcc/arm-none-eabi/13.3.1/thumb/v7e-m/nofp\libc.a(libc_a-mprec.o)
                0x0800c94c                __d2b
 .text.__ascii_wctomb
                0x0800ca08       0x1c D:/_SOFTW~1/_TOOLS~1/ARM-GN~1.REL/bin/../lib/gcc/arm-none-eabi/13.3.1/thumb/v7e-m/nofp\libc.a(libc_a-wctomb_r.o)
                0x0800ca08                __ascii_wctomb
 .text._wcrtomb_r
                0x0800ca24       0x4c D:/_SOFTW~1/_TOOLS~1/ARM-GN~1.REL/bin/../lib/gcc/arm-none-eabi/13.3.1/thumb/v7e-m/nofp\libc.a(libc_a-wcrtomb.o)
                0x0800ca24                _wcrtomb_r
 .text._wcsrtombs_r
                0x0800ca70       0x1c D:/_SOFTW~1/_TOOLS~1/ARM-GN~1.REL/bin/../lib/gcc/arm-none-eabi/13.3.1/thumb/v7e-m/nofp\libc.a(libc_a-wcsrtombs.o)
                0x0800ca70                _wcsrtombs_r
 .text.__ssputs_r
                0x0800ca8c       0xc0 D:/_SOFTW~1/_TOOLS~1/ARM-GN~1.REL/bin/../lib/gcc/arm-none-eabi/13.3.1/thumb/v7e-m/nofp\libc.a(libc_a-ssputs_r.o)
                0x0800ca8c                __ssputs_r
 .text.memmove  0x0800cb4c      0x100 D:/_SOFTW~1/_TOOLS~1/ARM-GN~1.REL/bin/../lib/gcc/arm-none-eabi/13.3.1/thumb/v7e-m/nofp\libc.a(libc_a-memmove.o)
                0x0800cb4c                memmove
 .text.__assert_func
                0x0800cc4c       0x40 D:/_SOFTW~1/_TOOLS~1/ARM-GN~1.REL/bin/../lib/gcc/arm-none-eabi/13.3.1/thumb/v7e-m/nofp\libc.a(libc_a-assert.o)
                0x0800cc4c                __assert_func
 .text._calloc_r
                0x0800cc8c       0x6c D:/_SOFTW~1/_TOOLS~1/ARM-GN~1.REL/bin/../lib/gcc/arm-none-eabi/13.3.1/thumb/v7e-m/nofp\libc.a(libc_a-callocr.o)
                0x0800cc8c                _calloc_r
 .text._realloc_r
                0x0800ccf8      0x344 D:/_SOFTW~1/_TOOLS~1/ARM-GN~1.REL/bin/../lib/gcc/arm-none-eabi/13.3.1/thumb/v7e-m/nofp\libc.a(libc_a-reallocr.o)
                0x0800ccf8                _realloc_r
 .text._wcsnrtombs_l
                0x0800d03c       0xec D:/_SOFTW~1/_TOOLS~1/ARM-GN~1.REL/bin/../lib/gcc/arm-none-eabi/13.3.1/thumb/v7e-m/nofp\libc.a(libc_a-wcsnrtombs.o)
                0x0800d03c                _wcsnrtombs_l
 .text._wcsnrtombs_r
                0x0800d128       0x24 D:/_SOFTW~1/_TOOLS~1/ARM-GN~1.REL/bin/../lib/gcc/arm-none-eabi/13.3.1/thumb/v7e-m/nofp\libc.a(libc_a-wcsnrtombs.o)
                0x0800d128                _wcsnrtombs_r
 .text.fiprintf
                0x0800d14c       0x28 D:/_SOFTW~1/_TOOLS~1/ARM-GN~1.REL/bin/../lib/gcc/arm-none-eabi/13.3.1/thumb/v7e-m/nofp\libc.a(libc_a-fiprintf.o)
                0x0800d14c                fiprintf
 .text._vfiprintf_r
                0x0800d174      0xe6c D:/_SOFTW~1/_TOOLS~1/ARM-GN~1.REL/bin/../lib/gcc/arm-none-eabi/13.3.1/thumb/v7e-m/nofp\libc.a(libc_a-vfiprintf.o)
                0x0800d174                _vfiprintf_r
 .text.__sbprintf
                0x0800dfe0       0x80 D:/_SOFTW~1/_TOOLS~1/ARM-GN~1.REL/bin/../lib/gcc/arm-none-eabi/13.3.1/thumb/v7e-m/nofp\libc.a(libc_a-vfiprintf.o)
 .text.__sprint_r