Archive member included to satisfy reference by file (symbol)

D:/_SOFTW~1/_TOOLS~1/ARM-GN~1.REL/bin/../lib/gcc/arm-none-eabi/13.3.1/thumb/v7e-m/nofp\libgcc.a(_aeabi_uldivmod.o)
                              CMakeFiles/Test_Bench.elf.dir/Drivers/STM32F4xx_HAL_Driver/Src/stm32f4xx_hal_rcc.c.obj (__aeabi_uldivmod)
D:/_SOFTW~1/_TOOLS~1/ARM-GN~1.REL/bin/../lib/gcc/arm-none-eabi/13.3.1/thumb/v7e-m/nofp\libgcc.a(_udivmoddi4.o)
                              D:/_SOFTW~1/_TOOLS~1/ARM-GN~1.REL/bin/../lib/gcc/arm-none-eabi/13.3.1/thumb/v7e-m/nofp\libgcc.a(_aeabi_uldivmod.o) (__udivmoddi4)
D:/_SOFTW~1/_TOOLS~1/ARM-GN~1.REL/bin/../lib/gcc/arm-none-eabi/13.3.1/thumb/v7e-m/nofp\libgcc.a(_dvmd_tls.o)
                              D:/_SOFTW~1/_TOOLS~1/ARM-GN~1.REL/bin/../lib/gcc/arm-none-eabi/13.3.1/thumb/v7e-m/nofp\libgcc.a(_aeabi_uldivmod.o) (__aeabi_ldiv0)
D:/_SOFTW~1/_TOOLS~1/ARM-GN~1.REL/bin/../lib/gcc/arm-none-eabi/13.3.1/thumb/v7e-m/nofp\libc.a(libc_a-exit.o)
                              D:/_SOFTW~1/_TOOLS~1/ARM-GN~1.REL/bin/../lib/gcc/arm-none-eabi/13.3.1/thumb/v7e-m/nofp/crt0.o (exit)
D:/_SOFTW~1/_TOOLS~1/ARM-GN~1.REL/bin/../lib/gcc/arm-none-eabi/13.3.1/thumb/v7e-m/nofp\libc.a(libc_a-malloc.o)
                              CMakeFiles/Test_Bench.elf.dir/Core/Src/main.c.obj (malloc)
D:/_SOFTW~1/_TOOLS~1/ARM-GN~1.REL/bin/../lib/gcc/arm-none-eabi/13.3.1/thumb/v7e-m/nofp\libc.a(libc_a-mallocr.o)
                              D:/_SOFTW~1/_TOOLS~1/ARM-GN~1.REL/bin/../lib/gcc/arm-none-eabi/13.3.1/thumb/v7e-m/nofp\libc.a(libc_a-malloc.o) (_malloc_r)
D:/_SOFTW~1/_TOOLS~1/ARM-GN~1.REL/bin/../lib/gcc/arm-none-eabi/13.3.1/thumb/v7e-m/nofp\libc.a(libc_a-mlock.o)
                              D:/_SOFTW~1/_TOOLS~1/ARM-GN~1.REL/bin/../lib/gcc/arm-none-eabi/13.3.1/thumb/v7e-m/nofp\libc.a(libc_a-mallocr.o) (__malloc_lock)
D:/_SOFTW~1/_TOOLS~1/ARM-GN~1.REL/bin/../lib/gcc/arm-none-eabi/13.3.1/thumb/v7e-m/nofp\libc.a(libc_a-strtol.o)
                              CMakeFiles/Test_Bench.elf.dir/Core/Src/main.c.obj (strtol)
D:/_SOFTW~1/_TOOLS~1/ARM-GN~1.REL/bin/../lib/gcc/arm-none-eabi/13.3.1/thumb/v7e-m/nofp\libc.a(libc_a-ctype_.o)
                              D:/_SOFTW~1/_TOOLS~1/ARM-GN~1.REL/bin/../lib/gcc/arm-none-eabi/13.3.1/thumb/v7e-m/nofp\libc.a(libc_a-strtol.o) (_ctype_)
D:/_SOFTW~1/_TOOLS~1/ARM-GN~1.REL/bin/../lib/gcc/arm-none-eabi/13.3.1/thumb/v7e-m/nofp\libc.a(libc_a-findfp.o)
                              D:/_SOFTW~1/_TOOLS~1/ARM-GN~1.REL/bin/../lib/gcc/arm-none-eabi/13.3.1/thumb/v7e-m/nofp\libc.a(libc_a-exit.o) (__stdio_exit_handler)
D:/_SOFTW~1/_TOOLS~1/ARM-GN~1.REL/bin/../lib/gcc/arm-none-eabi/13.3.1/thumb/v7e-m/nofp\libc.a(libc_a-fwalk.o)
                              D:/_SOFTW~1/_TOOLS~1/ARM-GN~1.REL/bin/../lib/gcc/arm-none-eabi/13.3.1/thumb/v7e-m/nofp\libc.a(libc_a-findfp.o) (_fwalk_sglue)
D:/_SOFTW~1/_TOOLS~1/ARM-GN~1.REL/bin/../lib/gcc/arm-none-eabi/13.3.1/thumb/v7e-m/nofp\libc.a(libc_a-snprintf.o)
                              CMakeFiles/Test_Bench.elf.dir/Core/Src/main.c.obj (snprintf)
D:/_SOFTW~1/_TOOLS~1/ARM-GN~1.REL/bin/../lib/gcc/arm-none-eabi/13.3.1/thumb/v7e-m/nofp\libc.a(libc_a-stdio.o)
                              D:/_SOFTW~1/_TOOLS~1/ARM-GN~1.REL/bin/../lib/gcc/arm-none-eabi/13.3.1/thumb/v7e-m/nofp\libc.a(libc_a-findfp.o) (__sread)
D:/_SOFTW~1/_TOOLS~1/ARM-GN~1.REL/bin/../lib/gcc/arm-none-eabi/13.3.1/thumb/v7e-m/nofp\libc.a(libc_a-memcmp.o)
                              CMakeFiles/Test_Bench.elf.dir/Private/Pressure_Sensor/pre_sen.c.obj (memcmp)
D:/_SOFTW~1/_TOOLS~1/ARM-GN~1.REL/bin/../lib/gcc/arm-none-eabi/13.3.1/thumb/v7e-m/nofp\libc.a(libc_a-memset.o)
                              D:/_SOFTW~1/_TOOLS~1/ARM-GN~1.REL/bin/../lib/gcc/arm-none-eabi/13.3.1/thumb/v7e-m/nofp/crt0.o (memset)
D:/_SOFTW~1/_TOOLS~1/ARM-GN~1.REL/bin/../lib/gcc/arm-none-eabi/13.3.1/thumb/v7e-m/nofp\libc.a(libc_a-closer.o)
                              D:/_SOFTW~1/_TOOLS~1/ARM-GN~1.REL/bin/../lib/gcc/arm-none-eabi/13.3.1/thumb/v7e-m/nofp\libc.a(libc_a-stdio.o) (_close_r)
D:/_SOFTW~1/_TOOLS~1/ARM-GN~1.REL/bin/../lib/gcc/arm-none-eabi/13.3.1/thumb/v7e-m/nofp\libc.a(libc_a-reent.o)
                              D:/_SOFTW~1/_TOOLS~1/ARM-GN~1.REL/bin/../lib/gcc/arm-none-eabi/13.3.1/thumb/v7e-m/nofp\libc.a(libc_a-closer.o) (errno)
D:/_SOFTW~1/_TOOLS~1/ARM-GN~1.REL/bin/../lib/gcc/arm-none-eabi/13.3.1/thumb/v7e-m/nofp\libc.a(libc_a-impure.o)
                              D:/_SOFTW~1/_TOOLS~1/ARM-GN~1.REL/bin/../lib/gcc/arm-none-eabi/13.3.1/thumb/v7e-m/nofp\libc.a(libc_a-malloc.o) (_impure_ptr)
D:/_SOFTW~1/_TOOLS~1/ARM-GN~1.REL/bin/../lib/gcc/arm-none-eabi/13.3.1/thumb/v7e-m/nofp\libc.a(libc_a-lseekr.o)
                              D:/_SOFTW~1/_TOOLS~1/ARM-GN~1.REL/bin/../lib/gcc/arm-none-eabi/13.3.1/thumb/v7e-m/nofp\libc.a(libc_a-stdio.o) (_lseek_r)
D:/_SOFTW~1/_TOOLS~1/ARM-GN~1.REL/bin/../lib/gcc/arm-none-eabi/13.3.1/thumb/v7e-m/nofp\libc.a(libc_a-readr.o)
[...]
Memory Configuration

Name             Origin             Length             Attributes
CCMRAM           0x10000000         0x00010000         xrw
RAM              0x20000000         0x00020000         xrw
FLASH            0x08000000         0x00100000         xr
*default*        0x00000000         0xffffffff

Linker script and memory map

LOAD D:/_SOFTW~1/_TOOLS~1/ARM-GN~1.REL/bin/../lib/gcc/arm-none-eabi/13.3.1/thumb/v7e-m/nofp/crti.o
LOAD D:/_SOFTW~1/_TOOLS~1/ARM-GN~1.REL/bin/../lib/gcc/arm-none-eabi/13.3.1/thumb/v7e-m/nofp/crtbegin.o
LOAD D:/_SOFTW~1/_TOOLS~1/ARM-GN~1.REL/bin/../lib/gcc/arm-none-eabi/13.3.1/thumb/v7e-m/nofp/crt0.o
LOAD CMakeFiles/Test_Bench.elf.dir/Core/Src/gpio.c.obj
LOAD CMakeFiles/Test_Bench.elf.dir/Core/Src/main.c.obj
LOAD CMakeFiles/Test_Bench.elf.dir/Core/Src/sdio.c.obj
LOAD CMakeFiles/Test_Bench.elf.dir/Core/Src/stm32f4xx_hal_msp.c.obj
LOAD CMakeFiles/Test_Bench.elf.dir/Core/Src/stm32f4xx_it.c.obj
LOAD CMakeFiles/Test_Bench.elf.dir/Core/Src/syscalls.c.obj
LOAD CMakeFiles/Test_Bench.elf.dir/Core/Src/sysmem.c.obj
LOAD CMakeFiles/Test_Bench.elf.dir/Core/Src/system_stm32f4xx.c.obj
LOAD CMakeFiles/Test_Bench.elf.dir/Core/Src/usart.c.obj
LOAD CMakeFiles/Test_Bench.elf.dir/Core/Startup/startup_stm32f407vgtx.s.obj
LOAD CMakeFiles/Test_Bench.elf.dir/Drivers/STM32F4xx_HAL_Driver/Src/stm32f4xx_hal.c.obj
LOAD CMakeFiles/Test_Bench.elf.dir/Drivers/STM32F4xx_HAL_Driver/Src/stm32f4xx_hal_cortex.c.obj
LOAD CMakeFiles/Test_Bench.elf.dir/Drivers/STM32F4xx_HAL_Driver/Src/stm32f4xx_hal_dma.c.obj
LOAD CMakeFiles/Test_Bench.elf.dir/Drivers/STM32F4xx_HAL_Driver/Src/stm32f4xx_hal_dma_ex.c.obj
LOAD CMakeFiles/Test_Bench.elf.dir/Drivers/STM32F4xx_HAL_Driver/Src/stm32f4xx_hal_exti.c.obj
LOAD CMakeFiles/Test_Bench.elf.dir/Drivers/STM32F4xx_HAL_Driver/Src/stm32f4xx_hal_flash.c.obj
LOAD CMakeFiles/Test_Bench.elf.dir/Drivers/STM32F4xx_HAL_Driver/Src/stm32f4xx_hal_flash_ex.c.obj
LOAD CMakeFiles/Test_Bench.elf.dir/Drivers/STM32F4xx_HAL_Driver/Src/stm32f4xx_hal_flash_ramfunc.c.obj
LOAD CMakeFiles/Test_Bench.elf.dir/Drivers/STM32F4xx_HAL_Driver/Src/stm32f4xx_hal_gpio.c.obj
LOAD CMakeFiles/Test_Bench.elf.dir/Drivers/STM32F4xx_HAL_Driver/Src/stm32f4xx_hal_pcd.c.obj
LOAD CMakeFiles/Test_Bench.elf.dir/Drivers/STM32F4xx_HAL_Driver/Src/stm32f4xx_hal_pcd_ex.c.obj
LOAD CMakeFiles/Test_Bench.elf.dir/Drivers/STM32F4xx_HAL_Driver/Src/stm32f4xx_hal_pwr.c.obj
LOAD CMakeFiles/Test_Bench.elf.dir/Drivers/STM32F4xx_HAL_Driver/Src/stm32f4xx_hal_pwr_ex.c.obj
LOAD CMakeFiles/Test_Bench.elf.dir/Drivers/STM32F4xx_HAL_Driver/Src/stm32f4xx_hal_rcc.c.obj
LOAD CMakeFiles/Test_Bench.elf.dir/Drivers/STM32F4xx_HAL_Driver/Src/stm32f4xx_hal_rcc_ex.c.obj
LOAD CMakeFiles/Test_Bench.elf.dir/Drivers/STM32F4xx_HAL_Driver/Src/stm32f4xx_hal_sd.c.obj
LOAD CMakeFiles/Test_Bench.elf.dir/Drivers/STM32F4xx_HAL_Driver/Src/stm32f4xx_hal_tim.c.obj
LOAD CMakeFiles/Test_Bench.elf.dir/Drivers/STM32F4xx_HAL_Driver/Src/stm32f4xx_hal_tim_ex.c.obj
LOAD CMakeFiles/Test_Bench.elf.dir/Drivers/STM32F4xx_HAL_Driver/Src/stm32f4xx_hal_uart.c.obj
LOAD CMakeFiles/Test_Bench.elf.dir/Drivers/STM32F4xx_HAL_Driver/Src/stm32f4xx_ll_sdmmc.c.obj
LOAD CMakeFiles/Test_Bench.elf.dir/Drivers/STM32F4xx_HAL_Driver/Src/stm32f4xx_ll_usb.c.obj
LOAD CMakeFiles/Test_Bench.elf.dir/FATFS/App/fatfs.c.obj
LOAD CMakeFiles/Test_Bench.elf.dir/FATFS/Target/bsp_driver_sd.c.obj
LOAD CMakeFiles/Test_Bench.elf.dir/FATFS/Target/sd_diskio.c.obj
LOAD CMakeFiles/Test_Bench.elf.dir/Middlewares/ST/STM32_USB_Device_Library/Class/CDC/Src/usbd_cdc.c.obj
LOAD CMakeFiles/Test_Bench.elf.dir/Middlewares/ST/STM32_USB_Device_Library/Core/Src/usbd_core.c.obj
LOAD CMakeFiles/Test_Bench.elf.dir/Middlewares/ST/STM32_USB_Device_Library/Core/Src/usbd_ctlreq.c.obj
LOAD CMakeFiles/Test_Bench.elf.dir/Middlewares/ST/STM32_USB_Device_Library/Core/Src/usbd_ioreq.c.obj
LOAD CMakeFiles/Test_Bench.elf.dir/Middlewares/Third_Party/FatFs/src/diskio.c.obj
LOAD CMakeFiles/Test_Bench.elf.dir/Middlewares/Third_Party/FatFs/src/ff.c.obj
LOAD CMakeFiles/Test_Bench.elf.dir/Middlewares/Third_Party/FatFs/src/ff_gen_drv.c.obj
LOAD CMakeFiles/Test_Bench.elf.dir/Middlewares/Third_Party/FatFs/src/option/syscall.c.obj
LOAD CMakeFiles/Test_Bench.elf.dir/Private/Pressure_Sensor/pre_sen.c.obj
LOAD CMakeFiles/Test_Bench.elf.dir/Private/message_define.c.obj
LOAD CMakeFiles/Test_Bench.elf.dir/USB_DEVICE/App/usb_device.c.obj
LOAD CMakeFiles/Test_Bench.elf.dir/USB_DEVICE/App/usbd_cdc_if.c.obj
LOAD CMakeFiles/Test_Bench.elf.dir/USB_DEVICE/App/usbd_desc.c.obj
LOAD CMakeFiles/Test_Bench.elf.dir/USB_DEVICE/Target/usbd_conf.c.obj
START GROUP
LOAD D:/_SOFTW~1/_TOOLS~1/ARM-GN~1.REL/bin/../lib/gcc/arm-none-eabi/13.3.1/thumb/v7e-m/nofp\libgcc.a
LOAD D:/_SOFTW~1/_TOOLS~1/ARM-GN~1.REL/bin/../lib/gcc/arm-none-eabi/13.3.1/thumb/v7e-m/nofp\libc.a
END GROUP
LOAD D:/_SOFTW~1/_TOOLS~1/ARM-GN~1.REL/bin/../lib/gcc/arm-none-eabi/13.3.1/thumb/v7e-m/nofp/crtend.o
LOAD D:/_SOFTW~1/_TOOLS~1/ARM-GN~1.REL/bin/../lib/gcc/arm-none-eabi/13.3.1/thumb/v7e-m/nofp/crtn.o
                0x20020000                        _estack = (ORIGIN (RAM) + LENGTH (RAM))
                0x00000200                        _Min_Heap_Size = 0x200
                0x00000400                        _Min_Stack_Size = 0x400

.isr_vector     0x08000000      0x188
                0x08000000                        . = ALIGN (0x4)
 *(.isr_vector)
 .isr_vector    0x08000000      0x188 CMakeFiles/Test_Bench.elf.dir/Core/Startup/startup_stm32f407vgtx.s.obj
                0x08000000                g_pfnVectors
                0x08000188                        . = ALIGN (0x4)

.text           0x080001c0     0xe1f0
                0x080001c0                        . = ALIGN (0x4)
 *(.text)
 .text          0x080001c0       0x30 D:/_SOFTW~1/_TOOLS~1/ARM-GN~1.REL/bin/../lib/gcc/arm-none-eabi/13.3.1/thumb/v7e-m/nofp\libgcc.a(_aeabi_uldivmod.o)
                0x080001c0                __aeabi_uldivmod
 .text          0x080001f0        0x4 D:/_SOFTW~1/_TOOLS~1/ARM-GN~1.REL/bin/../lib/gcc/arm-none-eabi/13.3.1/thumb/v7e-m/nofp\libgcc.a(_dvmd_tls.o)
                0x080001f0                __aeabi_idiv0
                0x080001f0                __aeabi_ldiv0
 *fill*         0x080001f4        0xc 
 .text          0x08000200       0xa0 D:/_SOFTW~1/_TOOLS~1/ARM-GN~1.REL/bin/../lib/gcc/arm-none-eabi/13.3.1/thumb/v7e-m/nofp\libc.a(libc_a-memchr.o)
                0x08000200                memchr
 *fill*         0x080002a0       0x20 
 .text          0x080002c0       0xd8 D:/_SOFTW~1/_TOOLS~1/ARM-GN~1.REL/bin/../lib/gcc/arm-none-eabi/13.3.1/thumb/v7e-m/nofp\libc.a(libc_a-strlen.o)
                0x080002c0                strlen
 .text          0x08000398      0x134 D:/_SOFTW~1/_TOOLS~1/ARM-GN~1.REL/bin/../lib/gcc/arm-none-eabi/13.3.1/thumb/v7e-m/nofp\libc.a(libc_a-memcpy.o)
                0x08000398                memcpy
 .text          0x080004cc      0x378 D:/_SOFTW~1/_TOOLS~1/ARM-GN~1.REL/bin/../lib/gcc/arm-none-eabi/13.3.1/thumb/v7e-m/nofp\libgcc.a(_arm_addsubdf3.o)
                0x080004cc                __aeabi_drsub
                0x080004d4                __aeabi_dsub
                0x080004d4                __subdf3
                0x080004d8                __aeabi_dadd
                0x080004d8                __adddf3
                0x08000750                __floatunsidf
                0x08000750                __aeabi_ui2d
                0x08000770                __floatsidf
                0x08000770                __aeabi_i2d
                0x08000794                __aeabi_f2d
                0x08000794                __extendsfdf2
                0x080007d8                __floatundidf
                0x080007d8                __aeabi_ul2d
                0x080007e8                __floatdidf
                0x080007e8                __aeabi_l2d
 .text          0x08000844      0x424 D:/_SOFTW~1/_TOOLS~1/ARM-GN~1.REL/bin/../lib/gcc/arm-none-eabi/13.3.1/thumb/v7e-m/nofp\libgcc.a(_arm_muldivdf3.o)
                0x08000844                __aeabi_dmul
                0x08000844                __muldf3
                0x08000a98                __divdf3
                0x08000a98                __aeabi_ddiv
 .text          0x08000c68      0x110 D:/_SOFTW~1/_TOOLS~1/ARM-GN~1.REL/bin/../lib/gcc/arm-none-eabi/13.3.1/thumb/v7e-m/nofp\libgcc.a(_arm_cmpdf2.o)
                0x08000c68                __gtdf2
                0x08000c68                __gedf2
                0x08000c70                __ltdf2
                0x08000c70                __ledf2
                0x08000c78                __nedf2
                0x08000c78                __eqdf2
                0x08000c78                __cmpdf2
                0x08000cf4                __aeabi_cdrcmple
                0x08000d04                __aeabi_cdcmpeq
                0x08000d04                __aeabi_cdcmple
                0x08000d14                __aeabi_dcmpeq
                0x08000d28                __aeabi_dcmplt
                0x08000d3c                __aeabi_dcmple
                0x08000d50                __aeabi_dcmpge
                0x08000d64                __aeabi_dcmpgt
 .text          0x08000d78       0x2c D:/_SOFTW~1/_TOOLS~1/ARM-GN~1.REL/bin/../lib/gcc/arm-none-eabi/13.3.1/thumb/v7e-m/nofp\libgcc.a(_arm_unorddf2.o)
                0x08000d78                __unorddf2
                0x08000d78                __aeabi_dcmpun
 .text          0x08000da4       0x50 D:/_SOFTW~1/_TOOLS~1/ARM-GN~1.REL/bin/../lib/gcc/arm-none-eabi/13.3.1/thumb/v7e-m/nofp\libgcc.a(_arm_fixdfsi.o)
                0x08000da4                __aeabi_d2iz
                0x08000da4                __fixdfsi
 *(.text*)
 .text.deregister_tm_clones
                0x08000df4       0x1c D:/_SOFTW~1/_TOOLS~1/ARM-GN~1.REL/bin/../lib/gcc/arm-none-eabi/13.3.1/thumb/v7e-m/nofp/crtbegin.o
 .text.register_tm_clones
                0x08000e10       0x24 D:/_SOFTW~1/_TOOLS~1/ARM-GN~1.REL/bin/../lib/gcc/arm-none-eabi/13.3.1/thumb/v7e-m/nofp/crtbegin.o
 .text.__do_global_dtors_aux
                0x08000e34       0x28 D:/_SOFTW~1/_TOOLS~1/ARM-GN~1.REL/bin/../lib/gcc/arm-none-eabi/13.3.1/thumb/v7e-m/nofp/crtbegin.o
 .text.frame_dummy
                0x08000e5c       0x24 D:/_SOFTW~1/_TOOLS~1/ARM-GN~1.REL/bin/../lib/gcc/arm-none-eabi/13.3.1/thumb/v7e-m/nofp/crtbegin.o
 .text.MX_GPIO_Init
                0x08000e80       0x60 CMakeFiles/Test_Bench.elf.dir/Core/Src/gpio.c.obj
                0x08000e80                MX_GPIO_Init
 .text.Error_Handler
                0x08000ee0        0x4 CMakeFiles/Test_Bench.elf.dir/Core/Src/main.c.obj
                0x08000ee0                Error_Handler
 .text.SystemClock_Config
                0x08000ee4       0xa8 CMakeFiles/Test_Bench.elf.dir/Core/Src/main.c.obj
                0x08000ee4                SystemClock_Config
 .text.main     0x08000f8c      0x184 CMakeFiles/Test_Bench.elf.dir/Core/Src/main.c.obj
                0x08000f8c                main
 .text.MX_SDIO_SD_Init
                0x08001110       0x20 CMakeFiles/Test_Bench.elf.dir/Core/Src/sdio.c.obj
                0x08001110                MX_SDIO_SD_Init
 .text.HAL_SD_MspInit
                0x08001130       0xb0 CMakeFiles/Test_Bench.elf.dir/Core/Src/sdio.c.obj
                0x08001130                HAL_SD_MspInit
 .text.HAL_MspInit
                0x080011e0       0x38 CMakeFiles/Test_Bench.elf.dir/Core/Src/stm32f4xx_hal_msp.c.obj
                0x080011e0                HAL_MspInit
 .text.NMI_Handler
                0x08001218        0x2 CMakeFiles/Test_Bench.elf.dir/Core/Src/stm32f4xx_it.c.obj
                0x08001218                NMI_Handler
 .text.HardFault_Handler
                0x0800121a        0x2 CMakeFiles/Test_Bench.elf.dir/Core/Src/stm32f4xx_it.c.obj
                0x0800121a                HardFault_Handler
 .text.MemManage_Handler
                0x0800121c        0x2 CMakeFiles/Test_Bench.elf.dir/Core/Src/stm32f4xx_it.c.obj
                0x0800121c                MemManage_Handler
 .text.BusFault_Handler
                0x0800121e        0x2 CMakeFiles/Test_Bench.elf.dir/Core/Src/stm32f4xx_it.c.obj
                0x0800121e                BusFault_Handler
 .text.UsageFault_Handler
                0x08001220        0x2 CMakeFiles/Test_Bench.elf.dir/Core/Src/stm32f4xx_it.c.obj
                0x08001220                UsageFault_Handler
 .text.SVC_Handler
                0x08001222        0x2 CMakeFiles/Test_Bench.elf.dir/Core/Src/stm32f4xx_it.c.obj
                0x08001222                SVC_Handler
 .text.DebugMon_Handler
                0x08001224        0x2 CMakeFiles/Test_Bench.elf.dir/Core/Src/stm32f4xx_it.c.obj
                0x08001224                DebugMon_Handler
 .text.PendSV_Handler
                0x08001226        0x2 CMakeFiles/Test_Bench.elf.dir/Core/Src/stm32f4xx_it.c.obj
                0x08001226                PendSV_Handler
 .text.SysTick_Handler
                0x08001228        0x8 CMakeFiles/Test_Bench.elf.dir/Core/Src/stm32f4xx_it.c.obj
                0x08001228                SysTick_Handler
 .text.USART2_IRQHandler
                0x08001230       0x10 CMakeFiles/Test_Bench.elf.dir/Core/Src/stm32f4xx_it.c.obj
                0x08001230                USART2_IRQHandler
 .text.SDIO_IRQHandler
                0x08001240       0x10 CMakeFiles/Test_Bench.elf.dir/Core/Src/stm32f4xx_it.c.obj
                0x08001240                SDIO_IRQHandler
 .text.OTG_FS_IRQHandler
                0x08001250       0x10 CMakeFiles/Test_Bench.elf.dir/Core/Src/stm32f4xx_it.c.obj
                0x08001250                OTG_FS_IRQHandler
 .text._getpid  0x08001260        0x4 CMakeFiles/Test_Bench.elf.dir/Core/Src/syscalls.c.obj
                0x08001260                _getpid
 .text._kill    0x08001264       0x10 CMakeFiles/Test_Bench.elf.dir/Core/Src/syscalls.c.obj
                0x08001264                _kill
 .text._exit    0x08001274        0xc CMakeFiles/Test_Bench.elf.dir/Core/Src/syscalls.c.obj
                0x08001274                _exit
 .text._read    0x08001280       0x20 CMakeFiles/Test_Bench.elf.dir/Core/Src/syscalls.c.obj
                0x08001280                _read
 .text._write   0x080012a0       0x1c CMakeFiles/Test_Bench.elf.dir/Core/Src/syscalls.c.obj
                0x080012a0                _write
 .text._close   0x080012bc        0x6 CMakeFiles/Test_Bench.elf.dir/Core/Src/syscalls.c.obj
                0x080012bc                _close
 .text._fstat   0x080012c2        0xa CMakeFiles/Test_Bench.elf.dir/Core/Src/syscalls.c.obj
                0x080012c2                _fstat
 .text._isatty  0x080012cc        0x4 CMakeFiles/Test_Bench.elf.dir/Core/Src/syscalls.c.obj
                0x080012cc                _isatty
 .text._lseek   0x080012d0        0x4 CMakeFiles/Test_Bench.elf.dir/Core/Src/syscalls.c.obj
                0x080012d0                _lseek
 .text._sbrk    0x080012d4       0x48 CMakeFiles/Test_Bench.elf.dir/Core/Src/sysmem.c.obj
                0x080012d4                _sbrk
 .text.SystemInit
                0x0800131c        0x2 CMakeFiles/Test_Bench.elf.dir/Core/Src/system_stm32f4xx.c.obj
                0x0800131c                SystemInit
 *fill*         0x0800131e        0x2 
 .text.MX_USART2_UART_Init
                0x08001320       0x34 CMakeFiles/Test_Bench.elf.dir/Core/Src/usart.c.obj
                0x08001320                MX_USART2_UART_Init
 .text.HAL_UART_MspInit
                0x08001354       0x7c CMakeFiles/Test_Bench.elf.dir/Core/Src/usart.c.obj
                0x08001354                HAL_UART_MspInit
 .text.Reset_Handler
                0x080013d0       0x50 CMakeFiles/Test_Bench.elf.dir/Core/Startup/startup_stm32f407vgtx.s.obj
                0x080013d0                Reset_Handler
 .text.Default_Handler
                0x08001420        0x2 CMakeFiles/Test_Bench.elf.dir/Core/Startup/startup_stm32f407vgtx.s.obj
                0x08001420                RTC_Alarm_IRQHandler
                0x08001420                HASH_RNG_IRQHandler
                0x08001420                EXTI2_IRQHandler
                0x08001420                TIM8_CC_IRQHandler
                0x08001420                TIM1_CC_IRQHandler
                0x08001420                DMA2_Stream5_IRQHandler
                0x08001420                DMA1_Stream5_IRQHandler
                0x08001420                PVD_IRQHandler
                0x08001420                TAMP_STAMP_IRQHandler
                0x08001420                CAN2_RX1_IRQHandler
                0x08001420                EXTI3_IRQHandler
                0x08001420                TIM8_TRG_COM_TIM14_IRQHandler
                0x08001420                TIM1_UP_TIM10_IRQHandler
                0x08001420                TIM8_UP_TIM13_IRQHandler
                0x08001420                I2C3_ER_IRQHandler
                0x08001420                EXTI0_IRQHandler
                0x08001420                I2C2_EV_IRQHandler
                0x08001420                DMA1_Stream2_IRQHandler
                0x08001420                CAN1_RX0_IRQHandler
                0x08001420                FPU_IRQHandler
                0x08001420                OTG_HS_WKUP_IRQHandler
                0x08001420                CAN2_SCE_IRQHandler
                0x08001420                DMA2_Stream2_IRQHandler
                0x08001420                SPI1_IRQHandler
                0x08001420                TIM6_DAC_IRQHandler
                0x08001420                TIM1_BRK_TIM9_IRQHandler
                0x08001420                DCMI_IRQHandler
                0x08001420                CAN2_RX0_IRQHandler
                0x08001420                DMA2_Stream3_IRQHandler
                0x08001420                USART6_IRQHandler
                0x08001420                USART3_IRQHandler
                0x08001420                CAN1_RX1_IRQHandler
                0x08001420                UART5_IRQHandler
                0x08001420                DMA2_Stream0_IRQHandler
                0x08001420                TIM4_IRQHandler
                0x08001420                I2C1_EV_IRQHandler
                0x08001420                DMA1_Stream6_IRQHandler
                0x08001420                DMA1_Stream1_IRQHandler
                0x08001420                UART4_IRQHandler
                0x08001420                TIM3_IRQHandler
                0x08001420                RCC_IRQHandler
                0x08001420                TIM8_BRK_TIM12_IRQHandler
                0x08001420                Default_Handler
                0x08001420                EXTI15_10_IRQHandler
                0x08001420                ADC_IRQHandler
                0x08001420                DMA1_Stream7_IRQHandler
                0x08001420                TIM7_IRQHandler
                0x08001420                CAN2_TX_IRQHandler
                0x08001420                TIM5_IRQHandler
                0x08001420                DMA2_Stream7_IRQHandler
                0x08001420                I2C3_EV_IRQHandler
                0x08001420                EXTI9_5_IRQHandler
                0x08001420                RTC_WKUP_IRQHandler
                0x08001420                ETH_WKUP_IRQHandler
                0x08001420                SPI2_IRQHandler
                0x08001420                OTG_HS_EP1_IN_IRQHandler
                0x08001420                DMA1_Stream0_IRQHandler
                0x08001420                CAN1_TX_IRQHandler
                0x08001420                EXTI4_IRQHandler
                0x08001420                FSMC_IRQHandler
                0x08001420                ETH_IRQHandler
                0x08001420                OTG_HS_EP1_OUT_IRQHandler
                0x08001420                WWDG_IRQHandler
                0x08001420                TIM2_IRQHandler
                0x08001420                OTG_FS_WKUP_IRQHandler
                0x08001420                TIM1_TRG_COM_TIM11_IRQHandler
                0x08001420                OTG_HS_IRQHandler
                0x08001420                EXTI1_IRQHandler
                0x08001420                I2C2_ER_IRQHandler
                0x08001420                DMA2_Stream1_IRQHandler
                0x08001420                CAN1_SCE_IRQHandler
                0x08001420                FLASH_IRQHandler
                0x08001420                DMA2_Stream4_IRQHandler
                0x08001420                USART1_IRQHandler
                0x08001420                SPI3_IRQHandler
                0x08001420                DMA1_Stream4_IRQHandler
                0x08001420                I2C1_ER_IRQHandler
                0x08001420                DMA2_Stream6_IRQHandler
                0x08001420                DMA1_Stream3_IRQHandler
 *fill*         0x08001422        0x2 
 .text.HAL_InitTick
                0x08001424       0x4c CMakeFiles/Test_Bench.elf.dir/Drivers/STM32F4xx_HAL_Driver/Src/stm32f4xx_hal.c.obj
                0x08001424                HAL_InitTick
 .text.HAL_Init
                0x08001470       0x34 CMakeFiles/Test_Bench.elf.dir/Drivers/STM32F4xx_HAL_Driver/Src/stm32f4xx_hal.c.obj
                0x08001470                HAL_Init
 .text.HAL_IncTick
                0x080014a4       0x18 CMakeFiles/Test_Bench.elf.dir/Drivers/STM32F4xx_HAL_Driver/Src/stm32f4xx_hal.c.obj
                0x080014a4                HAL_IncTick
 .text.HAL_GetTick
                0x080014bc        0xc CMakeFiles/Test_Bench.elf.dir/Drivers/STM32F4xx_HAL_Driver/Src/stm32f4xx_hal.c.obj
                0x080014bc                HAL_GetTick
 .text.HAL_Delay
                0x080014c8       0x28 CMakeFiles/Test_Bench.elf.dir/Drivers/STM32F4xx_HAL_Driver/Src/stm32f4xx_hal.c.obj
                0x080014c8                HAL_Delay
 .text.__NVIC_EnableIRQ
                0x080014f0       0x1c CMakeFiles/Test_Bench.elf.dir/Drivers/STM32F4xx_HAL_Driver/Src/stm32f4xx_hal_cortex.c.obj
 .text.__NVIC_SetPriority
                0x0800150c       0x28 CMakeFiles/Test_Bench.elf.dir/Drivers/STM32F4xx_HAL_Driver/Src/stm32f4xx_hal_cortex.c.obj
 .text.NVIC_EncodePriority
                0x08001534       0x3e CMakeFiles/Test_Bench.elf.dir/Drivers/STM32F4xx_HAL_Driver/Src/stm32f4xx_hal_cortex.c.obj
 *fill*         0x08001572        0x2 
 .text.HAL_NVIC_SetPriorityGrouping
                0x08001574       0x24 CMakeFiles/Test_Bench.elf.dir/Drivers/STM32F4xx_HAL_Driver/Src/stm32f4xx_hal_cortex.c.obj
                0x08001574                HAL_NVIC_SetPriorityGrouping
 .text.HAL_NVIC_SetPriority
                0x08001598       0x20 CMakeFiles/Test_Bench.elf.dir/Drivers/STM32F4xx_HAL_Driver/Src/stm32f4xx_hal_cortex.c.obj
                0x08001598                HAL_NVIC_SetPriority
 .text.HAL_NVIC_EnableIRQ
                0x080015b8        0x8 CMakeFiles/Test_Bench.elf.dir/Drivers/STM32F4xx_HAL_Driver/Src/stm32f4xx_hal_cortex.c.obj
                0x080015b8                HAL_NVIC_EnableIRQ
 .text.HAL_SYSTICK_Config
                0x080015c0       0x28 CMakeFiles/Test_Bench.elf.dir/Drivers/STM32F4xx_HAL_Driver/Src/stm32f4xx_hal_cortex.c.obj
                0x080015c0                HAL_SYSTICK_Config
 .text.HAL_DMA_Abort
                0x080015e8       0x94 CMakeFiles/Test_Bench.elf.dir/Drivers/STM32F4xx_HAL_Driver/Src/stm32f4xx_hal_dma.c.obj
                0x080015e8                HAL_DMA_Abort
 .text.HAL_DMA_Abort_IT
                0x0800167c       0x26 CMakeFiles/Test_Bench.elf.dir/Drivers/STM32F4xx_HAL_Driver/Src/stm32f4xx_hal_dma.c.obj
                0x0800167c                HAL_DMA_Abort_IT
 *fill*         0x080016a2        0x2 
 .text.HAL_GPIO_Init
                0x080016a4      0x1f4 CMakeFiles/Test_Bench.elf.dir/Drivers/STM32F4xx_HAL_Driver/Src/stm32f4xx_hal_gpio.c.obj
                0x080016a4                HAL_GPIO_Init
 .text.PCD_WriteEmptyTxFifo
                0x08001898       0xd0 CMakeFiles/Test_Bench.elf.dir/Drivers/STM32F4xx_HAL_Driver/Src/stm32f4xx_hal_pcd.c.obj
 .text.HAL_PCD_Init
                0x08001968      0x102 CMakeFiles/Test_Bench.elf.dir/Drivers/STM32F4xx_HAL_Driver/Src/stm32f4xx_hal_pcd.c.obj
                0x08001968                HAL_PCD_Init
 .text.HAL_PCD_Start
                0x08001a6a       0x44 CMakeFiles/Test_Bench.elf.dir/Drivers/STM32F4xx_HAL_Driver/Src/stm32f4xx_hal_pcd.c.obj
                0x08001a6a                HAL_PCD_Start
 *fill*         0x08001aae        0x2 
 .text.PCD_EP_OutXfrComplete_int
                0x08001ab0      0x104 CMakeFiles/Test_Bench.elf.dir/Drivers/STM32F4xx_HAL_Driver/Src/stm32f4xx_hal_pcd.c.obj
 .text.PCD_EP_OutSetupPacket_int
                0x08001bb4       0x50 CMakeFiles/Test_Bench.elf.dir/Drivers/STM32F4xx_HAL_Driver/Src/stm32f4xx_hal_pcd.c.obj
 .text.HAL_PCD_SetAddress
                0x08001c04       0x26 CMakeFiles/Test_Bench.elf.dir/Drivers/STM32F4xx_HAL_Driver/Src/stm32f4xx_hal_pcd.c.obj
                0x08001c04                HAL_PCD_SetAddress
 .text.HAL_PCD_EP_Open
                0x08001c2a       0x8c CMakeFiles/Test_Bench.elf.dir/Drivers/STM32F4xx_HAL_Driver/Src/stm32f4xx_hal_pcd.c.obj
                0x08001c2a                HAL_PCD_EP_Open
 .text.HAL_PCD_EP_Close
                0x08001cb6       0x70 CMakeFiles/Test_Bench.elf.dir/Drivers/STM32F4xx_HAL_Driver/Src/stm32f4xx_hal_pcd.c.obj
                0x08001cb6                HAL_PCD_EP_Close
 .text.HAL_PCD_EP_Receive
                0x08001d26       0x4a CMakeFiles/Test_Bench.elf.dir/Drivers/STM32F4xx_HAL_Driver/Src/stm32f4xx_hal_pcd.c.obj
                0x08001d26                HAL_PCD_EP_Receive
 .text.HAL_PCD_EP_GetRxCount
                0x08001d70       0x12 CMakeFiles/Test_Bench.elf.dir/Drivers/STM32F4xx_HAL_Driver/Src/stm32f4xx_hal_pcd.c.obj
                0x08001d70                HAL_PCD_EP_GetRxCount
 .text.HAL_PCD_EP_Transmit
                0x08001d82       0x4a CMakeFiles/Test_Bench.elf.dir/Drivers/STM32F4xx_HAL_Driver/Src/stm32f4xx_hal_pcd.c.obj
                0x08001d82                HAL_PCD_EP_Transmit
 .text.HAL_PCD_EP_SetStall
                0x08001dcc       0x86 CMakeFiles/Test_Bench.elf.dir/Drivers/STM32F4xx_HAL_Driver/Src/stm32f4xx_hal_pcd.c.obj
                0x08001dcc                HAL_PCD_EP_SetStall
 .text.HAL_PCD_EP_ClrStall
                0x08001e52       0x74 CMakeFiles/Test_Bench.elf.dir/Drivers/STM32F4xx_HAL_Driver/Src/stm32f4xx_hal_pcd.c.obj
                0x08001e52                HAL_PCD_EP_ClrStall
 .text.HAL_PCD_EP_Abort
                0x08001ec6       0x34 CMakeFiles/Test_Bench.elf.dir/Drivers/STM32F4xx_HAL_Driver/Src/stm32f4xx_hal_pcd.c.obj
                0x08001ec6                HAL_PCD_EP_Abort
 .text.HAL_PCD_IRQHandler
                0x08001efa      0x5c0 CMakeFiles/Test_Bench.elf.dir/Drivers/STM32F4xx_HAL_Driver/Src/stm32f4xx_hal_pcd.c.obj
                0x08001efa                HAL_PCD_IRQHandler
 .text.HAL_PCDEx_SetTxFiFo
                0x080024ba       0x4a CMakeFiles/Test_Bench.elf.dir/Drivers/STM32F4xx_HAL_Driver/Src/stm32f4xx_hal_pcd_ex.c.obj
                0x080024ba                HAL_PCDEx_SetTxFiFo
 .text.HAL_PCDEx_SetRxFiFo
                0x08002504        0x8 CMakeFiles/Test_Bench.elf.dir/Drivers/STM32F4xx_HAL_Driver/Src/stm32f4xx_hal_pcd_ex.c.obj
                0x08002504                HAL_PCDEx_SetRxFiFo
 .text.HAL_PCDEx_LPM_Callback
                0x0800250c        0x2 CMakeFiles/Test_Bench.elf.dir/Drivers/STM32F4xx_HAL_Driver/Src/stm32f4xx_hal_pcd_ex.c.obj
                0x0800250c                HAL_PCDEx_LPM_Callback
 *fill*         0x0800250e        0x2 
 .text.HAL_RCC_OscConfig
                0x08002510      0x3f8 CMakeFiles/Test_Bench.elf.dir/Drivers/STM32F4xx_HAL_Driver/Src/stm32f4xx_hal_rcc.c.obj
                0x08002510                HAL_RCC_OscConfig
 .text.HAL_RCC_GetSysClockFreq
                0x08002908       0xdc CMakeFiles/Test_Bench.elf.dir/Drivers/STM32F4xx_HAL_Driver/Src/stm32f4xx_hal_rcc.c.obj
                0x08002908                HAL_RCC_GetSysClockFreq
 .text.HAL_RCC_ClockConfig
                0x080029e4      0x160 CMakeFiles/Test_Bench.elf.dir/Drivers/STM32F4xx_HAL_Driver/Src/stm32f4xx_hal_rcc.c.obj
                0x080029e4                HAL_RCC_ClockConfig
 .text.HAL_RCC_GetHCLKFreq
                0x08002b44        0xc CMakeFiles/Test_Bench.elf.dir/Drivers/STM32F4xx_HAL_Driver/Src/stm32f4xx_hal_rcc.c.obj
                0x08002b44                HAL_RCC_GetHCLKFreq
 .text.HAL_RCC_GetPCLK1Freq
                0x08002b50       0x20 CMakeFiles/Test_Bench.elf.dir/Drivers/STM32F4xx_HAL_Driver/Src/stm32f4xx_hal_rcc.c.obj
                0x08002b50                HAL_RCC_GetPCLK1Freq
 .text.HAL_RCC_GetPCLK2Freq
                0x08002b70       0x20 CMakeFiles/Test_Bench.elf.dir/Drivers/STM32F4xx_HAL_Driver/Src/stm32f4xx_hal_rcc.c.obj
                0x08002b70                HAL_RCC_GetPCLK2Freq
 .text.SD_PowerON
                0x08002b90       0xc0 CMakeFiles/Test_Bench.elf.dir/Drivers/STM32F4xx_HAL_Driver/Src/stm32f4xx_hal_sd.c.obj
 .text.SD_Read_IT
                0x08002c50       0x38 CMakeFiles/Test_Bench.elf.dir/Drivers/STM32F4xx_HAL_Driver/Src/stm32f4xx_hal_sd.c.obj
 .text.SD_Write_IT
                0x08002c88       0x48 CMakeFiles/Test_Bench.elf.dir/Drivers/STM32F4xx_HAL_Driver/Src/stm32f4xx_hal_sd.c.obj
 .text.SD_SendStatus
                0x08002cd0       0x2c CMakeFiles/Test_Bench.elf.dir/Drivers/STM32F4xx_HAL_Driver/Src/stm32f4xx_hal_sd.c.obj
 .text.HAL_SD_ReadBlocks
                0x08002cfc      0x250 CMakeFiles/Test_Bench.elf.dir/Drivers/STM32F4xx_HAL_Driver/Src/stm32f4xx_hal_sd.c.obj
                0x08002cfc                HAL_SD_ReadBlocks
 .text.HAL_SD_WriteBlocks
                0x08002f4c      0x20c CMakeFiles/Test_Bench.elf.dir/Drivers/STM32F4xx_HAL_Driver/Src/stm32f4xx_hal_sd.c.obj
                0x08002f4c                HAL_SD_WriteBlocks
 .text.HAL_SD_ErrorCallback
                0x08003158        0x2 CMakeFiles/Test_Bench.elf.dir/Drivers/STM32F4xx_HAL_Driver/Src/stm32f4xx_hal_sd.c.obj
                0x08003158                HAL_SD_ErrorCallback
 *fill*         0x0800315a        0x2 
 .text.HAL_SD_GetCardCSD
                0x0800315c      0x1b8 CMakeFiles/Test_Bench.elf.dir/Drivers/STM32F4xx_HAL_Driver/Src/stm32f4xx_hal_sd.c.obj
                0x0800315c                HAL_SD_GetCardCSD
 .text.SD_InitCard
                0x08003314      0x100 CMakeFiles/Test_Bench.elf.dir/Drivers/STM32F4xx_HAL_Driver/Src/stm32f4xx_hal_sd.c.obj
 .text.HAL_SD_InitCard
                0x08003414       0xa8 CMakeFiles/Test_Bench.elf.dir/Drivers/STM32F4xx_HAL_Driver/Src/stm32f4xx_hal_sd.c.obj
                0x08003414                HAL_SD_InitCard
 .text.HAL_SD_Init
                0x080034bc       0x36 CMakeFiles/Test_Bench.elf.dir/Drivers/STM32F4xx_HAL_Driver/Src/stm32f4xx_hal_sd.c.obj
                0x080034bc                HAL_SD_Init
 .text.HAL_SD_GetCardInfo
                0x080034f2       0x24 CMakeFiles/Test_Bench.elf.dir/Drivers/STM32F4xx_HAL_Driver/Src/stm32f4xx_hal_sd.c.obj
                0x080034f2                HAL_SD_GetCardInfo
 .text.HAL_SD_GetCardState
                0x08003516       0x22 CMakeFiles/Test_Bench.elf.dir/Drivers/STM32F4xx_HAL_Driver/Src/stm32f4xx_hal_sd.c.obj
                0x08003516                HAL_SD_GetCardState
 .text.SD_DMATxAbort
                0x08003538       0x44 CMakeFiles/Test_Bench.elf.dir/Drivers/STM32F4xx_HAL_Driver/Src/stm32f4xx_hal_sd.c.obj
 .text.SD_DMARxAbort
                0x0800357c       0x44 CMakeFiles/Test_Bench.elf.dir/Drivers/STM32F4xx_HAL_Driver/Src/stm32f4xx_hal_sd.c.obj
 .text.HAL_SD_IRQHandler
                0x080035c0      0x1e0 CMakeFiles/Test_Bench.elf.dir/Drivers/STM32F4xx_HAL_Driver/Src/stm32f4xx_hal_sd.c.obj
                0x080035c0                HAL_SD_IRQHandler
 .text.UART_EndRxTransfer
                0x080037a0       0x5c CMakeFiles/Test_Bench.elf.dir/Drivers/STM32F4xx_HAL_Driver/Src/stm32f4xx_hal_uart.c.obj
 .text.UART_Transmit_IT
                0x080037fc       0x60 CMakeFiles/Test_Bench.elf.dir/Drivers/STM32F4xx_HAL_Driver/Src/stm32f4xx_hal_uart.c.obj
 .text.UART_SetConfig
                0x0800385c      0x110 CMakeFiles/Test_Bench.elf.dir/Drivers/STM32F4xx_HAL_Driver/Src/stm32f4xx_hal_uart.c.obj
 .text.UART_WaitOnFlagUntilTimeout
                0x0800396c       0x86 CMakeFiles/Test_Bench.elf.dir/Drivers/STM32F4xx_HAL_Driver/Src/stm32f4xx_hal_uart.c.obj
 .text.HAL_UART_Init
                0x080039f2       0x60 CMakeFiles/Test_Bench.elf.dir/Drivers/STM32F4xx_HAL_Driver/Src/stm32f4xx_hal_uart.c.obj
                0x080039f2                HAL_UART_Init
 .text.HAL_UART_Transmit
                0x08003a52       0xcc CMakeFiles/Test_Bench.elf.dir/Drivers/STM32F4xx_HAL_Driver/Src/stm32f4xx_hal_uart.c.obj
                0x08003a52                HAL_UART_Transmit
 .text.HAL_UART_Receive
                0x08003b1e       0xd2 CMakeFiles/Test_Bench.elf.dir/Drivers/STM32F4xx_HAL_Driver/Src/stm32f4xx_hal_uart.c.obj
                0x08003b1e                HAL_UART_Receive
 .text.HAL_UART_TxCpltCallback
                0x08003bf0        0x2 CMakeFiles/Test_Bench.elf.dir/Drivers/STM32F4xx_HAL_Driver/Src/stm32f4xx_hal_uart.c.obj
                0x08003bf0                HAL_UART_TxCpltCallback
 .text.UART_EndTransmit_IT
                0x08003bf2       0x1a CMakeFiles/Test_Bench.elf.dir/Drivers/STM32F4xx_HAL_Driver/Src/stm32f4xx_hal_uart.c.obj
 .text.HAL_UART_RxCpltCallback
                0x08003c0c        0x2 CMakeFiles/Test_Bench.elf.dir/Drivers/STM32F4xx_HAL_Driver/Src/stm32f4xx_hal_uart.c.obj
                0x08003c0c                HAL_UART_RxCpltCallback
 .text.HAL_UART_ErrorCallback
                0x08003c0e        0x2 CMakeFiles/Test_Bench.elf.dir/Drivers/STM32F4xx_HAL_Driver/Src/stm32f4xx_hal_uart.c.obj
                0x08003c0e                HAL_UART_ErrorCallback
 .text.UART_DMAAbortOnError
                0x08003c10       0x10 CMakeFiles/Test_Bench.elf.dir/Drivers/STM32F4xx_HAL_Driver/Src/stm32f4xx_hal_uart.c.obj
 .text.HAL_UARTEx_RxEventCallback
                0x08003c20        0x2 CMakeFiles/Test_Bench.elf.dir/Drivers/STM32F4xx_HAL_Driver/Src/stm32f4xx_hal_uart.c.obj
                0x08003c20                HAL_UARTEx_RxEventCallback
 .text.UART_Receive_IT
                0x08003c22       0xe6 CMakeFiles/Test_Bench.elf.dir/Drivers/STM32F4xx_HAL_Driver/Src/stm32f4xx_hal_uart.c.obj
 .text.HAL_UART_IRQHandler
                0x08003d08      0x284 CMakeFiles/Test_Bench.elf.dir/Drivers/STM32F4xx_HAL_Driver/Src/stm32f4xx_hal_uart.c.obj
                0x08003d08                HAL_UART_IRQHandler
 .text.SDMMC_GetCmdError
                0x08003f8c       0x38 CMakeFiles/Test_Bench.elf.dir/Drivers/STM32F4xx_HAL_Driver/Src/stm32f4xx_ll_sdmmc.c.obj
 .text.SDIO_Init
                0x08003fc4       0x32 CMakeFiles/Test_Bench.elf.dir/Drivers/STM32F4xx_HAL_Driver/Src/stm32f4xx_ll_sdmmc.c.obj
                0x08003fc4                SDIO_Init
 .text.SDIO_ReadFIFO
                0x08003ff6        0x6 CMakeFiles/Test_Bench.elf.dir/Drivers/STM32F4xx_HAL_Driver/Src/stm32f4xx_ll_sdmmc.c.obj
                0x08003ff6                SDIO_ReadFIFO
 .text.SDIO_WriteFIFO
                0x08003ffc        0xa CMakeFiles/Test_Bench.elf.dir/Drivers/STM32F4xx_HAL_Driver/Src/stm32f4xx_ll_sdmmc.c.obj
                0x08003ffc                SDIO_WriteFIFO
 .text.SDIO_PowerState_ON
                0x08004006        0x8 CMakeFiles/Test_Bench.elf.dir/Drivers/STM32F4xx_HAL_Driver/Src/stm32f4xx_ll_sdmmc.c.obj
                0x08004006                SDIO_PowerState_ON
 .text.SDIO_GetPowerState
                0x0800400e        0x8 CMakeFiles/Test_Bench.elf.dir/Drivers/STM32F4xx_HAL_Driver/Src/stm32f4xx_ll_sdmmc.c.obj
                0x0800400e                SDIO_GetPowerState
 .text.SDIO_SendCommand
                0x08004016       0x20 CMakeFiles/Test_Bench.elf.dir/Drivers/STM32F4xx_HAL_Driver/Src/stm32f4xx_ll_sdmmc.c.obj
                0x08004016                SDIO_SendCommand
 .text.SDIO_GetCommandResponse
                0x08004036        0x6 CMakeFiles/Test_Bench.elf.dir/Drivers/STM32F4xx_HAL_Driver/Src/stm32f4xx_ll_sdmmc.c.obj
                0x08004036                SDIO_GetCommandResponse
 .text.SDIO_GetResponse
                0x0800403c        0x6 CMakeFiles/Test_Bench.elf.dir/Drivers/STM32F4xx_HAL_Driver/Src/stm32f4xx_ll_sdmmc.c.obj
                0x0800403c                SDIO_GetResponse
 .text.SDIO_ConfigData
                0x08004042       0x24 CMakeFiles/Test_Bench.elf.dir/Drivers/STM32F4xx_HAL_Driver/Src/stm32f4xx_ll_sdmmc.c.obj
                0x08004042                SDIO_ConfigData
 .text.SDMMC_CmdGoIdleState
                0x08004066       0x26 CMakeFiles/Test_Bench.elf.dir/Drivers/STM32F4xx_HAL_Driver/Src/stm32f4xx_ll_sdmmc.c.obj
                0x08004066                SDMMC_CmdGoIdleState
 .text.SDMMC_GetCmdResp1
                0x0800408c      0x154 CMakeFiles/Test_Bench.elf.dir/Drivers/STM32F4xx_HAL_Driver/Src/stm32f4xx_ll_sdmmc.c.obj
                0x0800408c                SDMMC_GetCmdResp1
 .text.SDMMC_CmdBlockLength
                0x080041e0       0x30 CMakeFiles/Test_Bench.elf.dir/Drivers/STM32F4xx_HAL_Driver/Src/stm32f4xx_ll_sdmmc.c.obj
                0x080041e0                SDMMC_CmdBlockLength
 .text.SDMMC_CmdReadSingleBlock
                0x08004210       0x30 CMakeFiles/Test_Bench.elf.dir/Drivers/STM32F4xx_HAL_Driver/Src/stm32f4xx_ll_sdmmc.c.obj
                0x08004210                SDMMC_CmdReadSingleBlock
 .text.SDMMC_CmdReadMultiBlock
                0x08004240       0x30 CMakeFiles/Test_Bench.elf.dir/Drivers/STM32F4xx_HAL_Driver/Src/stm32f4xx_ll_sdmmc.c.obj
                0x08004240                SDMMC_CmdReadMultiBlock
 .text.SDMMC_CmdWriteSingleBlock
                0x08004270       0x30 CMakeFiles/Test_Bench.elf.dir/Drivers/STM32F4xx_HAL_Driver/Src/stm32f4xx_ll_sdmmc.c.obj
                0x08004270                SDMMC_CmdWriteSingleBlock
 .text.SDMMC_CmdWriteMultiBlock
                0x080042a0       0x30 CMakeFiles/Test_Bench.elf.dir/Drivers/STM32F4xx_HAL_Driver/Src/stm32f4xx_ll_sdmmc.c.obj
                0x080042a0                SDMMC_CmdWriteMultiBlock
 .text.SDMMC_CmdStopTransfer
                0x080042d0       0x34 CMakeFiles/Test_Bench.elf.dir/Drivers/STM32F4xx_HAL_Driver/Src/stm32f4xx_ll_sdmmc.c.obj
                0x080042d0                SDMMC_CmdStopTransfer
 .text.SDMMC_CmdSelDesel
                0x08004304       0x30 CMakeFiles/Test_Bench.elf.dir/Drivers/STM32F4xx_HAL_Driver/Src/stm32f4xx_ll_sdmmc.c.obj
                0x08004304                SDMMC_CmdSelDesel
 .text.SDMMC_CmdAppCommand
                0x08004334       0x30 CMakeFiles/Test_Bench.elf.dir/Drivers/STM32F4xx_HAL_Driver/Src/stm32f4xx_ll_sdmmc.c.obj
                0x08004334                SDMMC_CmdAppCommand
 .text.SDMMC_CmdSendStatus
                0x08004364       0x30 CMakeFiles/Test_Bench.elf.dir/Drivers/STM32F4xx_HAL_Driver/Src/stm32f4xx_ll_sdmmc.c.obj
                0x08004364                SDMMC_CmdSendStatus
 .text.SDMMC_GetCmdResp2
                0x08004394       0x5c CMakeFiles/Test_Bench.elf.dir/Drivers/STM32F4xx_HAL_Driver/Src/stm32f4xx_ll_sdmmc.c.obj
                0x08004394                SDMMC_GetCmdResp2
 .text.SDMMC_CmdSendCID
                0x080043f0       0x2a CMakeFiles/Test_Bench.elf.dir/Drivers/STM32F4xx_HAL_Driver/Src/stm32f4xx_ll_sdmmc.c.obj
                0x080043f0                SDMMC_CmdSendCID
 .text.SDMMC_CmdSendCSD
                0x0800441a       0x2a CMakeFiles/Test_Bench.elf.dir/Drivers/STM32F4xx_HAL_Driver/Src/stm32f4xx_ll_sdmmc.c.obj
                0x0800441a                SDMMC_CmdSendCSD
 .text.SDMMC_GetCmdResp3
                0x08004444       0x4c CMakeFiles/Test_Bench.elf.dir/Drivers/STM32F4xx_HAL_Driver/Src/stm32f4xx_ll_sdmmc.c.obj
                0x08004444                SDMMC_GetCmdResp3
 .text.SDMMC_CmdAppOperCommand
                0x08004490       0x32 CMakeFiles/Test_Bench.elf.dir/Drivers/STM32F4xx_HAL_Driver/Src/stm32f4xx_ll_sdmmc.c.obj
                0x08004490                SDMMC_CmdAppOperCommand
 *fill*         0x080044c2        0x2 
 .text.SDMMC_GetCmdResp6
                0x080044c4       0xa0 CMakeFiles/Test_Bench.elf.dir/Drivers/STM32F4xx_HAL_Driver/Src/stm32f4xx_ll_sdmmc.c.obj
                0x080044c4                SDMMC_GetCmdResp6
 .text.SDMMC_CmdSetRelAdd
                0x08004564       0x30 CMakeFiles/Test_Bench.elf.dir/Drivers/STM32F4xx_HAL_Driver/Src/stm32f4xx_ll_sdmmc.c.obj
                0x08004564                SDMMC_CmdSetRelAdd
 .text.SDMMC_GetCmdResp7
                0x08004594       0x64 CMakeFiles/Test_Bench.elf.dir/Drivers/STM32F4xx_HAL_Driver/Src/stm32f4xx_ll_sdmmc.c.obj
                0x08004594                SDMMC_GetCmdResp7
 .text.SDMMC_CmdOperCond
                0x080045f8       0x2e CMakeFiles/Test_Bench.elf.dir/Drivers/STM32F4xx_HAL_Driver/Src/stm32f4xx_ll_sdmmc.c.obj
                0x080045f8                SDMMC_CmdOperCond
 .text.USB_CoreReset
                0x08004626       0x4a CMakeFiles/Test_Bench.elf.dir/Drivers/STM32F4xx_HAL_Driver/Src/stm32f4xx_ll_usb.c.obj
 .text.USB_CoreInit
                0x08004670       0x92 CMakeFiles/Test_Bench.elf.dir/Drivers/STM32F4xx_HAL_Driver/Src/stm32f4xx_ll_usb.c.obj
                0x08004670                USB_CoreInit
 *fill*         0x08004702        0x2 
 .text.USB_SetTurnaroundTime
                0x08004704       0xe4 CMakeFiles/Test_Bench.elf.dir/Drivers/STM32F4xx_HAL_Driver/Src/stm32f4xx_ll_usb.c.obj
                0x08004704                USB_SetTurnaroundTime
 .text.USB_EnableGlobalInt
                0x080047e8        0xc CMakeFiles/Test_Bench.elf.dir/Drivers/STM32F4xx_HAL_Driver/Src/stm32f4xx_ll_usb.c.obj
                0x080047e8                USB_EnableGlobalInt
 .text.USB_DisableGlobalInt
                0x080047f4        0xc CMakeFiles/Test_Bench.elf.dir/Drivers/STM32F4xx_HAL_Driver/Src/stm32f4xx_ll_usb.c.obj
                0x080047f4                USB_DisableGlobalInt
 .text.USB_FlushTxFifo
                0x08004800       0x4a CMakeFiles/Test_Bench.elf.dir/Drivers/STM32F4xx_HAL_Driver/Src/stm32f4xx_ll_usb.c.obj
                0x08004800                USB_FlushTxFifo
 .text.USB_FlushRxFifo
                0x0800484a       0x46 CMakeFiles/Test_Bench.elf.dir/Drivers/STM32F4xx_HAL_Driver/Src/stm32f4xx_ll_usb.c.obj
                0x0800484a                USB_FlushRxFifo
 .text.USB_SetDevSpeed
                0x08004890        0xe CMakeFiles/Test_Bench.elf.dir/Drivers/STM32F4xx_HAL_Driver/Src/stm32f4xx_ll_usb.c.obj
                0x08004890                USB_SetDevSpeed
 *fill*         0x0800489e        0x2 
 .text.USB_DevInit
                0x080048a0      0x194 CMakeFiles/Test_Bench.elf.dir/Drivers/STM32F4xx_HAL_Driver/Src/stm32f4xx_ll_usb.c.obj
                0x080048a0                USB_DevInit
 .text.USB_GetDevSpeed
                0x08004a34       0x22 CMakeFiles/Test_Bench.elf.dir/Drivers/STM32F4xx_HAL_Driver/Src/stm32f4xx_ll_usb.c.obj
                0x08004a34                USB_GetDevSpeed
 .text.USB_ActivateEndpoint
                0x08004a56       0x9a CMakeFiles/Test_Bench.elf.dir/Drivers/STM32F4xx_HAL_Driver/Src/stm32f4xx_ll_usb.c.obj
                0x08004a56                USB_ActivateEndpoint
 .text.USB_DeactivateEndpoint
                0x08004af0       0xe0 CMakeFiles/Test_Bench.elf.dir/Drivers/STM32F4xx_HAL_Driver/Src/stm32f4xx_ll_usb.c.obj
                0x08004af0                USB_DeactivateEndpoint
 .text.USB_EPStopXfer
                0x08004bd0       0xbc CMakeFiles/Test_Bench.elf.dir/Drivers/STM32F4xx_HAL_Driver/Src/stm32f4xx_ll_usb.c.obj
                0x08004bd0                USB_EPStopXfer
 .text.USB_WritePacket
                0x08004c8c       0x2e CMakeFiles/Test_Bench.elf.dir/Drivers/STM32F4xx_HAL_Driver/Src/stm32f4xx_ll_usb.c.obj
                0x08004c8c                USB_WritePacket
 *fill*         0x08004cba        0x2 
 .text.USB_EPStartXfer
                0x08004cbc      0x244 CMakeFiles/Test_Bench.elf.dir/Drivers/STM32F4xx_HAL_Driver/Src/stm32f4xx_ll_usb.c.obj
                0x08004cbc                USB_EPStartXfer
 .text.USB_ReadPacket
                0x08004f00       0x46 CMakeFiles/Test_Bench.elf.dir/Drivers/STM32F4xx_HAL_Driver/Src/stm32f4xx_ll_usb.c.obj
                0x08004f00                USB_ReadPacket
 .text.USB_EPSetStall
                0x08004f46       0x5a CMakeFiles/Test_Bench.elf.dir/Drivers/STM32F4xx_HAL_Driver/Src/stm32f4xx_ll_usb.c.obj
                0x08004f46                USB_EPSetStall
 .text.USB_EPClearStall
                0x08004fa0       0x5c CMakeFiles/Test_Bench.elf.dir/Drivers/STM32F4xx_HAL_Driver/Src/stm32f4xx_ll_usb.c.obj
                0x08004fa0                USB_EPClearStall
 .text.USB_SetDevAddress
                0x08004ffc       0x20 CMakeFiles/Test_Bench.elf.dir/Drivers/STM32F4xx_HAL_Driver/Src/stm32f4xx_ll_usb.c.obj
                0x08004ffc                USB_SetDevAddress
 .text.USB_DevConnect
                0x0800501c       0x1c CMakeFiles/Test_Bench.elf.dir/Drivers/STM32F4xx_HAL_Driver/Src/stm32f4xx_ll_usb.c.obj
                0x0800501c                USB_DevConnect
 .text.USB_DevDisconnect
                0x08005038       0x1c CMakeFiles/Test_Bench.elf.dir/Drivers/STM32F4xx_HAL_Driver/Src/stm32f4xx_ll_usb.c.obj
                0x08005038                USB_DevDisconnect
 .text.USB_ReadInterrupts
                0x08005054        0x8 CMakeFiles/Test_Bench.elf.dir/Drivers/STM32F4xx_HAL_Driver/Src/stm32f4xx_ll_usb.c.obj
                0x08005054                USB_ReadInterrupts
 .text.USB_ReadDevAllOutEpInterrupt
                0x0800505c       0x10 CMakeFiles/Test_Bench.elf.dir/Drivers/STM32F4xx_HAL_Driver/Src/stm32f4xx_ll_usb.c.obj
                0x0800505c                USB_ReadDevAllOutEpInterrupt
 .text.USB_ReadDevAllInEpInterrupt
                0x0800506c       0x10 CMakeFiles/Test_Bench.elf.dir/Drivers/STM32F4xx_HAL_Driver/Src/stm32f4xx_ll_usb.c.obj
                0x0800506c                USB_ReadDevAllInEpInterrupt
 .text.USB_ReadDevOutEPInterrupt
                0x0800507c       0x12 CMakeFiles/Test_Bench.elf.dir/Drivers/STM32F4xx_HAL_Driver/Src/stm32f4xx_ll_usb.c.obj
                0x0800507c                USB_ReadDevOutEPInterrupt
 .text.USB_ReadDevInEPInterrupt
                0x0800508e       0x24 CMakeFiles/Test_Bench.elf.dir/Drivers/STM32F4xx_HAL_Driver/Src/stm32f4xx_ll_usb.c.obj
                0x0800508e                USB_ReadDevInEPInterrupt
 .text.USB_GetMode
                0x080050b2        0x8 CMakeFiles/Test_Bench.elf.dir/Drivers/STM32F4xx_HAL_Driver/Src/stm32f4xx_ll_usb.c.obj
                0x080050b2                USB_GetMode
 .text.USB_SetCurrentMode
                0x080050ba       0x62 CMakeFiles/Test_Bench.elf.dir/Drivers/STM32F4xx_HAL_Driver/Src/stm32f4xx_ll_usb.c.obj
                0x080050ba                USB_SetCurrentMode
 .text.USB_ActivateSetup
                0x0800511c       0x1c CMakeFiles/Test_Bench.elf.dir/Drivers/STM32F4xx_HAL_Driver/Src/stm32f4xx_ll_usb.c.obj
                0x0800511c                USB_ActivateSetup
 .text.USB_EP0_OutStart
                0x08005138       0x5c CMakeFiles/Test_Bench.elf.dir/Drivers/STM32F4xx_HAL_Driver/Src/stm32f4xx_ll_usb.c.obj
                0x08005138                USB_EP0_OutStart
 .text.MX_FATFS_Init
                0x08005194       0x1c CMakeFiles/Test_Bench.elf.dir/FATFS/App/fatfs.c.obj
                0x08005194                MX_FATFS_Init
 .text.get_fattime
                0x080051b0        0x4 CMakeFiles/Test_Bench.elf.dir/FATFS/App/fatfs.c.obj
                0x080051b0                get_fattime
 .text.BSP_SD_ReadBlocks
                0x080051b4       0x20 CMakeFiles/Test_Bench.elf.dir/FATFS/Target/bsp_driver_sd.c.obj
                0x080051b4                BSP_SD_ReadBlocks
 .text.BSP_SD_WriteBlocks
                0x080051d4       0x20 CMakeFiles/Test_Bench.elf.dir/FATFS/Target/bsp_driver_sd.c.obj
                0x080051d4                BSP_SD_WriteBlocks
 .text.BSP_SD_GetCardState
                0x080051f4       0x14 CMakeFiles/Test_Bench.elf.dir/FATFS/Target/bsp_driver_sd.c.obj
                0x080051f4                BSP_SD_GetCardState
 .text.BSP_SD_GetCardInfo
                0x08005208       0x10 CMakeFiles/Test_Bench.elf.dir/FATFS/Target/bsp_driver_sd.c.obj
                0x08005208                BSP_SD_GetCardInfo
 .text.BSP_SD_AbortCallback
                0x08005218        0x2 CMakeFiles/Test_Bench.elf.dir/FATFS/Target/bsp_driver_sd.c.obj
                0x08005218                BSP_SD_AbortCallback
 .text.HAL_SD_AbortCallback
                0x0800521a        0x8 CMakeFiles/Test_Bench.elf.dir/FATFS/Target/bsp_driver_sd.c.obj
                0x0800521a                HAL_SD_AbortCallback
 .text.BSP_SD_WriteCpltCallback
                0x08005222        0x2 CMakeFiles/Test_Bench.elf.dir/FATFS/Target/bsp_driver_sd.c.obj
                0x08005222                BSP_SD_WriteCpltCallback
 .text.HAL_SD_TxCpltCallback
                0x08005224        0x8 CMakeFiles/Test_Bench.elf.dir/FATFS/Target/bsp_driver_sd.c.obj
                0x08005224                HAL_SD_TxCpltCallback
 .text.BSP_SD_ReadCpltCallback
                0x0800522c        0x2 CMakeFiles/Test_Bench.elf.dir/FATFS/Target/bsp_driver_sd.c.obj
                0x0800522c                BSP_SD_ReadCpltCallback
 .text.HAL_SD_RxCpltCallback
                0x0800522e        0x8 CMakeFiles/Test_Bench.elf.dir/FATFS/Target/bsp_driver_sd.c.obj
                0x0800522e                HAL_SD_RxCpltCallback
 .text.BSP_SD_IsDetected
                0x08005236       0x10 CMakeFiles/Test_Bench.elf.dir/FATFS/Target/bsp_driver_sd.c.obj
                0x08005236                BSP_SD_IsDetected
 *fill*         0x08005246        0x2 
 .text.BSP_SD_Init
                0x08005248       0x1c CMakeFiles/Test_Bench.elf.dir/FATFS/Target/bsp_driver_sd.c.obj
                0x08005248                BSP_SD_Init
 .text.SD_CheckStatus
                0x08005264       0x24 CMakeFiles/Test_Bench.elf.dir/FATFS/Target/sd_diskio.c.obj
 .text.SD_initialize
                0x08005288       0x28 CMakeFiles/Test_Bench.elf.dir/FATFS/Target/sd_diskio.c.obj
                0x08005288                SD_initialize
 .text.SD_status
                0x080052b0        0x8 CMakeFiles/Test_Bench.elf.dir/FATFS/Target/sd_diskio.c.obj
                0x080052b0                SD_status
 .text.SD_read  0x080052b8       0x24 CMakeFiles/Test_Bench.elf.dir/FATFS/Target/sd_diskio.c.obj
                0x080052b8                SD_read
 .text.SD_write
                0x080052dc       0x24 CMakeFiles/Test_Bench.elf.dir/FATFS/Target/sd_diskio.c.obj
                0x080052dc                SD_write
 .text.SD_ioctl
                0x08005300       0x58 CMakeFiles/Test_Bench.elf.dir/FATFS/Target/sd_diskio.c.obj
                0x08005300                SD_ioctl
 .text.USBD_CDC_EP0_RxReady
                0x08005358       0x40 CMakeFiles/Test_Bench.elf.dir/Middlewares/ST/STM32_USB_Device_Library/Class/CDC/Src/usbd_cdc.c.obj
 .text.USBD_CDC_GetDeviceQualifierDescriptor
                0x08005398        0xc CMakeFiles/Test_Bench.elf.dir/Middlewares/ST/STM32_USB_Device_Library/Class/CDC/Src/usbd_cdc.c.obj
                0x08005398                USBD_CDC_GetDeviceQualifierDescriptor
 .text.USBD_CDC_GetOtherSpeedCfgDesc
                0x080053a4       0x48 CMakeFiles/Test_Bench.elf.dir/Middlewares/ST/STM32_USB_Device_Library/Class/CDC/Src/usbd_cdc.c.obj
 .text.USBD_CDC_GetFSCfgDesc
                0x080053ec       0x48 CMakeFiles/Test_Bench.elf.dir/Middlewares/ST/STM32_USB_Device_Library/Class/CDC/Src/usbd_cdc.c.obj
 .text.USBD_CDC_GetHSCfgDesc
                0x08005434       0x48 CMakeFiles/Test_Bench.elf.dir/Middlewares/ST/STM32_USB_Device_Library/Class/CDC/Src/usbd_cdc.c.obj
 .text.USBD_CDC_DataOut
                0x0800547c       0x38 CMakeFiles/Test_Bench.elf.dir/Middlewares/ST/STM32_USB_Device_Library/Class/CDC/Src/usbd_cdc.c.obj
 .text.USBD_CDC_DataIn
                0x080054b4       0x7c CMakeFiles/Test_Bench.elf.dir/Middlewares/ST/STM32_USB_Device_Library/Class/CDC/Src/usbd_cdc.c.obj
 .text.USBD_CDC_Setup
                0x08005530      0x11a CMakeFiles/Test_Bench.elf.dir/Middlewares/ST/STM32_USB_Device_Library/Class/CDC/Src/usbd_cdc.c.obj
 .text.USBD_CDC_DeInit
                0x0800564a       0x64 CMakeFiles/Test_Bench.elf.dir/Middlewares/ST/STM32_USB_Device_Library/Class/CDC/Src/usbd_cdc.c.obj
 .text.USBD_CDC_Init
                0x080056ae       0xee CMakeFiles/Test_Bench.elf.dir/Middlewares/ST/STM32_USB_Device_Library/Class/CDC/Src/usbd_cdc.c.obj
 .text.USBD_CDC_RegisterInterface
                0x0800579c       0x16 CMakeFiles/Test_Bench.elf.dir/Middlewares/ST/STM32_USB_Device_Library/Class/CDC/Src/usbd_cdc.c.obj
                0x0800579c                USBD_CDC_RegisterInterface
 .text.USBD_CDC_SetTxBuffer
                0x080057b2       0x1c CMakeFiles/Test_Bench.elf.dir/Middlewares/ST/STM32_USB_Device_Library/Class/CDC/Src/usbd_cdc.c.obj
                0x080057b2                USBD_CDC_SetTxBuffer
 .text.USBD_CDC_SetRxBuffer
                0x080057ce       0x18 CMakeFiles/Test_Bench.elf.dir/Middlewares/ST/STM32_USB_Device_Library/Class/CDC/Src/usbd_cdc.c.obj
                0x080057ce                USBD_CDC_SetRxBuffer
 .text.USBD_CDC_TransmitPacket
                0x080057e6       0x36 CMakeFiles/Test_Bench.elf.dir/Middlewares/ST/STM32_USB_Device_Library/Class/CDC/Src/usbd_cdc.c.obj
                0x080057e6                USBD_CDC_TransmitPacket
 .text.USBD_CDC_ReceivePacket
                0x0800581c       0x38 CMakeFiles/Test_Bench.elf.dir/Middlewares/ST/STM32_USB_Device_Library/Class/CDC/Src/usbd_cdc.c.obj
                0x0800581c                USBD_CDC_ReceivePacket
 .text.USBD_Init
                0x08005854       0x2e CMakeFiles/Test_Bench.elf.dir/Middlewares/ST/STM32_USB_Device_Library/Core/Src/usbd_core.c.obj
                0x08005854                USBD_Init
 .text.USBD_RegisterClass
                0x08005882       0x40 CMakeFiles/Test_Bench.elf.dir/Middlewares/ST/STM32_USB_Device_Library/Core/Src/usbd_core.c.obj
                0x08005882                USBD_RegisterClass
 .text.USBD_Start
                0x080058c2        0x8 CMakeFiles/Test_Bench.elf.dir/Middlewares/ST/STM32_USB_Device_Library/Core/Src/usbd_core.c.obj
                0x080058c2                USBD_Start
 .text.USBD_SetClassConfig
                0x080058ca       0x12 CMakeFiles/Test_Bench.elf.dir/Middlewares/ST/STM32_USB_Device_Library/Core/Src/usbd_core.c.obj
                0x080058ca                USBD_SetClassConfig
 .text.USBD_ClrClassConfig
                0x080058dc       0x12 CMakeFiles/Test_Bench.elf.dir/Middlewares/ST/STM32_USB_Device_Library/Core/Src/usbd_core.c.obj
                0x080058dc                USBD_ClrClassConfig
 .text.USBD_LL_SetupStage
                0x080058ee       0x58 CMakeFiles/Test_Bench.elf.dir/Middlewares/ST/STM32_USB_Device_Library/Core/Src/usbd_core.c.obj
                0x080058ee                USBD_LL_SetupStage
 .text.USBD_LL_Reset
                0x08005946       0x64 CMakeFiles/Test_Bench.elf.dir/Middlewares/ST/STM32_USB_Device_Library/Core/Src/usbd_core.c.obj
                0x08005946                USBD_LL_Reset
 .text.USBD_LL_SetSpeed
                0x080059aa        0x6 CMakeFiles/Test_Bench.elf.dir/Middlewares/ST/STM32_USB_Device_Library/Core/Src/usbd_core.c.obj
                0x080059aa                USBD_LL_SetSpeed
 .text.USBD_LL_Suspend
                0x080059b0       0x1e CMakeFiles/Test_Bench.elf.dir/Middlewares/ST/STM32_USB_Device_Library/Core/Src/usbd_core.c.obj
                0x080059b0                USBD_LL_Suspend
 .text.USBD_LL_Resume
                0x080059ce       0x1a CMakeFiles/Test_Bench.elf.dir/Middlewares/ST/STM32_USB_Device_Library/Core/Src/usbd_core.c.obj
                0x080059ce                USBD_LL_Resume
 .text.USBD_LL_SOF
                0x080059e8       0x22 CMakeFiles/Test_Bench.elf.dir/Middlewares/ST/STM32_USB_Device_Library/Core/Src/usbd_core.c.obj
                0x080059e8                USBD_LL_SOF
 .text.USBD_LL_IsoINIncomplete
                0x08005a0a       0x2e CMakeFiles/Test_Bench.elf.dir/Middlewares/ST/STM32_USB_Device_Library/Core/Src/usbd_core.c.obj
                0x08005a0a                USBD_LL_IsoINIncomplete
 .text.USBD_LL_IsoOUTIncomplete
                0x08005a38       0x2e CMakeFiles/Test_Bench.elf.dir/Middlewares/ST/STM32_USB_Device_Library/Core/Src/usbd_core.c.obj
                0x08005a38                USBD_LL_IsoOUTIncomplete
 .text.USBD_LL_DevConnected
                0x08005a66        0x4 CMakeFiles/Test_Bench.elf.dir/Middlewares/ST/STM32_USB_Device_Library/Core/Src/usbd_core.c.obj
                0x08005a66                USBD_LL_DevConnected
 .text.USBD_LL_DevDisconnected
                0x08005a6a       0x20 CMakeFiles/Test_Bench.elf.dir/Middlewares/ST/STM32_USB_Device_Library/Core/Src/usbd_core.c.obj
                0x08005a6a                USBD_LL_DevDisconnected
 .text.USBD_CoreFindIF
                0x08005a8a        0x4 CMakeFiles/Test_Bench.elf.dir/Middlewares/ST/STM32_USB_Device_Library/Core/Src/usbd_core.c.obj
                0x08005a8a                USBD_CoreFindIF
 .text.USBD_CoreFindEP
                0x08005a8e        0x4 CMakeFiles/Test_Bench.elf.dir/Middlewares/ST/STM32_USB_Device_Library/Core/Src/usbd_core.c.obj
                0x08005a8e                USBD_CoreFindEP
 .text.USBD_LL_DataOutStage
                0x08005a92       0xc4 CMakeFiles/Test_Bench.elf.dir/Middlewares/ST/STM32_USB_Device_Library/Core/Src/usbd_core.c.obj
                0x08005a92                USBD_LL_DataOutStage
 .text.USBD_LL_DataInStage
                0x08005b56       0xd6 CMakeFiles/Test_Bench.elf.dir/Middlewares/ST/STM32_USB_Device_Library/Core/Src/usbd_core.c.obj
                0x08005b56                USBD_LL_DataInStage
 .text.USBD_GetNextDesc
                0x08005c2c        0xe CMakeFiles/Test_Bench.elf.dir/Middlewares/ST/STM32_USB_Device_Library/Core/Src/usbd_core.c.obj
                0x08005c2c                USBD_GetNextDesc
 .text.USBD_GetEpDesc
                0x08005c3a       0x3e CMakeFiles/Test_Bench.elf.dir/Middlewares/ST/STM32_USB_Device_Library/Core/Src/usbd_core.c.obj
                0x08005c3a                USBD_GetEpDesc
 .text.USBD_GetLen
                0x08005c78       0x14 CMakeFiles/Test_Bench.elf.dir/Middlewares/ST/STM32_USB_Device_Library/Core/Src/usbd_ctlreq.c.obj
 .text.USBD_ParseSetupRequest
                0x08005c8c       0x28 CMakeFiles/Test_Bench.elf.dir/Middlewares/ST/STM32_USB_Device_Library/Core/Src/usbd_ctlreq.c.obj
                0x08005c8c                USBD_ParseSetupRequest
 .text.USBD_CtlError
                0x08005cb4       0x14 CMakeFiles/Test_Bench.elf.dir/Middlewares/ST/STM32_USB_Device_Library/Core/Src/usbd_ctlreq.c.obj
                0x08005cb4                USBD_CtlError
 .text.USBD_GetDescriptor
                0x08005cc8      0x18a CMakeFiles/Test_Bench.elf.dir/Middlewares/ST/STM32_USB_Device_Library/Core/Src/usbd_ctlreq.c.obj
 .text.USBD_SetAddress
                0x08005e52       0x50 CMakeFiles/Test_Bench.elf.dir/Middlewares/ST/STM32_USB_Device_Library/Core/Src/usbd_ctlreq.c.obj
 *fill*         0x08005ea2        0x2 
 .text.USBD_SetConfig
                0x08005ea4       0xcc CMakeFiles/Test_Bench.elf.dir/Middlewares/ST/STM32_USB_Device_Library/Core/Src/usbd_ctlreq.c.obj
 .text.USBD_GetConfig
                0x08005f70       0x40 CMakeFiles/Test_Bench.elf.dir/Middlewares/ST/STM32_USB_Device_Library/Core/Src/usbd_ctlreq.c.obj
 .text.USBD_GetStatus
                0x08005fb0       0x38 CMakeFiles/Test_Bench.elf.dir/Middlewares/ST/STM32_USB_Device_Library/Core/Src/usbd_ctlreq.c.obj
 .text.USBD_SetFeature
                0x08005fe8       0x2a CMakeFiles/Test_Bench.elf.dir/Middlewares/ST/STM32_USB_Device_Library/Core/Src/usbd_ctlreq.c.obj
 .text.USBD_ClrFeature
                0x08006012       0x26 CMakeFiles/Test_Bench.elf.dir/Middlewares/ST/STM32_USB_Device_Library/Core/Src/usbd_ctlreq.c.obj
 .text.USBD_StdDevReq
                0x08006038       0x76 CMakeFiles/Test_Bench.elf.dir/Middlewares/ST/STM32_USB_Device_Library/Core/Src/usbd_ctlreq.c.obj
                0x08006038                USBD_StdDevReq
 .text.USBD_StdItfReq
                0x080060ae       0x84 CMakeFiles/Test_Bench.elf.dir/Middlewares/ST/STM32_USB_Device_Library/Core/Src/usbd_ctlreq.c.obj
                0x080060ae                USBD_StdItfReq
 .text.USBD_StdEPReq
                0x08006132      0x230 CMakeFiles/Test_Bench.elf.dir/Middlewares/ST/STM32_USB_Device_Library/Core/Src/usbd_ctlreq.c.obj
                0x08006132                USBD_StdEPReq
 .text.USBD_GetString
                0x08006362       0x46 CMakeFiles/Test_Bench.elf.dir/Middlewares/ST/STM32_USB_Device_Library/Core/Src/usbd_ctlreq.c.obj
                0x08006362                USBD_GetString
 .text.USBD_CtlSendData
                0x080063a8       0x1a CMakeFiles/Test_Bench.elf.dir/Middlewares/ST/STM32_USB_Device_Library/Core/Src/usbd_ioreq.c.obj
                0x080063a8                USBD_CtlSendData
 .text.USBD_CtlContinueSendData
                0x080063c2       0x10 CMakeFiles/Test_Bench.elf.dir/Middlewares/ST/STM32_USB_Device_Library/Core/Src/usbd_ioreq.c.obj
                0x080063c2                USBD_CtlContinueSendData
 .text.USBD_CtlPrepareRx
                0x080063d2       0x1e CMakeFiles/Test_Bench.elf.dir/Middlewares/ST/STM32_USB_Device_Library/Core/Src/usbd_ioreq.c.obj
                0x080063d2                USBD_CtlPrepareRx
 .text.USBD_CtlContinueRx
                0x080063f0       0x10 CMakeFiles/Test_Bench.elf.dir/Middlewares/ST/STM32_USB_Device_Library/Core/Src/usbd_ioreq.c.obj
                0x080063f0                USBD_CtlContinueRx
 .text.USBD_CtlSendStatus
                0x08006400       0x16 CMakeFiles/Test_Bench.elf.dir/Middlewares/ST/STM32_USB_Device_Library/Core/Src/usbd_ioreq.c.obj
                0x08006400                USBD_CtlSendStatus
 .text.USBD_CtlReceiveStatus
                0x08006416       0x16 CMakeFiles/Test_Bench.elf.dir/Middlewares/ST/STM32_USB_Device_Library/Core/Src/usbd_ioreq.c.obj
                0x08006416                USBD_CtlReceiveStatus
 .text.disk_status
                0x0800642c       0x18 CMakeFiles/Test_Bench.elf.dir/Middlewares/Third_Party/FatFs/src/diskio.c.obj
                0x0800642c                disk_status
 .text.disk_initialize
                0x08006444       0x2c CMakeFiles/Test_Bench.elf.dir/Middlewares/Third_Party/FatFs/src/diskio.c.obj
                0x08006444                disk_initialize
 .text.disk_read
                0x08006470       0x18 CMakeFiles/Test_Bench.elf.dir/Middlewares/Third_Party/FatFs/src/diskio.c.obj
                0x08006470                disk_read
 .text.disk_write
                0x08006488       0x18 CMakeFiles/Test_Bench.elf.dir/Middlewares/Third_Party/FatFs/src/diskio.c.obj
                0x08006488                disk_write
 .text.disk_ioctl
                0x080064a0       0x18 CMakeFiles/Test_Bench.elf.dir/Middlewares/Third_Party/FatFs/src/diskio.c.obj
                0x080064a0                disk_ioctl
 .text.ld_word  0x080064b8        0xa CMakeFiles/Test_Bench.elf.dir/Middlewares/Third_Party/FatFs/src/ff.c.obj
 .text.ld_dword
                0x080064c2       0x16 CMakeFiles/Test_Bench.elf.dir/Middlewares/Third_Party/FatFs/src/ff.c.obj
 .text.st_word  0x080064d8        0x8 CMakeFiles/Test_Bench.elf.dir/Middlewares/Third_Party/FatFs/src/ff.c.obj
 .text.st_dword
                0x080064e0       0x14 CMakeFiles/Test_Bench.elf.dir/Middlewares/Third_Party/FatFs/src/ff.c.obj
 .text.mem_cpy  0x080064f4       0x14 CMakeFiles/Test_Bench.elf.dir/Middlewares/Third_Party/FatFs/src/ff.c.obj
 .text.mem_set  0x08006508        0xa CMakeFiles/Test_Bench.elf.dir/Middlewares/Third_Party/FatFs/src/ff.c.obj
 .text.mem_cmp  0x08006512       0x1a CMakeFiles/Test_Bench.elf.dir/Middlewares/Third_Party/FatFs/src/ff.c.obj
 .text.chk_chr  0x0800652c       0x10 CMakeFiles/Test_Bench.elf.dir/Middlewares/Third_Party/FatFs/src/ff.c.obj
 .text.chk_lock
                0x0800653c       0x74 CMakeFiles/Test_Bench.elf.dir/Middlewares/Third_Party/FatFs/src/ff.c.obj
 .text.enq_lock
                0x080065b0       0x20 CMakeFiles/Test_Bench.elf.dir/Middlewares/Third_Party/FatFs/src/ff.c.obj
 .text.inc_lock
                0x080065d0       0xa4 CMakeFiles/Test_Bench.elf.dir/Middlewares/Third_Party/FatFs/src/ff.c.obj
 .text.dec_lock
                0x08006674       0x40 CMakeFiles/Test_Bench.elf.dir/Middlewares/Third_Party/FatFs/src/ff.c.obj
 .text.clear_lock
                0x080066b4       0x38 CMakeFiles/Test_Bench.elf.dir/Middlewares/Third_Party/FatFs/src/ff.c.obj
 .text.clust2sect
                0x080066ec       0x18 CMakeFiles/Test_Bench.elf.dir/Middlewares/Third_Party/FatFs/src/ff.c.obj
 .text.clmt_clust
                0x08006704       0x22 CMakeFiles/Test_Bench.elf.dir/Middlewares/Third_Party/FatFs/src/ff.c.obj
 .text.ld_clust
                0x08006726       0x26 CMakeFiles/Test_Bench.elf.dir/Middlewares/Third_Party/FatFs/src/ff.c.obj
 .text.st_clust
                0x0800674c       0x26 CMakeFiles/Test_Bench.elf.dir/Middlewares/Third_Party/FatFs/src/ff.c.obj
 *fill*         0x08006772        0x2 
 .text.create_name
                0x08006774       0xfc CMakeFiles/Test_Bench.elf.dir/Middlewares/Third_Party/FatFs/src/ff.c.obj
 .text.get_ldnumber
                0x08006870       0x52 CMakeFiles/Test_Bench.elf.dir/Middlewares/Third_Party/FatFs/src/ff.c.obj
 .text.validate
                0x080068c2       0x46 CMakeFiles/Test_Bench.elf.dir/Middlewares/Third_Party/FatFs/src/ff.c.obj
 .text.sync_window
                0x08006908       0x54 CMakeFiles/Test_Bench.elf.dir/Middlewares/Third_Party/FatFs/src/ff.c.obj
 .text.move_window
                0x0800695c       0x36 CMakeFiles/Test_Bench.elf.dir/Middlewares/Third_Party/FatFs/src/ff.c.obj
 *fill*         0x08006992        0x2 
 .text.check_fs
                0x08006994       0x78 CMakeFiles/Test_Bench.elf.dir/Middlewares/Third_Party/FatFs/src/ff.c.obj
 .text.find_volume
                0x08006a0c      0x2fc CMakeFiles/Test_Bench.elf.dir/Middlewares/Third_Party/FatFs/src/ff.c.obj
 .text.put_fat  0x08006d08      0x104 CMakeFiles/Test_Bench.elf.dir/Middlewares/Third_Party/FatFs/src/ff.c.obj
 .text.get_fat  0x08006e0c       0xd0 CMakeFiles/Test_Bench.elf.dir/Middlewares/Third_Party/FatFs/src/ff.c.obj
 .text.dir_sdi  0x08006edc       0xac CMakeFiles/Test_Bench.elf.dir/Middlewares/Third_Party/FatFs/src/ff.c.obj
 .text.create_chain
                0x08006f88       0xcc CMakeFiles/Test_Bench.elf.dir/Middlewares/Third_Party/FatFs/src/ff.c.obj
 .text.remove_chain
                0x08007054       0x7e CMakeFiles/Test_Bench.elf.dir/Middlewares/Third_Party/FatFs/src/ff.c.obj
 .text.dir_next
                0x080070d2      0x108 CMakeFiles/Test_Bench.elf.dir/Middlewares/Third_Party/FatFs/src/ff.c.obj
 .text.dir_find
                0x080071da       0x5a CMakeFiles/Test_Bench.elf.dir/Middlewares/Third_Party/FatFs/src/ff.c.obj
 .text.follow_path
                0x08007234       0x8c CMakeFiles/Test_Bench.elf.dir/Middlewares/Third_Party/FatFs/src/ff.c.obj
 .text.dir_alloc
                0x080072c0       0x50 CMakeFiles/Test_Bench.elf.dir/Middlewares/Third_Party/FatFs/src/ff.c.obj
 .text.dir_register
                0x08007310       0x3e CMakeFiles/Test_Bench.elf.dir/Middlewares/Third_Party/FatFs/src/ff.c.obj
 *fill*         0x0800734e        0x2 
 .text.sync_fs  0x08007350       0x8c CMakeFiles/Test_Bench.elf.dir/Middlewares/Third_Party/FatFs/src/ff.c.obj
 .text.f_mount  0x080073dc       0x5c CMakeFiles/Test_Bench.elf.dir/Middlewares/Third_Party/FatFs/src/ff.c.obj
                0x080073dc                f_mount
 .text.f_open   0x08007438      0x21c CMakeFiles/Test_Bench.elf.dir/Middlewares/Third_Party/FatFs/src/ff.c.obj
                0x08007438                f_open
 .text.f_write  0x08007654      0x1fc CMakeFiles/Test_Bench.elf.dir/Middlewares/Third_Party/FatFs/src/ff.c.obj
                0x08007654                f_write
 .text.f_sync   0x08007850       0x98 CMakeFiles/Test_Bench.elf.dir/Middlewares/Third_Party/FatFs/src/ff.c.obj
                0x08007850                f_sync
 .text.f_close  0x080078e8       0x2a CMakeFiles/Test_Bench.elf.dir/Middlewares/Third_Party/FatFs/src/ff.c.obj
                0x080078e8                f_close
 *fill*         0x08007912        0x2 
 .text.FATFS_LinkDriverEx
                0x08007914       0x54 CMakeFiles/Test_Bench.elf.dir/Middlewares/Third_Party/FatFs/src/ff_gen_drv.c.obj
                0x08007914                FATFS_LinkDriverEx
 .text.FATFS_LinkDriver
                0x08007968        0xa CMakeFiles/Test_Bench.elf.dir/Middlewares/Third_Party/FatFs/src/ff_gen_drv.c.obj
                0x08007968                FATFS_LinkDriver
 *fill*         0x08007972        0x2 
 .text.pre_send_reback
                0x08007974       0x3c CMakeFiles/Test_Bench.elf.dir/Private/Pressure_Sensor/pre_sen.c.obj
                0x08007974                pre_send_reback
 .text.pre_init
                0x080079b0       0x40 CMakeFiles/Test_Bench.elf.dir/Private/Pressure_Sensor/pre_sen.c.obj
                0x080079b0                pre_init
 .text.Send_Error_to_PC
                0x080079f0       0x2a CMakeFiles/Test_Bench.elf.dir/Private/message_define.c.obj
                0x080079f0                Send_Error_to_PC
 .text.Send_Init_Success_to_PC
                0x08007a1a       0x2c CMakeFiles/Test_Bench.elf.dir/Private/message_define.c.obj
                0x08007a1a                Send_Init_Success_to_PC
 *fill*         0x08007a46        0x2 
 .text.MX_USB_DEVICE_Init
                0x08007a48       0x54 CMakeFiles/Test_Bench.elf.dir/USB_DEVICE/App/usb_device.c.obj
                0x08007a48                MX_USB_DEVICE_Init
 .text.CDC_DeInit_FS
                0x08007a9c        0x4 CMakeFiles/Test_Bench.elf.dir/USB_DEVICE/App/usbd_cdc_if.c.obj
 .text.CDC_Control_FS
                0x08007aa0        0x4 CMakeFiles/Test_Bench.elf.dir/USB_DEVICE/App/usbd_cdc_if.c.obj
 .text.CDC_TransmitCplt_FS
                0x08007aa4        0x4 CMakeFiles/Test_Bench.elf.dir/USB_DEVICE/App/usbd_cdc_if.c.obj
 .text.CDC_Receive_FS
                0x08007aa8       0x1c CMakeFiles/Test_Bench.elf.dir/USB_DEVICE/App/usbd_cdc_if.c.obj
 .text.CDC_Init_FS
                0x08007ac4       0x28 CMakeFiles/Test_Bench.elf.dir/USB_DEVICE/App/usbd_cdc_if.c.obj
 .text.CDC_Transmit_FS
                0x08007aec       0x2c CMakeFiles/Test_Bench.elf.dir/USB_DEVICE/App/usbd_cdc_if.c.obj
                0x08007aec                CDC_Transmit_FS
 .text.USBD_FS_DeviceDescriptor
                0x08007b18        0xc CMakeFiles/Test_Bench.elf.dir/USB_DEVICE/App/usbd_desc.c.obj
                0x08007b18                USBD_FS_DeviceDescriptor
 .text.USBD_FS_LangIDStrDescriptor
                0x08007b24        0xc CMakeFiles/Test_Bench.elf.dir/USB_DEVICE/App/usbd_desc.c.obj
                0x08007b24                USBD_FS_LangIDStrDescriptor
 .text.IntToUnicode
                0x08007b30       0x46 CMakeFiles/Test_Bench.elf.dir/USB_DEVICE/App/usbd_desc.c.obj
 *fill*         0x08007b76        0x2 
 .text.Get_SerialNum
                0x08007b78       0x38 CMakeFiles/Test_Bench.elf.dir/USB_DEVICE/App/usbd_desc.c.obj
 .text.USBD_FS_SerialStrDescriptor
                0x08007bb0       0x14 CMakeFiles/Test_Bench.elf.dir/USB_DEVICE/App/usbd_desc.c.obj
                0x08007bb0                USBD_FS_SerialStrDescriptor
 .text.USBD_FS_ProductStrDescriptor
                0x08007bc4       0x24 CMakeFiles/Test_Bench.elf.dir/USB_DEVICE/App/usbd_desc.c.obj
                0x08007bc4                USBD_FS_ProductStrDescriptor
 .text.USBD_FS_ManufacturerStrDescriptor
                0x08007be8       0x1c CMakeFiles/Test_Bench.elf.dir/USB_DEVICE/App/usbd_desc.c.obj
                0x08007be8                USBD_FS_ManufacturerStrDescriptor
 .text.USBD_FS_ConfigStrDescriptor
                0x08007c04       0x24 CMakeFiles/Test_Bench.elf.dir/USB_DEVICE/App/usbd_desc.c.obj
                0x08007c04                USBD_FS_ConfigStrDescriptor
 .text.USBD_FS_InterfaceStrDescriptor
                0x08007c28       0x24 CMakeFiles/Test_Bench.elf.dir/USB_DEVICE/App/usbd_desc.c.obj
                0x08007c28                USBD_FS_InterfaceStrDescriptor
 .text.HAL_PCD_MspInit
                0x08007c4c       0x84 CMakeFiles/Test_Bench.elf.dir/USB_DEVICE/Target/usbd_conf.c.obj
                0x08007c4c                HAL_PCD_MspInit
 .text.HAL_PCD_SetupStageCallback
                0x08007cd0       0x10 CMakeFiles/Test_Bench.elf.dir/USB_DEVICE/Target/usbd_conf.c.obj
                0x08007cd0                HAL_PCD_SetupStageCallback
 .text.HAL_PCD_DataOutStageCallback
                0x08007ce0       0x18 CMakeFiles/Test_Bench.elf.dir/USB_DEVICE/Target/usbd_conf.c.obj
                0x08007ce0                HAL_PCD_DataOutStageCallback
 .text.HAL_PCD_DataInStageCallback
                0x08007cf8       0x16 CMakeFiles/Test_Bench.elf.dir/USB_DEVICE/Target/usbd_conf.c.obj
                0x08007cf8                HAL_PCD_DataInStageCallback
 .text.HAL_PCD_SOFCallback
                0x08007d0e        0xc CMakeFiles/Test_Bench.elf.dir/USB_DEVICE/Target/usbd_conf.c.obj
                0x08007d0e                HAL_PCD_SOFCallback
 .text.HAL_PCD_ResetCallback
                0x08007d1a       0x28 CMakeFiles/Test_Bench.elf.dir/USB_DEVICE/Target/usbd_conf.c.obj
                0x08007d1a                HAL_PCD_ResetCallback
 *fill*         0x08007d42        0x2 
 .text.HAL_PCD_SuspendCallback
                0x08007d44       0x30 CMakeFiles/Test_Bench.elf.dir/USB_DEVICE/Target/usbd_conf.c.obj
                0x08007d44                HAL_PCD_SuspendCallback
 .text.HAL_PCD_ResumeCallback
                0x08007d74        0xc CMakeFiles/Test_Bench.elf.dir/USB_DEVICE/Target/usbd_conf.c.obj
                0x08007d74                HAL_PCD_ResumeCallback
 .text.HAL_PCD_ISOOUTIncompleteCallback
                0x08007d80        0xc CMakeFiles/Test_Bench.elf.dir/USB_DEVICE/Target/usbd_conf.c.obj
                0x08007d80                HAL_PCD_ISOOUTIncompleteCallback
 .text.HAL_PCD_ISOINIncompleteCallback
                0x08007d8c        0xc CMakeFiles/Test_Bench.elf.dir/USB_DEVICE/Target/usbd_conf.c.obj
                0x08007d8c                HAL_PCD_ISOINIncompleteCallback
 .text.HAL_PCD_ConnectCallback
                0x08007d98        0xc CMakeFiles/Test_Bench.elf.dir/USB_DEVICE/Target/usbd_conf.c.obj
                0x08007d98                HAL_PCD_ConnectCallback
 .text.HAL_PCD_DisconnectCallback
                0x08007da4        0xc CMakeFiles/Test_Bench.elf.dir/USB_DEVICE/Target/usbd_conf.c.obj
                0x08007da4                HAL_PCD_DisconnectCallback
 .text.USBD_LL_Init
                0x08007db0       0x68 CMakeFiles/Test_Bench.elf.dir/USB_DEVICE/Target/usbd_conf.c.obj
                0x08007db0                USBD_LL_Init
 .text.USBD_LL_IsStallEP
                0x08007e18       0x2c CMakeFiles/Test_Bench.elf.dir/USB_DEVICE/Target/usbd_conf.c.obj
                0x08007e18                USBD_LL_IsStallEP
 .text.USBD_LL_GetRxDataSize
                0x08007e44        0xc CMakeFiles/Test_Bench.elf.dir/USB_DEVICE/Target/usbd_conf.c.obj
                0x08007e44                USBD_LL_GetRxDataSize
 .text.USBD_static_malloc
                0x08007e50        0x8 CMakeFiles/Test_Bench.elf.dir/USB_DEVICE/Target/usbd_conf.c.obj
                0x08007e50                USBD_static_malloc
 .text.USBD_static_free
                0x08007e58        0x2 CMakeFiles/Test_Bench.elf.dir/USB_DEVICE/Target/usbd_conf.c.obj
                0x08007e58                USBD_static_free
 .text.USBD_Get_USB_Status
                0x08007e5a       0x14 CMakeFiles/Test_Bench.elf.dir/USB_DEVICE/Target/usbd_conf.c.obj
                0x08007e5a                USBD_Get_USB_Status
 .text.USBD_LL_Start
                0x08007e6e       0x10 CMakeFiles/Test_Bench.elf.dir/USB_DEVICE/Target/usbd_conf.c.obj
                0x08007e6e                USBD_LL_Start
 .text.USBD_LL_OpenEP
                0x08007e7e       0x16 CMakeFiles/Test_Bench.elf.dir/USB_DEVICE/Target/usbd_conf.c.obj
                0x08007e7e                USBD_LL_OpenEP
 .text.USBD_LL_CloseEP
                0x08007e94       0x10 CMakeFiles/Test_Bench.elf.dir/USB_DEVICE/Target/usbd_conf.c.obj
                0x08007e94                USBD_LL_CloseEP
 .text.USBD_LL_StallEP
                0x08007ea4       0x10 CMakeFiles/Test_Bench.elf.dir/USB_DEVICE/Target/usbd_conf.c.obj
                0x08007ea4                USBD_LL_StallEP
 .text.USBD_LL_ClearStallEP
                0x08007eb4       0x10 CMakeFiles/Test_Bench.elf.dir/USB_DEVICE/Target/usbd_conf.c.obj
                0x08007eb4                USBD_LL_ClearStallEP
 .text.USBD_LL_SetUSBAddress
                0x08007ec4       0x10 CMakeFiles/Test_Bench.elf.dir/USB_DEVICE/Target/usbd_conf.c.obj
                0x08007ec4                USBD_LL_SetUSBAddress
 .text.USBD_LL_Transmit
                0x08007ed4       0x10 CMakeFiles/Test_Bench.elf.dir/USB_DEVICE/Target/usbd_conf.c.obj
                0x08007ed4                USBD_LL_Transmit
 .text.USBD_LL_PrepareReceive
                0x08007ee4       0x10 CMakeFiles/Test_Bench.elf.dir/USB_DEVICE/Target/usbd_conf.c.obj
                0x08007ee4                USBD_LL_PrepareReceive
 .text.__udivmoddi4
                0x08007ef4      0x2bc D:/_SOFTW~1/_TOOLS~1/ARM-GN~1.REL/bin/../lib/gcc/arm-none-eabi/13.3.1/thumb/v7e-m/nofp\libgcc.a(_udivmoddi4.o)
                0x08007ef4                __udivmoddi4
 .text.malloc   0x080081b0       0x10 D:/_SOFTW~1/_TOOLS~1/ARM-GN~1.REL/bin/../lib/gcc/arm-none-eabi/13.3.1/thumb/v7e-m/nofp\libc.a(libc_a-malloc.o)
                0x080081b0                malloc
 .text._malloc_r
                0x080081c0      0x564 D:/_SOFTW~1/_TOOLS~1/ARM-GN~1.REL/bin/../lib/gcc/arm-none-eabi/13.3.1/thumb/v7e-m/nofp\libc.a(libc_a-mallocr.o)
                0x080081c0                _malloc_r
 .text.__malloc_lock
                0x08008724        0xc D:/_SOFTW~1/_TOOLS~1/ARM-GN~1.REL/bin/../lib/gcc/arm-none-eabi/13.3.1/thumb/v7e-m/nofp\libc.a(libc_a-mlock.o)
                0x08008724                __malloc_lock
 .text.__malloc_unlock
                0x08008730        0xc D:/_SOFTW~1/_TOOLS~1/ARM-GN~1.REL/bin/../lib/gcc/arm-none-eabi/13.3.1/thumb/v7e-m/nofp\libc.a(libc_a-mlock.o)
                0x08008730                __malloc_unlock
 .text._strtol_l.isra.0
                0x0800873c      0x138 D:/_SOFTW~1/_TOOLS~1/ARM-GN~1.REL/bin/../lib/gcc/arm-none-eabi/13.3.1/thumb/v7e-m/nofp\libc.a(libc_a-strtol.o)
 .text.strtol   0x08008874       0x18 D:/_SOFTW~1/_TOOLS~1/ARM-GN~1.REL/bin/../lib/gcc/arm-none-eabi/13.3.1/thumb/v7e-m/nofp\libc.a(libc_a-strtol.o)
                0x08008874                strtol
 .text.stdio_exit_handler
                0x0800888c       0x18 D:/_SOFTW~1/_TOOLS~1/ARM-GN~1.REL/bin/../lib/gcc/arm-none-eabi/13.3.1/thumb/v7e-m/nofp\libc.a(libc_a-findfp.o)
 .text.cleanup_stdio
                0x080088a4       0x40 D:/_SOFTW~1/_TOOLS~1/ARM-GN~1.REL/bin/../lib/gcc/arm-none-eabi/13.3.1/thumb/v7e-m/nofp\libc.a(libc_a-findfp.o)
 .text.global_stdio_init.part.0
                0x080088e4       0xf0 D:/_SOFTW~1/_TOOLS~1/ARM-GN~1.REL/bin/../lib/gcc/arm-none-eabi/13.3.1/thumb/v7e-m/nofp\libc.a(libc_a-findfp.o)
 .text.__sinit  0x080089d4       0x3c D:/_SOFTW~1/_TOOLS~1/ARM-GN~1.REL/bin/../lib/gcc/arm-none-eabi/13.3.1/thumb/v7e-m/nofp\libc.a(libc_a-findfp.o)
                0x080089d4                __sinit
 .text.__sfp_lock_acquire
                0x08008a10        0xc D:/_SOFTW~1/_TOOLS~1/ARM-GN~1.REL/bin/../lib/gcc/arm-none-eabi/13.3.1/thumb/v7e-m/nofp\libc.a(libc_a-findfp.o)
                0x08008a10                __sfp_lock_acquire
 .text.__sfp_lock_release
                0x08008a1c        0xc D:/_SOFTW~1/_TOOLS~1/ARM-GN~1.REL/bin/../lib/gcc/arm-none-eabi/13.3.1/thumb/v7e-m/nofp\libc.a(libc_a-findfp.o)
                0x08008a1c                __sfp_lock_release
 .text._fwalk_sglue
                0x08008a28       0x44 D:/_SOFTW~1/_TOOLS~1/ARM-GN~1.REL/bin/../lib/gcc/arm-none-eabi/13.3.1/thumb/v7e-m/nofp\libc.a(libc_a-fwalk.o)
                0x08008a28                _fwalk_sglue
 .text.snprintf
                0x08008a6c       0x90 D:/_SOFTW~1/_TOOLS~1/ARM-GN~1.REL/bin/../lib/gcc/arm-none-eabi/13.3.1/thumb/v7e-m/nofp\libc.a(libc_a-snprintf.o)
                0x08008a6c                snprintf
 .text.__sread  0x08008afc       0x24 D:/_SOFTW~1/_TOOLS~1/ARM-GN~1.REL/bin/../lib/gcc/arm-none-eabi/13.3.1/thumb/v7e-m/nofp\libc.a(libc_a-stdio.o)
                0x08008afc                __sread
 .text.__swrite
                0x08008b20       0x40 D:/_SOFTW~1/_TOOLS~1/ARM-GN~1.REL/bin/../lib/gcc/arm-none-eabi/13.3.1/thumb/v7e-m/nofp\libc.a(libc_a-stdio.o)
                0x08008b20                __swrite
 .text.__sseek  0x08008b60       0x24 D:/_SOFTW~1/_TOOLS~1/ARM-GN~1.REL/bin/../lib/gcc/arm-none-eabi/13.3.1/thumb/v7e-m/nofp\libc.a(libc_a-stdio.o)
                0x08008b60                __sseek
 .text.__sclose
                0x08008b84        0x8 D:/_SOFTW~1/_TOOLS~1/ARM-GN~1.REL/bin/../lib/gcc/arm-none-eabi/13.3.1/thumb/v7e-m/nofp\libc.a(libc_a-stdio.o)
                0x08008b84                __sclose
 .text.memcmp   0x08008b8c       0x5c D:/_SOFTW~1/_TOOLS~1/ARM-GN~1.REL/bin/../lib/gcc/arm-none-eabi/13.3.1/thumb/v7e-m/nofp\libc.a(libc_a-memcmp.o)
                0x08008b8c                memcmp
 .text.memset   0x08008be8       0xa4 D:/_SOFTW~1/_TOOLS~1/ARM-GN~1.REL/bin/../lib/gcc/arm-none-eabi/13.3.1/thumb/v7e-m/nofp\libc.a(libc_a-memset.o)
                0x08008be8                memset
 .text._close_r
                0x08008c8c       0x24 D:/_SOFTW~1/_TOOLS~1/ARM-GN~1.REL/bin/../lib/gcc/arm-none-eabi/13.3.1/thumb/v7e-m/nofp\libc.a(libc_a-closer.o)
                0x08008c8c                _close_r
 .text._lseek_r
                0x08008cb0       0x2c D:/_SOFTW~1/_TOOLS~1/ARM-GN~1.REL/bin/../lib/gcc/arm-none-eabi/13.3.1/thumb/v7e-m/nofp\libc.a(libc_a-lseekr.o)
                0x08008cb0                _lseek_r
 .text._read_r  0x08008cdc       0x2c D:/_SOFTW~1/_TOOLS~1/ARM-GN~1.REL/bin/../lib/gcc/arm-none-eabi/13.3.1/thumb/v7e-m/nofp\libc.a(libc_a-readr.o)
                0x08008cdc                _read_r
 .text._sbrk_r  0x08008d08       0x24 D:/_SOFTW~1/_TOOLS~1/ARM-GN~1.REL/bin/../lib/gcc/arm-none-eabi/13.3.1/thumb/v7e-m/nofp\libc.a(libc_a-sbrkr.o)
                0x08008d08                _sbrk_r
 .text._write_r
                0x08008d2c       0x2c D:/_SOFTW~1/_TOOLS~1/ARM-GN~1.REL/bin/../lib/gcc/arm-none-eabi/13.3.1/thumb/v7e-m/nofp\libc.a(libc_a-writer.o)
                0x08008d2c                _write_r
 .text.__errno  0x08008d58        0xc D:/_SOFTW~1/_TOOLS~1/ARM-GN~1.REL/bin/../lib/gcc/arm-none-eabi/13.3.1/thumb/v7e-m/nofp\libc.a(libc_a-errno.o)
                0x08008d58                __errno
 .text.__libc_init_array
                0x08008d64       0x50 D:/_SOFTW~1/_TOOLS~1/ARM-GN~1.REL/bin/../lib/gcc/arm-none-eabi/13.3.1/thumb/v7e-m/nofp\libc.a(libc_a-init.o)
                0x08008d64                __libc_init_array
 .text.__retarget_lock_init_recursive
                0x08008db4        0x4 D:/_SOFTW~1/_TOOLS~1/ARM-GN~1.REL/bin/../lib/gcc/arm-none-eabi/13.3.1/thumb/v7e-m/nofp\libc.a(libc_a-lock.o)
                0x08008db4                __retarget_lock_init_recursive
 .text.__retarget_lock_close_recursive
                0x08008db8        0x4 D:/_SOFTW~1/_TOOLS~1/ARM-GN~1.REL/bin/../lib/gcc/arm-none-eabi/13.3.1/thumb/v7e-m/nofp\libc.a(libc_a-lock.o)
                0x08008db8                __retarget_lock_close_recursive
 .text.__retarget_lock_acquire_recursive
                0x08008dbc        0x4 D:/_SOFTW~1/_TOOLS~1/ARM-GN~1.REL/bin/../lib/gcc/arm-none-eabi/13.3.1/thumb/v7e-m/nofp\libc.a(libc_a-lock.o)
                0x08008dbc                __retarget_lock_acquire_recursive
 .text.__retarget_lock_release_recursive
                0x08008dc0        0x4 D:/_SOFTW~1/_TOOLS~1/ARM-GN~1.REL/bin/../lib/gcc/arm-none-eabi/13.3.1/thumb/v7e-m/nofp\libc.a(libc_a-lock.o)
                0x08008dc0                __retarget_lock_release_recursive
 .text.sysconf  0x08008dc4       0x1c D:/_SOFTW~1/_TOOLS~1/ARM-GN~1.REL/bin/../lib/gcc/arm-none-eabi/13.3.1/thumb/v7e-m/nofp\libc.a(libc_a-sysconf.o)
                0x08008dc4                sysconf
 .text.startup.register_fini
                0x08008de0       0x14 D:/_SOFTW~1/_TOOLS~1/ARM-GN~1.REL/bin/../lib/gcc/arm-none-eabi/13.3.1/thumb/v7e-m/nofp\libc.a(libc_a-__call_atexit.o)
 .text.atexit   0x08008df4        0xc D:/_SOFTW~1/_TOOLS~1/ARM-GN~1.REL/bin/../lib/gcc/arm-none-eabi/13.3.1/thumb/v7e-m/nofp\libc.a(libc_a-atexit.o)
                0x08008df4                atexit
 .text._malloc_trim_r
                0x08008e00       0xb8 D:/_SOFTW~1/_TOOLS~1/ARM-GN~1.REL/bin/../lib/gcc/arm-none-eabi/13.3.1/thumb/v7e-m/nofp\libc.a(libc_a-freer.o)
                0x08008e00                _malloc_trim_r
 .text._free_r  0x08008eb8      0x1f8 D:/_SOFTW~1/_TOOLS~1/ARM-GN~1.REL/bin/../lib/gcc/arm-none-eabi/13.3.1/thumb/v7e-m/nofp\libc.a(libc_a-freer.o)
                0x08008eb8                _free_r
 .text._svfprintf_r
                0x080090b0     0x1b6c D:/_SOFTW~1/_TOOLS~1/ARM-GN~1.REL/bin/../lib/gcc/arm-none-eabi/13.3.1/thumb/v7e-m/nofp\libc.a(libc_a-svfprintf.o)
                0x080090b0                _svfprintf_r
 .text.__ssprint_r
                0x0800ac1c       0x58 D:/_SOFTW~1/_TOOLS~1/ARM-GN~1.REL/bin/../lib/gcc/arm-none-eabi/13.3.1/thumb/v7e-m/nofp\libc.a(libc_a-ssprint_r.o)
                0x0800ac1c                __ssprint_r
 .text._fclose_r
                0x0800ac74       0xc0 D:/_SOFTW~1/_TOOLS~1/ARM-GN~1.REL/bin/../lib/gcc/arm-none-eabi/13.3.1/thumb/v7e-m/nofp\libc.a(libc_a-fclose.o)
                0x0800ac74                _fclose_r
 .text.__sflush_r
                0x0800ad34      0x128 D:/_SOFTW~1/_TOOLS~1/ARM-GN~1.REL/bin/../lib/gcc/arm-none-eabi/13.3.1/thumb/v7e-m/nofp\libc.a(libc_a-fflush.o)
                0x0800ad34                __sflush_r
 .text._fflush_r
                0x0800ae5c       0x54 D:/_SOFTW~1/_TOOLS~1/ARM-GN~1.REL/bin/../lib/gcc/arm-none-eabi/13.3.1/thumb/v7e-m/nofp\libc.a(libc_a-fflush.o)
                0x0800ae5c                _fflush_r
 .text.strncpy  0x0800aeb0       0x68 D:/_SOFTW~1/_TOOLS~1/ARM-GN~1.REL/bin/../lib/gcc/arm-none-eabi/13.3.1/thumb/v7e-m/nofp\libc.a(libc_a-strncpy.o)
                0x0800aeb0                strncpy
 .text.__locale_mb_cur_max
                0x0800af18        0xc D:/_SOFTW~1/_TOOLS~1/ARM-GN~1.REL/bin/../lib/gcc/arm-none-eabi/13.3.1/thumb/v7e-m/nofp\libc.a(libc_a-locale.o)
                0x0800af18                __locale_mb_cur_max
 .text._localeconv_r
                0x0800af24        0x8 D:/_SOFTW~1/_TOOLS~1/ARM-GN~1.REL/bin/../lib/gcc/arm-none-eabi/13.3.1/thumb/v7e-m/nofp\libc.a(libc_a-localeconv.o)
                0x0800af24                _localeconv_r
 .text.__libc_fini_array
                0x0800af2c       0x28 D:/_SOFTW~1/_TOOLS~1/ARM-GN~1.REL/bin/../lib/gcc/arm-none-eabi/13.3.1/thumb/v7e-m/nofp\libc.a(libc_a-fini.o)
                0x0800af2c                __libc_fini_array
 .text.frexp    0x0800af54       0x6c D:/_SOFTW~1/_TOOLS~1/ARM-GN~1.REL/bin/../lib/gcc/arm-none-eabi/13.3.1/thumb/v7e-m/nofp\libc.a(libm_a-s_frexp.o)
                0x0800af54                frexp
 .text.__register_exitproc
                0x0800afc0       0x80 D:/_SOFTW~1/_TOOLS~1/ARM-GN~1.REL/bin/../lib/gcc/arm-none-eabi/13.3.1/thumb/v7e-m/nofp\libc.a(libc_a-__atexit.o)
                0x0800afc0                __register_exitproc
 .text.quorem   0x0800b040      0x12c D:/_SOFTW~1/_TOOLS~1/ARM-GN~1.REL/bin/../lib/gcc/arm-none-eabi/13.3.1/thumb/v7e-m/nofp\libc.a(libc_a-dtoa.o)
 *fill*         0x0800b16c        0x4 
 .text._dtoa_r  0x0800b170      0xe80 D:/_SOFTW~1/_TOOLS~1/ARM-GN~1.REL/bin/../lib/gcc/arm-none-eabi/13.3.1/thumb/v7e-m/nofp\libc.a(libc_a-dtoa.o)
                0x0800b170                _dtoa_r
 .text.__ascii_mbtowc
                0x0800bff0       0x2c D:/_SOFTW~1/_TOOLS~1/ARM-GN~1.REL/bin/../lib/gcc/arm-none-eabi/13.3.1/thumb/v7e-m/nofp\libc.a(libc_a-mbtowc_r.o)
                0x0800bff0                __ascii_mbtowc
 .text._Balloc  0x0800c01c       0x4c D:/_SOFTW~1/_TOOLS~1/ARM-GN~1.REL/bin/../lib/gcc/arm-none-eabi/13.3.1/thumb/v7e-m/nofp\libc.a(libc_a-mprec.o)
                0x0800c01c                _Balloc
 .text._Bfree   0x0800c068       0x14 D:/_SOFTW~1/_TOOLS~1/ARM-GN~1.REL/bin/../lib/gcc/arm-none-eabi/13.3.1/thumb/v7e-m/nofp\libc.a(libc_a-mprec.o)
                0x0800c068                _Bfree
 .text.__multadd
                0x0800c07c       0xa0 D:/_SOFTW~1/_TOOLS~1/ARM-GN~1.REL/bin/../lib/gcc/arm-none-eabi/13.3.1/thumb/v7e-m/nofp\libc.a(libc_a-mprec.o)
                0x0800c07c                __multadd
 .text.__hi0bits
                0x0800c11c       0x44 D:/_SOFTW~1/_TOOLS~1/ARM-GN~1.REL/bin/../lib/gcc/arm-none-eabi/13.3.1/thumb/v7e-m/nofp\libc.a(libc_a-mprec.o)
                0x0800c11c                __hi0bits
 .text.__lo0bits
                0x0800c160       0x60 D:/_SOFTW~1/_TOOLS~1/ARM-GN~1.REL/bin/../lib/gcc/arm-none-eabi/13.3.1/thumb/v7e-m/nofp\libc.a(libc_a-mprec.o)
                0x0800c160                __lo0bits
 .text.__i2b    0x0800c1c0       0x5c D:/_SOFTW~1/_TOOLS~1/ARM-GN~1.REL/bin/../lib/gcc/arm-none-eabi/13.3.1/thumb/v7e-m/nofp\libc.a(libc_a-mprec.o)
                0x0800c1c0                __i2b
 .text.__multiply
                0x0800c21c      0x16c D:/_SOFTW~1/_TOOLS~1/ARM-GN~1.REL/bin/../lib/gcc/arm-none-eabi/13.3.1/thumb/v7e-m/nofp\libc.a(libc_a-mprec.o)
                0x0800c21c                __multiply
 .text.__pow5mult
                0x0800c388       0xb4 D:/_SOFTW~1/_TOOLS~1/ARM-GN~1.REL/bin/../lib/gcc/arm-none-eabi/13.3.1/thumb/v7e-m/nofp\libc.a(libc_a-mprec.o)
                0x0800c388                __pow5mult
 .text.__lshift
                0x0800c43c       0xf0 D:/_SOFTW~1/_TOOLS~1/ARM-GN~1.REL/bin/../lib/gcc/arm-none-eabi/13.3.1/thumb/v7e-m/nofp\libc.a(libc_a-mprec.o)
                0x0800c43c                __lshift
 .text.__mcmp   0x0800c52c       0x40 D:/_SOFTW~1/_TOOLS~1/ARM-GN~1.REL/bin/../lib/gcc/arm-none-eabi/13.3.1/thumb/v7e-m/nofp\libc.a(libc_a-mprec.o)
                0x0800c52c                __mcmp
 .text.__mdiff  0x0800c56c      0x178 D:/_SOFTW~1/_TOOLS~1/ARM-GN~1.REL/bin/../lib/gcc/arm-none-eabi/13.3.1/thumb/v7e-m/nofp\libc.a(libc_a-mprec.o)
                0x0800c56c                __mdiff
 .text.__d2b    0x0800c6e4       0xbc D:/_SOFTW~1/_TOOLS~1/ARM-GN~1.REL/bin/../lib/gcc/arm-none-eabi/13.3.1/thumb/v7e-m/nofp\libc.a(libc_a-mprec.o)
                0x0800c6e4                __d2b
 .text.__ascii_wctomb
                0x0800c7a0       0x1c D:/_SOFTW~1/_TOOLS~1/ARM-GN~1.REL/bin/../lib/gcc/arm-none-eabi/13.3.1/thumb/v7e-m/nofp\libc.a(libc_a-wctomb_r.o)
                0x0800c7a0                __ascii_wctomb
 .text._wcrtomb_r
                0x0800c7bc       0x4c D:/_SOFTW~1/_TOOLS~1/ARM-GN~1.REL/bin/../lib/gcc/arm-none-eabi/13.3.1/thumb/v7e-m/nofp\libc.a(libc_a-wcrtomb.o)
                0x0800c7bc                _wcrtomb_r
 .text._wcsrtombs_r
                0x0800c808       0x1c D:/_SOFTW~1/_TOOLS~1/ARM-GN~1.REL/bin/../lib/gcc/arm-none-eabi/13.3.1/thumb/v7e-m/nofp\libc.a(libc_a-wcsrtombs.o)
                0x0800c808                _wcsrtombs_r
 .text.__ssputs_r
                0x0800c824       0xc0 D:/_SOFTW~1/_TOOLS~1/ARM-GN~1.REL/bin/../lib/gcc/arm-none-eabi/13.3.1/thumb/v7e-m/nofp\libc.a(libc_a-ssputs_r.o)
                0x0800c824                __ssputs_r
 .text.memmove  0x0800c8e4      0x100 D:/_SOFTW~1/_TOOLS~1/ARM-GN~1.REL/bin/../lib/gcc/arm-none-eabi/13.3.1/thumb/v7e-m/nofp\libc.a(libc_a-memmove.o)
                0x0800c8e4                memmove
 .text.__assert_func
                0x0800c9e4       0x40 D:/_SOFTW~1/_TOOLS~1/ARM-GN~1.REL/bin/../lib/gcc/arm-none-eabi/13.3.1/thumb/v7e-m/nofp\libc.a(libc_a-assert.o)
                0x0800c9e4                __assert_func
 .text._calloc_r
                0x0800ca24       0x6c D:/_SOFTW~1/_TOOLS~1/ARM-GN~1.REL/bin/../lib/gcc/arm-none-eabi/13.3.1/thumb/v7e-m/nofp\libc.a(libc_a-callocr.o)
                0x0800ca24                _calloc_r
 .text._realloc_r
                0x0800ca90      0x344 D:/_SOFTW~1/_TOOLS~1/ARM-GN~1.REL/bin/../lib/gcc/arm-none-eabi/13.3.1/thumb/v7e-m/nofp\libc.a(libc_a-reallocr.o)
                0x0800ca90                _realloc_r
 .text._wcsnrtombs_l
                0x0800cdd4       0xec D:/_SOFTW~1/_TOOLS~1/ARM-GN~1.REL/bin/../lib/gcc/arm-none-eabi/13.3.1/thumb/v7e-m/nofp\libc.a(libc_a-wcsnrtombs.o)
                0x0800cdd4                _wcsnrtombs_l
 .text._wcsnrtombs_r
                0x0800cec0       0x24 D:/_SOFTW~1/_TOOLS~1/ARM-GN~1.REL/bin/../lib/gcc/arm-none-eabi/13.3.1/thumb/v7e-m/nofp\libc.a(libc_a-wcsnrtombs.o)
                0x0800cec0                _wcsnrtombs_r
 .text.fiprintf
                0x0800cee4       0x28 D:/_SOFTW~1/_TOOLS~1/ARM-GN~1.REL/bin/../lib/gcc/arm-none-eabi/13.3.1/thumb/v7e-m/nofp\libc.a(libc_a-fiprintf.o)
                0x0800cee4                fiprintf
 .text._vfiprintf_r
                0x0800cf0c      0xe6c D:/_SOFTW~1/_TOOLS~1/ARM-GN~1.REL/bin/../lib/gcc/arm-none-eabi/13.3.1/thumb/v7e-m/nofp\libc.a(libc_a-vfiprintf.o)
                0x0800cf0c                _vfiprintf_r
 .text.__sbprintf
                0x0800dd78       0x80 D:/_SOFTW~1/_TOOLS~1/ARM-GN~1.REL/bin/../lib/gcc/arm-none-eabi/13.3.1/thumb/v7e-m/nofp\libc.a(libc_a-vfiprintf.o)
 .text.__sprint_r
                0x0800ddf8       0x20 D:/_SOFTW~1/_TOOLS~1/ARM-GN~1.REL/bin/../lib/gcc/arm-none-eabi/13.3.1/thumb/v7e-m/nofp\libc.a(libc_a-sprint_r.o)
                0x0800ddf8                __sprint_r
 .text.__sfvwrite_r
                0x0800de18      0x2f8 D:/_SOFTW~1/_TOOLS~1/ARM-GN~1.REL/bin/../lib/gcc/arm-none-eabi/13.3.1/thumb/v7e-m/nofp\libc.a(libc_a-fvwrite.o)
                0x0800de18                __sfvwrite_r
 .text.__swsetup_r
                0x0800e110       0xc4 D:/_SOFTW~1/_TOOLS~1/ARM-GN~1.REL/bin/../lib/gcc/arm-none-eabi/13.3.1/thumb/v7e-m/nofp\libc.a(libc_a-wsetup.o)
                0x0800e110                __swsetup_r
 .text.abort    0x0800e1d4       0x10 D:/_SOFTW~1/_TOOLS~1/ARM-GN~1.REL/bin/../lib/gcc/arm-none-eabi/13.3.1/thumb/v7e-m/nofp\libc.a(libc_a-abort.o)
                0x0800e1d4                abort
 .text.__smakebuf_r
                0x0800e1e4       0xdc D:/_SOFTW~1/_TOOLS~1/ARM-GN~1.REL/bin/../lib/gcc/arm-none-eabi/13.3.1/thumb/v7e-m/nofp\libc.a(libc_a-makebuf.o)
                0x0800e1e4                __smakebuf_r
 .text.raise    0x0800e2c0       0x58 D:/_SOFTW~1/_TOOLS~1/ARM-GN~1.REL/bin/../lib/gcc/arm-none-eabi/13.3.1/thumb/v7e-m/nofp\libc.a(libc_a-signal.o)