Archive member included to satisfy reference by file (symbol)

D:/SoftwareInstallPackage/Compiler/arm-gnu-toolchain-13.3.rel1-mingw-w64-i686-arm-none-eabi/bin/../lib/gcc/arm-none-eabi/13.3.1/thumb/v7e-m/nofp\libgcc.a(_arm_addsubdf3.o)
                              CMakeFiles/Test_Bench.elf.dir/Core/Src/main.c.obj (__aeabi_f2d)
D:/SoftwareInstallPackage/Compiler/arm-gnu-toolchain-13.3.rel1-mingw-w64-i686-arm-none-eabi/bin/../lib/gcc/arm-none-eabi/13.3.1/thumb/v7e-m/nofp\libgcc.a(_arm_addsubsf3.o)
                              CMakeFiles/Test_Bench.elf.dir/Core/Src/main.c.obj (__aeabi_i2f)
D:/SoftwareInstallPackage/Compiler/arm-gnu-toolchain-13.3.rel1-mingw-w64-i686-arm-none-eabi/bin/../lib/gcc/arm-none-eabi/13.3.1/thumb/v7e-m/nofp\libgcc.a(_arm_muldivsf3.o)
                              CMakeFiles/Test_Bench.elf.dir/Core/Src/main.c.obj (__aeabi_fdiv)
D:/SoftwareInstallPackage/Compiler/arm-gnu-toolchain-13.3.rel1-mingw-w64-i686-arm-none-eabi/bin/../lib/gcc/arm-none-eabi/13.3.1/thumb/v7e-m/nofp\libgcc.a(_aeabi_ldivmod.o)
                              CMakeFiles/Test_Bench.elf.dir/Core/Src/main.c.obj (__aeabi_ldivmod)
D:/SoftwareInstallPackage/Compiler/arm-gnu-toolchain-13.3.rel1-mingw-w64-i686-arm-none-eabi/bin/../lib/gcc/arm-none-eabi/13.3.1/thumb/v7e-m/nofp\libgcc.a(_aeabi_uldivmod.o)
                              CMakeFiles/Test_Bench.elf.dir/Drivers/STM32F4xx_HAL_Driver/Src/stm32f4xx_hal_rcc.c.obj (__aeabi_uldivmod)
D:/SoftwareInstallPackage/Compiler/arm-gnu-toolchain-13.3.rel1-mingw-w64-i686-arm-none-eabi/bin/../lib/gcc/arm-none-eabi/13.3.1/thumb/v7e-m/nofp\libgcc.a(_udivmoddi4.o)
                              D:/SoftwareInstallPackage/Compiler/arm-gnu-toolchain-13.3.rel1-mingw-w64-i686-arm-none-eabi/bin/../lib/gcc/arm-none-eabi/13.3.1/thumb/v7e-m/nofp\libgcc.a(_aeabi_ldivmod.o) (__udivmoddi4)
D:/SoftwareInstallPackage/Compiler/arm-gnu-toolchain-13.3.rel1-mingw-w64-i686-arm-none-eabi/bin/../lib/gcc/arm-none-eabi/13.3.1/thumb/v7e-m/nofp\libgcc.a(_dvmd_tls.o)
                              D:/SoftwareInstallPackage/Compiler/arm-gnu-toolchain-13.3.rel1-mingw-w64-i686-arm-none-eabi/bin/../lib/gcc/arm-none-eabi/13.3.1/thumb/v7e-m/nofp\libgcc.a(_aeabi_ldivmod.o) (__aeabi_ldiv0)
D:/SoftwareInstallPackage/Compiler/arm-gnu-toolchain-13.3.rel1-mingw-w64-i686-arm-none-eabi/bin/../lib/gcc/arm-none-eabi/13.3.1/thumb/v7e-m/nofp\libg.a(libc_a-exit.o)
                              D:/SoftwareInstallPackage/Compiler/arm-gnu-toolchain-13.3.rel1-mingw-w64-i686-arm-none-eabi/bin/../lib/gcc/arm-none-eabi/13.3.1/thumb/v7e-m/nofp/crt0.o (exit)
D:/SoftwareInstallPackage/Compiler/arm-gnu-toolchain-13.3.rel1-mingw-w64-i686-arm-none-eabi/bin/../lib/gcc/arm-none-eabi/13.3.1/thumb/v7e-m/nofp\libg.a(libc_a-malloc.o)
                              CMakeFiles/Test_Bench.elf.dir/Middlewares/Third_Party/FatFs/src/option/syscall.c.obj (malloc)
D:/SoftwareInstallPackage/Compiler/arm-gnu-toolchain-13.3.rel1-mingw-w64-i686-arm-none-eabi/bin/../lib/gcc/arm-none-eabi/13.3.1/thumb/v7e-m/nofp\libg.a(libc_a-mallocr.o)
                              D:/SoftwareInstallPackage/Compiler/arm-gnu-toolchain-13.3.rel1-mingw-w64-i686-arm-none-eabi/bin/../lib/gcc/arm-none-eabi/13.3.1/thumb/v7e-m/nofp\libg.a(libc_a-malloc.o) (_malloc_r)
D:/SoftwareInstallPackage/Compiler/arm-gnu-toolchain-13.3.rel1-mingw-w64-i686-arm-none-eabi/bin/../lib/gcc/arm-none-eabi/13.3.1/thumb/v7e-m/nofp\libg.a(libc_a-mlock.o)
                              D:/SoftwareInstallPackage/Compiler/arm-gnu-toolchain-13.3.rel1-mingw-w64-i686-arm-none-eabi/bin/../lib/gcc/arm-none-eabi/13.3.1/thumb/v7e-m/nofp\libg.a(libc_a-mallocr.o) (__malloc_lock)
D:/SoftwareInstallPackage/Compiler/arm-gnu-toolchain-13.3.rel1-mingw-w64-i686-arm-none-eabi/bin/../lib/gcc/arm-none-eabi/13.3.1/thumb/v7e-m/nofp\libg.a(libc_a-strtoll.o)
                              CMakeFiles/Test_Bench.elf.dir/Core/Src/main.c.obj (strtoll)
D:/SoftwareInstallPackage/Compiler/arm-gnu-toolchain-13.3.rel1-mingw-w64-i686-arm-none-eabi/bin/../lib/gcc/arm-none-eabi/13.3.1/thumb/v7e-m/nofp\libg.a(libc_a-ctype_.o)
                              D:/SoftwareInstallPackage/Compiler/arm-gnu-toolchain-13.3.rel1-mingw-w64-i686-arm-none-eabi/bin/../lib/gcc/arm-none-eabi/13.3.1/thumb/v7e-m/nofp\libg.a(libc_a-strtoll.o) (_ctype_)
D:/SoftwareInstallPackage/Compiler/arm-gnu-toolchain-13.3.rel1-mingw-w64-i686-arm-none-eabi/bin/../lib/gcc/arm-none-eabi/13.3.1/thumb/v7e-m/nofp\libg.a(libc_a-findfp.o)
                              D:/SoftwareInstallPackage/Compiler/arm-gnu-toolchain-13.3.rel1-mingw-w64-i686-arm-none-eabi/bin/../lib/gcc/arm-none-eabi/13.3.1/thumb/v7e-m/nofp\libg.a(libc_a-exit.o) (__stdio_exit_handler)
D:/SoftwareInstallPackage/Compiler/arm-gnu-toolchain-13.3.rel1-mingw-w64-i686-arm-none-eabi/bin/../lib/gcc/arm-none-eabi/13.3.1/thumb/v7e-m/nofp\libg.a(libc_a-fwalk.o)
[...]
Memory Configuration

Name             Origin             Length             Attributes
CCMRAM           0x10000000         0x00010000         xrw
RAM              0x20000000         0x00020000         xrw
FLASH            0x08000000         0x00100000         xr
*default*        0x00000000         0xffffffff

Linker script and memory map

LOAD D:/SoftwareInstallPackage/Compiler/arm-gnu-toolchain-13.3.rel1-mingw-w64-i686-arm-none-eabi/bin/../lib/gcc/arm-none-eabi/13.3.1/thumb/v7e-m/nofp/crti.o
LOAD D:/SoftwareInstallPackage/Compiler/arm-gnu-toolchain-13.3.rel1-mingw-w64-i686-arm-none-eabi/bin/../lib/gcc/arm-none-eabi/13.3.1/thumb/v7e-m/nofp/crtbegin.o
LOAD D:/SoftwareInstallPackage/Compiler/arm-gnu-toolchain-13.3.rel1-mingw-w64-i686-arm-none-eabi/bin/../lib/gcc/arm-none-eabi/13.3.1/thumb/v7e-m/nofp/crt0.o
LOAD CMakeFiles/Test_Bench.elf.dir/Core/Src/gpio.c.obj
LOAD CMakeFiles/Test_Bench.elf.dir/Core/Src/main.c.obj
LOAD CMakeFiles/Test_Bench.elf.dir/Core/Src/sdio.c.obj
LOAD CMakeFiles/Test_Bench.elf.dir/Core/Src/spi.c.obj
LOAD CMakeFiles/Test_Bench.elf.dir/Core/Src/stm32f4xx_hal_msp.c.obj
LOAD CMakeFiles/Test_Bench.elf.dir/Core/Src/stm32f4xx_it.c.obj
LOAD CMakeFiles/Test_Bench.elf.dir/Core/Src/syscalls.c.obj
LOAD CMakeFiles/Test_Bench.elf.dir/Core/Src/sysmem.c.obj
LOAD CMakeFiles/Test_Bench.elf.dir/Core/Src/system_stm32f4xx.c.obj
LOAD CMakeFiles/Test_Bench.elf.dir/Core/Src/tim.c.obj
LOAD CMakeFiles/Test_Bench.elf.dir/Core/Src/usart.c.obj
LOAD CMakeFiles/Test_Bench.elf.dir/Core/Startup/startup_stm32f407vgtx.s.obj
LOAD CMakeFiles/Test_Bench.elf.dir/Drivers/STM32F4xx_HAL_Driver/Src/stm32f4xx_hal.c.obj
LOAD CMakeFiles/Test_Bench.elf.dir/Drivers/STM32F4xx_HAL_Driver/Src/stm32f4xx_hal_cortex.c.obj
LOAD CMakeFiles/Test_Bench.elf.dir/Drivers/STM32F4xx_HAL_Driver/Src/stm32f4xx_hal_dma.c.obj
LOAD CMakeFiles/Test_Bench.elf.dir/Drivers/STM32F4xx_HAL_Driver/Src/stm32f4xx_hal_dma_ex.c.obj
LOAD CMakeFiles/Test_Bench.elf.dir/Drivers/STM32F4xx_HAL_Driver/Src/stm32f4xx_hal_exti.c.obj
LOAD CMakeFiles/Test_Bench.elf.dir/Drivers/STM32F4xx_HAL_Driver/Src/stm32f4xx_hal_flash.c.obj
LOAD CMakeFiles/Test_Bench.elf.dir/Drivers/STM32F4xx_HAL_Driver/Src/stm32f4xx_hal_flash_ex.c.obj
LOAD CMakeFiles/Test_Bench.elf.dir/Drivers/STM32F4xx_HAL_Driver/Src/stm32f4xx_hal_flash_ramfunc.c.obj
LOAD CMakeFiles/Test_Bench.elf.dir/Drivers/STM32F4xx_HAL_Driver/Src/stm32f4xx_hal_gpio.c.obj
LOAD CMakeFiles/Test_Bench.elf.dir/Drivers/STM32F4xx_HAL_Driver/Src/stm32f4xx_hal_mmc.c.obj
LOAD CMakeFiles/Test_Bench.elf.dir/Drivers/STM32F4xx_HAL_Driver/Src/stm32f4xx_hal_pcd.c.obj
LOAD CMakeFiles/Test_Bench.elf.dir/Drivers/STM32F4xx_HAL_Driver/Src/stm32f4xx_hal_pcd_ex.c.obj
LOAD CMakeFiles/Test_Bench.elf.dir/Drivers/STM32F4xx_HAL_Driver/Src/stm32f4xx_hal_pwr.c.obj
LOAD CMakeFiles/Test_Bench.elf.dir/Drivers/STM32F4xx_HAL_Driver/Src/stm32f4xx_hal_pwr_ex.c.obj
LOAD CMakeFiles/Test_Bench.elf.dir/Drivers/STM32F4xx_HAL_Driver/Src/stm32f4xx_hal_rcc.c.obj
LOAD CMakeFiles/Test_Bench.elf.dir/Drivers/STM32F4xx_HAL_Driver/Src/stm32f4xx_hal_rcc_ex.c.obj
LOAD CMakeFiles/Test_Bench.elf.dir/Drivers/STM32F4xx_HAL_Driver/Src/stm32f4xx_hal_sd.c.obj
LOAD CMakeFiles/Test_Bench.elf.dir/Drivers/STM32F4xx_HAL_Driver/Src/stm32f4xx_hal_spi.c.obj
LOAD CMakeFiles/Test_Bench.elf.dir/Drivers/STM32F4xx_HAL_Driver/Src/stm32f4xx_hal_tim.c.obj
LOAD CMakeFiles/Test_Bench.elf.dir/Drivers/STM32F4xx_HAL_Driver/Src/stm32f4xx_hal_tim_ex.c.obj
LOAD CMakeFiles/Test_Bench.elf.dir/Drivers/STM32F4xx_HAL_Driver/Src/stm32f4xx_hal_uart.c.obj
LOAD CMakeFiles/Test_Bench.elf.dir/Drivers/STM32F4xx_HAL_Driver/Src/stm32f4xx_ll_sdmmc.c.obj
LOAD CMakeFiles/Test_Bench.elf.dir/Drivers/STM32F4xx_HAL_Driver/Src/stm32f4xx_ll_usb.c.obj
LOAD CMakeFiles/Test_Bench.elf.dir/FATFS/App/fatfs.c.obj
LOAD CMakeFiles/Test_Bench.elf.dir/FATFS/Target/bsp_driver_sd.c.obj
LOAD CMakeFiles/Test_Bench.elf.dir/FATFS/Target/sd_diskio.c.obj
LOAD CMakeFiles/Test_Bench.elf.dir/Middlewares/ST/STM32_USB_Device_Library/Class/CDC/Src/usbd_cdc.c.obj
LOAD CMakeFiles/Test_Bench.elf.dir/Middlewares/ST/STM32_USB_Device_Library/Core/Src/usbd_core.c.obj
LOAD CMakeFiles/Test_Bench.elf.dir/Middlewares/ST/STM32_USB_Device_Library/Core/Src/usbd_ctlreq.c.obj
LOAD CMakeFiles/Test_Bench.elf.dir/Middlewares/ST/STM32_USB_Device_Library/Core/Src/usbd_ioreq.c.obj
LOAD CMakeFiles/Test_Bench.elf.dir/Middlewares/Third_Party/FatFs/src/diskio.c.obj
LOAD CMakeFiles/Test_Bench.elf.dir/Middlewares/Third_Party/FatFs/src/ff.c.obj
LOAD CMakeFiles/Test_Bench.elf.dir/Middlewares/Third_Party/FatFs/src/ff_gen_drv.c.obj
LOAD CMakeFiles/Test_Bench.elf.dir/Middlewares/Third_Party/FatFs/src/option/cc936.c.obj
LOAD CMakeFiles/Test_Bench.elf.dir/Middlewares/Third_Party/FatFs/src/option/syscall.c.obj
LOAD CMakeFiles/Test_Bench.elf.dir/Private/EXTI.c.obj
LOAD CMakeFiles/Test_Bench.elf.dir/Private/Pressure_Sensor/pre_sen.c.obj
LOAD CMakeFiles/Test_Bench.elf.dir/Private/file_conf.c.obj
LOAD CMakeFiles/Test_Bench.elf.dir/Private/global.c.obj
LOAD CMakeFiles/Test_Bench.elf.dir/Private/message_define.c.obj
LOAD CMakeFiles/Test_Bench.elf.dir/Private/temprature.c.obj
LOAD CMakeFiles/Test_Bench.elf.dir/USB_DEVICE/App/usb_device.c.obj
LOAD CMakeFiles/Test_Bench.elf.dir/USB_DEVICE/App/usbd_cdc_if.c.obj
LOAD CMakeFiles/Test_Bench.elf.dir/USB_DEVICE/App/usbd_desc.c.obj
LOAD CMakeFiles/Test_Bench.elf.dir/USB_DEVICE/Target/usbd_conf.c.obj
START GROUP
LOAD D:/SoftwareInstallPackage/Compiler/arm-gnu-toolchain-13.3.rel1-mingw-w64-i686-arm-none-eabi/bin/../lib/gcc/arm-none-eabi/13.3.1/thumb/v7e-m/nofp\libgcc.a
LOAD D:/SoftwareInstallPackage/Compiler/arm-gnu-toolchain-13.3.rel1-mingw-w64-i686-arm-none-eabi/bin/../lib/gcc/arm-none-eabi/13.3.1/thumb/v7e-m/nofp\libg.a
LOAD D:/SoftwareInstallPackage/Compiler/arm-gnu-toolchain-13.3.rel1-mingw-w64-i686-arm-none-eabi/bin/../lib/gcc/arm-none-eabi/13.3.1/thumb/v7e-m/nofp\libc.a
END GROUP
LOAD D:/SoftwareInstallPackage/Compiler/arm-gnu-toolchain-13.3.rel1-mingw-w64-i686-arm-none-eabi/bin/../lib/gcc/arm-none-eabi/13.3.1/thumb/v7e-m/nofp/crtend.o
LOAD D:/SoftwareInstallPackage/Compiler/arm-gnu-toolchain-13.3.rel1-mingw-w64-i686-arm-none-eabi/bin/../lib/gcc/arm-none-eabi/13.3.1/thumb/v7e-m/nofp/crtn.o
                0x20020000                        _estack = (ORIGIN (RAM) + LENGTH (RAM))
                0x00000200                        _Min_Heap_Size = 0x200
                0x00000400                        _Min_Stack_Size = 0x400

.isr_vector     0x08000000      0x188
                0x08000000                        . = ALIGN (0x4)
 *(.isr_vector)
 .isr_vector    0x08000000      0x188 CMakeFiles/Test_Bench.elf.dir/Core/Startup/startup_stm32f407vgtx.s.obj
                0x08000000                g_pfnVectors
                0x08000188                        . = ALIGN (0x4)

.text           0x080001c0    0x10190
                0x080001c0                        . = ALIGN (0x4)
 *(.text)
 .text          0x080001c0      0x378 D:/SoftwareInstallPackage/Compiler/arm-gnu-toolchain-13.3.rel1-mingw-w64-i686-arm-none-eabi/bin/../lib/gcc/arm-none-eabi/13.3.1/thumb/v7e-m/nofp\libgcc.a(_arm_addsubdf3.o)
                0x080001c0                __aeabi_drsub
                0x080001c8                __aeabi_dsub
                0x080001c8                __subdf3
                0x080001cc                __aeabi_dadd
                0x080001cc                __adddf3
                0x08000444                __floatunsidf
                0x08000444                __aeabi_ui2d
                0x08000464                __floatsidf
                0x08000464                __aeabi_i2d
                0x08000488                __aeabi_f2d
                0x08000488                __extendsfdf2
                0x080004cc                __floatundidf
                0x080004cc                __aeabi_ul2d
                0x080004dc                __floatdidf
                0x080004dc                __aeabi_l2d
 .text          0x08000538      0x21c D:/SoftwareInstallPackage/Compiler/arm-gnu-toolchain-13.3.rel1-mingw-w64-i686-arm-none-eabi/bin/../lib/gcc/arm-none-eabi/13.3.1/thumb/v7e-m/nofp\libgcc.a(_arm_addsubsf3.o)
                0x08000538                __aeabi_frsub
                0x08000540                __subsf3
                0x08000540                __aeabi_fsub
                0x08000544                __aeabi_fadd
                0x08000544                __addsf3
                0x080006a4                __aeabi_ui2f
                0x080006a4                __floatunsisf
                0x080006ac                __aeabi_i2f
                0x080006ac                __floatsisf
                0x080006c8                __aeabi_ul2f
                0x080006c8                __floatundisf
                0x080006d8                __aeabi_l2f
                0x080006d8                __floatdisf
 .text          0x08000754      0x2a0 D:/SoftwareInstallPackage/Compiler/arm-gnu-toolchain-13.3.rel1-mingw-w64-i686-arm-none-eabi/bin/../lib/gcc/arm-none-eabi/13.3.1/thumb/v7e-m/nofp\libgcc.a(_arm_muldivsf3.o)
                0x08000754                __mulsf3
                0x08000754                __aeabi_fmul
                0x080008bc                __aeabi_fdiv
                0x080008bc                __divsf3
 .text          0x080009f4       0xa0 D:/SoftwareInstallPackage/Compiler/arm-gnu-toolchain-13.3.rel1-mingw-w64-i686-arm-none-eabi/bin/../lib/gcc/arm-none-eabi/13.3.1/thumb/v7e-m/nofp\libgcc.a(_aeabi_ldivmod.o)
                0x080009f4                __aeabi_ldivmod
 .text          0x08000a94       0x30 D:/SoftwareInstallPackage/Compiler/arm-gnu-toolchain-13.3.rel1-mingw-w64-i686-arm-none-eabi/bin/../lib/gcc/arm-none-eabi/13.3.1/thumb/v7e-m/nofp\libgcc.a(_aeabi_uldivmod.o)
                0x08000a94                __aeabi_uldivmod
 .text          0x08000ac4        0x4 D:/SoftwareInstallPackage/Compiler/arm-gnu-toolchain-13.3.rel1-mingw-w64-i686-arm-none-eabi/bin/../lib/gcc/arm-none-eabi/13.3.1/thumb/v7e-m/nofp\libgcc.a(_dvmd_tls.o)
                0x08000ac4                __aeabi_idiv0
                0x08000ac4                __aeabi_ldiv0
 .text          0x08000ac8      0x134 D:/SoftwareInstallPackage/Compiler/arm-gnu-toolchain-13.3.rel1-mingw-w64-i686-arm-none-eabi/bin/../lib/gcc/arm-none-eabi/13.3.1/thumb/v7e-m/nofp\libg.a(libc_a-memcpy.o)
                0x08000ac8                memcpy
 *fill*         0x08000bfc        0x4 
 .text          0x08000c00       0xd8 D:/SoftwareInstallPackage/Compiler/arm-gnu-toolchain-13.3.rel1-mingw-w64-i686-arm-none-eabi/bin/../lib/gcc/arm-none-eabi/13.3.1/thumb/v7e-m/nofp\libg.a(libc_a-strlen.o)
                0x08000c00                strlen
 *fill*         0x08000cd8        0x8 
 .text          0x08000ce0       0xa0 D:/SoftwareInstallPackage/Compiler/arm-gnu-toolchain-13.3.rel1-mingw-w64-i686-arm-none-eabi/bin/../lib/gcc/arm-none-eabi/13.3.1/thumb/v7e-m/nofp\libg.a(libc_a-memchr.o)
                0x08000ce0                memchr
 .text          0x08000d80      0x424 D:/SoftwareInstallPackage/Compiler/arm-gnu-toolchain-13.3.rel1-mingw-w64-i686-arm-none-eabi/bin/../lib/gcc/arm-none-eabi/13.3.1/thumb/v7e-m/nofp\libgcc.a(_arm_muldivdf3.o)
                0x08000d80                __aeabi_dmul
                0x08000d80                __muldf3
                0x08000fd4                __divdf3
                0x08000fd4                __aeabi_ddiv
 .text          0x080011a4      0x110 D:/SoftwareInstallPackage/Compiler/arm-gnu-toolchain-13.3.rel1-mingw-w64-i686-arm-none-eabi/bin/../lib/gcc/arm-none-eabi/13.3.1/thumb/v7e-m/nofp\libgcc.a(_arm_cmpdf2.o)
                0x080011a4                __gtdf2
                0x080011a4                __gedf2
                0x080011ac                __ltdf2
                0x080011ac                __ledf2
                0x080011b4                __nedf2
                0x080011b4                __eqdf2
                0x080011b4                __cmpdf2
                0x08001230                __aeabi_cdrcmple
                0x08001240                __aeabi_cdcmpeq
                0x08001240                __aeabi_cdcmple
                0x08001250                __aeabi_dcmpeq
                0x08001264                __aeabi_dcmplt
                0x08001278                __aeabi_dcmple
                0x0800128c                __aeabi_dcmpge
                0x080012a0                __aeabi_dcmpgt
 .text          0x080012b4       0x2c D:/SoftwareInstallPackage/Compiler/arm-gnu-toolchain-13.3.rel1-mingw-w64-i686-arm-none-eabi/bin/../lib/gcc/arm-none-eabi/13.3.1/thumb/v7e-m/nofp\libgcc.a(_arm_unorddf2.o)
                0x080012b4                __unorddf2
                0x080012b4                __aeabi_dcmpun
 .text          0x080012e0       0x50 D:/SoftwareInstallPackage/Compiler/arm-gnu-toolchain-13.3.rel1-mingw-w64-i686-arm-none-eabi/bin/../lib/gcc/arm-none-eabi/13.3.1/thumb/v7e-m/nofp\libgcc.a(_arm_fixdfsi.o)
                0x080012e0                __aeabi_d2iz
                0x080012e0                __fixdfsi
 *(.text*)
 .text.deregister_tm_clones
                0x08001330       0x1c D:/SoftwareInstallPackage/Compiler/arm-gnu-toolchain-13.3.rel1-mingw-w64-i686-arm-none-eabi/bin/../lib/gcc/arm-none-eabi/13.3.1/thumb/v7e-m/nofp/crtbegin.o
 .text.register_tm_clones
                0x0800134c       0x24 D:/SoftwareInstallPackage/Compiler/arm-gnu-toolchain-13.3.rel1-mingw-w64-i686-arm-none-eabi/bin/../lib/gcc/arm-none-eabi/13.3.1/thumb/v7e-m/nofp/crtbegin.o
 .text.__do_global_dtors_aux
                0x08001370       0x28 D:/SoftwareInstallPackage/Compiler/arm-gnu-toolchain-13.3.rel1-mingw-w64-i686-arm-none-eabi/bin/../lib/gcc/arm-none-eabi/13.3.1/thumb/v7e-m/nofp/crtbegin.o
 .text.frame_dummy
                0x08001398       0x24 D:/SoftwareInstallPackage/Compiler/arm-gnu-toolchain-13.3.rel1-mingw-w64-i686-arm-none-eabi/bin/../lib/gcc/arm-none-eabi/13.3.1/thumb/v7e-m/nofp/crtbegin.o
 .text.MX_GPIO_Init
                0x080013bc       0xa8 CMakeFiles/Test_Bench.elf.dir/Core/Src/gpio.c.obj
                0x080013bc                MX_GPIO_Init
 .text.convert_unix_to_beijing_time
                0x08001464       0x50 CMakeFiles/Test_Bench.elf.dir/Core/Src/main.c.obj
                0x08001464                convert_unix_to_beijing_time
 .text.Error_Handler
                0x080014b4        0x4 CMakeFiles/Test_Bench.elf.dir/Core/Src/main.c.obj
                0x080014b4                Error_Handler
 .text.SystemClock_Config
                0x080014b8       0xa8 CMakeFiles/Test_Bench.elf.dir/Core/Src/main.c.obj
                0x080014b8                SystemClock_Config
 .text.main     0x08001560      0x18c CMakeFiles/Test_Bench.elf.dir/Core/Src/main.c.obj
                0x08001560                main
 .text.MX_SDIO_SD_Init
                0x080016ec       0x20 CMakeFiles/Test_Bench.elf.dir/Core/Src/sdio.c.obj
                0x080016ec                MX_SDIO_SD_Init
 .text.HAL_SD_MspInit
                0x0800170c       0xb0 CMakeFiles/Test_Bench.elf.dir/Core/Src/sdio.c.obj
                0x0800170c                HAL_SD_MspInit
 .text.MX_SPI2_Init
                0x080017bc       0x48 CMakeFiles/Test_Bench.elf.dir/Core/Src/spi.c.obj
                0x080017bc                MX_SPI2_Init
 .text.HAL_SPI_MspInit
                0x08001804       0x70 CMakeFiles/Test_Bench.elf.dir/Core/Src/spi.c.obj
                0x08001804                HAL_SPI_MspInit
 .text.HAL_MspInit
                0x08001874       0x38 CMakeFiles/Test_Bench.elf.dir/Core/Src/stm32f4xx_hal_msp.c.obj
                0x08001874                HAL_MspInit
 .text.NMI_Handler
                0x080018ac        0x2 CMakeFiles/Test_Bench.elf.dir/Core/Src/stm32f4xx_it.c.obj
                0x080018ac                NMI_Handler
 .text.HardFault_Handler
                0x080018ae        0x2 CMakeFiles/Test_Bench.elf.dir/Core/Src/stm32f4xx_it.c.obj
                0x080018ae                HardFault_Handler
 .text.MemManage_Handler
                0x080018b0        0x2 CMakeFiles/Test_Bench.elf.dir/Core/Src/stm32f4xx_it.c.obj
                0x080018b0                MemManage_Handler
 .text.BusFault_Handler
                0x080018b2        0x2 CMakeFiles/Test_Bench.elf.dir/Core/Src/stm32f4xx_it.c.obj
                0x080018b2                BusFault_Handler
 .text.UsageFault_Handler
                0x080018b4        0x2 CMakeFiles/Test_Bench.elf.dir/Core/Src/stm32f4xx_it.c.obj
                0x080018b4                UsageFault_Handler
 .text.SVC_Handler
                0x080018b6        0x2 CMakeFiles/Test_Bench.elf.dir/Core/Src/stm32f4xx_it.c.obj
                0x080018b6                SVC_Handler
 .text.DebugMon_Handler
                0x080018b8        0x2 CMakeFiles/Test_Bench.elf.dir/Core/Src/stm32f4xx_it.c.obj
                0x080018b8                DebugMon_Handler
 .text.PendSV_Handler
                0x080018ba        0x2 CMakeFiles/Test_Bench.elf.dir/Core/Src/stm32f4xx_it.c.obj
                0x080018ba                PendSV_Handler
 .text.SysTick_Handler
                0x080018bc        0x8 CMakeFiles/Test_Bench.elf.dir/Core/Src/stm32f4xx_it.c.obj
                0x080018bc                SysTick_Handler
 .text.USART2_IRQHandler
                0x080018c4       0x10 CMakeFiles/Test_Bench.elf.dir/Core/Src/stm32f4xx_it.c.obj
                0x080018c4                USART2_IRQHandler
 .text.SDIO_IRQHandler
                0x080018d4       0x10 CMakeFiles/Test_Bench.elf.dir/Core/Src/stm32f4xx_it.c.obj
                0x080018d4                SDIO_IRQHandler
 .text.TIM6_DAC_IRQHandler
                0x080018e4       0x10 CMakeFiles/Test_Bench.elf.dir/Core/Src/stm32f4xx_it.c.obj
                0x080018e4                TIM6_DAC_IRQHandler
 .text.OTG_FS_IRQHandler
                0x080018f4       0x10 CMakeFiles/Test_Bench.elf.dir/Core/Src/stm32f4xx_it.c.obj
                0x080018f4                OTG_FS_IRQHandler
 .text._getpid  0x08001904        0x4 CMakeFiles/Test_Bench.elf.dir/Core/Src/syscalls.c.obj
                0x08001904                _getpid
 .text._kill    0x08001908       0x10 CMakeFiles/Test_Bench.elf.dir/Core/Src/syscalls.c.obj
                0x08001908                _kill
 .text._exit    0x08001918        0xc CMakeFiles/Test_Bench.elf.dir/Core/Src/syscalls.c.obj
                0x08001918                _exit
 .text._read    0x08001924       0x20 CMakeFiles/Test_Bench.elf.dir/Core/Src/syscalls.c.obj
                0x08001924                _read
 .text._write   0x08001944       0x1c CMakeFiles/Test_Bench.elf.dir/Core/Src/syscalls.c.obj
                0x08001944                _write
 .text._close   0x08001960        0x6 CMakeFiles/Test_Bench.elf.dir/Core/Src/syscalls.c.obj
                0x08001960                _close
 .text._fstat   0x08001966        0xa CMakeFiles/Test_Bench.elf.dir/Core/Src/syscalls.c.obj
                0x08001966                _fstat
 .text._isatty  0x08001970        0x4 CMakeFiles/Test_Bench.elf.dir/Core/Src/syscalls.c.obj
                0x08001970                _isatty
 .text._lseek   0x08001974        0x4 CMakeFiles/Test_Bench.elf.dir/Core/Src/syscalls.c.obj
                0x08001974                _lseek
 .text._sbrk    0x08001978       0x48 CMakeFiles/Test_Bench.elf.dir/Core/Src/sysmem.c.obj
                0x08001978                _sbrk
 .text.SystemInit
                0x080019c0        0x2 CMakeFiles/Test_Bench.elf.dir/Core/Src/system_stm32f4xx.c.obj
                0x080019c0                SystemInit
 *fill*         0x080019c2        0x2 
 .text.MX_TIM6_Init
                0x080019c4       0x50 CMakeFiles/Test_Bench.elf.dir/Core/Src/tim.c.obj
                0x080019c4                MX_TIM6_Init
 .text.HAL_TIM_Base_MspInit
                0x08001a14       0x40 CMakeFiles/Test_Bench.elf.dir/Core/Src/tim.c.obj
                0x08001a14                HAL_TIM_Base_MspInit
 .text.MX_USART1_UART_Init
                0x08001a54       0x34 CMakeFiles/Test_Bench.elf.dir/Core/Src/usart.c.obj
                0x08001a54                MX_USART1_UART_Init
 .text.MX_USART2_UART_Init
                0x08001a88       0x34 CMakeFiles/Test_Bench.elf.dir/Core/Src/usart.c.obj
                0x08001a88                MX_USART2_UART_Init
 .text.HAL_UART_MspInit
                0x08001abc       0xd4 CMakeFiles/Test_Bench.elf.dir/Core/Src/usart.c.obj
                0x08001abc                HAL_UART_MspInit
 .text.Reset_Handler
                0x08001b90       0x50 CMakeFiles/Test_Bench.elf.dir/Core/Startup/startup_stm32f407vgtx.s.obj
                0x08001b90                Reset_Handler
 .text.Default_Handler
                0x08001be0        0x2 CMakeFiles/Test_Bench.elf.dir/Core/Startup/startup_stm32f407vgtx.s.obj
                0x08001be0                RTC_Alarm_IRQHandler
                0x08001be0                HASH_RNG_IRQHandler
                0x08001be0                EXTI2_IRQHandler
                0x08001be0                TIM8_CC_IRQHandler
                0x08001be0                TIM1_CC_IRQHandler
                0x08001be0                DMA2_Stream5_IRQHandler
                0x08001be0                DMA1_Stream5_IRQHandler
                0x08001be0                PVD_IRQHandler
                0x08001be0                TAMP_STAMP_IRQHandler
                0x08001be0                CAN2_RX1_IRQHandler
                0x08001be0                EXTI3_IRQHandler
                0x08001be0                TIM8_TRG_COM_TIM14_IRQHandler
                0x08001be0                TIM1_UP_TIM10_IRQHandler
                0x08001be0                TIM8_UP_TIM13_IRQHandler
                0x08001be0                I2C3_ER_IRQHandler
                0x08001be0                EXTI0_IRQHandler
                0x08001be0                I2C2_EV_IRQHandler
                0x08001be0                DMA1_Stream2_IRQHandler
                0x08001be0                CAN1_RX0_IRQHandler
                0x08001be0                FPU_IRQHandler
                0x08001be0                OTG_HS_WKUP_IRQHandler
                0x08001be0                CAN2_SCE_IRQHandler
                0x08001be0                DMA2_Stream2_IRQHandler
                0x08001be0                SPI1_IRQHandler
                0x08001be0                TIM1_BRK_TIM9_IRQHandler
                0x08001be0                DCMI_IRQHandler
                0x08001be0                CAN2_RX0_IRQHandler
                0x08001be0                DMA2_Stream3_IRQHandler
                0x08001be0                USART6_IRQHandler
                0x08001be0                USART3_IRQHandler
                0x08001be0                CAN1_RX1_IRQHandler
                0x08001be0                UART5_IRQHandler
                0x08001be0                DMA2_Stream0_IRQHandler
                0x08001be0                TIM4_IRQHandler
                0x08001be0                I2C1_EV_IRQHandler
                0x08001be0                DMA1_Stream6_IRQHandler
                0x08001be0                DMA1_Stream1_IRQHandler
                0x08001be0                UART4_IRQHandler
                0x08001be0                TIM3_IRQHandler
                0x08001be0                RCC_IRQHandler
                0x08001be0                TIM8_BRK_TIM12_IRQHandler
                0x08001be0                Default_Handler
                0x08001be0                EXTI15_10_IRQHandler
                0x08001be0                ADC_IRQHandler
                0x08001be0                DMA1_Stream7_IRQHandler
                0x08001be0                TIM7_IRQHandler
                0x08001be0                CAN2_TX_IRQHandler
                0x08001be0                TIM5_IRQHandler
                0x08001be0                DMA2_Stream7_IRQHandler
                0x08001be0                I2C3_EV_IRQHandler
                0x08001be0                EXTI9_5_IRQHandler
                0x08001be0                RTC_WKUP_IRQHandler
                0x08001be0                ETH_WKUP_IRQHandler
                0x08001be0                SPI2_IRQHandler
                0x08001be0                OTG_HS_EP1_IN_IRQHandler
                0x08001be0                DMA1_Stream0_IRQHandler
                0x08001be0                CAN1_TX_IRQHandler
                0x08001be0                EXTI4_IRQHandler
                0x08001be0                FSMC_IRQHandler
                0x08001be0                ETH_IRQHandler
                0x08001be0                OTG_HS_EP1_OUT_IRQHandler
                0x08001be0                WWDG_IRQHandler
                0x08001be0                TIM2_IRQHandler
                0x08001be0                OTG_FS_WKUP_IRQHandler
                0x08001be0                TIM1_TRG_COM_TIM11_IRQHandler
                0x08001be0                OTG_HS_IRQHandler
                0x08001be0                EXTI1_IRQHandler
                0x08001be0                I2C2_ER_IRQHandler
                0x08001be0                DMA2_Stream1_IRQHandler
                0x08001be0                CAN1_SCE_IRQHandler
                0x08001be0                FLASH_IRQHandler
                0x08001be0                DMA2_Stream4_IRQHandler
                0x08001be0                USART1_IRQHandler
                0x08001be0                SPI3_IRQHandler
                0x08001be0                DMA1_Stream4_IRQHandler
                0x08001be0                I2C1_ER_IRQHandler
                0x08001be0                DMA2_Stream6_IRQHandler
                0x08001be0                DMA1_Stream3_IRQHandler
 *fill*         0x08001be2        0x2 
 .text.HAL_InitTick
                0x08001be4       0x4c CMakeFiles/Test_Bench.elf.dir/Drivers/STM32F4xx_HAL_Driver/Src/stm32f4xx_hal.c.obj
                0x08001be4                HAL_InitTick
 .text.HAL_Init
                0x08001c30       0x34 CMakeFiles/Test_Bench.elf.dir/Drivers/STM32F4xx_HAL_Driver/Src/stm32f4xx_hal.c.obj
                0x08001c30                HAL_Init
 .text.HAL_IncTick
                0x08001c64       0x18 CMakeFiles/Test_Bench.elf.dir/Drivers/STM32F4xx_HAL_Driver/Src/stm32f4xx_hal.c.obj
                0x08001c64                HAL_IncTick
 .text.HAL_GetTick
                0x08001c7c        0xc CMakeFiles/Test_Bench.elf.dir/Drivers/STM32F4xx_HAL_Driver/Src/stm32f4xx_hal.c.obj
                0x08001c7c                HAL_GetTick
 .text.HAL_Delay
                0x08001c88       0x28 CMakeFiles/Test_Bench.elf.dir/Drivers/STM32F4xx_HAL_Driver/Src/stm32f4xx_hal.c.obj
                0x08001c88                HAL_Delay
 .text.__NVIC_EnableIRQ
                0x08001cb0       0x1c CMakeFiles/Test_Bench.elf.dir/Drivers/STM32F4xx_HAL_Driver/Src/stm32f4xx_hal_cortex.c.obj
 .text.__NVIC_SetPriority
                0x08001ccc       0x28 CMakeFiles/Test_Bench.elf.dir/Drivers/STM32F4xx_HAL_Driver/Src/stm32f4xx_hal_cortex.c.obj
 .text.NVIC_EncodePriority
                0x08001cf4       0x3e CMakeFiles/Test_Bench.elf.dir/Drivers/STM32F4xx_HAL_Driver/Src/stm32f4xx_hal_cortex.c.obj
 *fill*         0x08001d32        0x2 
 .text.HAL_NVIC_SetPriorityGrouping
                0x08001d34       0x24 CMakeFiles/Test_Bench.elf.dir/Drivers/STM32F4xx_HAL_Driver/Src/stm32f4xx_hal_cortex.c.obj
                0x08001d34                HAL_NVIC_SetPriorityGrouping
 .text.HAL_NVIC_SetPriority
                0x08001d58       0x20 CMakeFiles/Test_Bench.elf.dir/Drivers/STM32F4xx_HAL_Driver/Src/stm32f4xx_hal_cortex.c.obj
                0x08001d58                HAL_NVIC_SetPriority
 .text.HAL_NVIC_EnableIRQ
                0x08001d78        0x8 CMakeFiles/Test_Bench.elf.dir/Drivers/STM32F4xx_HAL_Driver/Src/stm32f4xx_hal_cortex.c.obj
                0x08001d78                HAL_NVIC_EnableIRQ
 .text.HAL_SYSTICK_Config
                0x08001d80       0x28 CMakeFiles/Test_Bench.elf.dir/Drivers/STM32F4xx_HAL_Driver/Src/stm32f4xx_hal_cortex.c.obj
                0x08001d80                HAL_SYSTICK_Config
 .text.HAL_DMA_Abort
                0x08001da8       0x94 CMakeFiles/Test_Bench.elf.dir/Drivers/STM32F4xx_HAL_Driver/Src/stm32f4xx_hal_dma.c.obj
                0x08001da8                HAL_DMA_Abort
 .text.HAL_DMA_Abort_IT
                0x08001e3c       0x26 CMakeFiles/Test_Bench.elf.dir/Drivers/STM32F4xx_HAL_Driver/Src/stm32f4xx_hal_dma.c.obj
                0x08001e3c                HAL_DMA_Abort_IT
 *fill*         0x08001e62        0x2 
 .text.HAL_GPIO_Init
                0x08001e64      0x1f4 CMakeFiles/Test_Bench.elf.dir/Drivers/STM32F4xx_HAL_Driver/Src/stm32f4xx_hal_gpio.c.obj
                0x08001e64                HAL_GPIO_Init
 .text.HAL_GPIO_WritePin
                0x08002058        0xc CMakeFiles/Test_Bench.elf.dir/Drivers/STM32F4xx_HAL_Driver/Src/stm32f4xx_hal_gpio.c.obj
                0x08002058                HAL_GPIO_WritePin
 .text.PCD_WriteEmptyTxFifo
                0x08002064       0xd0 CMakeFiles/Test_Bench.elf.dir/Drivers/STM32F4xx_HAL_Driver/Src/stm32f4xx_hal_pcd.c.obj
 .text.HAL_PCD_Init
                0x08002134      0x102 CMakeFiles/Test_Bench.elf.dir/Drivers/STM32F4xx_HAL_Driver/Src/stm32f4xx_hal_pcd.c.obj
                0x08002134                HAL_PCD_Init
 .text.HAL_PCD_Start
                0x08002236       0x44 CMakeFiles/Test_Bench.elf.dir/Drivers/STM32F4xx_HAL_Driver/Src/stm32f4xx_hal_pcd.c.obj
                0x08002236                HAL_PCD_Start
 *fill*         0x0800227a        0x2 
 .text.PCD_EP_OutXfrComplete_int
                0x0800227c      0x104 CMakeFiles/Test_Bench.elf.dir/Drivers/STM32F4xx_HAL_Driver/Src/stm32f4xx_hal_pcd.c.obj
 .text.PCD_EP_OutSetupPacket_int
                0x08002380       0x50 CMakeFiles/Test_Bench.elf.dir/Drivers/STM32F4xx_HAL_Driver/Src/stm32f4xx_hal_pcd.c.obj
 .text.HAL_PCD_SetAddress
                0x080023d0       0x26 CMakeFiles/Test_Bench.elf.dir/Drivers/STM32F4xx_HAL_Driver/Src/stm32f4xx_hal_pcd.c.obj
                0x080023d0                HAL_PCD_SetAddress
 .text.HAL_PCD_EP_Open
                0x080023f6       0x8c CMakeFiles/Test_Bench.elf.dir/Drivers/STM32F4xx_HAL_Driver/Src/stm32f4xx_hal_pcd.c.obj
                0x080023f6                HAL_PCD_EP_Open
 .text.HAL_PCD_EP_Close
                0x08002482       0x70 CMakeFiles/Test_Bench.elf.dir/Drivers/STM32F4xx_HAL_Driver/Src/stm32f4xx_hal_pcd.c.obj
                0x08002482                HAL_PCD_EP_Close
 .text.HAL_PCD_EP_Receive
                0x080024f2       0x4a CMakeFiles/Test_Bench.elf.dir/Drivers/STM32F4xx_HAL_Driver/Src/stm32f4xx_hal_pcd.c.obj
                0x080024f2                HAL_PCD_EP_Receive
 .text.HAL_PCD_EP_GetRxCount
                0x0800253c       0x12 CMakeFiles/Test_Bench.elf.dir/Drivers/STM32F4xx_HAL_Driver/Src/stm32f4xx_hal_pcd.c.obj
                0x0800253c                HAL_PCD_EP_GetRxCount
 .text.HAL_PCD_EP_Transmit
                0x0800254e       0x4a CMakeFiles/Test_Bench.elf.dir/Drivers/STM32F4xx_HAL_Driver/Src/stm32f4xx_hal_pcd.c.obj
                0x0800254e                HAL_PCD_EP_Transmit
 .text.HAL_PCD_EP_SetStall
                0x08002598       0x86 CMakeFiles/Test_Bench.elf.dir/Drivers/STM32F4xx_HAL_Driver/Src/stm32f4xx_hal_pcd.c.obj
                0x08002598                HAL_PCD_EP_SetStall
 .text.HAL_PCD_EP_ClrStall
                0x0800261e       0x74 CMakeFiles/Test_Bench.elf.dir/Drivers/STM32F4xx_HAL_Driver/Src/stm32f4xx_hal_pcd.c.obj
                0x0800261e                HAL_PCD_EP_ClrStall
 .text.HAL_PCD_EP_Abort
                0x08002692       0x34 CMakeFiles/Test_Bench.elf.dir/Drivers/STM32F4xx_HAL_Driver/Src/stm32f4xx_hal_pcd.c.obj
                0x08002692                HAL_PCD_EP_Abort
 .text.HAL_PCD_IRQHandler
                0x080026c6      0x5c0 CMakeFiles/Test_Bench.elf.dir/Drivers/STM32F4xx_HAL_Driver/Src/stm32f4xx_hal_pcd.c.obj
                0x080026c6                HAL_PCD_IRQHandler
 .text.HAL_PCDEx_SetTxFiFo
                0x08002c86       0x4a CMakeFiles/Test_Bench.elf.dir/Drivers/STM32F4xx_HAL_Driver/Src/stm32f4xx_hal_pcd_ex.c.obj
                0x08002c86                HAL_PCDEx_SetTxFiFo
 .text.HAL_PCDEx_SetRxFiFo
                0x08002cd0        0x8 CMakeFiles/Test_Bench.elf.dir/Drivers/STM32F4xx_HAL_Driver/Src/stm32f4xx_hal_pcd_ex.c.obj
                0x08002cd0                HAL_PCDEx_SetRxFiFo
 .text.HAL_PCDEx_LPM_Callback
                0x08002cd8        0x2 CMakeFiles/Test_Bench.elf.dir/Drivers/STM32F4xx_HAL_Driver/Src/stm32f4xx_hal_pcd_ex.c.obj
                0x08002cd8                HAL_PCDEx_LPM_Callback
 *fill*         0x08002cda        0x2 
 .text.HAL_RCC_OscConfig
                0x08002cdc      0x3f8 CMakeFiles/Test_Bench.elf.dir/Drivers/STM32F4xx_HAL_Driver/Src/stm32f4xx_hal_rcc.c.obj
                0x08002cdc                HAL_RCC_OscConfig
 .text.HAL_RCC_GetSysClockFreq
                0x080030d4       0xdc CMakeFiles/Test_Bench.elf.dir/Drivers/STM32F4xx_HAL_Driver/Src/stm32f4xx_hal_rcc.c.obj
                0x080030d4                HAL_RCC_GetSysClockFreq
 .text.HAL_RCC_ClockConfig
                0x080031b0      0x160 CMakeFiles/Test_Bench.elf.dir/Drivers/STM32F4xx_HAL_Driver/Src/stm32f4xx_hal_rcc.c.obj
                0x080031b0                HAL_RCC_ClockConfig
 .text.HAL_RCC_GetHCLKFreq
                0x08003310        0xc CMakeFiles/Test_Bench.elf.dir/Drivers/STM32F4xx_HAL_Driver/Src/stm32f4xx_hal_rcc.c.obj
                0x08003310                HAL_RCC_GetHCLKFreq
 .text.HAL_RCC_GetPCLK1Freq
                0x0800331c       0x20 CMakeFiles/Test_Bench.elf.dir/Drivers/STM32F4xx_HAL_Driver/Src/stm32f4xx_hal_rcc.c.obj
                0x0800331c                HAL_RCC_GetPCLK1Freq
 .text.HAL_RCC_GetPCLK2Freq
                0x0800333c       0x20 CMakeFiles/Test_Bench.elf.dir/Drivers/STM32F4xx_HAL_Driver/Src/stm32f4xx_hal_rcc.c.obj
                0x0800333c                HAL_RCC_GetPCLK2Freq
 .text.SD_PowerON
                0x0800335c       0xc0 CMakeFiles/Test_Bench.elf.dir/Drivers/STM32F4xx_HAL_Driver/Src/stm32f4xx_hal_sd.c.obj
 .text.SD_Read_IT
                0x0800341c       0x38 CMakeFiles/Test_Bench.elf.dir/Drivers/STM32F4xx_HAL_Driver/Src/stm32f4xx_hal_sd.c.obj
 .text.SD_Write_IT
                0x08003454       0x48 CMakeFiles/Test_Bench.elf.dir/Drivers/STM32F4xx_HAL_Driver/Src/stm32f4xx_hal_sd.c.obj
 .text.SD_SendStatus
                0x0800349c       0x2c CMakeFiles/Test_Bench.elf.dir/Drivers/STM32F4xx_HAL_Driver/Src/stm32f4xx_hal_sd.c.obj
 .text.HAL_SD_ReadBlocks
                0x080034c8      0x250 CMakeFiles/Test_Bench.elf.dir/Drivers/STM32F4xx_HAL_Driver/Src/stm32f4xx_hal_sd.c.obj
                0x080034c8                HAL_SD_ReadBlocks
 .text.HAL_SD_WriteBlocks
                0x08003718      0x20c CMakeFiles/Test_Bench.elf.dir/Drivers/STM32F4xx_HAL_Driver/Src/stm32f4xx_hal_sd.c.obj
                0x08003718                HAL_SD_WriteBlocks
 .text.HAL_SD_ErrorCallback
                0x08003924        0x2 CMakeFiles/Test_Bench.elf.dir/Drivers/STM32F4xx_HAL_Driver/Src/stm32f4xx_hal_sd.c.obj
                0x08003924                HAL_SD_ErrorCallback
 *fill*         0x08003926        0x2 
 .text.HAL_SD_GetCardCSD
                0x08003928      0x1b8 CMakeFiles/Test_Bench.elf.dir/Drivers/STM32F4xx_HAL_Driver/Src/stm32f4xx_hal_sd.c.obj
                0x08003928                HAL_SD_GetCardCSD
 .text.SD_InitCard
                0x08003ae0      0x100 CMakeFiles/Test_Bench.elf.dir/Drivers/STM32F4xx_HAL_Driver/Src/stm32f4xx_hal_sd.c.obj
 .text.HAL_SD_InitCard
                0x08003be0       0xa8 CMakeFiles/Test_Bench.elf.dir/Drivers/STM32F4xx_HAL_Driver/Src/stm32f4xx_hal_sd.c.obj
                0x08003be0                HAL_SD_InitCard
 .text.HAL_SD_Init
                0x08003c88       0x36 CMakeFiles/Test_Bench.elf.dir/Drivers/STM32F4xx_HAL_Driver/Src/stm32f4xx_hal_sd.c.obj
                0x08003c88                HAL_SD_Init
 .text.HAL_SD_GetCardInfo
                0x08003cbe       0x24 CMakeFiles/Test_Bench.elf.dir/Drivers/STM32F4xx_HAL_Driver/Src/stm32f4xx_hal_sd.c.obj
                0x08003cbe                HAL_SD_GetCardInfo
 .text.HAL_SD_GetCardState
                0x08003ce2       0x22 CMakeFiles/Test_Bench.elf.dir/Drivers/STM32F4xx_HAL_Driver/Src/stm32f4xx_hal_sd.c.obj
                0x08003ce2                HAL_SD_GetCardState
 .text.SD_DMATxAbort
                0x08003d04       0x44 CMakeFiles/Test_Bench.elf.dir/Drivers/STM32F4xx_HAL_Driver/Src/stm32f4xx_hal_sd.c.obj
 .text.SD_DMARxAbort
                0x08003d48       0x44 CMakeFiles/Test_Bench.elf.dir/Drivers/STM32F4xx_HAL_Driver/Src/stm32f4xx_hal_sd.c.obj
 .text.HAL_SD_IRQHandler
                0x08003d8c      0x1e0 CMakeFiles/Test_Bench.elf.dir/Drivers/STM32F4xx_HAL_Driver/Src/stm32f4xx_hal_sd.c.obj
                0x08003d8c                HAL_SD_IRQHandler
 .text.SPI_WaitFlagStateUntilTimeout
                0x08003f6c       0xc8 CMakeFiles/Test_Bench.elf.dir/Drivers/STM32F4xx_HAL_Driver/Src/stm32f4xx_hal_spi.c.obj
 .text.SPI_EndRxTxTransaction
                0x08004034       0x80 CMakeFiles/Test_Bench.elf.dir/Drivers/STM32F4xx_HAL_Driver/Src/stm32f4xx_hal_spi.c.obj
 .text.SPI_EndRxTransaction
                0x080040b4       0x8c CMakeFiles/Test_Bench.elf.dir/Drivers/STM32F4xx_HAL_Driver/Src/stm32f4xx_hal_spi.c.obj
 .text.HAL_SPI_Init
                0x08004140       0xbe CMakeFiles/Test_Bench.elf.dir/Drivers/STM32F4xx_HAL_Driver/Src/stm32f4xx_hal_spi.c.obj
                0x08004140                HAL_SPI_Init
 .text.HAL_SPI_TransmitReceive
                0x080041fe      0x254 CMakeFiles/Test_Bench.elf.dir/Drivers/STM32F4xx_HAL_Driver/Src/stm32f4xx_hal_spi.c.obj
                0x080041fe                HAL_SPI_TransmitReceive
 .text.HAL_SPI_Receive
                0x08004452      0x188 CMakeFiles/Test_Bench.elf.dir/Drivers/STM32F4xx_HAL_Driver/Src/stm32f4xx_hal_spi.c.obj
                0x08004452                HAL_SPI_Receive
 *fill*         0x080045da        0x2 
 .text.HAL_TIM_Base_Start_IT
                0x080045dc       0x88 CMakeFiles/Test_Bench.elf.dir/Drivers/STM32F4xx_HAL_Driver/Src/stm32f4xx_hal_tim.c.obj
                0x080045dc                HAL_TIM_Base_Start_IT
 .text.HAL_TIM_OC_DelayElapsedCallback
                0x08004664        0x2 CMakeFiles/Test_Bench.elf.dir/Drivers/STM32F4xx_HAL_Driver/Src/stm32f4xx_hal_tim.c.obj
                0x08004664                HAL_TIM_OC_DelayElapsedCallback
 .text.HAL_TIM_IC_CaptureCallback
                0x08004666        0x2 CMakeFiles/Test_Bench.elf.dir/Drivers/STM32F4xx_HAL_Driver/Src/stm32f4xx_hal_tim.c.obj
                0x08004666                HAL_TIM_IC_CaptureCallback
 .text.HAL_TIM_PWM_PulseFinishedCallback
                0x08004668        0x2 CMakeFiles/Test_Bench.elf.dir/Drivers/STM32F4xx_HAL_Driver/Src/stm32f4xx_hal_tim.c.obj
                0x08004668                HAL_TIM_PWM_PulseFinishedCallback
 .text.HAL_TIM_TriggerCallback
                0x0800466a        0x2 CMakeFiles/Test_Bench.elf.dir/Drivers/STM32F4xx_HAL_Driver/Src/stm32f4xx_hal_tim.c.obj
                0x0800466a                HAL_TIM_TriggerCallback
 .text.HAL_TIM_IRQHandler
                0x0800466c      0x15e CMakeFiles/Test_Bench.elf.dir/Drivers/STM32F4xx_HAL_Driver/Src/stm32f4xx_hal_tim.c.obj
                0x0800466c                HAL_TIM_IRQHandler
 *fill*         0x080047ca        0x2 
 .text.TIM_Base_SetConfig
                0x080047cc       0xd8 CMakeFiles/Test_Bench.elf.dir/Drivers/STM32F4xx_HAL_Driver/Src/stm32f4xx_hal_tim.c.obj
                0x080047cc                TIM_Base_SetConfig
 .text.HAL_TIM_Base_Init
                0x080048a4       0x58 CMakeFiles/Test_Bench.elf.dir/Drivers/STM32F4xx_HAL_Driver/Src/stm32f4xx_hal_tim.c.obj
                0x080048a4                HAL_TIM_Base_Init
 .text.HAL_TIMEx_MasterConfigSynchronization
                0x080048fc       0x8c CMakeFiles/Test_Bench.elf.dir/Drivers/STM32F4xx_HAL_Driver/Src/stm32f4xx_hal_tim_ex.c.obj
                0x080048fc                HAL_TIMEx_MasterConfigSynchronization
 .text.HAL_TIMEx_CommutCallback
                0x08004988        0x2 CMakeFiles/Test_Bench.elf.dir/Drivers/STM32F4xx_HAL_Driver/Src/stm32f4xx_hal_tim_ex.c.obj
                0x08004988                HAL_TIMEx_CommutCallback
 .text.HAL_TIMEx_BreakCallback
                0x0800498a        0x2 CMakeFiles/Test_Bench.elf.dir/Drivers/STM32F4xx_HAL_Driver/Src/stm32f4xx_hal_tim_ex.c.obj
                0x0800498a                HAL_TIMEx_BreakCallback
 .text.UART_EndRxTransfer
                0x0800498c       0x5c CMakeFiles/Test_Bench.elf.dir/Drivers/STM32F4xx_HAL_Driver/Src/stm32f4xx_hal_uart.c.obj
 .text.UART_Transmit_IT
                0x080049e8       0x60 CMakeFiles/Test_Bench.elf.dir/Drivers/STM32F4xx_HAL_Driver/Src/stm32f4xx_hal_uart.c.obj
 .text.UART_SetConfig
                0x08004a48      0x110 CMakeFiles/Test_Bench.elf.dir/Drivers/STM32F4xx_HAL_Driver/Src/stm32f4xx_hal_uart.c.obj
 .text.UART_WaitOnFlagUntilTimeout
                0x08004b58       0x86 CMakeFiles/Test_Bench.elf.dir/Drivers/STM32F4xx_HAL_Driver/Src/stm32f4xx_hal_uart.c.obj
 .text.HAL_UART_Init
                0x08004bde       0x60 CMakeFiles/Test_Bench.elf.dir/Drivers/STM32F4xx_HAL_Driver/Src/stm32f4xx_hal_uart.c.obj
                0x08004bde                HAL_UART_Init
 .text.HAL_UART_Transmit
                0x08004c3e       0xcc CMakeFiles/Test_Bench.elf.dir/Drivers/STM32F4xx_HAL_Driver/Src/stm32f4xx_hal_uart.c.obj
                0x08004c3e                HAL_UART_Transmit
 .text.HAL_UART_Receive
                0x08004d0a       0xd2 CMakeFiles/Test_Bench.elf.dir/Drivers/STM32F4xx_HAL_Driver/Src/stm32f4xx_hal_uart.c.obj
                0x08004d0a                HAL_UART_Receive
 .text.HAL_UART_TxCpltCallback
                0x08004ddc        0x2 CMakeFiles/Test_Bench.elf.dir/Drivers/STM32F4xx_HAL_Driver/Src/stm32f4xx_hal_uart.c.obj
                0x08004ddc                HAL_UART_TxCpltCallback
 .text.UART_EndTransmit_IT
                0x08004dde       0x1a CMakeFiles/Test_Bench.elf.dir/Drivers/STM32F4xx_HAL_Driver/Src/stm32f4xx_hal_uart.c.obj
 .text.HAL_UART_RxCpltCallback
                0x08004df8        0x2 CMakeFiles/Test_Bench.elf.dir/Drivers/STM32F4xx_HAL_Driver/Src/stm32f4xx_hal_uart.c.obj
                0x08004df8                HAL_UART_RxCpltCallback
 .text.HAL_UART_ErrorCallback
                0x08004dfa        0x2 CMakeFiles/Test_Bench.elf.dir/Drivers/STM32F4xx_HAL_Driver/Src/stm32f4xx_hal_uart.c.obj
                0x08004dfa                HAL_UART_ErrorCallback
 .text.UART_DMAAbortOnError
                0x08004dfc       0x10 CMakeFiles/Test_Bench.elf.dir/Drivers/STM32F4xx_HAL_Driver/Src/stm32f4xx_hal_uart.c.obj
 .text.HAL_UARTEx_RxEventCallback
                0x08004e0c        0x2 CMakeFiles/Test_Bench.elf.dir/Drivers/STM32F4xx_HAL_Driver/Src/stm32f4xx_hal_uart.c.obj
                0x08004e0c                HAL_UARTEx_RxEventCallback
 .text.UART_Receive_IT
                0x08004e0e       0xe6 CMakeFiles/Test_Bench.elf.dir/Drivers/STM32F4xx_HAL_Driver/Src/stm32f4xx_hal_uart.c.obj
 .text.HAL_UART_IRQHandler
                0x08004ef4      0x284 CMakeFiles/Test_Bench.elf.dir/Drivers/STM32F4xx_HAL_Driver/Src/stm32f4xx_hal_uart.c.obj
                0x08004ef4                HAL_UART_IRQHandler
 .text.SDMMC_GetCmdError
                0x08005178       0x38 CMakeFiles/Test_Bench.elf.dir/Drivers/STM32F4xx_HAL_Driver/Src/stm32f4xx_ll_sdmmc.c.obj
 .text.SDIO_Init
                0x080051b0       0x32 CMakeFiles/Test_Bench.elf.dir/Drivers/STM32F4xx_HAL_Driver/Src/stm32f4xx_ll_sdmmc.c.obj
                0x080051b0                SDIO_Init
 .text.SDIO_ReadFIFO
                0x080051e2        0x6 CMakeFiles/Test_Bench.elf.dir/Drivers/STM32F4xx_HAL_Driver/Src/stm32f4xx_ll_sdmmc.c.obj
                0x080051e2                SDIO_ReadFIFO
 .text.SDIO_WriteFIFO
                0x080051e8        0xa CMakeFiles/Test_Bench.elf.dir/Drivers/STM32F4xx_HAL_Driver/Src/stm32f4xx_ll_sdmmc.c.obj
                0x080051e8                SDIO_WriteFIFO
 .text.SDIO_PowerState_ON
                0x080051f2        0x8 CMakeFiles/Test_Bench.elf.dir/Drivers/STM32F4xx_HAL_Driver/Src/stm32f4xx_ll_sdmmc.c.obj
                0x080051f2                SDIO_PowerState_ON
 .text.SDIO_GetPowerState
                0x080051fa        0x8 CMakeFiles/Test_Bench.elf.dir/Drivers/STM32F4xx_HAL_Driver/Src/stm32f4xx_ll_sdmmc.c.obj
                0x080051fa                SDIO_GetPowerState
 .text.SDIO_SendCommand
                0x08005202       0x20 CMakeFiles/Test_Bench.elf.dir/Drivers/STM32F4xx_HAL_Driver/Src/stm32f4xx_ll_sdmmc.c.obj
                0x08005202                SDIO_SendCommand
 .text.SDIO_GetCommandResponse
                0x08005222        0x6 CMakeFiles/Test_Bench.elf.dir/Drivers/STM32F4xx_HAL_Driver/Src/stm32f4xx_ll_sdmmc.c.obj
                0x08005222                SDIO_GetCommandResponse
 .text.SDIO_GetResponse
                0x08005228        0x6 CMakeFiles/Test_Bench.elf.dir/Drivers/STM32F4xx_HAL_Driver/Src/stm32f4xx_ll_sdmmc.c.obj
                0x08005228                SDIO_GetResponse
 .text.SDIO_ConfigData
                0x0800522e       0x24 CMakeFiles/Test_Bench.elf.dir/Drivers/STM32F4xx_HAL_Driver/Src/stm32f4xx_ll_sdmmc.c.obj
                0x0800522e                SDIO_ConfigData
 .text.SDMMC_CmdGoIdleState
                0x08005252       0x26 CMakeFiles/Test_Bench.elf.dir/Drivers/STM32F4xx_HAL_Driver/Src/stm32f4xx_ll_sdmmc.c.obj
                0x08005252                SDMMC_CmdGoIdleState
 .text.SDMMC_GetCmdResp1
                0x08005278      0x154 CMakeFiles/Test_Bench.elf.dir/Drivers/STM32F4xx_HAL_Driver/Src/stm32f4xx_ll_sdmmc.c.obj
                0x08005278                SDMMC_GetCmdResp1
 .text.SDMMC_CmdBlockLength
                0x080053cc       0x30 CMakeFiles/Test_Bench.elf.dir/Drivers/STM32F4xx_HAL_Driver/Src/stm32f4xx_ll_sdmmc.c.obj
                0x080053cc                SDMMC_CmdBlockLength
 .text.SDMMC_CmdReadSingleBlock
                0x080053fc       0x30 CMakeFiles/Test_Bench.elf.dir/Drivers/STM32F4xx_HAL_Driver/Src/stm32f4xx_ll_sdmmc.c.obj
                0x080053fc                SDMMC_CmdReadSingleBlock
 .text.SDMMC_CmdReadMultiBlock
                0x0800542c       0x30 CMakeFiles/Test_Bench.elf.dir/Drivers/STM32F4xx_HAL_Driver/Src/stm32f4xx_ll_sdmmc.c.obj
                0x0800542c                SDMMC_CmdReadMultiBlock
 .text.SDMMC_CmdWriteSingleBlock
                0x0800545c       0x30 CMakeFiles/Test_Bench.elf.dir/Drivers/STM32F4xx_HAL_Driver/Src/stm32f4xx_ll_sdmmc.c.obj
                0x0800545c                SDMMC_CmdWriteSingleBlock
 .text.SDMMC_CmdWriteMultiBlock
                0x0800548c       0x30 CMakeFiles/Test_Bench.elf.dir/Drivers/STM32F4xx_HAL_Driver/Src/stm32f4xx_ll_sdmmc.c.obj
                0x0800548c                SDMMC_CmdWriteMultiBlock
 .text.SDMMC_CmdStopTransfer
                0x080054bc       0x34 CMakeFiles/Test_Bench.elf.dir/Drivers/STM32F4xx_HAL_Driver/Src/stm32f4xx_ll_sdmmc.c.obj
                0x080054bc                SDMMC_CmdStopTransfer
 .text.SDMMC_CmdSelDesel
                0x080054f0       0x30 CMakeFiles/Test_Bench.elf.dir/Drivers/STM32F4xx_HAL_Driver/Src/stm32f4xx_ll_sdmmc.c.obj
                0x080054f0                SDMMC_CmdSelDesel
 .text.SDMMC_CmdAppCommand
                0x08005520       0x30 CMakeFiles/Test_Bench.elf.dir/Drivers/STM32F4xx_HAL_Driver/Src/stm32f4xx_ll_sdmmc.c.obj
                0x08005520                SDMMC_CmdAppCommand
 .text.SDMMC_CmdSendStatus
                0x08005550       0x30 CMakeFiles/Test_Bench.elf.dir/Drivers/STM32F4xx_HAL_Driver/Src/stm32f4xx_ll_sdmmc.c.obj
                0x08005550                SDMMC_CmdSendStatus
 .text.SDMMC_GetCmdResp2
                0x08005580       0x5c CMakeFiles/Test_Bench.elf.dir/Drivers/STM32F4xx_HAL_Driver/Src/stm32f4xx_ll_sdmmc.c.obj
                0x08005580                SDMMC_GetCmdResp2
 .text.SDMMC_CmdSendCID
                0x080055dc       0x2a CMakeFiles/Test_Bench.elf.dir/Drivers/STM32F4xx_HAL_Driver/Src/stm32f4xx_ll_sdmmc.c.obj
                0x080055dc                SDMMC_CmdSendCID
 .text.SDMMC_CmdSendCSD
                0x08005606       0x2a CMakeFiles/Test_Bench.elf.dir/Drivers/STM32F4xx_HAL_Driver/Src/stm32f4xx_ll_sdmmc.c.obj
                0x08005606                SDMMC_CmdSendCSD
 .text.SDMMC_GetCmdResp3
                0x08005630       0x4c CMakeFiles/Test_Bench.elf.dir/Drivers/STM32F4xx_HAL_Driver/Src/stm32f4xx_ll_sdmmc.c.obj
                0x08005630                SDMMC_GetCmdResp3
 .text.SDMMC_CmdAppOperCommand
                0x0800567c       0x32 CMakeFiles/Test_Bench.elf.dir/Drivers/STM32F4xx_HAL_Driver/Src/stm32f4xx_ll_sdmmc.c.obj
                0x0800567c                SDMMC_CmdAppOperCommand
 *fill*         0x080056ae        0x2 
 .text.SDMMC_GetCmdResp6
                0x080056b0       0xa0 CMakeFiles/Test_Bench.elf.dir/Drivers/STM32F4xx_HAL_Driver/Src/stm32f4xx_ll_sdmmc.c.obj
                0x080056b0                SDMMC_GetCmdResp6
 .text.SDMMC_CmdSetRelAdd
                0x08005750       0x30 CMakeFiles/Test_Bench.elf.dir/Drivers/STM32F4xx_HAL_Driver/Src/stm32f4xx_ll_sdmmc.c.obj
                0x08005750                SDMMC_CmdSetRelAdd
 .text.SDMMC_GetCmdResp7
                0x08005780       0x64 CMakeFiles/Test_Bench.elf.dir/Drivers/STM32F4xx_HAL_Driver/Src/stm32f4xx_ll_sdmmc.c.obj
                0x08005780                SDMMC_GetCmdResp7
 .text.SDMMC_CmdOperCond
                0x080057e4       0x2e CMakeFiles/Test_Bench.elf.dir/Drivers/STM32F4xx_HAL_Driver/Src/stm32f4xx_ll_sdmmc.c.obj
                0x080057e4                SDMMC_CmdOperCond
 .text.USB_CoreReset
                0x08005812       0x4a CMakeFiles/Test_Bench.elf.dir/Drivers/STM32F4xx_HAL_Driver/Src/stm32f4xx_ll_usb.c.obj
 .text.USB_CoreInit
                0x0800585c       0x92 CMakeFiles/Test_Bench.elf.dir/Drivers/STM32F4xx_HAL_Driver/Src/stm32f4xx_ll_usb.c.obj
                0x0800585c                USB_CoreInit
 *fill*         0x080058ee        0x2 
 .text.USB_SetTurnaroundTime
                0x080058f0       0xe4 CMakeFiles/Test_Bench.elf.dir/Drivers/STM32F4xx_HAL_Driver/Src/stm32f4xx_ll_usb.c.obj
                0x080058f0                USB_SetTurnaroundTime
 .text.USB_EnableGlobalInt
                0x080059d4        0xc CMakeFiles/Test_Bench.elf.dir/Drivers/STM32F4xx_HAL_Driver/Src/stm32f4xx_ll_usb.c.obj
                0x080059d4                USB_EnableGlobalInt
 .text.USB_DisableGlobalInt
                0x080059e0        0xc CMakeFiles/Test_Bench.elf.dir/Drivers/STM32F4xx_HAL_Driver/Src/stm32f4xx_ll_usb.c.obj
                0x080059e0                USB_DisableGlobalInt
 .text.USB_FlushTxFifo
                0x080059ec       0x4a CMakeFiles/Test_Bench.elf.dir/Drivers/STM32F4xx_HAL_Driver/Src/stm32f4xx_ll_usb.c.obj
                0x080059ec                USB_FlushTxFifo
 .text.USB_FlushRxFifo
                0x08005a36       0x46 CMakeFiles/Test_Bench.elf.dir/Drivers/STM32F4xx_HAL_Driver/Src/stm32f4xx_ll_usb.c.obj
                0x08005a36                USB_FlushRxFifo
 .text.USB_SetDevSpeed
                0x08005a7c        0xe CMakeFiles/Test_Bench.elf.dir/Drivers/STM32F4xx_HAL_Driver/Src/stm32f4xx_ll_usb.c.obj
                0x08005a7c                USB_SetDevSpeed
 *fill*         0x08005a8a        0x2 
 .text.USB_DevInit
                0x08005a8c      0x194 CMakeFiles/Test_Bench.elf.dir/Drivers/STM32F4xx_HAL_Driver/Src/stm32f4xx_ll_usb.c.obj
                0x08005a8c                USB_DevInit
 .text.USB_GetDevSpeed
                0x08005c20       0x22 CMakeFiles/Test_Bench.elf.dir/Drivers/STM32F4xx_HAL_Driver/Src/stm32f4xx_ll_usb.c.obj
                0x08005c20                USB_GetDevSpeed
 .text.USB_ActivateEndpoint
                0x08005c42       0x9a CMakeFiles/Test_Bench.elf.dir/Drivers/STM32F4xx_HAL_Driver/Src/stm32f4xx_ll_usb.c.obj
                0x08005c42                USB_ActivateEndpoint
 .text.USB_DeactivateEndpoint
                0x08005cdc       0xe0 CMakeFiles/Test_Bench.elf.dir/Drivers/STM32F4xx_HAL_Driver/Src/stm32f4xx_ll_usb.c.obj
                0x08005cdc                USB_DeactivateEndpoint
 .text.USB_EPStopXfer
                0x08005dbc       0xbc CMakeFiles/Test_Bench.elf.dir/Drivers/STM32F4xx_HAL_Driver/Src/stm32f4xx_ll_usb.c.obj
                0x08005dbc                USB_EPStopXfer
 .text.USB_WritePacket
                0x08005e78       0x2e CMakeFiles/Test_Bench.elf.dir/Drivers/STM32F4xx_HAL_Driver/Src/stm32f4xx_ll_usb.c.obj
                0x08005e78                USB_WritePacket
 *fill*         0x08005ea6        0x2 
 .text.USB_EPStartXfer
                0x08005ea8      0x244 CMakeFiles/Test_Bench.elf.dir/Drivers/STM32F4xx_HAL_Driver/Src/stm32f4xx_ll_usb.c.obj
                0x08005ea8                USB_EPStartXfer
 .text.USB_ReadPacket
                0x080060ec       0x46 CMakeFiles/Test_Bench.elf.dir/Drivers/STM32F4xx_HAL_Driver/Src/stm32f4xx_ll_usb.c.obj
                0x080060ec                USB_ReadPacket
 .text.USB_EPSetStall
                0x08006132       0x5a CMakeFiles/Test_Bench.elf.dir/Drivers/STM32F4xx_HAL_Driver/Src/stm32f4xx_ll_usb.c.obj
                0x08006132                USB_EPSetStall
 .text.USB_EPClearStall
                0x0800618c       0x5c CMakeFiles/Test_Bench.elf.dir/Drivers/STM32F4xx_HAL_Driver/Src/stm32f4xx_ll_usb.c.obj
                0x0800618c                USB_EPClearStall
 .text.USB_SetDevAddress
                0x080061e8       0x20 CMakeFiles/Test_Bench.elf.dir/Drivers/STM32F4xx_HAL_Driver/Src/stm32f4xx_ll_usb.c.obj
                0x080061e8                USB_SetDevAddress
 .text.USB_DevConnect
                0x08006208       0x1c CMakeFiles/Test_Bench.elf.dir/Drivers/STM32F4xx_HAL_Driver/Src/stm32f4xx_ll_usb.c.obj
                0x08006208                USB_DevConnect
 .text.USB_DevDisconnect
                0x08006224       0x1c CMakeFiles/Test_Bench.elf.dir/Drivers/STM32F4xx_HAL_Driver/Src/stm32f4xx_ll_usb.c.obj
                0x08006224                USB_DevDisconnect
 .text.USB_ReadInterrupts
                0x08006240        0x8 CMakeFiles/Test_Bench.elf.dir/Drivers/STM32F4xx_HAL_Driver/Src/stm32f4xx_ll_usb.c.obj
                0x08006240                USB_ReadInterrupts
 .text.USB_ReadDevAllOutEpInterrupt
                0x08006248       0x10 CMakeFiles/Test_Bench.elf.dir/Drivers/STM32F4xx_HAL_Driver/Src/stm32f4xx_ll_usb.c.obj
                0x08006248                USB_ReadDevAllOutEpInterrupt
 .text.USB_ReadDevAllInEpInterrupt
                0x08006258       0x10 CMakeFiles/Test_Bench.elf.dir/Drivers/STM32F4xx_HAL_Driver/Src/stm32f4xx_ll_usb.c.obj
                0x08006258                USB_ReadDevAllInEpInterrupt
 .text.USB_ReadDevOutEPInterrupt
                0x08006268       0x12 CMakeFiles/Test_Bench.elf.dir/Drivers/STM32F4xx_HAL_Driver/Src/stm32f4xx_ll_usb.c.obj
                0x08006268                USB_ReadDevOutEPInterrupt
 .text.USB_ReadDevInEPInterrupt
                0x0800627a       0x24 CMakeFiles/Test_Bench.elf.dir/Drivers/STM32F4xx_HAL_Driver/Src/stm32f4xx_ll_usb.c.obj
                0x0800627a                USB_ReadDevInEPInterrupt
 .text.USB_GetMode
                0x0800629e        0x8 CMakeFiles/Test_Bench.elf.dir/Drivers/STM32F4xx_HAL_Driver/Src/stm32f4xx_ll_usb.c.obj
                0x0800629e                USB_GetMode
 .text.USB_SetCurrentMode
                0x080062a6       0x62 CMakeFiles/Test_Bench.elf.dir/Drivers/STM32F4xx_HAL_Driver/Src/stm32f4xx_ll_usb.c.obj
                0x080062a6                USB_SetCurrentMode
 .text.USB_ActivateSetup
                0x08006308       0x1c CMakeFiles/Test_Bench.elf.dir/Drivers/STM32F4xx_HAL_Driver/Src/stm32f4xx_ll_usb.c.obj
                0x08006308                USB_ActivateSetup
 .text.USB_EP0_OutStart
                0x08006324       0x5c CMakeFiles/Test_Bench.elf.dir/Drivers/STM32F4xx_HAL_Driver/Src/stm32f4xx_ll_usb.c.obj
                0x08006324                USB_EP0_OutStart
 .text.MX_FATFS_Init
                0x08006380       0x1c CMakeFiles/Test_Bench.elf.dir/FATFS/App/fatfs.c.obj
                0x08006380                MX_FATFS_Init
 .text.get_fattime
                0x0800639c        0x4 CMakeFiles/Test_Bench.elf.dir/FATFS/App/fatfs.c.obj
                0x0800639c                get_fattime
 .text.BSP_SD_ReadBlocks
                0x080063a0       0x20 CMakeFiles/Test_Bench.elf.dir/FATFS/Target/bsp_driver_sd.c.obj
                0x080063a0                BSP_SD_ReadBlocks
 .text.BSP_SD_WriteBlocks
                0x080063c0       0x20 CMakeFiles/Test_Bench.elf.dir/FATFS/Target/bsp_driver_sd.c.obj
                0x080063c0                BSP_SD_WriteBlocks
 .text.BSP_SD_GetCardState
                0x080063e0       0x14 CMakeFiles/Test_Bench.elf.dir/FATFS/Target/bsp_driver_sd.c.obj
                0x080063e0                BSP_SD_GetCardState
 .text.BSP_SD_GetCardInfo
                0x080063f4       0x10 CMakeFiles/Test_Bench.elf.dir/FATFS/Target/bsp_driver_sd.c.obj
                0x080063f4                BSP_SD_GetCardInfo
 .text.BSP_SD_AbortCallback
                0x08006404        0x2 CMakeFiles/Test_Bench.elf.dir/FATFS/Target/bsp_driver_sd.c.obj
                0x08006404                BSP_SD_AbortCallback
 .text.HAL_SD_AbortCallback
                0x08006406        0x8 CMakeFiles/Test_Bench.elf.dir/FATFS/Target/bsp_driver_sd.c.obj
                0x08006406                HAL_SD_AbortCallback
 .text.BSP_SD_WriteCpltCallback
                0x0800640e        0x2 CMakeFiles/Test_Bench.elf.dir/FATFS/Target/bsp_driver_sd.c.obj
                0x0800640e                BSP_SD_WriteCpltCallback
 .text.HAL_SD_TxCpltCallback
                0x08006410        0x8 CMakeFiles/Test_Bench.elf.dir/FATFS/Target/bsp_driver_sd.c.obj
                0x08006410                HAL_SD_TxCpltCallback
 .text.BSP_SD_ReadCpltCallback
                0x08006418        0x2 CMakeFiles/Test_Bench.elf.dir/FATFS/Target/bsp_driver_sd.c.obj
                0x08006418                BSP_SD_ReadCpltCallback
 .text.HAL_SD_RxCpltCallback
                0x0800641a        0x8 CMakeFiles/Test_Bench.elf.dir/FATFS/Target/bsp_driver_sd.c.obj
                0x0800641a                HAL_SD_RxCpltCallback
 .text.BSP_SD_IsDetected
                0x08006422       0x10 CMakeFiles/Test_Bench.elf.dir/FATFS/Target/bsp_driver_sd.c.obj
                0x08006422                BSP_SD_IsDetected
 *fill*         0x08006432        0x2 
 .text.BSP_SD_Init
                0x08006434       0x1c CMakeFiles/Test_Bench.elf.dir/FATFS/Target/bsp_driver_sd.c.obj
                0x08006434                BSP_SD_Init
 .text.SD_CheckStatus
                0x08006450       0x24 CMakeFiles/Test_Bench.elf.dir/FATFS/Target/sd_diskio.c.obj
 .text.SD_initialize
                0x08006474       0x28 CMakeFiles/Test_Bench.elf.dir/FATFS/Target/sd_diskio.c.obj
                0x08006474                SD_initialize
 .text.SD_status
                0x0800649c        0x8 CMakeFiles/Test_Bench.elf.dir/FATFS/Target/sd_diskio.c.obj
                0x0800649c                SD_status
 .text.SD_read  0x080064a4       0x24 CMakeFiles/Test_Bench.elf.dir/FATFS/Target/sd_diskio.c.obj
                0x080064a4                SD_read
 .text.SD_write
                0x080064c8       0x24 CMakeFiles/Test_Bench.elf.dir/FATFS/Target/sd_diskio.c.obj
                0x080064c8                SD_write
 .text.SD_ioctl
                0x080064ec       0x58 CMakeFiles/Test_Bench.elf.dir/FATFS/Target/sd_diskio.c.obj
                0x080064ec                SD_ioctl
 .text.USBD_CDC_EP0_RxReady
                0x08006544       0x40 CMakeFiles/Test_Bench.elf.dir/Middlewares/ST/STM32_USB_Device_Library/Class/CDC/Src/usbd_cdc.c.obj
 .text.USBD_CDC_GetDeviceQualifierDescriptor
                0x08006584        0xc CMakeFiles/Test_Bench.elf.dir/Middlewares/ST/STM32_USB_Device_Library/Class/CDC/Src/usbd_cdc.c.obj
                0x08006584                USBD_CDC_GetDeviceQualifierDescriptor
 .text.USBD_CDC_GetOtherSpeedCfgDesc
                0x08006590       0x48 CMakeFiles/Test_Bench.elf.dir/Middlewares/ST/STM32_USB_Device_Library/Class/CDC/Src/usbd_cdc.c.obj
 .text.USBD_CDC_GetFSCfgDesc
                0x080065d8       0x48 CMakeFiles/Test_Bench.elf.dir/Middlewares/ST/STM32_USB_Device_Library/Class/CDC/Src/usbd_cdc.c.obj
 .text.USBD_CDC_GetHSCfgDesc
                0x08006620       0x48 CMakeFiles/Test_Bench.elf.dir/Middlewares/ST/STM32_USB_Device_Library/Class/CDC/Src/usbd_cdc.c.obj
 .text.USBD_CDC_DataOut
                0x08006668       0x38 CMakeFiles/Test_Bench.elf.dir/Middlewares/ST/STM32_USB_Device_Library/Class/CDC/Src/usbd_cdc.c.obj
 .text.USBD_CDC_DataIn
                0x080066a0       0x7c CMakeFiles/Test_Bench.elf.dir/Middlewares/ST/STM32_USB_Device_Library/Class/CDC/Src/usbd_cdc.c.obj
 .text.USBD_CDC_Setup
                0x0800671c      0x11a CMakeFiles/Test_Bench.elf.dir/Middlewares/ST/STM32_USB_Device_Library/Class/CDC/Src/usbd_cdc.c.obj
 .text.USBD_CDC_DeInit
                0x08006836       0x64 CMakeFiles/Test_Bench.elf.dir/Middlewares/ST/STM32_USB_Device_Library/Class/CDC/Src/usbd_cdc.c.obj
 .text.USBD_CDC_Init
                0x0800689a       0xee CMakeFiles/Test_Bench.elf.dir/Middlewares/ST/STM32_USB_Device_Library/Class/CDC/Src/usbd_cdc.c.obj
 .text.USBD_CDC_RegisterInterface
                0x08006988       0x16 CMakeFiles/Test_Bench.elf.dir/Middlewares/ST/STM32_USB_Device_Library/Class/CDC/Src/usbd_cdc.c.obj
                0x08006988                USBD_CDC_RegisterInterface
 .text.USBD_CDC_SetTxBuffer
                0x0800699e       0x1c CMakeFiles/Test_Bench.elf.dir/Middlewares/ST/STM32_USB_Device_Library/Class/CDC/Src/usbd_cdc.c.obj
                0x0800699e                USBD_CDC_SetTxBuffer
 .text.USBD_CDC_SetRxBuffer
                0x080069ba       0x18 CMakeFiles/Test_Bench.elf.dir/Middlewares/ST/STM32_USB_Device_Library/Class/CDC/Src/usbd_cdc.c.obj
                0x080069ba                USBD_CDC_SetRxBuffer
 .text.USBD_CDC_TransmitPacket
                0x080069d2       0x36 CMakeFiles/Test_Bench.elf.dir/Middlewares/ST/STM32_USB_Device_Library/Class/CDC/Src/usbd_cdc.c.obj
                0x080069d2                USBD_CDC_TransmitPacket
 .text.USBD_CDC_ReceivePacket
                0x08006a08       0x38 CMakeFiles/Test_Bench.elf.dir/Middlewares/ST/STM32_USB_Device_Library/Class/CDC/Src/usbd_cdc.c.obj
                0x08006a08                USBD_CDC_ReceivePacket
 .text.USBD_Init
                0x08006a40       0x2e CMakeFiles/Test_Bench.elf.dir/Middlewares/ST/STM32_USB_Device_Library/Core/Src/usbd_core.c.obj
                0x08006a40                USBD_Init
 .text.USBD_RegisterClass
                0x08006a6e       0x40 CMakeFiles/Test_Bench.elf.dir/Middlewares/ST/STM32_USB_Device_Library/Core/Src/usbd_core.c.obj
                0x08006a6e                USBD_RegisterClass
 .text.USBD_Start
                0x08006aae        0x8 CMakeFiles/Test_Bench.elf.dir/Middlewares/ST/STM32_USB_Device_Library/Core/Src/usbd_core.c.obj
                0x08006aae                USBD_Start
 .text.USBD_SetClassConfig
                0x08006ab6       0x12 CMakeFiles/Test_Bench.elf.dir/Middlewares/ST/STM32_USB_Device_Library/Core/Src/usbd_core.c.obj
                0x08006ab6                USBD_SetClassConfig
 .text.USBD_ClrClassConfig
                0x08006ac8       0x12 CMakeFiles/Test_Bench.elf.dir/Middlewares/ST/STM32_USB_Device_Library/Core/Src/usbd_core.c.obj
                0x08006ac8                USBD_ClrClassConfig
 .text.USBD_LL_SetupStage
                0x08006ada       0x58 CMakeFiles/Test_Bench.elf.dir/Middlewares/ST/STM32_USB_Device_Library/Core/Src/usbd_core.c.obj
                0x08006ada                USBD_LL_SetupStage
 .text.USBD_LL_Reset
                0x08006b32       0x64 CMakeFiles/Test_Bench.elf.dir/Middlewares/ST/STM32_USB_Device_Library/Core/Src/usbd_core.c.obj
                0x08006b32                USBD_LL_Reset
 .text.USBD_LL_SetSpeed
                0x08006b96        0x6 CMakeFiles/Test_Bench.elf.dir/Middlewares/ST/STM32_USB_Device_Library/Core/Src/usbd_core.c.obj
                0x08006b96                USBD_LL_SetSpeed
 .text.USBD_LL_Suspend
                0x08006b9c       0x1e CMakeFiles/Test_Bench.elf.dir/Middlewares/ST/STM32_USB_Device_Library/Core/Src/usbd_core.c.obj
                0x08006b9c                USBD_LL_Suspend
 .text.USBD_LL_Resume
                0x08006bba       0x1a CMakeFiles/Test_Bench.elf.dir/Middlewares/ST/STM32_USB_Device_Library/Core/Src/usbd_core.c.obj
                0x08006bba                USBD_LL_Resume
 .text.USBD_LL_SOF
                0x08006bd4       0x22 CMakeFiles/Test_Bench.elf.dir/Middlewares/ST/STM32_USB_Device_Library/Core/Src/usbd_core.c.obj
                0x08006bd4                USBD_LL_SOF
 .text.USBD_LL_IsoINIncomplete
                0x08006bf6       0x2e CMakeFiles/Test_Bench.elf.dir/Middlewares/ST/STM32_USB_Device_Library/Core/Src/usbd_core.c.obj
                0x08006bf6                USBD_LL_IsoINIncomplete
 .text.USBD_LL_IsoOUTIncomplete
                0x08006c24       0x2e CMakeFiles/Test_Bench.elf.dir/Middlewares/ST/STM32_USB_Device_Library/Core/Src/usbd_core.c.obj
                0x08006c24                USBD_LL_IsoOUTIncomplete
 .text.USBD_LL_DevConnected
                0x08006c52        0x4 CMakeFiles/Test_Bench.elf.dir/Middlewares/ST/STM32_USB_Device_Library/Core/Src/usbd_core.c.obj
                0x08006c52                USBD_LL_DevConnected
 .text.USBD_LL_DevDisconnected
                0x08006c56       0x20 CMakeFiles/Test_Bench.elf.dir/Middlewares/ST/STM32_USB_Device_Library/Core/Src/usbd_core.c.obj
                0x08006c56                USBD_LL_DevDisconnected
 .text.USBD_CoreFindIF
                0x08006c76        0x4 CMakeFiles/Test_Bench.elf.dir/Middlewares/ST/STM32_USB_Device_Library/Core/Src/usbd_core.c.obj
                0x08006c76                USBD_CoreFindIF
 .text.USBD_CoreFindEP
                0x08006c7a        0x4 CMakeFiles/Test_Bench.elf.dir/Middlewares/ST/STM32_USB_Device_Library/Core/Src/usbd_core.c.obj
                0x08006c7a                USBD_CoreFindEP
 .text.USBD_LL_DataOutStage
                0x08006c7e       0xc4 CMakeFiles/Test_Bench.elf.dir/Middlewares/ST/STM32_USB_Device_Library/Core/Src/usbd_core.c.obj
                0x08006c7e                USBD_LL_DataOutStage
 .text.USBD_LL_DataInStage
                0x08006d42       0xd6 CMakeFiles/Test_Bench.elf.dir/Middlewares/ST/STM32_USB_Device_Library/Core/Src/usbd_core.c.obj
                0x08006d42                USBD_LL_DataInStage
 .text.USBD_GetNextDesc
                0x08006e18        0xe CMakeFiles/Test_Bench.elf.dir/Middlewares/ST/STM32_USB_Device_Library/Core/Src/usbd_core.c.obj
                0x08006e18                USBD_GetNextDesc
 .text.USBD_GetEpDesc
                0x08006e26       0x3e CMakeFiles/Test_Bench.elf.dir/Middlewares/ST/STM32_USB_Device_Library/Core/Src/usbd_core.c.obj
                0x08006e26                USBD_GetEpDesc
 .text.USBD_GetLen
                0x08006e64       0x14 CMakeFiles/Test_Bench.elf.dir/Middlewares/ST/STM32_USB_Device_Library/Core/Src/usbd_ctlreq.c.obj
 .text.USBD_ParseSetupRequest
                0x08006e78       0x28 CMakeFiles/Test_Bench.elf.dir/Middlewares/ST/STM32_USB_Device_Library/Core/Src/usbd_ctlreq.c.obj
                0x08006e78                USBD_ParseSetupRequest
 .text.USBD_CtlError
                0x08006ea0       0x14 CMakeFiles/Test_Bench.elf.dir/Middlewares/ST/STM32_USB_Device_Library/Core/Src/usbd_ctlreq.c.obj
                0x08006ea0                USBD_CtlError
 .text.USBD_GetDescriptor
                0x08006eb4      0x18a CMakeFiles/Test_Bench.elf.dir/Middlewares/ST/STM32_USB_Device_Library/Core/Src/usbd_ctlreq.c.obj
 .text.USBD_SetAddress
                0x0800703e       0x50 CMakeFiles/Test_Bench.elf.dir/Middlewares/ST/STM32_USB_Device_Library/Core/Src/usbd_ctlreq.c.obj
 *fill*         0x0800708e        0x2 
 .text.USBD_SetConfig
                0x08007090       0xcc CMakeFiles/Test_Bench.elf.dir/Middlewares/ST/STM32_USB_Device_Library/Core/Src/usbd_ctlreq.c.obj
 .text.USBD_GetConfig
                0x0800715c       0x40 CMakeFiles/Test_Bench.elf.dir/Middlewares/ST/STM32_USB_Device_Library/Core/Src/usbd_ctlreq.c.obj
 .text.USBD_GetStatus
                0x0800719c       0x38 CMakeFiles/Test_Bench.elf.dir/Middlewares/ST/STM32_USB_Device_Library/Core/Src/usbd_ctlreq.c.obj
 .text.USBD_SetFeature
                0x080071d4       0x2a CMakeFiles/Test_Bench.elf.dir/Middlewares/ST/STM32_USB_Device_Library/Core/Src/usbd_ctlreq.c.obj
 .text.USBD_ClrFeature
                0x080071fe       0x26 CMakeFiles/Test_Bench.elf.dir/Middlewares/ST/STM32_USB_Device_Library/Core/Src/usbd_ctlreq.c.obj
 .text.USBD_StdDevReq
                0x08007224       0x76 CMakeFiles/Test_Bench.elf.dir/Middlewares/ST/STM32_USB_Device_Library/Core/Src/usbd_ctlreq.c.obj
                0x08007224                USBD_StdDevReq
 .text.USBD_StdItfReq
                0x0800729a       0x84 CMakeFiles/Test_Bench.elf.dir/Middlewares/ST/STM32_USB_Device_Library/Core/Src/usbd_ctlreq.c.obj
                0x0800729a                USBD_StdItfReq
 .text.USBD_StdEPReq
                0x0800731e      0x230 CMakeFiles/Test_Bench.elf.dir/Middlewares/ST/STM32_USB_Device_Library/Core/Src/usbd_ctlreq.c.obj
                0x0800731e                USBD_StdEPReq
 .text.USBD_GetString
                0x0800754e       0x46 CMakeFiles/Test_Bench.elf.dir/Middlewares/ST/STM32_USB_Device_Library/Core/Src/usbd_ctlreq.c.obj
                0x0800754e                USBD_GetString
 .text.USBD_CtlSendData
                0x08007594       0x1a CMakeFiles/Test_Bench.elf.dir/Middlewares/ST/STM32_USB_Device_Library/Core/Src/usbd_ioreq.c.obj
                0x08007594                USBD_CtlSendData
 .text.USBD_CtlContinueSendData
                0x080075ae       0x10 CMakeFiles/Test_Bench.elf.dir/Middlewares/ST/STM32_USB_Device_Library/Core/Src/usbd_ioreq.c.obj
                0x080075ae                USBD_CtlContinueSendData
 .text.USBD_CtlPrepareRx
                0x080075be       0x1e CMakeFiles/Test_Bench.elf.dir/Middlewares/ST/STM32_USB_Device_Library/Core/Src/usbd_ioreq.c.obj
                0x080075be                USBD_CtlPrepareRx
 .text.USBD_CtlContinueRx
                0x080075dc       0x10 CMakeFiles/Test_Bench.elf.dir/Middlewares/ST/STM32_USB_Device_Library/Core/Src/usbd_ioreq.c.obj
                0x080075dc                USBD_CtlContinueRx
 .text.USBD_CtlSendStatus
                0x080075ec       0x16 CMakeFiles/Test_Bench.elf.dir/Middlewares/ST/STM32_USB_Device_Library/Core/Src/usbd_ioreq.c.obj
                0x080075ec                USBD_CtlSendStatus
 .text.USBD_CtlReceiveStatus
                0x08007602       0x16 CMakeFiles/Test_Bench.elf.dir/Middlewares/ST/STM32_USB_Device_Library/Core/Src/usbd_ioreq.c.obj
                0x08007602                USBD_CtlReceiveStatus
 .text.disk_status
                0x08007618       0x18 CMakeFiles/Test_Bench.elf.dir/Middlewares/Third_Party/FatFs/src/diskio.c.obj
                0x08007618                disk_status
 .text.disk_initialize
                0x08007630       0x2c CMakeFiles/Test_Bench.elf.dir/Middlewares/Third_Party/FatFs/src/diskio.c.obj
                0x08007630                disk_initialize
 .text.disk_read
                0x0800765c       0x18 CMakeFiles/Test_Bench.elf.dir/Middlewares/Third_Party/FatFs/src/diskio.c.obj
                0x0800765c                disk_read
 .text.disk_write
                0x08007674       0x18 CMakeFiles/Test_Bench.elf.dir/Middlewares/Third_Party/FatFs/src/diskio.c.obj
                0x08007674                disk_write
 .text.disk_ioctl
                0x0800768c       0x18 CMakeFiles/Test_Bench.elf.dir/Middlewares/Third_Party/FatFs/src/diskio.c.obj
                0x0800768c                disk_ioctl
 .text.ld_word  0x080076a4        0xa CMakeFiles/Test_Bench.elf.dir/Middlewares/Third_Party/FatFs/src/ff.c.obj
 .text.ld_dword
                0x080076ae       0x16 CMakeFiles/Test_Bench.elf.dir/Middlewares/Third_Party/FatFs/src/ff.c.obj
 .text.st_word  0x080076c4        0x8 CMakeFiles/Test_Bench.elf.dir/Middlewares/Third_Party/FatFs/src/ff.c.obj
 .text.st_dword
                0x080076cc       0x14 CMakeFiles/Test_Bench.elf.dir/Middlewares/Third_Party/FatFs/src/ff.c.obj
 .text.mem_cpy  0x080076e0       0x14 CMakeFiles/Test_Bench.elf.dir/Middlewares/Third_Party/FatFs/src/ff.c.obj
 .text.mem_set  0x080076f4        0xa CMakeFiles/Test_Bench.elf.dir/Middlewares/Third_Party/FatFs/src/ff.c.obj
 .text.mem_cmp  0x080076fe       0x1a CMakeFiles/Test_Bench.elf.dir/Middlewares/Third_Party/FatFs/src/ff.c.obj
 .text.chk_chr  0x08007718       0x10 CMakeFiles/Test_Bench.elf.dir/Middlewares/Third_Party/FatFs/src/ff.c.obj
 .text.chk_lock
                0x08007728       0x74 CMakeFiles/Test_Bench.elf.dir/Middlewares/Third_Party/FatFs/src/ff.c.obj
 .text.enq_lock
                0x0800779c       0x20 CMakeFiles/Test_Bench.elf.dir/Middlewares/Third_Party/FatFs/src/ff.c.obj
 .text.inc_lock
                0x080077bc       0xa4 CMakeFiles/Test_Bench.elf.dir/Middlewares/Third_Party/FatFs/src/ff.c.obj
 .text.dec_lock
                0x08007860       0x40 CMakeFiles/Test_Bench.elf.dir/Middlewares/Third_Party/FatFs/src/ff.c.obj
 .text.clear_lock
                0x080078a0       0x38 CMakeFiles/Test_Bench.elf.dir/Middlewares/Third_Party/FatFs/src/ff.c.obj
 .text.clust2sect
                0x080078d8       0x18 CMakeFiles/Test_Bench.elf.dir/Middlewares/Third_Party/FatFs/src/ff.c.obj
 .text.clmt_clust
                0x080078f0       0x22 CMakeFiles/Test_Bench.elf.dir/Middlewares/Third_Party/FatFs/src/ff.c.obj
 .text.ld_clust
                0x08007912       0x26 CMakeFiles/Test_Bench.elf.dir/Middlewares/Third_Party/FatFs/src/ff.c.obj
 .text.st_clust
                0x08007938       0x26 CMakeFiles/Test_Bench.elf.dir/Middlewares/Third_Party/FatFs/src/ff.c.obj
 *fill*         0x0800795e        0x2 
 .text.put_lfn  0x08007960       0x78 CMakeFiles/Test_Bench.elf.dir/Middlewares/Third_Party/FatFs/src/ff.c.obj
 .text.gen_numname
                0x080079d8       0xbc CMakeFiles/Test_Bench.elf.dir/Middlewares/Third_Party/FatFs/src/ff.c.obj
 .text.sum_sfn  0x08007a94       0x20 CMakeFiles/Test_Bench.elf.dir/Middlewares/Third_Party/FatFs/src/ff.c.obj
 .text.get_ldnumber
                0x08007ab4       0x52 CMakeFiles/Test_Bench.elf.dir/Middlewares/Third_Party/FatFs/src/ff.c.obj
 .text.validate
                0x08007b06       0x46 CMakeFiles/Test_Bench.elf.dir/Middlewares/Third_Party/FatFs/src/ff.c.obj
 .text.sync_window
                0x08007b4c       0x54 CMakeFiles/Test_Bench.elf.dir/Middlewares/Third_Party/FatFs/src/ff.c.obj
 .text.move_window
                0x08007ba0       0x36 CMakeFiles/Test_Bench.elf.dir/Middlewares/Third_Party/FatFs/src/ff.c.obj
 *fill*         0x08007bd6        0x2 
 .text.check_fs
                0x08007bd8       0x78 CMakeFiles/Test_Bench.elf.dir/Middlewares/Third_Party/FatFs/src/ff.c.obj
 .text.find_volume
                0x08007c50      0x2fc CMakeFiles/Test_Bench.elf.dir/Middlewares/Third_Party/FatFs/src/ff.c.obj
 .text.put_fat  0x08007f4c      0x104 CMakeFiles/Test_Bench.elf.dir/Middlewares/Third_Party/FatFs/src/ff.c.obj
 .text.get_fat  0x08008050       0xd0 CMakeFiles/Test_Bench.elf.dir/Middlewares/Third_Party/FatFs/src/ff.c.obj
 .text.dir_sdi  0x08008120       0xac CMakeFiles/Test_Bench.elf.dir/Middlewares/Third_Party/FatFs/src/ff.c.obj
 .text.create_chain
                0x080081cc       0xcc CMakeFiles/Test_Bench.elf.dir/Middlewares/Third_Party/FatFs/src/ff.c.obj
 .text.remove_chain
                0x08008298       0x7e CMakeFiles/Test_Bench.elf.dir/Middlewares/Third_Party/FatFs/src/ff.c.obj
 .text.dir_next
                0x08008316      0x108 CMakeFiles/Test_Bench.elf.dir/Middlewares/Third_Party/FatFs/src/ff.c.obj
 .text.dir_alloc
                0x0800841e       0x50 CMakeFiles/Test_Bench.elf.dir/Middlewares/Third_Party/FatFs/src/ff.c.obj
 *fill*         0x0800846e        0x2 
 .text.create_name
                0x08008470      0x27c CMakeFiles/Test_Bench.elf.dir/Middlewares/Third_Party/FatFs/src/ff.c.obj
 .text.cmp_lfn  0x080086ec       0xa0 CMakeFiles/Test_Bench.elf.dir/Middlewares/Third_Party/FatFs/src/ff.c.obj
 .text.dir_find
                0x0800878c       0xe6 CMakeFiles/Test_Bench.elf.dir/Middlewares/Third_Party/FatFs/src/ff.c.obj
 .text.follow_path
                0x08008872       0x8c CMakeFiles/Test_Bench.elf.dir/Middlewares/Third_Party/FatFs/src/ff.c.obj
 *fill*         0x080088fe        0x2 
 .text.dir_register
                0x08008900      0x140 CMakeFiles/Test_Bench.elf.dir/Middlewares/Third_Party/FatFs/src/ff.c.obj
 .text.sync_fs  0x08008a40       0x8c CMakeFiles/Test_Bench.elf.dir/Middlewares/Third_Party/FatFs/src/ff.c.obj
 .text.f_mount  0x08008acc       0x5c CMakeFiles/Test_Bench.elf.dir/Middlewares/Third_Party/FatFs/src/ff.c.obj
                0x08008acc                f_mount
 .text.f_open   0x08008b28      0x23a CMakeFiles/Test_Bench.elf.dir/Middlewares/Third_Party/FatFs/src/ff.c.obj
                0x08008b28                f_open
 .text.f_write  0x08008d62      0x1fc CMakeFiles/Test_Bench.elf.dir/Middlewares/Third_Party/FatFs/src/ff.c.obj
                0x08008d62                f_write
 .text.f_sync   0x08008f5e       0x98 CMakeFiles/Test_Bench.elf.dir/Middlewares/Third_Party/FatFs/src/ff.c.obj
                0x08008f5e                f_sync
 .text.f_close  0x08008ff6       0x2a CMakeFiles/Test_Bench.elf.dir/Middlewares/Third_Party/FatFs/src/ff.c.obj
                0x08008ff6                f_close
 .text.f_lseek  0x08009020      0x288 CMakeFiles/Test_Bench.elf.dir/Middlewares/Third_Party/FatFs/src/ff.c.obj
                0x08009020                f_lseek
 .text.FATFS_LinkDriverEx
                0x080092a8       0x54 CMakeFiles/Test_Bench.elf.dir/Middlewares/Third_Party/FatFs/src/ff_gen_drv.c.obj
                0x080092a8                FATFS_LinkDriverEx
 .text.FATFS_LinkDriver
                0x080092fc        0xa CMakeFiles/Test_Bench.elf.dir/Middlewares/Third_Party/FatFs/src/ff_gen_drv.c.obj
                0x080092fc                FATFS_LinkDriver
 *fill*         0x08009306        0x2 
 .text.ff_convert
                0x08009308       0x54 CMakeFiles/Test_Bench.elf.dir/Middlewares/Third_Party/FatFs/src/option/cc936.c.obj
                0x08009308                ff_convert
 .text.ff_wtoupper
                0x0800935c       0x9c CMakeFiles/Test_Bench.elf.dir/Middlewares/Third_Party/FatFs/src/option/cc936.c.obj
                0x0800935c                ff_wtoupper
 .text.ff_memalloc
                0x080093f8        0x8 CMakeFiles/Test_Bench.elf.dir/Middlewares/Third_Party/FatFs/src/option/syscall.c.obj
                0x080093f8                ff_memalloc
 .text.ff_memfree
                0x08009400        0x8 CMakeFiles/Test_Bench.elf.dir/Middlewares/Third_Party/FatFs/src/option/syscall.c.obj
                0x08009400                ff_memfree
 .text.HAL_TIM_PeriodElapsedCallback
                0x08009408       0x30 CMakeFiles/Test_Bench.elf.dir/Private/EXTI.c.obj
                0x08009408                HAL_TIM_PeriodElapsedCallback
 .text.pre_send_reback
                0x08009438       0x40 CMakeFiles/Test_Bench.elf.dir/Private/Pressure_Sensor/pre_sen.c.obj
                0x08009438                pre_send_reback
 .text.pre_init
                0x08009478       0x4c CMakeFiles/Test_Bench.elf.dir/Private/Pressure_Sensor/pre_sen.c.obj
                0x08009478                pre_init
 .text.pre_read_value
                0x080094c4       0x3c CMakeFiles/Test_Bench.elf.dir/Private/Pressure_Sensor/pre_sen.c.obj
                0x080094c4                pre_read_value
 .text.SD_files_Init
                0x08009500       0x24 CMakeFiles/Test_Bench.elf.dir/Private/file_conf.c.obj
                0x08009500                SD_files_Init
 .text.SD_files_mount
                0x08009524       0x44 CMakeFiles/Test_Bench.elf.dir/Private/file_conf.c.obj
                0x08009524                SD_files_mount
 .text.SD_files_New
                0x08009568       0x34 CMakeFiles/Test_Bench.elf.dir/Private/file_conf.c.obj
                0x08009568                SD_files_New
 .text.SD_files_Write
                0x0800959c       0xb8 CMakeFiles/Test_Bench.elf.dir/Private/file_conf.c.obj
                0x0800959c                SD_files_Write
 .text.SD_files_Close
                0x08009654       0x30 CMakeFiles/Test_Bench.elf.dir/Private/file_conf.c.obj
                0x08009654                SD_files_Close
 .text.Send_Error_to_PC
                0x08009684       0x26 CMakeFiles/Test_Bench.elf.dir/Private/message_define.c.obj
                0x08009684                Send_Error_to_PC
 .text.Send_Warning_to_PC
                0x080096aa       0x2a CMakeFiles/Test_Bench.elf.dir/Private/message_define.c.obj
                0x080096aa                Send_Warning_to_PC
 .text.Send_Init_Success_to_PC
                0x080096d4       0x22 CMakeFiles/Test_Bench.elf.dir/Private/message_define.c.obj
                0x080096d4                Send_Init_Success_to_PC
 *fill*         0x080096f6        0x2 
 .text.temp_receive
                0x080096f8       0x60 CMakeFiles/Test_Bench.elf.dir/Private/temprature.c.obj
                0x080096f8                temp_receive
 .text.MX_USB_DEVICE_Init
                0x08009758       0x54 CMakeFiles/Test_Bench.elf.dir/USB_DEVICE/App/usb_device.c.obj
                0x08009758                MX_USB_DEVICE_Init
 .text.CDC_DeInit_FS
                0x080097ac        0x4 CMakeFiles/Test_Bench.elf.dir/USB_DEVICE/App/usbd_cdc_if.c.obj
 .text.CDC_Control_FS
                0x080097b0        0x4 CMakeFiles/Test_Bench.elf.dir/USB_DEVICE/App/usbd_cdc_if.c.obj
 .text.CDC_TransmitCplt_FS
                0x080097b4        0x4 CMakeFiles/Test_Bench.elf.dir/USB_DEVICE/App/usbd_cdc_if.c.obj
 .text.CDC_Receive_FS
                0x080097b8       0x44 CMakeFiles/Test_Bench.elf.dir/USB_DEVICE/App/usbd_cdc_if.c.obj
 .text.CDC_Init_FS
                0x080097fc       0x28 CMakeFiles/Test_Bench.elf.dir/USB_DEVICE/App/usbd_cdc_if.c.obj
 .text.CDC_Transmit_FS
                0x08009824       0x2c CMakeFiles/Test_Bench.elf.dir/USB_DEVICE/App/usbd_cdc_if.c.obj
                0x08009824                CDC_Transmit_FS
 .text.USBD_FS_DeviceDescriptor
                0x08009850        0xc CMakeFiles/Test_Bench.elf.dir/USB_DEVICE/App/usbd_desc.c.obj
                0x08009850                USBD_FS_DeviceDescriptor
 .text.USBD_FS_LangIDStrDescriptor
                0x0800985c        0xc CMakeFiles/Test_Bench.elf.dir/USB_DEVICE/App/usbd_desc.c.obj
                0x0800985c                USBD_FS_LangIDStrDescriptor
 .text.IntToUnicode
                0x08009868       0x46 CMakeFiles/Test_Bench.elf.dir/USB_DEVICE/App/usbd_desc.c.obj
 *fill*         0x080098ae        0x2 
 .text.Get_SerialNum
                0x080098b0       0x38 CMakeFiles/Test_Bench.elf.dir/USB_DEVICE/App/usbd_desc.c.obj
 .text.USBD_FS_SerialStrDescriptor
                0x080098e8       0x14 CMakeFiles/Test_Bench.elf.dir/USB_DEVICE/App/usbd_desc.c.obj
                0x080098e8                USBD_FS_SerialStrDescriptor
 .text.USBD_FS_ProductStrDescriptor
                0x080098fc       0x24 CMakeFiles/Test_Bench.elf.dir/USB_DEVICE/App/usbd_desc.c.obj
                0x080098fc                USBD_FS_ProductStrDescriptor
 .text.USBD_FS_ManufacturerStrDescriptor
                0x08009920       0x1c CMakeFiles/Test_Bench.elf.dir/USB_DEVICE/App/usbd_desc.c.obj
                0x08009920                USBD_FS_ManufacturerStrDescriptor
 .text.USBD_FS_ConfigStrDescriptor
                0x0800993c       0x24 CMakeFiles/Test_Bench.elf.dir/USB_DEVICE/App/usbd_desc.c.obj
                0x0800993c                USBD_FS_ConfigStrDescriptor
 .text.USBD_FS_InterfaceStrDescriptor
                0x08009960       0x24 CMakeFiles/Test_Bench.elf.dir/USB_DEVICE/App/usbd_desc.c.obj
                0x08009960                USBD_FS_InterfaceStrDescriptor
 .text.HAL_PCD_MspInit
                0x08009984       0x84 CMakeFiles/Test_Bench.elf.dir/USB_DEVICE/Target/usbd_conf.c.obj
                0x08009984                HAL_PCD_MspInit
 .text.HAL_PCD_SetupStageCallback
                0x08009a08       0x10 CMakeFiles/Test_Bench.elf.dir/USB_DEVICE/Target/usbd_conf.c.obj
                0x08009a08                HAL_PCD_SetupStageCallback
 .text.HAL_PCD_DataOutStageCallback
                0x08009a18       0x18 CMakeFiles/Test_Bench.elf.dir/USB_DEVICE/Target/usbd_conf.c.obj
                0x08009a18                HAL_PCD_DataOutStageCallback
 .text.HAL_PCD_DataInStageCallback
                0x08009a30       0x16 CMakeFiles/Test_Bench.elf.dir/USB_DEVICE/Target/usbd_conf.c.obj
                0x08009a30                HAL_PCD_DataInStageCallback
 .text.HAL_PCD_SOFCallback
                0x08009a46        0xc CMakeFiles/Test_Bench.elf.dir/USB_DEVICE/Target/usbd_conf.c.obj
                0x08009a46                HAL_PCD_SOFCallback
 .text.HAL_PCD_ResetCallback
                0x08009a52       0x28 CMakeFiles/Test_Bench.elf.dir/USB_DEVICE/Target/usbd_conf.c.obj
                0x08009a52                HAL_PCD_ResetCallback
 *fill*         0x08009a7a        0x2 
 .text.HAL_PCD_SuspendCallback
                0x08009a7c       0x30 CMakeFiles/Test_Bench.elf.dir/USB_DEVICE/Target/usbd_conf.c.obj
                0x08009a7c                HAL_PCD_SuspendCallback
 .text.HAL_PCD_ResumeCallback
                0x08009aac        0xc CMakeFiles/Test_Bench.elf.dir/USB_DEVICE/Target/usbd_conf.c.obj
                0x08009aac                HAL_PCD_ResumeCallback
 .text.HAL_PCD_ISOOUTIncompleteCallback
                0x08009ab8        0xc CMakeFiles/Test_Bench.elf.dir/USB_DEVICE/Target/usbd_conf.c.obj
                0x08009ab8                HAL_PCD_ISOOUTIncompleteCallback
 .text.HAL_PCD_ISOINIncompleteCallback
                0x08009ac4        0xc CMakeFiles/Test_Bench.elf.dir/USB_DEVICE/Target/usbd_conf.c.obj
                0x08009ac4                HAL_PCD_ISOINIncompleteCallback
 .text.HAL_PCD_ConnectCallback
                0x08009ad0        0xc CMakeFiles/Test_Bench.elf.dir/USB_DEVICE/Target/usbd_conf.c.obj
                0x08009ad0                HAL_PCD_ConnectCallback
 .text.HAL_PCD_DisconnectCallback
                0x08009adc        0xc CMakeFiles/Test_Bench.elf.dir/USB_DEVICE/Target/usbd_conf.c.obj
                0x08009adc                HAL_PCD_DisconnectCallback
 .text.USBD_LL_Init
                0x08009ae8       0x68 CMakeFiles/Test_Bench.elf.dir/USB_DEVICE/Target/usbd_conf.c.obj
                0x08009ae8                USBD_LL_Init
 .text.USBD_LL_IsStallEP
                0x08009b50       0x2c CMakeFiles/Test_Bench.elf.dir/USB_DEVICE/Target/usbd_conf.c.obj
                0x08009b50                USBD_LL_IsStallEP
 .text.USBD_LL_GetRxDataSize
                0x08009b7c        0xc CMakeFiles/Test_Bench.elf.dir/USB_DEVICE/Target/usbd_conf.c.obj
                0x08009b7c                USBD_LL_GetRxDataSize
 .text.USBD_static_malloc
                0x08009b88        0x8 CMakeFiles/Test_Bench.elf.dir/USB_DEVICE/Target/usbd_conf.c.obj
                0x08009b88                USBD_static_malloc
 .text.USBD_static_free
                0x08009b90        0x2 CMakeFiles/Test_Bench.elf.dir/USB_DEVICE/Target/usbd_conf.c.obj
                0x08009b90                USBD_static_free
 .text.USBD_Get_USB_Status
                0x08009b92       0x14 CMakeFiles/Test_Bench.elf.dir/USB_DEVICE/Target/usbd_conf.c.obj
                0x08009b92                USBD_Get_USB_Status
 .text.USBD_LL_Start
                0x08009ba6       0x10 CMakeFiles/Test_Bench.elf.dir/USB_DEVICE/Target/usbd_conf.c.obj
                0x08009ba6                USBD_LL_Start
 .text.USBD_LL_OpenEP
                0x08009bb6       0x16 CMakeFiles/Test_Bench.elf.dir/USB_DEVICE/Target/usbd_conf.c.obj
                0x08009bb6                USBD_LL_OpenEP
 .text.USBD_LL_CloseEP
                0x08009bcc       0x10 CMakeFiles/Test_Bench.elf.dir/USB_DEVICE/Target/usbd_conf.c.obj
                0x08009bcc                USBD_LL_CloseEP
 .text.USBD_LL_StallEP
                0x08009bdc       0x10 CMakeFiles/Test_Bench.elf.dir/USB_DEVICE/Target/usbd_conf.c.obj
                0x08009bdc                USBD_LL_StallEP
 .text.USBD_LL_ClearStallEP
                0x08009bec       0x10 CMakeFiles/Test_Bench.elf.dir/USB_DEVICE/Target/usbd_conf.c.obj
                0x08009bec                USBD_LL_ClearStallEP
 .text.USBD_LL_SetUSBAddress
                0x08009bfc       0x10 CMakeFiles/Test_Bench.elf.dir/USB_DEVICE/Target/usbd_conf.c.obj
                0x08009bfc                USBD_LL_SetUSBAddress
 .text.USBD_LL_Transmit
                0x08009c0c       0x10 CMakeFiles/Test_Bench.elf.dir/USB_DEVICE/Target/usbd_conf.c.obj
                0x08009c0c                USBD_LL_Transmit
 .text.USBD_LL_PrepareReceive
                0x08009c1c       0x10 CMakeFiles/Test_Bench.elf.dir/USB_DEVICE/Target/usbd_conf.c.obj
                0x08009c1c                USBD_LL_PrepareReceive
 .text.__udivmoddi4
                0x08009c2c      0x2bc D:/SoftwareInstallPackage/Compiler/arm-gnu-toolchain-13.3.rel1-mingw-w64-i686-arm-none-eabi/bin/../lib/gcc/arm-none-eabi/13.3.1/thumb/v7e-m/nofp\libgcc.a(_udivmoddi4.o)
                0x08009c2c                __udivmoddi4
 .text.malloc   0x08009ee8       0x10 D:/SoftwareInstallPackage/Compiler/arm-gnu-toolchain-13.3.rel1-mingw-w64-i686-arm-none-eabi/bin/../lib/gcc/arm-none-eabi/13.3.1/thumb/v7e-m/nofp\libg.a(libc_a-malloc.o)
                0x08009ee8                malloc
 .text.free     0x08009ef8       0x10 D:/SoftwareInstallPackage/Compiler/arm-gnu-toolchain-13.3.rel1-mingw-w64-i686-arm-none-eabi/bin/../lib/gcc/arm-none-eabi/13.3.1/thumb/v7e-m/nofp\libg.a(libc_a-malloc.o)
                0x08009ef8                free
 .text._malloc_r
                0x08009f08      0x564 D:/SoftwareInstallPackage/Compiler/arm-gnu-toolchain-13.3.rel1-mingw-w64-i686-arm-none-eabi/bin/../lib/gcc/arm-none-eabi/13.3.1/thumb/v7e-m/nofp\libg.a(libc_a-mallocr.o)
                0x08009f08                _malloc_r
 .text.__malloc_lock
                0x0800a46c        0xc D:/SoftwareInstallPackage/Compiler/arm-gnu-toolchain-13.3.rel1-mingw-w64-i686-arm-none-eabi/bin/../lib/gcc/arm-none-eabi/13.3.1/thumb/v7e-m/nofp\libg.a(libc_a-mlock.o)
                0x0800a46c                __malloc_lock
 .text.__malloc_unlock
                0x0800a478        0xc D:/SoftwareInstallPackage/Compiler/arm-gnu-toolchain-13.3.rel1-mingw-w64-i686-arm-none-eabi/bin/../lib/gcc/arm-none-eabi/13.3.1/thumb/v7e-m/nofp\libg.a(libc_a-mlock.o)
                0x0800a478                __malloc_unlock
 .text._strtoll_l.isra.0
                0x0800a484      0x17c D:/SoftwareInstallPackage/Compiler/arm-gnu-toolchain-13.3.rel1-mingw-w64-i686-arm-none-eabi/bin/../lib/gcc/arm-none-eabi/13.3.1/thumb/v7e-m/nofp\libg.a(libc_a-strtoll.o)
 .text.strtoll  0x0800a600       0x18 D:/SoftwareInstallPackage/Compiler/arm-gnu-toolchain-13.3.rel1-mingw-w64-i686-arm-none-eabi/bin/../lib/gcc/arm-none-eabi/13.3.1/thumb/v7e-m/nofp\libg.a(libc_a-strtoll.o)
                0x0800a600                strtoll
 .text.stdio_exit_handler
                0x0800a618       0x18 D:/SoftwareInstallPackage/Compiler/arm-gnu-toolchain-13.3.rel1-mingw-w64-i686-arm-none-eabi/bin/../lib/gcc/arm-none-eabi/13.3.1/thumb/v7e-m/nofp\libg.a(libc_a-findfp.o)
 .text.cleanup_stdio
                0x0800a630       0x40 D:/SoftwareInstallPackage/Compiler/arm-gnu-toolchain-13.3.rel1-mingw-w64-i686-arm-none-eabi/bin/../lib/gcc/arm-none-eabi/13.3.1/thumb/v7e-m/nofp\libg.a(libc_a-findfp.o)
 .text.global_stdio_init.part.0
                0x0800a670       0xf0 D:/SoftwareInstallPackage/Compiler/arm-gnu-toolchain-13.3.rel1-mingw-w64-i686-arm-none-eabi/bin/../lib/gcc/arm-none-eabi/13.3.1/thumb/v7e-m/nofp\libg.a(libc_a-findfp.o)
 .text.__sinit  0x0800a760       0x3c D:/SoftwareInstallPackage/Compiler/arm-gnu-toolchain-13.3.rel1-mingw-w64-i686-arm-none-eabi/bin/../lib/gcc/arm-none-eabi/13.3.1/thumb/v7e-m/nofp\libg.a(libc_a-findfp.o)
                0x0800a760                __sinit
 .text.__sfp_lock_acquire
                0x0800a79c        0xc D:/SoftwareInstallPackage/Compiler/arm-gnu-toolchain-13.3.rel1-mingw-w64-i686-arm-none-eabi/bin/../lib/gcc/arm-none-eabi/13.3.1/thumb/v7e-m/nofp\libg.a(libc_a-findfp.o)
                0x0800a79c                __sfp_lock_acquire
 .text.__sfp_lock_release
                0x0800a7a8        0xc D:/SoftwareInstallPackage/Compiler/arm-gnu-toolchain-13.3.rel1-mingw-w64-i686-arm-none-eabi/bin/../lib/gcc/arm-none-eabi/13.3.1/thumb/v7e-m/nofp\libg.a(libc_a-findfp.o)
                0x0800a7a8                __sfp_lock_release
 .text._fwalk_sglue
                0x0800a7b4       0x44 D:/SoftwareInstallPackage/Compiler/arm-gnu-toolchain-13.3.rel1-mingw-w64-i686-arm-none-eabi/bin/../lib/gcc/arm-none-eabi/13.3.1/thumb/v7e-m/nofp\libg.a(libc_a-fwalk.o)
                0x0800a7b4                _fwalk_sglue
 .text.snprintf
                0x0800a7f8       0x90 D:/SoftwareInstallPackage/Compiler/arm-gnu-toolchain-13.3.rel1-mingw-w64-i686-arm-none-eabi/bin/../lib/gcc/arm-none-eabi/13.3.1/thumb/v7e-m/nofp\libg.a(libc_a-snprintf.o)
                0x0800a7f8                snprintf
 .text.sprintf  0x0800a888       0x44 D:/SoftwareInstallPackage/Compiler/arm-gnu-toolchain-13.3.rel1-mingw-w64-i686-arm-none-eabi/bin/../lib/gcc/arm-none-eabi/13.3.1/thumb/v7e-m/nofp\libg.a(libc_a-sprintf.o)
                0x0800a888                sprintf
 .text.__sread  0x0800a8cc       0x24 D:/SoftwareInstallPackage/Compiler/arm-gnu-toolchain-13.3.rel1-mingw-w64-i686-arm-none-eabi/bin/../lib/gcc/arm-none-eabi/13.3.1/thumb/v7e-m/nofp\libg.a(libc_a-stdio.o)
                0x0800a8cc                __sread
 .text.__swrite
                0x0800a8f0       0x40 D:/SoftwareInstallPackage/Compiler/arm-gnu-toolchain-13.3.rel1-mingw-w64-i686-arm-none-eabi/bin/../lib/gcc/arm-none-eabi/13.3.1/thumb/v7e-m/nofp\libg.a(libc_a-stdio.o)
                0x0800a8f0                __swrite
 .text.__sseek  0x0800a930       0x24 D:/SoftwareInstallPackage/Compiler/arm-gnu-toolchain-13.3.rel1-mingw-w64-i686-arm-none-eabi/bin/../lib/gcc/arm-none-eabi/13.3.1/thumb/v7e-m/nofp\libg.a(libc_a-stdio.o)
                0x0800a930                __sseek
 .text.__sclose
                0x0800a954        0x8 D:/SoftwareInstallPackage/Compiler/arm-gnu-toolchain-13.3.rel1-mingw-w64-i686-arm-none-eabi/bin/../lib/gcc/arm-none-eabi/13.3.1/thumb/v7e-m/nofp\libg.a(libc_a-stdio.o)
                0x0800a954                __sclose
 .text.memcmp   0x0800a95c       0x5c D:/SoftwareInstallPackage/Compiler/arm-gnu-toolchain-13.3.rel1-mingw-w64-i686-arm-none-eabi/bin/../lib/gcc/arm-none-eabi/13.3.1/thumb/v7e-m/nofp\libg.a(libc_a-memcmp.o)
                0x0800a95c                memcmp