Archive member included to satisfy reference by file (symbol)

D:/_SOFTW~1/_TOOLS~1/ARM-GN~1.REL/bin/../lib/gcc/arm-none-eabi/13.3.1/thumb/v7e-m/nofp\libgcc.a(_aeabi_uldivmod.o)
                              CMakeFiles/Test_Bench.elf.dir/Drivers/STM32F4xx_HAL_Driver/Src/stm32f4xx_hal_rcc.c.obj (__aeabi_uldivmod)
D:/_SOFTW~1/_TOOLS~1/ARM-GN~1.REL/bin/../lib/gcc/arm-none-eabi/13.3.1/thumb/v7e-m/nofp\libgcc.a(_udivmoddi4.o)
                              D:/_SOFTW~1/_TOOLS~1/ARM-GN~1.REL/bin/../lib/gcc/arm-none-eabi/13.3.1/thumb/v7e-m/nofp\libgcc.a(_aeabi_uldivmod.o) (__udivmoddi4)
D:/_SOFTW~1/_TOOLS~1/ARM-GN~1.REL/bin/../lib/gcc/arm-none-eabi/13.3.1/thumb/v7e-m/nofp\libgcc.a(_dvmd_tls.o)
                              D:/_SOFTW~1/_TOOLS~1/ARM-GN~1.REL/bin/../lib/gcc/arm-none-eabi/13.3.1/thumb/v7e-m/nofp\libgcc.a(_aeabi_uldivmod.o) (__aeabi_ldiv0)
D:/_SOFTW~1/_TOOLS~1/ARM-GN~1.REL/bin/../lib/gcc/arm-none-eabi/13.3.1/thumb/v7e-m/nofp\libc.a(libc_a-exit.o)
                              D:/_SOFTW~1/_TOOLS~1/ARM-GN~1.REL/bin/../lib/gcc/arm-none-eabi/13.3.1/thumb/v7e-m/nofp/crt0.o (exit)
D:/_SOFTW~1/_TOOLS~1/ARM-GN~1.REL/bin/../lib/gcc/arm-none-eabi/13.3.1/thumb/v7e-m/nofp\libc.a(libc_a-findfp.o)
                              D:/_SOFTW~1/_TOOLS~1/ARM-GN~1.REL/bin/../lib/gcc/arm-none-eabi/13.3.1/thumb/v7e-m/nofp\libc.a(libc_a-exit.o) (__stdio_exit_handler)
D:/_SOFTW~1/_TOOLS~1/ARM-GN~1.REL/bin/../lib/gcc/arm-none-eabi/13.3.1/thumb/v7e-m/nofp\libc.a(libc_a-fwalk.o)
                              D:/_SOFTW~1/_TOOLS~1/ARM-GN~1.REL/bin/../lib/gcc/arm-none-eabi/13.3.1/thumb/v7e-m/nofp\libc.a(libc_a-findfp.o) (_fwalk_sglue)
D:/_SOFTW~1/_TOOLS~1/ARM-GN~1.REL/bin/../lib/gcc/arm-none-eabi/13.3.1/thumb/v7e-m/nofp\libc.a(libc_a-stdio.o)
                              D:/_SOFTW~1/_TOOLS~1/ARM-GN~1.REL/bin/../lib/gcc/arm-none-eabi/13.3.1/thumb/v7e-m/nofp\libc.a(libc_a-findfp.o) (__sread)
D:/_SOFTW~1/_TOOLS~1/ARM-GN~1.REL/bin/../lib/gcc/arm-none-eabi/13.3.1/thumb/v7e-m/nofp\libc.a(libc_a-memset.o)
                              D:/_SOFTW~1/_TOOLS~1/ARM-GN~1.REL/bin/../lib/gcc/arm-none-eabi/13.3.1/thumb/v7e-m/nofp/crt0.o (memset)
D:/_SOFTW~1/_TOOLS~1/ARM-GN~1.REL/bin/../lib/gcc/arm-none-eabi/13.3.1/thumb/v7e-m/nofp\libc.a(libc_a-closer.o)
                              D:/_SOFTW~1/_TOOLS~1/ARM-GN~1.REL/bin/../lib/gcc/arm-none-eabi/13.3.1/thumb/v7e-m/nofp\libc.a(libc_a-stdio.o) (_close_r)
D:/_SOFTW~1/_TOOLS~1/ARM-GN~1.REL/bin/../lib/gcc/arm-none-eabi/13.3.1/thumb/v7e-m/nofp\libc.a(libc_a-reent.o)
                              D:/_SOFTW~1/_TOOLS~1/ARM-GN~1.REL/bin/../lib/gcc/arm-none-eabi/13.3.1/thumb/v7e-m/nofp\libc.a(libc_a-closer.o) (errno)
D:/_SOFTW~1/_TOOLS~1/ARM-GN~1.REL/bin/../lib/gcc/arm-none-eabi/13.3.1/thumb/v7e-m/nofp\libc.a(libc_a-impure.o)
                              D:/_SOFTW~1/_TOOLS~1/ARM-GN~1.REL/bin/../lib/gcc/arm-none-eabi/13.3.1/thumb/v7e-m/nofp\libc.a(libc_a-reent.o) (_impure_ptr)
D:/_SOFTW~1/_TOOLS~1/ARM-GN~1.REL/bin/../lib/gcc/arm-none-eabi/13.3.1/thumb/v7e-m/nofp\libc.a(libc_a-lseekr.o)
                              D:/_SOFTW~1/_TOOLS~1/ARM-GN~1.REL/bin/../lib/gcc/arm-none-eabi/13.3.1/thumb/v7e-m/nofp\libc.a(libc_a-stdio.o) (_lseek_r)
D:/_SOFTW~1/_TOOLS~1/ARM-GN~1.REL/bin/../lib/gcc/arm-none-eabi/13.3.1/thumb/v7e-m/nofp\libc.a(libc_a-readr.o)
                              D:/_SOFTW~1/_TOOLS~1/ARM-GN~1.REL/bin/../lib/gcc/arm-none-eabi/13.3.1/thumb/v7e-m/nofp\libc.a(libc_a-stdio.o) (_read_r)
D:/_SOFTW~1/_TOOLS~1/ARM-GN~1.REL/bin/../lib/gcc/arm-none-eabi/13.3.1/thumb/v7e-m/nofp\libc.a(libc_a-writer.o)
                              D:/_SOFTW~1/_TOOLS~1/ARM-GN~1.REL/bin/../lib/gcc/arm-none-eabi/13.3.1/thumb/v7e-m/nofp\libc.a(libc_a-stdio.o) (_write_r)
D:/_SOFTW~1/_TOOLS~1/ARM-GN~1.REL/bin/../lib/gcc/arm-none-eabi/13.3.1/thumb/v7e-m/nofp\libc.a(libc_a-errno.o)
                              CMakeFiles/Test_Bench.elf.dir/Core/Src/syscalls.c.obj (__errno)
D:/_SOFTW~1/_TOOLS~1/ARM-GN~1.REL/bin/../lib/gcc/arm-none-eabi/13.3.1/thumb/v7e-m/nofp\libc.a(libc_a-init.o)
                              D:/_SOFTW~1/_TOOLS~1/ARM-GN~1.REL/bin/../lib/gcc/arm-none-eabi/13.3.1/thumb/v7e-m/nofp/crt0.o (__libc_init_array)
D:/_SOFTW~1/_TOOLS~1/ARM-GN~1.REL/bin/../lib/gcc/arm-none-eabi/13.3.1/thumb/v7e-m/nofp\libc.a(libc_a-lock.o)
                              D:/_SOFTW~1/_TOOLS~1/ARM-GN~1.REL/bin/../lib/gcc/arm-none-eabi/13.3.1/thumb/v7e-m/nofp\libc.a(libc_a-findfp.o) (__retarget_lock_init_recursive)
D:/_SOFTW~1/_TOOLS~1/ARM-GN~1.REL/bin/../lib/gcc/arm-none-eabi/13.3.1/thumb/v7e-m/nofp\libc.a(libc_a-__call_atexit.o)
                              D:/_SOFTW~1/_TOOLS~1/ARM-GN~1.REL/bin/../lib/gcc/arm-none-eabi/13.3.1/thumb/v7e-m/nofp\libc.a(libc_a-exit.o) (__call_exitprocs)
D:/_SOFTW~1/_TOOLS~1/ARM-GN~1.REL/bin/../lib/gcc/arm-none-eabi/13.3.1/thumb/v7e-m/nofp\libc.a(libc_a-atexit.o)
                              D:/_SOFTW~1/_TOOLS~1/ARM-GN~1.REL/bin/../lib/gcc/arm-none-eabi/13.3.1/thumb/v7e-m/nofp\libc.a(libc_a-__call_atexit.o) (atexit)
[...]
Memory Configuration

Name             Origin             Length             Attributes
CCMRAM           0x10000000         0x00010000         xrw
RAM              0x20000000         0x00020000         xrw
FLASH            0x08000000         0x00100000         xr
*default*        0x00000000         0xffffffff

Linker script and memory map

LOAD D:/_SOFTW~1/_TOOLS~1/ARM-GN~1.REL/bin/../lib/gcc/arm-none-eabi/13.3.1/thumb/v7e-m/nofp/crti.o
LOAD D:/_SOFTW~1/_TOOLS~1/ARM-GN~1.REL/bin/../lib/gcc/arm-none-eabi/13.3.1/thumb/v7e-m/nofp/crtbegin.o
LOAD D:/_SOFTW~1/_TOOLS~1/ARM-GN~1.REL/bin/../lib/gcc/arm-none-eabi/13.3.1/thumb/v7e-m/nofp/crt0.o
LOAD CMakeFiles/Test_Bench.elf.dir/Core/Src/gpio.c.obj
LOAD CMakeFiles/Test_Bench.elf.dir/Core/Src/main.c.obj
LOAD CMakeFiles/Test_Bench.elf.dir/Core/Src/sdio.c.obj
LOAD CMakeFiles/Test_Bench.elf.dir/Core/Src/stm32f4xx_hal_msp.c.obj
LOAD CMakeFiles/Test_Bench.elf.dir/Core/Src/stm32f4xx_it.c.obj
LOAD CMakeFiles/Test_Bench.elf.dir/Core/Src/syscalls.c.obj
LOAD CMakeFiles/Test_Bench.elf.dir/Core/Src/sysmem.c.obj
LOAD CMakeFiles/Test_Bench.elf.dir/Core/Src/system_stm32f4xx.c.obj
LOAD CMakeFiles/Test_Bench.elf.dir/Core/Src/usart.c.obj
LOAD CMakeFiles/Test_Bench.elf.dir/Core/Startup/startup_stm32f407vgtx.s.obj
LOAD CMakeFiles/Test_Bench.elf.dir/Drivers/STM32F4xx_HAL_Driver/Src/stm32f4xx_hal.c.obj
LOAD CMakeFiles/Test_Bench.elf.dir/Drivers/STM32F4xx_HAL_Driver/Src/stm32f4xx_hal_cortex.c.obj
LOAD CMakeFiles/Test_Bench.elf.dir/Drivers/STM32F4xx_HAL_Driver/Src/stm32f4xx_hal_dma.c.obj
LOAD CMakeFiles/Test_Bench.elf.dir/Drivers/STM32F4xx_HAL_Driver/Src/stm32f4xx_hal_dma_ex.c.obj
LOAD CMakeFiles/Test_Bench.elf.dir/Drivers/STM32F4xx_HAL_Driver/Src/stm32f4xx_hal_exti.c.obj
LOAD CMakeFiles/Test_Bench.elf.dir/Drivers/STM32F4xx_HAL_Driver/Src/stm32f4xx_hal_flash.c.obj
LOAD CMakeFiles/Test_Bench.elf.dir/Drivers/STM32F4xx_HAL_Driver/Src/stm32f4xx_hal_flash_ex.c.obj
LOAD CMakeFiles/Test_Bench.elf.dir/Drivers/STM32F4xx_HAL_Driver/Src/stm32f4xx_hal_flash_ramfunc.c.obj
LOAD CMakeFiles/Test_Bench.elf.dir/Drivers/STM32F4xx_HAL_Driver/Src/stm32f4xx_hal_gpio.c.obj
LOAD CMakeFiles/Test_Bench.elf.dir/Drivers/STM32F4xx_HAL_Driver/Src/stm32f4xx_hal_pcd.c.obj
LOAD CMakeFiles/Test_Bench.elf.dir/Drivers/STM32F4xx_HAL_Driver/Src/stm32f4xx_hal_pcd_ex.c.obj
LOAD CMakeFiles/Test_Bench.elf.dir/Drivers/STM32F4xx_HAL_Driver/Src/stm32f4xx_hal_pwr.c.obj
LOAD CMakeFiles/Test_Bench.elf.dir/Drivers/STM32F4xx_HAL_Driver/Src/stm32f4xx_hal_pwr_ex.c.obj
LOAD CMakeFiles/Test_Bench.elf.dir/Drivers/STM32F4xx_HAL_Driver/Src/stm32f4xx_hal_rcc.c.obj
LOAD CMakeFiles/Test_Bench.elf.dir/Drivers/STM32F4xx_HAL_Driver/Src/stm32f4xx_hal_rcc_ex.c.obj
LOAD CMakeFiles/Test_Bench.elf.dir/Drivers/STM32F4xx_HAL_Driver/Src/stm32f4xx_hal_sd.c.obj
LOAD CMakeFiles/Test_Bench.elf.dir/Drivers/STM32F4xx_HAL_Driver/Src/stm32f4xx_hal_tim.c.obj
LOAD CMakeFiles/Test_Bench.elf.dir/Drivers/STM32F4xx_HAL_Driver/Src/stm32f4xx_hal_tim_ex.c.obj
LOAD CMakeFiles/Test_Bench.elf.dir/Drivers/STM32F4xx_HAL_Driver/Src/stm32f4xx_hal_uart.c.obj
LOAD CMakeFiles/Test_Bench.elf.dir/Drivers/STM32F4xx_HAL_Driver/Src/stm32f4xx_ll_sdmmc.c.obj
LOAD CMakeFiles/Test_Bench.elf.dir/Drivers/STM32F4xx_HAL_Driver/Src/stm32f4xx_ll_usb.c.obj
LOAD CMakeFiles/Test_Bench.elf.dir/FATFS/App/fatfs.c.obj
LOAD CMakeFiles/Test_Bench.elf.dir/FATFS/Target/bsp_driver_sd.c.obj
LOAD CMakeFiles/Test_Bench.elf.dir/FATFS/Target/sd_diskio.c.obj
LOAD CMakeFiles/Test_Bench.elf.dir/Middlewares/ST/STM32_USB_Device_Library/Class/CDC/Src/usbd_cdc.c.obj
LOAD CMakeFiles/Test_Bench.elf.dir/Middlewares/ST/STM32_USB_Device_Library/Core/Src/usbd_core.c.obj
LOAD CMakeFiles/Test_Bench.elf.dir/Middlewares/ST/STM32_USB_Device_Library/Core/Src/usbd_ctlreq.c.obj
LOAD CMakeFiles/Test_Bench.elf.dir/Middlewares/ST/STM32_USB_Device_Library/Core/Src/usbd_ioreq.c.obj
LOAD CMakeFiles/Test_Bench.elf.dir/Middlewares/Third_Party/FatFs/src/diskio.c.obj
LOAD CMakeFiles/Test_Bench.elf.dir/Middlewares/Third_Party/FatFs/src/ff.c.obj
LOAD CMakeFiles/Test_Bench.elf.dir/Middlewares/Third_Party/FatFs/src/ff_gen_drv.c.obj
LOAD CMakeFiles/Test_Bench.elf.dir/Middlewares/Third_Party/FatFs/src/option/syscall.c.obj
LOAD CMakeFiles/Test_Bench.elf.dir/USB_DEVICE/App/usb_device.c.obj
LOAD CMakeFiles/Test_Bench.elf.dir/USB_DEVICE/App/usbd_cdc_if.c.obj
LOAD CMakeFiles/Test_Bench.elf.dir/USB_DEVICE/App/usbd_desc.c.obj
LOAD CMakeFiles/Test_Bench.elf.dir/USB_DEVICE/Target/usbd_conf.c.obj
START GROUP
LOAD D:/_SOFTW~1/_TOOLS~1/ARM-GN~1.REL/bin/../lib/gcc/arm-none-eabi/13.3.1/thumb/v7e-m/nofp\libgcc.a
LOAD D:/_SOFTW~1/_TOOLS~1/ARM-GN~1.REL/bin/../lib/gcc/arm-none-eabi/13.3.1/thumb/v7e-m/nofp\libc.a
END GROUP
LOAD D:/_SOFTW~1/_TOOLS~1/ARM-GN~1.REL/bin/../lib/gcc/arm-none-eabi/13.3.1/thumb/v7e-m/nofp/crtend.o
LOAD D:/_SOFTW~1/_TOOLS~1/ARM-GN~1.REL/bin/../lib/gcc/arm-none-eabi/13.3.1/thumb/v7e-m/nofp/crtn.o
                0x20020000                        _estack = (ORIGIN (RAM) + LENGTH (RAM))
                0x00000200                        _Min_Heap_Size = 0x200
                0x00000400                        _Min_Stack_Size = 0x400

.isr_vector     0x08000000      0x188
                0x08000000                        . = ALIGN (0x4)
 *(.isr_vector)
 .isr_vector    0x08000000      0x188 CMakeFiles/Test_Bench.elf.dir/Core/Startup/startup_stm32f407vgtx.s.obj
                0x08000000                g_pfnVectors
                0x08000188                        . = ALIGN (0x4)

.text           0x08000188     0x745c
                0x08000188                        . = ALIGN (0x4)
 *(.text)
 .text          0x08000188       0x30 D:/_SOFTW~1/_TOOLS~1/ARM-GN~1.REL/bin/../lib/gcc/arm-none-eabi/13.3.1/thumb/v7e-m/nofp\libgcc.a(_aeabi_uldivmod.o)
                0x08000188                __aeabi_uldivmod
 .text          0x080001b8        0x4 D:/_SOFTW~1/_TOOLS~1/ARM-GN~1.REL/bin/../lib/gcc/arm-none-eabi/13.3.1/thumb/v7e-m/nofp\libgcc.a(_dvmd_tls.o)
                0x080001b8                __aeabi_idiv0
                0x080001b8                __aeabi_ldiv0
 *(.text*)
 .text.deregister_tm_clones
                0x080001bc       0x1c D:/_SOFTW~1/_TOOLS~1/ARM-GN~1.REL/bin/../lib/gcc/arm-none-eabi/13.3.1/thumb/v7e-m/nofp/crtbegin.o
 .text.register_tm_clones
                0x080001d8       0x24 D:/_SOFTW~1/_TOOLS~1/ARM-GN~1.REL/bin/../lib/gcc/arm-none-eabi/13.3.1/thumb/v7e-m/nofp/crtbegin.o
 .text.__do_global_dtors_aux
                0x080001fc       0x28 D:/_SOFTW~1/_TOOLS~1/ARM-GN~1.REL/bin/../lib/gcc/arm-none-eabi/13.3.1/thumb/v7e-m/nofp/crtbegin.o
 .text.frame_dummy
                0x08000224       0x24 D:/_SOFTW~1/_TOOLS~1/ARM-GN~1.REL/bin/../lib/gcc/arm-none-eabi/13.3.1/thumb/v7e-m/nofp/crtbegin.o
 .text.MX_GPIO_Init
                0x08000248       0x60 CMakeFiles/Test_Bench.elf.dir/Core/Src/gpio.c.obj
                0x08000248                MX_GPIO_Init
 .text.Error_Handler
                0x080002a8        0x4 CMakeFiles/Test_Bench.elf.dir/Core/Src/main.c.obj
                0x080002a8                Error_Handler
 .text.SystemClock_Config
                0x080002ac       0xa8 CMakeFiles/Test_Bench.elf.dir/Core/Src/main.c.obj
                0x080002ac                SystemClock_Config
 .text.main     0x08000354       0xe4 CMakeFiles/Test_Bench.elf.dir/Core/Src/main.c.obj
                0x08000354                main
 .text.MX_SDIO_SD_Init
                0x08000438       0x24 CMakeFiles/Test_Bench.elf.dir/Core/Src/sdio.c.obj
                0x08000438                MX_SDIO_SD_Init
 .text.HAL_SD_MspInit
                0x0800045c       0xb0 CMakeFiles/Test_Bench.elf.dir/Core/Src/sdio.c.obj
                0x0800045c                HAL_SD_MspInit
 .text.HAL_MspInit
                0x0800050c       0x38 CMakeFiles/Test_Bench.elf.dir/Core/Src/stm32f4xx_hal_msp.c.obj
                0x0800050c                HAL_MspInit
 .text.NMI_Handler
                0x08000544        0x2 CMakeFiles/Test_Bench.elf.dir/Core/Src/stm32f4xx_it.c.obj
                0x08000544                NMI_Handler
 .text.HardFault_Handler
                0x08000546        0x2 CMakeFiles/Test_Bench.elf.dir/Core/Src/stm32f4xx_it.c.obj
                0x08000546                HardFault_Handler
 .text.MemManage_Handler
                0x08000548        0x2 CMakeFiles/Test_Bench.elf.dir/Core/Src/stm32f4xx_it.c.obj
                0x08000548                MemManage_Handler
 .text.BusFault_Handler
                0x0800054a        0x2 CMakeFiles/Test_Bench.elf.dir/Core/Src/stm32f4xx_it.c.obj
                0x0800054a                BusFault_Handler
 .text.UsageFault_Handler
                0x0800054c        0x2 CMakeFiles/Test_Bench.elf.dir/Core/Src/stm32f4xx_it.c.obj
                0x0800054c                UsageFault_Handler
 .text.SVC_Handler
                0x0800054e        0x2 CMakeFiles/Test_Bench.elf.dir/Core/Src/stm32f4xx_it.c.obj
                0x0800054e                SVC_Handler
 .text.DebugMon_Handler
                0x08000550        0x2 CMakeFiles/Test_Bench.elf.dir/Core/Src/stm32f4xx_it.c.obj
                0x08000550                DebugMon_Handler
 .text.PendSV_Handler
                0x08000552        0x2 CMakeFiles/Test_Bench.elf.dir/Core/Src/stm32f4xx_it.c.obj
                0x08000552                PendSV_Handler
 .text.SysTick_Handler
                0x08000554        0x8 CMakeFiles/Test_Bench.elf.dir/Core/Src/stm32f4xx_it.c.obj
                0x08000554                SysTick_Handler
 .text.USART2_IRQHandler
                0x0800055c       0x10 CMakeFiles/Test_Bench.elf.dir/Core/Src/stm32f4xx_it.c.obj
                0x0800055c                USART2_IRQHandler
 .text.SDIO_IRQHandler
                0x0800056c       0x10 CMakeFiles/Test_Bench.elf.dir/Core/Src/stm32f4xx_it.c.obj
                0x0800056c                SDIO_IRQHandler
 .text.OTG_FS_IRQHandler
                0x0800057c       0x10 CMakeFiles/Test_Bench.elf.dir/Core/Src/stm32f4xx_it.c.obj
                0x0800057c                OTG_FS_IRQHandler
 .text.SystemInit
                0x0800058c        0x2 CMakeFiles/Test_Bench.elf.dir/Core/Src/system_stm32f4xx.c.obj
                0x0800058c                SystemInit
 *fill*         0x0800058e        0x2 
 .text.MX_USART2_UART_Init
                0x08000590       0x34 CMakeFiles/Test_Bench.elf.dir/Core/Src/usart.c.obj
                0x08000590                MX_USART2_UART_Init
 .text.HAL_UART_MspInit
                0x080005c4       0x7c CMakeFiles/Test_Bench.elf.dir/Core/Src/usart.c.obj
                0x080005c4                HAL_UART_MspInit
 .text.Reset_Handler
                0x08000640       0x50 CMakeFiles/Test_Bench.elf.dir/Core/Startup/startup_stm32f407vgtx.s.obj
                0x08000640                Reset_Handler
 .text.Default_Handler
                0x08000690        0x2 CMakeFiles/Test_Bench.elf.dir/Core/Startup/startup_stm32f407vgtx.s.obj
                0x08000690                RTC_Alarm_IRQHandler
                0x08000690                HASH_RNG_IRQHandler
                0x08000690                EXTI2_IRQHandler
                0x08000690                TIM8_CC_IRQHandler
                0x08000690                TIM1_CC_IRQHandler
                0x08000690                DMA2_Stream5_IRQHandler
                0x08000690                DMA1_Stream5_IRQHandler
                0x08000690                PVD_IRQHandler
                0x08000690                TAMP_STAMP_IRQHandler
                0x08000690                CAN2_RX1_IRQHandler
                0x08000690                EXTI3_IRQHandler
                0x08000690                TIM8_TRG_COM_TIM14_IRQHandler
                0x08000690                TIM1_UP_TIM10_IRQHandler
                0x08000690                TIM8_UP_TIM13_IRQHandler
                0x08000690                I2C3_ER_IRQHandler
                0x08000690                EXTI0_IRQHandler
                0x08000690                I2C2_EV_IRQHandler
                0x08000690                DMA1_Stream2_IRQHandler
                0x08000690                CAN1_RX0_IRQHandler
                0x08000690                FPU_IRQHandler
                0x08000690                OTG_HS_WKUP_IRQHandler
                0x08000690                CAN2_SCE_IRQHandler
                0x08000690                DMA2_Stream2_IRQHandler
                0x08000690                SPI1_IRQHandler
                0x08000690                TIM6_DAC_IRQHandler
                0x08000690                TIM1_BRK_TIM9_IRQHandler
                0x08000690                DCMI_IRQHandler
                0x08000690                CAN2_RX0_IRQHandler
                0x08000690                DMA2_Stream3_IRQHandler
                0x08000690                USART6_IRQHandler
                0x08000690                USART3_IRQHandler
                0x08000690                CAN1_RX1_IRQHandler
                0x08000690                UART5_IRQHandler
                0x08000690                DMA2_Stream0_IRQHandler
                0x08000690                TIM4_IRQHandler
                0x08000690                I2C1_EV_IRQHandler
                0x08000690                DMA1_Stream6_IRQHandler
                0x08000690                DMA1_Stream1_IRQHandler
                0x08000690                UART4_IRQHandler
                0x08000690                TIM3_IRQHandler
                0x08000690                RCC_IRQHandler
                0x08000690                TIM8_BRK_TIM12_IRQHandler
                0x08000690                Default_Handler
                0x08000690                EXTI15_10_IRQHandler
                0x08000690                ADC_IRQHandler
                0x08000690                DMA1_Stream7_IRQHandler
                0x08000690                TIM7_IRQHandler
                0x08000690                CAN2_TX_IRQHandler
                0x08000690                TIM5_IRQHandler
                0x08000690                DMA2_Stream7_IRQHandler
                0x08000690                I2C3_EV_IRQHandler
                0x08000690                EXTI9_5_IRQHandler
                0x08000690                RTC_WKUP_IRQHandler
                0x08000690                ETH_WKUP_IRQHandler
                0x08000690                SPI2_IRQHandler
                0x08000690                OTG_HS_EP1_IN_IRQHandler
                0x08000690                DMA1_Stream0_IRQHandler
                0x08000690                CAN1_TX_IRQHandler
                0x08000690                EXTI4_IRQHandler
                0x08000690                FSMC_IRQHandler
                0x08000690                ETH_IRQHandler
                0x08000690                OTG_HS_EP1_OUT_IRQHandler
                0x08000690                WWDG_IRQHandler
                0x08000690                TIM2_IRQHandler
                0x08000690                OTG_FS_WKUP_IRQHandler
                0x08000690                TIM1_TRG_COM_TIM11_IRQHandler
                0x08000690                OTG_HS_IRQHandler
                0x08000690                EXTI1_IRQHandler
                0x08000690                I2C2_ER_IRQHandler
                0x08000690                DMA2_Stream1_IRQHandler
                0x08000690                CAN1_SCE_IRQHandler
                0x08000690                FLASH_IRQHandler
                0x08000690                DMA2_Stream4_IRQHandler
                0x08000690                USART1_IRQHandler
                0x08000690                SPI3_IRQHandler
                0x08000690                DMA1_Stream4_IRQHandler
                0x08000690                I2C1_ER_IRQHandler
                0x08000690                DMA2_Stream6_IRQHandler
                0x08000690                DMA1_Stream3_IRQHandler
 *fill*         0x08000692        0x2 
 .text.HAL_InitTick
                0x08000694       0x4c CMakeFiles/Test_Bench.elf.dir/Drivers/STM32F4xx_HAL_Driver/Src/stm32f4xx_hal.c.obj
                0x08000694                HAL_InitTick
 .text.HAL_Init
                0x080006e0       0x34 CMakeFiles/Test_Bench.elf.dir/Drivers/STM32F4xx_HAL_Driver/Src/stm32f4xx_hal.c.obj
                0x080006e0                HAL_Init
 .text.HAL_IncTick
                0x08000714       0x18 CMakeFiles/Test_Bench.elf.dir/Drivers/STM32F4xx_HAL_Driver/Src/stm32f4xx_hal.c.obj
                0x08000714                HAL_IncTick
 .text.HAL_GetTick
                0x0800072c        0xc CMakeFiles/Test_Bench.elf.dir/Drivers/STM32F4xx_HAL_Driver/Src/stm32f4xx_hal.c.obj
                0x0800072c                HAL_GetTick
 .text.HAL_Delay
                0x08000738       0x28 CMakeFiles/Test_Bench.elf.dir/Drivers/STM32F4xx_HAL_Driver/Src/stm32f4xx_hal.c.obj
                0x08000738                HAL_Delay
 .text.__NVIC_EnableIRQ
                0x08000760       0x1c CMakeFiles/Test_Bench.elf.dir/Drivers/STM32F4xx_HAL_Driver/Src/stm32f4xx_hal_cortex.c.obj
 .text.__NVIC_SetPriority
                0x0800077c       0x28 CMakeFiles/Test_Bench.elf.dir/Drivers/STM32F4xx_HAL_Driver/Src/stm32f4xx_hal_cortex.c.obj
 .text.NVIC_EncodePriority
                0x080007a4       0x3e CMakeFiles/Test_Bench.elf.dir/Drivers/STM32F4xx_HAL_Driver/Src/stm32f4xx_hal_cortex.c.obj
 *fill*         0x080007e2        0x2 
 .text.HAL_NVIC_SetPriorityGrouping
                0x080007e4       0x24 CMakeFiles/Test_Bench.elf.dir/Drivers/STM32F4xx_HAL_Driver/Src/stm32f4xx_hal_cortex.c.obj
                0x080007e4                HAL_NVIC_SetPriorityGrouping
 .text.HAL_NVIC_SetPriority
                0x08000808       0x20 CMakeFiles/Test_Bench.elf.dir/Drivers/STM32F4xx_HAL_Driver/Src/stm32f4xx_hal_cortex.c.obj
                0x08000808                HAL_NVIC_SetPriority
 .text.HAL_NVIC_EnableIRQ
                0x08000828        0x8 CMakeFiles/Test_Bench.elf.dir/Drivers/STM32F4xx_HAL_Driver/Src/stm32f4xx_hal_cortex.c.obj
                0x08000828                HAL_NVIC_EnableIRQ
 .text.HAL_SYSTICK_Config
                0x08000830       0x28 CMakeFiles/Test_Bench.elf.dir/Drivers/STM32F4xx_HAL_Driver/Src/stm32f4xx_hal_cortex.c.obj
                0x08000830                HAL_SYSTICK_Config
 .text.HAL_DMA_Abort
                0x08000858       0x94 CMakeFiles/Test_Bench.elf.dir/Drivers/STM32F4xx_HAL_Driver/Src/stm32f4xx_hal_dma.c.obj
                0x08000858                HAL_DMA_Abort
 .text.HAL_DMA_Abort_IT
                0x080008ec       0x26 CMakeFiles/Test_Bench.elf.dir/Drivers/STM32F4xx_HAL_Driver/Src/stm32f4xx_hal_dma.c.obj
                0x080008ec                HAL_DMA_Abort_IT
 *fill*         0x08000912        0x2 
 .text.HAL_GPIO_Init
                0x08000914      0x1f4 CMakeFiles/Test_Bench.elf.dir/Drivers/STM32F4xx_HAL_Driver/Src/stm32f4xx_hal_gpio.c.obj
                0x08000914                HAL_GPIO_Init
 .text.PCD_WriteEmptyTxFifo
                0x08000b08       0xd0 CMakeFiles/Test_Bench.elf.dir/Drivers/STM32F4xx_HAL_Driver/Src/stm32f4xx_hal_pcd.c.obj
 .text.HAL_PCD_Init
                0x08000bd8      0x102 CMakeFiles/Test_Bench.elf.dir/Drivers/STM32F4xx_HAL_Driver/Src/stm32f4xx_hal_pcd.c.obj
                0x08000bd8                HAL_PCD_Init
 .text.HAL_PCD_Start
                0x08000cda       0x44 CMakeFiles/Test_Bench.elf.dir/Drivers/STM32F4xx_HAL_Driver/Src/stm32f4xx_hal_pcd.c.obj
                0x08000cda                HAL_PCD_Start
 *fill*         0x08000d1e        0x2 
 .text.PCD_EP_OutXfrComplete_int
                0x08000d20      0x104 CMakeFiles/Test_Bench.elf.dir/Drivers/STM32F4xx_HAL_Driver/Src/stm32f4xx_hal_pcd.c.obj
 .text.PCD_EP_OutSetupPacket_int
                0x08000e24       0x50 CMakeFiles/Test_Bench.elf.dir/Drivers/STM32F4xx_HAL_Driver/Src/stm32f4xx_hal_pcd.c.obj
 .text.HAL_PCD_SetAddress
                0x08000e74       0x26 CMakeFiles/Test_Bench.elf.dir/Drivers/STM32F4xx_HAL_Driver/Src/stm32f4xx_hal_pcd.c.obj
                0x08000e74                HAL_PCD_SetAddress
 .text.HAL_PCD_EP_Open
                0x08000e9a       0x8c CMakeFiles/Test_Bench.elf.dir/Drivers/STM32F4xx_HAL_Driver/Src/stm32f4xx_hal_pcd.c.obj
                0x08000e9a                HAL_PCD_EP_Open
 .text.HAL_PCD_EP_Close
                0x08000f26       0x70 CMakeFiles/Test_Bench.elf.dir/Drivers/STM32F4xx_HAL_Driver/Src/stm32f4xx_hal_pcd.c.obj
                0x08000f26                HAL_PCD_EP_Close
 .text.HAL_PCD_EP_Receive
                0x08000f96       0x4a CMakeFiles/Test_Bench.elf.dir/Drivers/STM32F4xx_HAL_Driver/Src/stm32f4xx_hal_pcd.c.obj
                0x08000f96                HAL_PCD_EP_Receive
 .text.HAL_PCD_EP_GetRxCount
                0x08000fe0       0x12 CMakeFiles/Test_Bench.elf.dir/Drivers/STM32F4xx_HAL_Driver/Src/stm32f4xx_hal_pcd.c.obj
                0x08000fe0                HAL_PCD_EP_GetRxCount
 .text.HAL_PCD_EP_Transmit
                0x08000ff2       0x4a CMakeFiles/Test_Bench.elf.dir/Drivers/STM32F4xx_HAL_Driver/Src/stm32f4xx_hal_pcd.c.obj
                0x08000ff2                HAL_PCD_EP_Transmit
 .text.HAL_PCD_EP_SetStall
                0x0800103c       0x86 CMakeFiles/Test_Bench.elf.dir/Drivers/STM32F4xx_HAL_Driver/Src/stm32f4xx_hal_pcd.c.obj
                0x0800103c                HAL_PCD_EP_SetStall
 .text.HAL_PCD_EP_ClrStall
                0x080010c2       0x74 CMakeFiles/Test_Bench.elf.dir/Drivers/STM32F4xx_HAL_Driver/Src/stm32f4xx_hal_pcd.c.obj
                0x080010c2                HAL_PCD_EP_ClrStall
 .text.HAL_PCD_EP_Abort
                0x08001136       0x34 CMakeFiles/Test_Bench.elf.dir/Drivers/STM32F4xx_HAL_Driver/Src/stm32f4xx_hal_pcd.c.obj
                0x08001136                HAL_PCD_EP_Abort
 .text.HAL_PCD_IRQHandler
                0x0800116a      0x5c0 CMakeFiles/Test_Bench.elf.dir/Drivers/STM32F4xx_HAL_Driver/Src/stm32f4xx_hal_pcd.c.obj
                0x0800116a                HAL_PCD_IRQHandler
 .text.HAL_PCDEx_SetTxFiFo
                0x0800172a       0x4a CMakeFiles/Test_Bench.elf.dir/Drivers/STM32F4xx_HAL_Driver/Src/stm32f4xx_hal_pcd_ex.c.obj
                0x0800172a                HAL_PCDEx_SetTxFiFo
 .text.HAL_PCDEx_SetRxFiFo
                0x08001774        0x8 CMakeFiles/Test_Bench.elf.dir/Drivers/STM32F4xx_HAL_Driver/Src/stm32f4xx_hal_pcd_ex.c.obj
                0x08001774                HAL_PCDEx_SetRxFiFo
 .text.HAL_PCDEx_LPM_Callback
                0x0800177c        0x2 CMakeFiles/Test_Bench.elf.dir/Drivers/STM32F4xx_HAL_Driver/Src/stm32f4xx_hal_pcd_ex.c.obj
                0x0800177c                HAL_PCDEx_LPM_Callback
 *fill*         0x0800177e        0x2 
 .text.HAL_RCC_OscConfig
                0x08001780      0x3f8 CMakeFiles/Test_Bench.elf.dir/Drivers/STM32F4xx_HAL_Driver/Src/stm32f4xx_hal_rcc.c.obj
                0x08001780                HAL_RCC_OscConfig
 .text.HAL_RCC_GetSysClockFreq
                0x08001b78       0xdc CMakeFiles/Test_Bench.elf.dir/Drivers/STM32F4xx_HAL_Driver/Src/stm32f4xx_hal_rcc.c.obj
                0x08001b78                HAL_RCC_GetSysClockFreq
 .text.HAL_RCC_ClockConfig
                0x08001c54      0x160 CMakeFiles/Test_Bench.elf.dir/Drivers/STM32F4xx_HAL_Driver/Src/stm32f4xx_hal_rcc.c.obj
                0x08001c54                HAL_RCC_ClockConfig
 .text.HAL_RCC_GetHCLKFreq
                0x08001db4        0xc CMakeFiles/Test_Bench.elf.dir/Drivers/STM32F4xx_HAL_Driver/Src/stm32f4xx_hal_rcc.c.obj
                0x08001db4                HAL_RCC_GetHCLKFreq
 .text.HAL_RCC_GetPCLK1Freq
                0x08001dc0       0x20 CMakeFiles/Test_Bench.elf.dir/Drivers/STM32F4xx_HAL_Driver/Src/stm32f4xx_hal_rcc.c.obj
                0x08001dc0                HAL_RCC_GetPCLK1Freq
 .text.HAL_RCC_GetPCLK2Freq
                0x08001de0       0x20 CMakeFiles/Test_Bench.elf.dir/Drivers/STM32F4xx_HAL_Driver/Src/stm32f4xx_hal_rcc.c.obj
                0x08001de0                HAL_RCC_GetPCLK2Freq
 .text.SD_PowerON
                0x08001e00       0xc0 CMakeFiles/Test_Bench.elf.dir/Drivers/STM32F4xx_HAL_Driver/Src/stm32f4xx_hal_sd.c.obj
 .text.SD_Read_IT
                0x08001ec0       0x38 CMakeFiles/Test_Bench.elf.dir/Drivers/STM32F4xx_HAL_Driver/Src/stm32f4xx_hal_sd.c.obj
 .text.SD_Write_IT
                0x08001ef8       0x48 CMakeFiles/Test_Bench.elf.dir/Drivers/STM32F4xx_HAL_Driver/Src/stm32f4xx_hal_sd.c.obj
 .text.SD_FindSCR
                0x08001f40      0x108 CMakeFiles/Test_Bench.elf.dir/Drivers/STM32F4xx_HAL_Driver/Src/stm32f4xx_hal_sd.c.obj
 .text.SD_WideBus_Enable
                0x08002048       0x4e CMakeFiles/Test_Bench.elf.dir/Drivers/STM32F4xx_HAL_Driver/Src/stm32f4xx_hal_sd.c.obj
 .text.SD_WideBus_Disable
                0x08002096       0x4e CMakeFiles/Test_Bench.elf.dir/Drivers/STM32F4xx_HAL_Driver/Src/stm32f4xx_hal_sd.c.obj
 .text.SD_SendStatus
                0x080020e4       0x2c CMakeFiles/Test_Bench.elf.dir/Drivers/STM32F4xx_HAL_Driver/Src/stm32f4xx_hal_sd.c.obj
 .text.HAL_SD_ReadBlocks
                0x08002110      0x250 CMakeFiles/Test_Bench.elf.dir/Drivers/STM32F4xx_HAL_Driver/Src/stm32f4xx_hal_sd.c.obj
                0x08002110                HAL_SD_ReadBlocks
 .text.HAL_SD_WriteBlocks
                0x08002360      0x20c CMakeFiles/Test_Bench.elf.dir/Drivers/STM32F4xx_HAL_Driver/Src/stm32f4xx_hal_sd.c.obj
                0x08002360                HAL_SD_WriteBlocks
 .text.HAL_SD_ErrorCallback
                0x0800256c        0x2 CMakeFiles/Test_Bench.elf.dir/Drivers/STM32F4xx_HAL_Driver/Src/stm32f4xx_hal_sd.c.obj
                0x0800256c                HAL_SD_ErrorCallback
 *fill*         0x0800256e        0x2 
 .text.HAL_SD_GetCardCSD
                0x08002570      0x1b8 CMakeFiles/Test_Bench.elf.dir/Drivers/STM32F4xx_HAL_Driver/Src/stm32f4xx_hal_sd.c.obj
                0x08002570                HAL_SD_GetCardCSD
 .text.SD_InitCard
                0x08002728      0x100 CMakeFiles/Test_Bench.elf.dir/Drivers/STM32F4xx_HAL_Driver/Src/stm32f4xx_hal_sd.c.obj
 .text.HAL_SD_InitCard
                0x08002828       0xa8 CMakeFiles/Test_Bench.elf.dir/Drivers/STM32F4xx_HAL_Driver/Src/stm32f4xx_hal_sd.c.obj
                0x08002828                HAL_SD_InitCard
 .text.HAL_SD_Init
                0x080028d0       0x36 CMakeFiles/Test_Bench.elf.dir/Drivers/STM32F4xx_HAL_Driver/Src/stm32f4xx_hal_sd.c.obj
                0x080028d0                HAL_SD_Init
 .text.HAL_SD_GetCardInfo
                0x08002906       0x24 CMakeFiles/Test_Bench.elf.dir/Drivers/STM32F4xx_HAL_Driver/Src/stm32f4xx_hal_sd.c.obj
                0x08002906                HAL_SD_GetCardInfo
 *fill*         0x0800292a        0x2 
 .text.HAL_SD_ConfigWideBusOperation
                0x0800292c       0xc0 CMakeFiles/Test_Bench.elf.dir/Drivers/STM32F4xx_HAL_Driver/Src/stm32f4xx_hal_sd.c.obj
                0x0800292c                HAL_SD_ConfigWideBusOperation
 .text.HAL_SD_GetCardState
                0x080029ec       0x22 CMakeFiles/Test_Bench.elf.dir/Drivers/STM32F4xx_HAL_Driver/Src/stm32f4xx_hal_sd.c.obj
                0x080029ec                HAL_SD_GetCardState
 .text.SD_DMATxAbort
                0x08002a0e       0x44 CMakeFiles/Test_Bench.elf.dir/Drivers/STM32F4xx_HAL_Driver/Src/stm32f4xx_hal_sd.c.obj
 .text.SD_DMARxAbort
                0x08002a52       0x44 CMakeFiles/Test_Bench.elf.dir/Drivers/STM32F4xx_HAL_Driver/Src/stm32f4xx_hal_sd.c.obj
 *fill*         0x08002a96        0x2 
 .text.HAL_SD_IRQHandler
                0x08002a98      0x1e0 CMakeFiles/Test_Bench.elf.dir/Drivers/STM32F4xx_HAL_Driver/Src/stm32f4xx_hal_sd.c.obj
                0x08002a98                HAL_SD_IRQHandler
 .text.UART_EndRxTransfer
                0x08002c78       0x5c CMakeFiles/Test_Bench.elf.dir/Drivers/STM32F4xx_HAL_Driver/Src/stm32f4xx_hal_uart.c.obj
 .text.UART_Transmit_IT
                0x08002cd4       0x60 CMakeFiles/Test_Bench.elf.dir/Drivers/STM32F4xx_HAL_Driver/Src/stm32f4xx_hal_uart.c.obj
 .text.UART_SetConfig
                0x08002d34      0x110 CMakeFiles/Test_Bench.elf.dir/Drivers/STM32F4xx_HAL_Driver/Src/stm32f4xx_hal_uart.c.obj
 .text.HAL_UART_Init
                0x08002e44       0x60 CMakeFiles/Test_Bench.elf.dir/Drivers/STM32F4xx_HAL_Driver/Src/stm32f4xx_hal_uart.c.obj
                0x08002e44                HAL_UART_Init
 .text.HAL_UART_TxCpltCallback
                0x08002ea4        0x2 CMakeFiles/Test_Bench.elf.dir/Drivers/STM32F4xx_HAL_Driver/Src/stm32f4xx_hal_uart.c.obj
                0x08002ea4                HAL_UART_TxCpltCallback
 .text.UART_EndTransmit_IT
                0x08002ea6       0x1a CMakeFiles/Test_Bench.elf.dir/Drivers/STM32F4xx_HAL_Driver/Src/stm32f4xx_hal_uart.c.obj
 .text.HAL_UART_RxCpltCallback
                0x08002ec0        0x2 CMakeFiles/Test_Bench.elf.dir/Drivers/STM32F4xx_HAL_Driver/Src/stm32f4xx_hal_uart.c.obj
                0x08002ec0                HAL_UART_RxCpltCallback
 .text.HAL_UART_ErrorCallback
                0x08002ec2        0x2 CMakeFiles/Test_Bench.elf.dir/Drivers/STM32F4xx_HAL_Driver/Src/stm32f4xx_hal_uart.c.obj
                0x08002ec2                HAL_UART_ErrorCallback
 .text.UART_DMAAbortOnError
                0x08002ec4       0x10 CMakeFiles/Test_Bench.elf.dir/Drivers/STM32F4xx_HAL_Driver/Src/stm32f4xx_hal_uart.c.obj
 .text.HAL_UARTEx_RxEventCallback
                0x08002ed4        0x2 CMakeFiles/Test_Bench.elf.dir/Drivers/STM32F4xx_HAL_Driver/Src/stm32f4xx_hal_uart.c.obj
                0x08002ed4                HAL_UARTEx_RxEventCallback
 .text.UART_Receive_IT
                0x08002ed6       0xe6 CMakeFiles/Test_Bench.elf.dir/Drivers/STM32F4xx_HAL_Driver/Src/stm32f4xx_hal_uart.c.obj
 .text.HAL_UART_IRQHandler
                0x08002fbc      0x284 CMakeFiles/Test_Bench.elf.dir/Drivers/STM32F4xx_HAL_Driver/Src/stm32f4xx_hal_uart.c.obj
                0x08002fbc                HAL_UART_IRQHandler
 .text.SDMMC_GetCmdError
                0x08003240       0x38 CMakeFiles/Test_Bench.elf.dir/Drivers/STM32F4xx_HAL_Driver/Src/stm32f4xx_ll_sdmmc.c.obj
 .text.SDIO_Init
                0x08003278       0x32 CMakeFiles/Test_Bench.elf.dir/Drivers/STM32F4xx_HAL_Driver/Src/stm32f4xx_ll_sdmmc.c.obj
                0x08003278                SDIO_Init
 .text.SDIO_ReadFIFO
                0x080032aa        0x6 CMakeFiles/Test_Bench.elf.dir/Drivers/STM32F4xx_HAL_Driver/Src/stm32f4xx_ll_sdmmc.c.obj
                0x080032aa                SDIO_ReadFIFO
 .text.SDIO_WriteFIFO
                0x080032b0        0xa CMakeFiles/Test_Bench.elf.dir/Drivers/STM32F4xx_HAL_Driver/Src/stm32f4xx_ll_sdmmc.c.obj
                0x080032b0                SDIO_WriteFIFO
 .text.SDIO_PowerState_ON
                0x080032ba        0x8 CMakeFiles/Test_Bench.elf.dir/Drivers/STM32F4xx_HAL_Driver/Src/stm32f4xx_ll_sdmmc.c.obj
                0x080032ba                SDIO_PowerState_ON
 .text.SDIO_GetPowerState
                0x080032c2        0x8 CMakeFiles/Test_Bench.elf.dir/Drivers/STM32F4xx_HAL_Driver/Src/stm32f4xx_ll_sdmmc.c.obj
                0x080032c2                SDIO_GetPowerState
 .text.SDIO_SendCommand
                0x080032ca       0x20 CMakeFiles/Test_Bench.elf.dir/Drivers/STM32F4xx_HAL_Driver/Src/stm32f4xx_ll_sdmmc.c.obj
                0x080032ca                SDIO_SendCommand
 .text.SDIO_GetCommandResponse
                0x080032ea        0x6 CMakeFiles/Test_Bench.elf.dir/Drivers/STM32F4xx_HAL_Driver/Src/stm32f4xx_ll_sdmmc.c.obj
                0x080032ea                SDIO_GetCommandResponse
 .text.SDIO_GetResponse
                0x080032f0        0x6 CMakeFiles/Test_Bench.elf.dir/Drivers/STM32F4xx_HAL_Driver/Src/stm32f4xx_ll_sdmmc.c.obj
                0x080032f0                SDIO_GetResponse
 .text.SDIO_ConfigData
                0x080032f6       0x24 CMakeFiles/Test_Bench.elf.dir/Drivers/STM32F4xx_HAL_Driver/Src/stm32f4xx_ll_sdmmc.c.obj
                0x080032f6                SDIO_ConfigData
 .text.SDMMC_CmdGoIdleState
                0x0800331a       0x26 CMakeFiles/Test_Bench.elf.dir/Drivers/STM32F4xx_HAL_Driver/Src/stm32f4xx_ll_sdmmc.c.obj
                0x0800331a                SDMMC_CmdGoIdleState
 .text.SDMMC_GetCmdResp1
                0x08003340      0x154 CMakeFiles/Test_Bench.elf.dir/Drivers/STM32F4xx_HAL_Driver/Src/stm32f4xx_ll_sdmmc.c.obj
                0x08003340                SDMMC_GetCmdResp1
 .text.SDMMC_CmdBlockLength
                0x08003494       0x30 CMakeFiles/Test_Bench.elf.dir/Drivers/STM32F4xx_HAL_Driver/Src/stm32f4xx_ll_sdmmc.c.obj
                0x08003494                SDMMC_CmdBlockLength
 .text.SDMMC_CmdReadSingleBlock
                0x080034c4       0x30 CMakeFiles/Test_Bench.elf.dir/Drivers/STM32F4xx_HAL_Driver/Src/stm32f4xx_ll_sdmmc.c.obj
                0x080034c4                SDMMC_CmdReadSingleBlock
 .text.SDMMC_CmdReadMultiBlock
                0x080034f4       0x30 CMakeFiles/Test_Bench.elf.dir/Drivers/STM32F4xx_HAL_Driver/Src/stm32f4xx_ll_sdmmc.c.obj
                0x080034f4                SDMMC_CmdReadMultiBlock
 .text.SDMMC_CmdWriteSingleBlock
                0x08003524       0x30 CMakeFiles/Test_Bench.elf.dir/Drivers/STM32F4xx_HAL_Driver/Src/stm32f4xx_ll_sdmmc.c.obj
                0x08003524                SDMMC_CmdWriteSingleBlock
 .text.SDMMC_CmdWriteMultiBlock
                0x08003554       0x30 CMakeFiles/Test_Bench.elf.dir/Drivers/STM32F4xx_HAL_Driver/Src/stm32f4xx_ll_sdmmc.c.obj
                0x08003554                SDMMC_CmdWriteMultiBlock
 .text.SDMMC_CmdStopTransfer
                0x08003584       0x34 CMakeFiles/Test_Bench.elf.dir/Drivers/STM32F4xx_HAL_Driver/Src/stm32f4xx_ll_sdmmc.c.obj
                0x08003584                SDMMC_CmdStopTransfer
 .text.SDMMC_CmdSelDesel
                0x080035b8       0x30 CMakeFiles/Test_Bench.elf.dir/Drivers/STM32F4xx_HAL_Driver/Src/stm32f4xx_ll_sdmmc.c.obj
                0x080035b8                SDMMC_CmdSelDesel
 .text.SDMMC_CmdAppCommand
                0x080035e8       0x30 CMakeFiles/Test_Bench.elf.dir/Drivers/STM32F4xx_HAL_Driver/Src/stm32f4xx_ll_sdmmc.c.obj
                0x080035e8                SDMMC_CmdAppCommand
 .text.SDMMC_CmdBusWidth
                0x08003618       0x30 CMakeFiles/Test_Bench.elf.dir/Drivers/STM32F4xx_HAL_Driver/Src/stm32f4xx_ll_sdmmc.c.obj
                0x08003618                SDMMC_CmdBusWidth
 .text.SDMMC_CmdSendSCR
                0x08003648       0x30 CMakeFiles/Test_Bench.elf.dir/Drivers/STM32F4xx_HAL_Driver/Src/stm32f4xx_ll_sdmmc.c.obj
                0x08003648                SDMMC_CmdSendSCR
 .text.SDMMC_CmdSendStatus
                0x08003678       0x30 CMakeFiles/Test_Bench.elf.dir/Drivers/STM32F4xx_HAL_Driver/Src/stm32f4xx_ll_sdmmc.c.obj
                0x08003678                SDMMC_CmdSendStatus
 .text.SDMMC_GetCmdResp2
                0x080036a8       0x5c CMakeFiles/Test_Bench.elf.dir/Drivers/STM32F4xx_HAL_Driver/Src/stm32f4xx_ll_sdmmc.c.obj
                0x080036a8                SDMMC_GetCmdResp2
 .text.SDMMC_CmdSendCID
                0x08003704       0x2a CMakeFiles/Test_Bench.elf.dir/Drivers/STM32F4xx_HAL_Driver/Src/stm32f4xx_ll_sdmmc.c.obj
                0x08003704                SDMMC_CmdSendCID
 .text.SDMMC_CmdSendCSD
                0x0800372e       0x2a CMakeFiles/Test_Bench.elf.dir/Drivers/STM32F4xx_HAL_Driver/Src/stm32f4xx_ll_sdmmc.c.obj
                0x0800372e                SDMMC_CmdSendCSD
 .text.SDMMC_GetCmdResp3
                0x08003758       0x4c CMakeFiles/Test_Bench.elf.dir/Drivers/STM32F4xx_HAL_Driver/Src/stm32f4xx_ll_sdmmc.c.obj
                0x08003758                SDMMC_GetCmdResp3
 .text.SDMMC_CmdAppOperCommand
                0x080037a4       0x32 CMakeFiles/Test_Bench.elf.dir/Drivers/STM32F4xx_HAL_Driver/Src/stm32f4xx_ll_sdmmc.c.obj
                0x080037a4                SDMMC_CmdAppOperCommand
 *fill*         0x080037d6        0x2 
 .text.SDMMC_GetCmdResp6
                0x080037d8       0xa0 CMakeFiles/Test_Bench.elf.dir/Drivers/STM32F4xx_HAL_Driver/Src/stm32f4xx_ll_sdmmc.c.obj
                0x080037d8                SDMMC_GetCmdResp6
 .text.SDMMC_CmdSetRelAdd
                0x08003878       0x30 CMakeFiles/Test_Bench.elf.dir/Drivers/STM32F4xx_HAL_Driver/Src/stm32f4xx_ll_sdmmc.c.obj
                0x08003878                SDMMC_CmdSetRelAdd
 .text.SDMMC_GetCmdResp7
                0x080038a8       0x64 CMakeFiles/Test_Bench.elf.dir/Drivers/STM32F4xx_HAL_Driver/Src/stm32f4xx_ll_sdmmc.c.obj
                0x080038a8                SDMMC_GetCmdResp7
 .text.SDMMC_CmdOperCond
                0x0800390c       0x2e CMakeFiles/Test_Bench.elf.dir/Drivers/STM32F4xx_HAL_Driver/Src/stm32f4xx_ll_sdmmc.c.obj
                0x0800390c                SDMMC_CmdOperCond
 .text.USB_CoreReset
                0x0800393a       0x4a CMakeFiles/Test_Bench.elf.dir/Drivers/STM32F4xx_HAL_Driver/Src/stm32f4xx_ll_usb.c.obj
 .text.USB_CoreInit
                0x08003984       0x92 CMakeFiles/Test_Bench.elf.dir/Drivers/STM32F4xx_HAL_Driver/Src/stm32f4xx_ll_usb.c.obj
                0x08003984                USB_CoreInit
 *fill*         0x08003a16        0x2 
 .text.USB_SetTurnaroundTime
                0x08003a18       0xe4 CMakeFiles/Test_Bench.elf.dir/Drivers/STM32F4xx_HAL_Driver/Src/stm32f4xx_ll_usb.c.obj
                0x08003a18                USB_SetTurnaroundTime
 .text.USB_EnableGlobalInt
                0x08003afc        0xc CMakeFiles/Test_Bench.elf.dir/Drivers/STM32F4xx_HAL_Driver/Src/stm32f4xx_ll_usb.c.obj
                0x08003afc                USB_EnableGlobalInt
 .text.USB_DisableGlobalInt
                0x08003b08        0xc CMakeFiles/Test_Bench.elf.dir/Drivers/STM32F4xx_HAL_Driver/Src/stm32f4xx_ll_usb.c.obj
                0x08003b08                USB_DisableGlobalInt
 .text.USB_FlushTxFifo
                0x08003b14       0x4a CMakeFiles/Test_Bench.elf.dir/Drivers/STM32F4xx_HAL_Driver/Src/stm32f4xx_ll_usb.c.obj
                0x08003b14                USB_FlushTxFifo
 .text.USB_FlushRxFifo
                0x08003b5e       0x46 CMakeFiles/Test_Bench.elf.dir/Drivers/STM32F4xx_HAL_Driver/Src/stm32f4xx_ll_usb.c.obj
                0x08003b5e                USB_FlushRxFifo
 .text.USB_SetDevSpeed
                0x08003ba4        0xe CMakeFiles/Test_Bench.elf.dir/Drivers/STM32F4xx_HAL_Driver/Src/stm32f4xx_ll_usb.c.obj
                0x08003ba4                USB_SetDevSpeed
 *fill*         0x08003bb2        0x2 
 .text.USB_DevInit
                0x08003bb4      0x194 CMakeFiles/Test_Bench.elf.dir/Drivers/STM32F4xx_HAL_Driver/Src/stm32f4xx_ll_usb.c.obj
                0x08003bb4                USB_DevInit
 .text.USB_GetDevSpeed
                0x08003d48       0x22 CMakeFiles/Test_Bench.elf.dir/Drivers/STM32F4xx_HAL_Driver/Src/stm32f4xx_ll_usb.c.obj
                0x08003d48                USB_GetDevSpeed
 .text.USB_ActivateEndpoint
                0x08003d6a       0x9a CMakeFiles/Test_Bench.elf.dir/Drivers/STM32F4xx_HAL_Driver/Src/stm32f4xx_ll_usb.c.obj
                0x08003d6a                USB_ActivateEndpoint
 .text.USB_DeactivateEndpoint
                0x08003e04       0xe0 CMakeFiles/Test_Bench.elf.dir/Drivers/STM32F4xx_HAL_Driver/Src/stm32f4xx_ll_usb.c.obj
                0x08003e04                USB_DeactivateEndpoint
 .text.USB_EPStopXfer
                0x08003ee4       0xbc CMakeFiles/Test_Bench.elf.dir/Drivers/STM32F4xx_HAL_Driver/Src/stm32f4xx_ll_usb.c.obj
                0x08003ee4                USB_EPStopXfer
 .text.USB_WritePacket
                0x08003fa0       0x2e CMakeFiles/Test_Bench.elf.dir/Drivers/STM32F4xx_HAL_Driver/Src/stm32f4xx_ll_usb.c.obj
                0x08003fa0                USB_WritePacket
 *fill*         0x08003fce        0x2 
 .text.USB_EPStartXfer
                0x08003fd0      0x244 CMakeFiles/Test_Bench.elf.dir/Drivers/STM32F4xx_HAL_Driver/Src/stm32f4xx_ll_usb.c.obj
                0x08003fd0                USB_EPStartXfer
 .text.USB_ReadPacket
                0x08004214       0x46 CMakeFiles/Test_Bench.elf.dir/Drivers/STM32F4xx_HAL_Driver/Src/stm32f4xx_ll_usb.c.obj
                0x08004214                USB_ReadPacket
 .text.USB_EPSetStall
                0x0800425a       0x5a CMakeFiles/Test_Bench.elf.dir/Drivers/STM32F4xx_HAL_Driver/Src/stm32f4xx_ll_usb.c.obj
                0x0800425a                USB_EPSetStall
 .text.USB_EPClearStall
                0x080042b4       0x5c CMakeFiles/Test_Bench.elf.dir/Drivers/STM32F4xx_HAL_Driver/Src/stm32f4xx_ll_usb.c.obj
                0x080042b4                USB_EPClearStall
 .text.USB_SetDevAddress
                0x08004310       0x20 CMakeFiles/Test_Bench.elf.dir/Drivers/STM32F4xx_HAL_Driver/Src/stm32f4xx_ll_usb.c.obj
                0x08004310                USB_SetDevAddress
 .text.USB_DevConnect
                0x08004330       0x1c CMakeFiles/Test_Bench.elf.dir/Drivers/STM32F4xx_HAL_Driver/Src/stm32f4xx_ll_usb.c.obj
                0x08004330                USB_DevConnect
 .text.USB_DevDisconnect
                0x0800434c       0x1c CMakeFiles/Test_Bench.elf.dir/Drivers/STM32F4xx_HAL_Driver/Src/stm32f4xx_ll_usb.c.obj
                0x0800434c                USB_DevDisconnect
 .text.USB_ReadInterrupts
                0x08004368        0x8 CMakeFiles/Test_Bench.elf.dir/Drivers/STM32F4xx_HAL_Driver/Src/stm32f4xx_ll_usb.c.obj
                0x08004368                USB_ReadInterrupts
 .text.USB_ReadDevAllOutEpInterrupt
                0x08004370       0x10 CMakeFiles/Test_Bench.elf.dir/Drivers/STM32F4xx_HAL_Driver/Src/stm32f4xx_ll_usb.c.obj
                0x08004370                USB_ReadDevAllOutEpInterrupt
 .text.USB_ReadDevAllInEpInterrupt
                0x08004380       0x10 CMakeFiles/Test_Bench.elf.dir/Drivers/STM32F4xx_HAL_Driver/Src/stm32f4xx_ll_usb.c.obj
                0x08004380                USB_ReadDevAllInEpInterrupt
 .text.USB_ReadDevOutEPInterrupt
                0x08004390       0x12 CMakeFiles/Test_Bench.elf.dir/Drivers/STM32F4xx_HAL_Driver/Src/stm32f4xx_ll_usb.c.obj
                0x08004390                USB_ReadDevOutEPInterrupt
 .text.USB_ReadDevInEPInterrupt
                0x080043a2       0x24 CMakeFiles/Test_Bench.elf.dir/Drivers/STM32F4xx_HAL_Driver/Src/stm32f4xx_ll_usb.c.obj
                0x080043a2                USB_ReadDevInEPInterrupt
 .text.USB_GetMode
                0x080043c6        0x8 CMakeFiles/Test_Bench.elf.dir/Drivers/STM32F4xx_HAL_Driver/Src/stm32f4xx_ll_usb.c.obj
                0x080043c6                USB_GetMode
 .text.USB_SetCurrentMode
                0x080043ce       0x62 CMakeFiles/Test_Bench.elf.dir/Drivers/STM32F4xx_HAL_Driver/Src/stm32f4xx_ll_usb.c.obj
                0x080043ce                USB_SetCurrentMode
 .text.USB_ActivateSetup
                0x08004430       0x1c CMakeFiles/Test_Bench.elf.dir/Drivers/STM32F4xx_HAL_Driver/Src/stm32f4xx_ll_usb.c.obj
                0x08004430                USB_ActivateSetup
 .text.USB_EP0_OutStart
                0x0800444c       0x5c CMakeFiles/Test_Bench.elf.dir/Drivers/STM32F4xx_HAL_Driver/Src/stm32f4xx_ll_usb.c.obj
                0x0800444c                USB_EP0_OutStart
 .text.MX_FATFS_Init
                0x080044a8       0x1c CMakeFiles/Test_Bench.elf.dir/FATFS/App/fatfs.c.obj
                0x080044a8                MX_FATFS_Init
 .text.get_fattime
                0x080044c4        0x4 CMakeFiles/Test_Bench.elf.dir/FATFS/App/fatfs.c.obj
                0x080044c4                get_fattime
 .text.BSP_SD_ReadBlocks
                0x080044c8       0x20 CMakeFiles/Test_Bench.elf.dir/FATFS/Target/bsp_driver_sd.c.obj
                0x080044c8                BSP_SD_ReadBlocks
 .text.BSP_SD_WriteBlocks
                0x080044e8       0x20 CMakeFiles/Test_Bench.elf.dir/FATFS/Target/bsp_driver_sd.c.obj
                0x080044e8                BSP_SD_WriteBlocks
 .text.BSP_SD_GetCardState
                0x08004508       0x14 CMakeFiles/Test_Bench.elf.dir/FATFS/Target/bsp_driver_sd.c.obj
                0x08004508                BSP_SD_GetCardState
 .text.BSP_SD_GetCardInfo
                0x0800451c       0x10 CMakeFiles/Test_Bench.elf.dir/FATFS/Target/bsp_driver_sd.c.obj
                0x0800451c                BSP_SD_GetCardInfo
 .text.BSP_SD_AbortCallback
                0x0800452c        0x2 CMakeFiles/Test_Bench.elf.dir/FATFS/Target/bsp_driver_sd.c.obj
                0x0800452c                BSP_SD_AbortCallback
 .text.HAL_SD_AbortCallback
                0x0800452e        0x8 CMakeFiles/Test_Bench.elf.dir/FATFS/Target/bsp_driver_sd.c.obj
                0x0800452e                HAL_SD_AbortCallback
 .text.BSP_SD_WriteCpltCallback
                0x08004536        0x2 CMakeFiles/Test_Bench.elf.dir/FATFS/Target/bsp_driver_sd.c.obj
                0x08004536                BSP_SD_WriteCpltCallback
 .text.HAL_SD_TxCpltCallback
                0x08004538        0x8 CMakeFiles/Test_Bench.elf.dir/FATFS/Target/bsp_driver_sd.c.obj
                0x08004538                HAL_SD_TxCpltCallback
 .text.BSP_SD_ReadCpltCallback
                0x08004540        0x2 CMakeFiles/Test_Bench.elf.dir/FATFS/Target/bsp_driver_sd.c.obj
                0x08004540                BSP_SD_ReadCpltCallback
 .text.HAL_SD_RxCpltCallback
                0x08004542        0x8 CMakeFiles/Test_Bench.elf.dir/FATFS/Target/bsp_driver_sd.c.obj
                0x08004542                HAL_SD_RxCpltCallback
 .text.BSP_SD_IsDetected
                0x0800454a       0x10 CMakeFiles/Test_Bench.elf.dir/FATFS/Target/bsp_driver_sd.c.obj
                0x0800454a                BSP_SD_IsDetected
 *fill*         0x0800455a        0x2 
 .text.BSP_SD_Init
                0x0800455c       0x34 CMakeFiles/Test_Bench.elf.dir/FATFS/Target/bsp_driver_sd.c.obj
                0x0800455c                BSP_SD_Init
 .text.SD_CheckStatus
                0x08004590       0x24 CMakeFiles/Test_Bench.elf.dir/FATFS/Target/sd_diskio.c.obj
 .text.SD_initialize
                0x080045b4       0x28 CMakeFiles/Test_Bench.elf.dir/FATFS/Target/sd_diskio.c.obj
                0x080045b4                SD_initialize
 .text.SD_status
                0x080045dc        0x8 CMakeFiles/Test_Bench.elf.dir/FATFS/Target/sd_diskio.c.obj
                0x080045dc                SD_status
 .text.SD_read  0x080045e4       0x24 CMakeFiles/Test_Bench.elf.dir/FATFS/Target/sd_diskio.c.obj
                0x080045e4                SD_read
 .text.SD_write
                0x08004608       0x24 CMakeFiles/Test_Bench.elf.dir/FATFS/Target/sd_diskio.c.obj
                0x08004608                SD_write
 .text.SD_ioctl
                0x0800462c       0x58 CMakeFiles/Test_Bench.elf.dir/FATFS/Target/sd_diskio.c.obj
                0x0800462c                SD_ioctl
 .text.USBD_CDC_EP0_RxReady
                0x08004684       0x40 CMakeFiles/Test_Bench.elf.dir/Middlewares/ST/STM32_USB_Device_Library/Class/CDC/Src/usbd_cdc.c.obj
 .text.USBD_CDC_GetDeviceQualifierDescriptor
                0x080046c4        0xc CMakeFiles/Test_Bench.elf.dir/Middlewares/ST/STM32_USB_Device_Library/Class/CDC/Src/usbd_cdc.c.obj
                0x080046c4                USBD_CDC_GetDeviceQualifierDescriptor
 .text.USBD_CDC_GetOtherSpeedCfgDesc
                0x080046d0       0x48 CMakeFiles/Test_Bench.elf.dir/Middlewares/ST/STM32_USB_Device_Library/Class/CDC/Src/usbd_cdc.c.obj
 .text.USBD_CDC_GetFSCfgDesc
                0x08004718       0x48 CMakeFiles/Test_Bench.elf.dir/Middlewares/ST/STM32_USB_Device_Library/Class/CDC/Src/usbd_cdc.c.obj
 .text.USBD_CDC_GetHSCfgDesc
                0x08004760       0x48 CMakeFiles/Test_Bench.elf.dir/Middlewares/ST/STM32_USB_Device_Library/Class/CDC/Src/usbd_cdc.c.obj
 .text.USBD_CDC_DataOut
                0x080047a8       0x38 CMakeFiles/Test_Bench.elf.dir/Middlewares/ST/STM32_USB_Device_Library/Class/CDC/Src/usbd_cdc.c.obj
 .text.USBD_CDC_DataIn
                0x080047e0       0x7c CMakeFiles/Test_Bench.elf.dir/Middlewares/ST/STM32_USB_Device_Library/Class/CDC/Src/usbd_cdc.c.obj
 .text.USBD_CDC_Setup
                0x0800485c      0x11a CMakeFiles/Test_Bench.elf.dir/Middlewares/ST/STM32_USB_Device_Library/Class/CDC/Src/usbd_cdc.c.obj
 .text.USBD_CDC_DeInit
                0x08004976       0x64 CMakeFiles/Test_Bench.elf.dir/Middlewares/ST/STM32_USB_Device_Library/Class/CDC/Src/usbd_cdc.c.obj
 .text.USBD_CDC_Init
                0x080049da       0xee CMakeFiles/Test_Bench.elf.dir/Middlewares/ST/STM32_USB_Device_Library/Class/CDC/Src/usbd_cdc.c.obj
 .text.USBD_CDC_RegisterInterface
                0x08004ac8       0x16 CMakeFiles/Test_Bench.elf.dir/Middlewares/ST/STM32_USB_Device_Library/Class/CDC/Src/usbd_cdc.c.obj
                0x08004ac8                USBD_CDC_RegisterInterface
 .text.USBD_CDC_SetTxBuffer
                0x08004ade       0x1c CMakeFiles/Test_Bench.elf.dir/Middlewares/ST/STM32_USB_Device_Library/Class/CDC/Src/usbd_cdc.c.obj
                0x08004ade                USBD_CDC_SetTxBuffer
 .text.USBD_CDC_SetRxBuffer
                0x08004afa       0x18 CMakeFiles/Test_Bench.elf.dir/Middlewares/ST/STM32_USB_Device_Library/Class/CDC/Src/usbd_cdc.c.obj
                0x08004afa                USBD_CDC_SetRxBuffer
 .text.USBD_CDC_TransmitPacket
                0x08004b12       0x36 CMakeFiles/Test_Bench.elf.dir/Middlewares/ST/STM32_USB_Device_Library/Class/CDC/Src/usbd_cdc.c.obj
                0x08004b12                USBD_CDC_TransmitPacket
 .text.USBD_CDC_ReceivePacket
                0x08004b48       0x38 CMakeFiles/Test_Bench.elf.dir/Middlewares/ST/STM32_USB_Device_Library/Class/CDC/Src/usbd_cdc.c.obj
                0x08004b48                USBD_CDC_ReceivePacket
 .text.USBD_Init
                0x08004b80       0x2e CMakeFiles/Test_Bench.elf.dir/Middlewares/ST/STM32_USB_Device_Library/Core/Src/usbd_core.c.obj
                0x08004b80                USBD_Init
 .text.USBD_RegisterClass
                0x08004bae       0x40 CMakeFiles/Test_Bench.elf.dir/Middlewares/ST/STM32_USB_Device_Library/Core/Src/usbd_core.c.obj
                0x08004bae                USBD_RegisterClass
 .text.USBD_Start
                0x08004bee        0x8 CMakeFiles/Test_Bench.elf.dir/Middlewares/ST/STM32_USB_Device_Library/Core/Src/usbd_core.c.obj
                0x08004bee                USBD_Start
 .text.USBD_SetClassConfig
                0x08004bf6       0x12 CMakeFiles/Test_Bench.elf.dir/Middlewares/ST/STM32_USB_Device_Library/Core/Src/usbd_core.c.obj
                0x08004bf6                USBD_SetClassConfig
 .text.USBD_ClrClassConfig
                0x08004c08       0x12 CMakeFiles/Test_Bench.elf.dir/Middlewares/ST/STM32_USB_Device_Library/Core/Src/usbd_core.c.obj
                0x08004c08                USBD_ClrClassConfig
 .text.USBD_LL_SetupStage
                0x08004c1a       0x58 CMakeFiles/Test_Bench.elf.dir/Middlewares/ST/STM32_USB_Device_Library/Core/Src/usbd_core.c.obj
                0x08004c1a                USBD_LL_SetupStage
 .text.USBD_LL_Reset
                0x08004c72       0x64 CMakeFiles/Test_Bench.elf.dir/Middlewares/ST/STM32_USB_Device_Library/Core/Src/usbd_core.c.obj
                0x08004c72                USBD_LL_Reset
 .text.USBD_LL_SetSpeed
                0x08004cd6        0x6 CMakeFiles/Test_Bench.elf.dir/Middlewares/ST/STM32_USB_Device_Library/Core/Src/usbd_core.c.obj
                0x08004cd6                USBD_LL_SetSpeed
 .text.USBD_LL_Suspend
                0x08004cdc       0x1e CMakeFiles/Test_Bench.elf.dir/Middlewares/ST/STM32_USB_Device_Library/Core/Src/usbd_core.c.obj
                0x08004cdc                USBD_LL_Suspend
 .text.USBD_LL_Resume
                0x08004cfa       0x1a CMakeFiles/Test_Bench.elf.dir/Middlewares/ST/STM32_USB_Device_Library/Core/Src/usbd_core.c.obj
                0x08004cfa                USBD_LL_Resume
 .text.USBD_LL_SOF
                0x08004d14       0x22 CMakeFiles/Test_Bench.elf.dir/Middlewares/ST/STM32_USB_Device_Library/Core/Src/usbd_core.c.obj
                0x08004d14                USBD_LL_SOF
 .text.USBD_LL_IsoINIncomplete
                0x08004d36       0x2e CMakeFiles/Test_Bench.elf.dir/Middlewares/ST/STM32_USB_Device_Library/Core/Src/usbd_core.c.obj
                0x08004d36                USBD_LL_IsoINIncomplete
 .text.USBD_LL_IsoOUTIncomplete
                0x08004d64       0x2e CMakeFiles/Test_Bench.elf.dir/Middlewares/ST/STM32_USB_Device_Library/Core/Src/usbd_core.c.obj
                0x08004d64                USBD_LL_IsoOUTIncomplete
 .text.USBD_LL_DevConnected
                0x08004d92        0x4 CMakeFiles/Test_Bench.elf.dir/Middlewares/ST/STM32_USB_Device_Library/Core/Src/usbd_core.c.obj
                0x08004d92                USBD_LL_DevConnected
 .text.USBD_LL_DevDisconnected
                0x08004d96       0x20 CMakeFiles/Test_Bench.elf.dir/Middlewares/ST/STM32_USB_Device_Library/Core/Src/usbd_core.c.obj
                0x08004d96                USBD_LL_DevDisconnected
 .text.USBD_CoreFindIF
                0x08004db6        0x4 CMakeFiles/Test_Bench.elf.dir/Middlewares/ST/STM32_USB_Device_Library/Core/Src/usbd_core.c.obj
                0x08004db6                USBD_CoreFindIF
 .text.USBD_CoreFindEP
                0x08004dba        0x4 CMakeFiles/Test_Bench.elf.dir/Middlewares/ST/STM32_USB_Device_Library/Core/Src/usbd_core.c.obj
                0x08004dba                USBD_CoreFindEP
 .text.USBD_LL_DataOutStage
                0x08004dbe       0xc4 CMakeFiles/Test_Bench.elf.dir/Middlewares/ST/STM32_USB_Device_Library/Core/Src/usbd_core.c.obj
                0x08004dbe                USBD_LL_DataOutStage
 .text.USBD_LL_DataInStage
                0x08004e82       0xd6 CMakeFiles/Test_Bench.elf.dir/Middlewares/ST/STM32_USB_Device_Library/Core/Src/usbd_core.c.obj
                0x08004e82                USBD_LL_DataInStage
 .text.USBD_GetNextDesc
                0x08004f58        0xe CMakeFiles/Test_Bench.elf.dir/Middlewares/ST/STM32_USB_Device_Library/Core/Src/usbd_core.c.obj
                0x08004f58                USBD_GetNextDesc
 .text.USBD_GetEpDesc
                0x08004f66       0x3e CMakeFiles/Test_Bench.elf.dir/Middlewares/ST/STM32_USB_Device_Library/Core/Src/usbd_core.c.obj
                0x08004f66                USBD_GetEpDesc
 .text.USBD_GetLen
                0x08004fa4       0x14 CMakeFiles/Test_Bench.elf.dir/Middlewares/ST/STM32_USB_Device_Library/Core/Src/usbd_ctlreq.c.obj
 .text.USBD_ParseSetupRequest
                0x08004fb8       0x28 CMakeFiles/Test_Bench.elf.dir/Middlewares/ST/STM32_USB_Device_Library/Core/Src/usbd_ctlreq.c.obj
                0x08004fb8                USBD_ParseSetupRequest
 .text.USBD_CtlError
                0x08004fe0       0x14 CMakeFiles/Test_Bench.elf.dir/Middlewares/ST/STM32_USB_Device_Library/Core/Src/usbd_ctlreq.c.obj
                0x08004fe0                USBD_CtlError
 .text.USBD_GetDescriptor
                0x08004ff4      0x18a CMakeFiles/Test_Bench.elf.dir/Middlewares/ST/STM32_USB_Device_Library/Core/Src/usbd_ctlreq.c.obj
 .text.USBD_SetAddress
                0x0800517e       0x50 CMakeFiles/Test_Bench.elf.dir/Middlewares/ST/STM32_USB_Device_Library/Core/Src/usbd_ctlreq.c.obj
 *fill*         0x080051ce        0x2 
 .text.USBD_SetConfig
                0x080051d0       0xcc CMakeFiles/Test_Bench.elf.dir/Middlewares/ST/STM32_USB_Device_Library/Core/Src/usbd_ctlreq.c.obj
 .text.USBD_GetConfig
                0x0800529c       0x40 CMakeFiles/Test_Bench.elf.dir/Middlewares/ST/STM32_USB_Device_Library/Core/Src/usbd_ctlreq.c.obj
 .text.USBD_GetStatus
                0x080052dc       0x38 CMakeFiles/Test_Bench.elf.dir/Middlewares/ST/STM32_USB_Device_Library/Core/Src/usbd_ctlreq.c.obj
 .text.USBD_SetFeature
                0x08005314       0x2a CMakeFiles/Test_Bench.elf.dir/Middlewares/ST/STM32_USB_Device_Library/Core/Src/usbd_ctlreq.c.obj
 .text.USBD_ClrFeature
                0x0800533e       0x26 CMakeFiles/Test_Bench.elf.dir/Middlewares/ST/STM32_USB_Device_Library/Core/Src/usbd_ctlreq.c.obj
 .text.USBD_StdDevReq
                0x08005364       0x76 CMakeFiles/Test_Bench.elf.dir/Middlewares/ST/STM32_USB_Device_Library/Core/Src/usbd_ctlreq.c.obj
                0x08005364                USBD_StdDevReq
 .text.USBD_StdItfReq
                0x080053da       0x84 CMakeFiles/Test_Bench.elf.dir/Middlewares/ST/STM32_USB_Device_Library/Core/Src/usbd_ctlreq.c.obj
                0x080053da                USBD_StdItfReq
 .text.USBD_StdEPReq
                0x0800545e      0x230 CMakeFiles/Test_Bench.elf.dir/Middlewares/ST/STM32_USB_Device_Library/Core/Src/usbd_ctlreq.c.obj
                0x0800545e                USBD_StdEPReq
 .text.USBD_GetString
                0x0800568e       0x46 CMakeFiles/Test_Bench.elf.dir/Middlewares/ST/STM32_USB_Device_Library/Core/Src/usbd_ctlreq.c.obj
                0x0800568e                USBD_GetString
 .text.USBD_CtlSendData
                0x080056d4       0x1a CMakeFiles/Test_Bench.elf.dir/Middlewares/ST/STM32_USB_Device_Library/Core/Src/usbd_ioreq.c.obj
                0x080056d4                USBD_CtlSendData
 .text.USBD_CtlContinueSendData
                0x080056ee       0x10 CMakeFiles/Test_Bench.elf.dir/Middlewares/ST/STM32_USB_Device_Library/Core/Src/usbd_ioreq.c.obj
                0x080056ee                USBD_CtlContinueSendData
 .text.USBD_CtlPrepareRx
                0x080056fe       0x1e CMakeFiles/Test_Bench.elf.dir/Middlewares/ST/STM32_USB_Device_Library/Core/Src/usbd_ioreq.c.obj
                0x080056fe                USBD_CtlPrepareRx
 .text.USBD_CtlContinueRx
                0x0800571c       0x10 CMakeFiles/Test_Bench.elf.dir/Middlewares/ST/STM32_USB_Device_Library/Core/Src/usbd_ioreq.c.obj
                0x0800571c                USBD_CtlContinueRx
 .text.USBD_CtlSendStatus
                0x0800572c       0x16 CMakeFiles/Test_Bench.elf.dir/Middlewares/ST/STM32_USB_Device_Library/Core/Src/usbd_ioreq.c.obj
                0x0800572c                USBD_CtlSendStatus
 .text.USBD_CtlReceiveStatus
                0x08005742       0x16 CMakeFiles/Test_Bench.elf.dir/Middlewares/ST/STM32_USB_Device_Library/Core/Src/usbd_ioreq.c.obj
                0x08005742                USBD_CtlReceiveStatus
 .text.disk_status
                0x08005758       0x18 CMakeFiles/Test_Bench.elf.dir/Middlewares/Third_Party/FatFs/src/diskio.c.obj
                0x08005758                disk_status
 .text.disk_initialize
                0x08005770       0x2c CMakeFiles/Test_Bench.elf.dir/Middlewares/Third_Party/FatFs/src/diskio.c.obj
                0x08005770                disk_initialize
 .text.disk_read
                0x0800579c       0x18 CMakeFiles/Test_Bench.elf.dir/Middlewares/Third_Party/FatFs/src/diskio.c.obj
                0x0800579c                disk_read
 .text.disk_write
                0x080057b4       0x18 CMakeFiles/Test_Bench.elf.dir/Middlewares/Third_Party/FatFs/src/diskio.c.obj
                0x080057b4                disk_write
 .text.disk_ioctl
                0x080057cc       0x18 CMakeFiles/Test_Bench.elf.dir/Middlewares/Third_Party/FatFs/src/diskio.c.obj
                0x080057cc                disk_ioctl
 .text.ld_word  0x080057e4        0xa CMakeFiles/Test_Bench.elf.dir/Middlewares/Third_Party/FatFs/src/ff.c.obj
 .text.ld_dword
                0x080057ee       0x16 CMakeFiles/Test_Bench.elf.dir/Middlewares/Third_Party/FatFs/src/ff.c.obj
 .text.st_word  0x08005804        0x8 CMakeFiles/Test_Bench.elf.dir/Middlewares/Third_Party/FatFs/src/ff.c.obj
 .text.st_dword
                0x0800580c       0x14 CMakeFiles/Test_Bench.elf.dir/Middlewares/Third_Party/FatFs/src/ff.c.obj
 .text.mem_cpy  0x08005820       0x14 CMakeFiles/Test_Bench.elf.dir/Middlewares/Third_Party/FatFs/src/ff.c.obj
 .text.mem_set  0x08005834        0xa CMakeFiles/Test_Bench.elf.dir/Middlewares/Third_Party/FatFs/src/ff.c.obj
 .text.mem_cmp  0x0800583e       0x1a CMakeFiles/Test_Bench.elf.dir/Middlewares/Third_Party/FatFs/src/ff.c.obj
 .text.chk_chr  0x08005858       0x10 CMakeFiles/Test_Bench.elf.dir/Middlewares/Third_Party/FatFs/src/ff.c.obj
 .text.chk_lock
                0x08005868       0x74 CMakeFiles/Test_Bench.elf.dir/Middlewares/Third_Party/FatFs/src/ff.c.obj
 .text.enq_lock
                0x080058dc       0x20 CMakeFiles/Test_Bench.elf.dir/Middlewares/Third_Party/FatFs/src/ff.c.obj
 .text.inc_lock
                0x080058fc       0xa4 CMakeFiles/Test_Bench.elf.dir/Middlewares/Third_Party/FatFs/src/ff.c.obj
 .text.dec_lock
                0x080059a0       0x40 CMakeFiles/Test_Bench.elf.dir/Middlewares/Third_Party/FatFs/src/ff.c.obj
 .text.clear_lock
                0x080059e0       0x38 CMakeFiles/Test_Bench.elf.dir/Middlewares/Third_Party/FatFs/src/ff.c.obj
 .text.clust2sect
                0x08005a18       0x18 CMakeFiles/Test_Bench.elf.dir/Middlewares/Third_Party/FatFs/src/ff.c.obj
 .text.clmt_clust
                0x08005a30       0x22 CMakeFiles/Test_Bench.elf.dir/Middlewares/Third_Party/FatFs/src/ff.c.obj
 .text.ld_clust
                0x08005a52       0x26 CMakeFiles/Test_Bench.elf.dir/Middlewares/Third_Party/FatFs/src/ff.c.obj
 .text.st_clust
                0x08005a78       0x26 CMakeFiles/Test_Bench.elf.dir/Middlewares/Third_Party/FatFs/src/ff.c.obj
 *fill*         0x08005a9e        0x2 
 .text.create_name
                0x08005aa0       0xfc CMakeFiles/Test_Bench.elf.dir/Middlewares/Third_Party/FatFs/src/ff.c.obj
 .text.get_ldnumber
                0x08005b9c       0x52 CMakeFiles/Test_Bench.elf.dir/Middlewares/Third_Party/FatFs/src/ff.c.obj
 .text.validate
                0x08005bee       0x46 CMakeFiles/Test_Bench.elf.dir/Middlewares/Third_Party/FatFs/src/ff.c.obj
 .text.sync_window
                0x08005c34       0x54 CMakeFiles/Test_Bench.elf.dir/Middlewares/Third_Party/FatFs/src/ff.c.obj
 .text.move_window
                0x08005c88       0x36 CMakeFiles/Test_Bench.elf.dir/Middlewares/Third_Party/FatFs/src/ff.c.obj
 *fill*         0x08005cbe        0x2 
 .text.check_fs
                0x08005cc0       0x78 CMakeFiles/Test_Bench.elf.dir/Middlewares/Third_Party/FatFs/src/ff.c.obj
 .text.find_volume
                0x08005d38      0x2fc CMakeFiles/Test_Bench.elf.dir/Middlewares/Third_Party/FatFs/src/ff.c.obj
 .text.put_fat  0x08006034      0x104 CMakeFiles/Test_Bench.elf.dir/Middlewares/Third_Party/FatFs/src/ff.c.obj
 .text.get_fat  0x08006138       0xd0 CMakeFiles/Test_Bench.elf.dir/Middlewares/Third_Party/FatFs/src/ff.c.obj
 .text.dir_sdi  0x08006208       0xac CMakeFiles/Test_Bench.elf.dir/Middlewares/Third_Party/FatFs/src/ff.c.obj
 .text.create_chain
                0x080062b4       0xcc CMakeFiles/Test_Bench.elf.dir/Middlewares/Third_Party/FatFs/src/ff.c.obj
 .text.remove_chain
                0x08006380       0x7e CMakeFiles/Test_Bench.elf.dir/Middlewares/Third_Party/FatFs/src/ff.c.obj
 .text.dir_next
                0x080063fe      0x108 CMakeFiles/Test_Bench.elf.dir/Middlewares/Third_Party/FatFs/src/ff.c.obj
 .text.dir_find
                0x08006506       0x5a CMakeFiles/Test_Bench.elf.dir/Middlewares/Third_Party/FatFs/src/ff.c.obj
 .text.follow_path
                0x08006560       0x8c CMakeFiles/Test_Bench.elf.dir/Middlewares/Third_Party/FatFs/src/ff.c.obj
 .text.dir_alloc
                0x080065ec       0x50 CMakeFiles/Test_Bench.elf.dir/Middlewares/Third_Party/FatFs/src/ff.c.obj
 .text.dir_register
                0x0800663c       0x3e CMakeFiles/Test_Bench.elf.dir/Middlewares/Third_Party/FatFs/src/ff.c.obj
 *fill*         0x0800667a        0x2 
 .text.sync_fs  0x0800667c       0x8c CMakeFiles/Test_Bench.elf.dir/Middlewares/Third_Party/FatFs/src/ff.c.obj
 .text.f_mount  0x08006708       0x5c CMakeFiles/Test_Bench.elf.dir/Middlewares/Third_Party/FatFs/src/ff.c.obj
                0x08006708                f_mount
 .text.f_open   0x08006764      0x21c CMakeFiles/Test_Bench.elf.dir/Middlewares/Third_Party/FatFs/src/ff.c.obj
                0x08006764                f_open
 .text.f_write  0x08006980      0x1fc CMakeFiles/Test_Bench.elf.dir/Middlewares/Third_Party/FatFs/src/ff.c.obj
                0x08006980                f_write
 .text.f_sync   0x08006b7c       0x98 CMakeFiles/Test_Bench.elf.dir/Middlewares/Third_Party/FatFs/src/ff.c.obj
                0x08006b7c                f_sync
 .text.f_close  0x08006c14       0x2a CMakeFiles/Test_Bench.elf.dir/Middlewares/Third_Party/FatFs/src/ff.c.obj
                0x08006c14                f_close
 *fill*         0x08006c3e        0x2 
 .text.FATFS_LinkDriverEx
                0x08006c40       0x54 CMakeFiles/Test_Bench.elf.dir/Middlewares/Third_Party/FatFs/src/ff_gen_drv.c.obj
                0x08006c40                FATFS_LinkDriverEx
 .text.FATFS_LinkDriver
                0x08006c94        0xa CMakeFiles/Test_Bench.elf.dir/Middlewares/Third_Party/FatFs/src/ff_gen_drv.c.obj
                0x08006c94                FATFS_LinkDriver
 *fill*         0x08006c9e        0x2 
 .text.MX_USB_DEVICE_Init
                0x08006ca0       0x54 CMakeFiles/Test_Bench.elf.dir/USB_DEVICE/App/usb_device.c.obj
                0x08006ca0                MX_USB_DEVICE_Init
 .text.CDC_DeInit_FS
                0x08006cf4        0x4 CMakeFiles/Test_Bench.elf.dir/USB_DEVICE/App/usbd_cdc_if.c.obj
 .text.CDC_Control_FS
                0x08006cf8        0x4 CMakeFiles/Test_Bench.elf.dir/USB_DEVICE/App/usbd_cdc_if.c.obj
 .text.CDC_TransmitCplt_FS
                0x08006cfc        0x4 CMakeFiles/Test_Bench.elf.dir/USB_DEVICE/App/usbd_cdc_if.c.obj
 .text.CDC_Receive_FS
                0x08006d00       0x1c CMakeFiles/Test_Bench.elf.dir/USB_DEVICE/App/usbd_cdc_if.c.obj
 .text.CDC_Init_FS
                0x08006d1c       0x28 CMakeFiles/Test_Bench.elf.dir/USB_DEVICE/App/usbd_cdc_if.c.obj
 .text.CDC_Transmit_FS
                0x08006d44       0x2c CMakeFiles/Test_Bench.elf.dir/USB_DEVICE/App/usbd_cdc_if.c.obj
                0x08006d44                CDC_Transmit_FS
 .text.USBD_FS_DeviceDescriptor
                0x08006d70        0xc CMakeFiles/Test_Bench.elf.dir/USB_DEVICE/App/usbd_desc.c.obj
                0x08006d70                USBD_FS_DeviceDescriptor
 .text.USBD_FS_LangIDStrDescriptor
                0x08006d7c        0xc CMakeFiles/Test_Bench.elf.dir/USB_DEVICE/App/usbd_desc.c.obj
                0x08006d7c                USBD_FS_LangIDStrDescriptor
 .text.IntToUnicode
                0x08006d88       0x46 CMakeFiles/Test_Bench.elf.dir/USB_DEVICE/App/usbd_desc.c.obj
 *fill*         0x08006dce        0x2 
 .text.Get_SerialNum
                0x08006dd0       0x38 CMakeFiles/Test_Bench.elf.dir/USB_DEVICE/App/usbd_desc.c.obj
 .text.USBD_FS_SerialStrDescriptor
                0x08006e08       0x14 CMakeFiles/Test_Bench.elf.dir/USB_DEVICE/App/usbd_desc.c.obj
                0x08006e08                USBD_FS_SerialStrDescriptor
 .text.USBD_FS_ProductStrDescriptor
                0x08006e1c       0x24 CMakeFiles/Test_Bench.elf.dir/USB_DEVICE/App/usbd_desc.c.obj
                0x08006e1c                USBD_FS_ProductStrDescriptor
 .text.USBD_FS_ManufacturerStrDescriptor
                0x08006e40       0x1c CMakeFiles/Test_Bench.elf.dir/USB_DEVICE/App/usbd_desc.c.obj
                0x08006e40                USBD_FS_ManufacturerStrDescriptor
 .text.USBD_FS_ConfigStrDescriptor
                0x08006e5c       0x24 CMakeFiles/Test_Bench.elf.dir/USB_DEVICE/App/usbd_desc.c.obj
                0x08006e5c                USBD_FS_ConfigStrDescriptor
 .text.USBD_FS_InterfaceStrDescriptor
                0x08006e80       0x24 CMakeFiles/Test_Bench.elf.dir/USB_DEVICE/App/usbd_desc.c.obj
                0x08006e80                USBD_FS_InterfaceStrDescriptor
 .text.HAL_PCD_MspInit
                0x08006ea4       0x84 CMakeFiles/Test_Bench.elf.dir/USB_DEVICE/Target/usbd_conf.c.obj
                0x08006ea4                HAL_PCD_MspInit
 .text.HAL_PCD_SetupStageCallback
                0x08006f28       0x10 CMakeFiles/Test_Bench.elf.dir/USB_DEVICE/Target/usbd_conf.c.obj
                0x08006f28                HAL_PCD_SetupStageCallback
 .text.HAL_PCD_DataOutStageCallback
                0x08006f38       0x18 CMakeFiles/Test_Bench.elf.dir/USB_DEVICE/Target/usbd_conf.c.obj
                0x08006f38                HAL_PCD_DataOutStageCallback
 .text.HAL_PCD_DataInStageCallback
                0x08006f50       0x16 CMakeFiles/Test_Bench.elf.dir/USB_DEVICE/Target/usbd_conf.c.obj
                0x08006f50                HAL_PCD_DataInStageCallback
 .text.HAL_PCD_SOFCallback
                0x08006f66        0xc CMakeFiles/Test_Bench.elf.dir/USB_DEVICE/Target/usbd_conf.c.obj
                0x08006f66                HAL_PCD_SOFCallback
 .text.HAL_PCD_ResetCallback
                0x08006f72       0x28 CMakeFiles/Test_Bench.elf.dir/USB_DEVICE/Target/usbd_conf.c.obj
                0x08006f72                HAL_PCD_ResetCallback
 *fill*         0x08006f9a        0x2 
 .text.HAL_PCD_SuspendCallback
                0x08006f9c       0x30 CMakeFiles/Test_Bench.elf.dir/USB_DEVICE/Target/usbd_conf.c.obj
                0x08006f9c                HAL_PCD_SuspendCallback
 .text.HAL_PCD_ResumeCallback
                0x08006fcc        0xc CMakeFiles/Test_Bench.elf.dir/USB_DEVICE/Target/usbd_conf.c.obj
                0x08006fcc                HAL_PCD_ResumeCallback
 .text.HAL_PCD_ISOOUTIncompleteCallback
                0x08006fd8        0xc CMakeFiles/Test_Bench.elf.dir/USB_DEVICE/Target/usbd_conf.c.obj
                0x08006fd8                HAL_PCD_ISOOUTIncompleteCallback
 .text.HAL_PCD_ISOINIncompleteCallback
                0x08006fe4        0xc CMakeFiles/Test_Bench.elf.dir/USB_DEVICE/Target/usbd_conf.c.obj
                0x08006fe4                HAL_PCD_ISOINIncompleteCallback
 .text.HAL_PCD_ConnectCallback
                0x08006ff0        0xc CMakeFiles/Test_Bench.elf.dir/USB_DEVICE/Target/usbd_conf.c.obj
                0x08006ff0                HAL_PCD_ConnectCallback
 .text.HAL_PCD_DisconnectCallback
                0x08006ffc        0xc CMakeFiles/Test_Bench.elf.dir/USB_DEVICE/Target/usbd_conf.c.obj
                0x08006ffc                HAL_PCD_DisconnectCallback
 .text.USBD_LL_Init
                0x08007008       0x68 CMakeFiles/Test_Bench.elf.dir/USB_DEVICE/Target/usbd_conf.c.obj
                0x08007008                USBD_LL_Init
 .text.USBD_LL_IsStallEP
                0x08007070       0x2c CMakeFiles/Test_Bench.elf.dir/USB_DEVICE/Target/usbd_conf.c.obj
                0x08007070                USBD_LL_IsStallEP
 .text.USBD_LL_GetRxDataSize
                0x0800709c        0xc CMakeFiles/Test_Bench.elf.dir/USB_DEVICE/Target/usbd_conf.c.obj
                0x0800709c                USBD_LL_GetRxDataSize
 .text.USBD_static_malloc
                0x080070a8        0x8 CMakeFiles/Test_Bench.elf.dir/USB_DEVICE/Target/usbd_conf.c.obj
                0x080070a8                USBD_static_malloc
 .text.USBD_static_free
                0x080070b0        0x2 CMakeFiles/Test_Bench.elf.dir/USB_DEVICE/Target/usbd_conf.c.obj
                0x080070b0                USBD_static_free
 .text.USBD_Get_USB_Status
                0x080070b2       0x14 CMakeFiles/Test_Bench.elf.dir/USB_DEVICE/Target/usbd_conf.c.obj
                0x080070b2                USBD_Get_USB_Status
 .text.USBD_LL_Start
                0x080070c6       0x10 CMakeFiles/Test_Bench.elf.dir/USB_DEVICE/Target/usbd_conf.c.obj
                0x080070c6                USBD_LL_Start
 .text.USBD_LL_OpenEP
                0x080070d6       0x16 CMakeFiles/Test_Bench.elf.dir/USB_DEVICE/Target/usbd_conf.c.obj
                0x080070d6                USBD_LL_OpenEP
 .text.USBD_LL_CloseEP
                0x080070ec       0x10 CMakeFiles/Test_Bench.elf.dir/USB_DEVICE/Target/usbd_conf.c.obj
                0x080070ec                USBD_LL_CloseEP
 .text.USBD_LL_StallEP
                0x080070fc       0x10 CMakeFiles/Test_Bench.elf.dir/USB_DEVICE/Target/usbd_conf.c.obj
                0x080070fc                USBD_LL_StallEP
 .text.USBD_LL_ClearStallEP
                0x0800710c       0x10 CMakeFiles/Test_Bench.elf.dir/USB_DEVICE/Target/usbd_conf.c.obj
                0x0800710c                USBD_LL_ClearStallEP
 .text.USBD_LL_SetUSBAddress
                0x0800711c       0x10 CMakeFiles/Test_Bench.elf.dir/USB_DEVICE/Target/usbd_conf.c.obj
                0x0800711c                USBD_LL_SetUSBAddress
 .text.USBD_LL_Transmit
                0x0800712c       0x10 CMakeFiles/Test_Bench.elf.dir/USB_DEVICE/Target/usbd_conf.c.obj
                0x0800712c                USBD_LL_Transmit
 .text.USBD_LL_PrepareReceive
                0x0800713c       0x10 CMakeFiles/Test_Bench.elf.dir/USB_DEVICE/Target/usbd_conf.c.obj
                0x0800713c                USBD_LL_PrepareReceive
 .text.__udivmoddi4
                0x0800714c      0x2bc D:/_SOFTW~1/_TOOLS~1/ARM-GN~1.REL/bin/../lib/gcc/arm-none-eabi/13.3.1/thumb/v7e-m/nofp\libgcc.a(_udivmoddi4.o)
                0x0800714c                __udivmoddi4
 .text.memset   0x08007408       0xa4 D:/_SOFTW~1/_TOOLS~1/ARM-GN~1.REL/bin/../lib/gcc/arm-none-eabi/13.3.1/thumb/v7e-m/nofp\libc.a(libc_a-memset.o)
                0x08007408                memset
 .text.__libc_init_array
                0x080074ac       0x50 D:/_SOFTW~1/_TOOLS~1/ARM-GN~1.REL/bin/../lib/gcc/arm-none-eabi/13.3.1/thumb/v7e-m/nofp\libc.a(libc_a-init.o)
                0x080074ac                __libc_init_array
 .text.__retarget_lock_acquire_recursive
                0x080074fc        0x4 D:/_SOFTW~1/_TOOLS~1/ARM-GN~1.REL/bin/../lib/gcc/arm-none-eabi/13.3.1/thumb/v7e-m/nofp\libc.a(libc_a-lock.o)
                0x080074fc                __retarget_lock_acquire_recursive
 .text.__retarget_lock_release_recursive
                0x08007500        0x4 D:/_SOFTW~1/_TOOLS~1/ARM-GN~1.REL/bin/../lib/gcc/arm-none-eabi/13.3.1/thumb/v7e-m/nofp\libc.a(libc_a-lock.o)
                0x08007500                __retarget_lock_release_recursive
 .text.startup.register_fini
                0x08007504       0x14 D:/_SOFTW~1/_TOOLS~1/ARM-GN~1.REL/bin/../lib/gcc/arm-none-eabi/13.3.1/thumb/v7e-m/nofp\libc.a(libc_a-__call_atexit.o)
 .text.atexit   0x08007518        0xc D:/_SOFTW~1/_TOOLS~1/ARM-GN~1.REL/bin/../lib/gcc/arm-none-eabi/13.3.1/thumb/v7e-m/nofp\libc.a(libc_a-atexit.o)
                0x08007518                atexit
 .text.__libc_fini_array
                0x08007524       0x28 D:/_SOFTW~1/_TOOLS~1/ARM-GN~1.REL/bin/../lib/gcc/arm-none-eabi/13.3.1/thumb/v7e-m/nofp\libc.a(libc_a-fini.o)
                0x08007524                __libc_fini_array
 .text.__register_exitproc
                0x0800754c       0x80 D:/_SOFTW~1/_TOOLS~1/ARM-GN~1.REL/bin/../lib/gcc/arm-none-eabi/13.3.1/thumb/v7e-m/nofp\libc.a(libc_a-__atexit.o)
                0x0800754c                __register_exitproc
 *(.glue_7)
 .glue_7        0x080075cc        0x0 linker stubs
 *(.glue_7t)
 .glue_7t       0x080075cc        0x0 linker stubs
 *(.eh_frame)
 .eh_frame      0x080075cc        0x0 D:/_SOFTW~1/_TOOLS~1/ARM-GN~1.REL/bin/../lib/gcc/arm-none-eabi/13.3.1/thumb/v7e-m/nofp/crtbegin.o
 *(.init)
 .init          0x080075cc        0x4 D:/_SOFTW~1/_TOOLS~1/ARM-GN~1.REL/bin/../lib/gcc/arm-none-eabi/13.3.1/thumb/v7e-m/nofp/crti.o
                0x080075cc                _init
 .init          0x080075d0        0x8 D:/_SOFTW~1/_TOOLS~1/ARM-GN~1.REL/bin/../lib/gcc/arm-none-eabi/13.3.1/thumb/v7e-m/nofp/crtn.o
 *(.fini)
 .fini          0x080075d8        0x4 D:/_SOFTW~1/_TOOLS~1/ARM-GN~1.REL/bin/../lib/gcc/arm-none-eabi/13.3.1/thumb/v7e-m/nofp/crti.o
                0x080075d8                _fini
 .fini          0x080075dc        0x8 D:/_SOFTW~1/_TOOLS~1/ARM-GN~1.REL/bin/../lib/gcc/arm-none-eabi/13.3.1/thumb/v7e-m/nofp/crtn.o
                0x080075e4                        . = ALIGN (0x4)
                0x080075e4                        _etext = .

.vfp11_veneer   0x080075e4        0x0
 .vfp11_veneer  0x080075e4        0x0 linker stubs

.v4_bx          0x080075e4        0x0
 .v4_bx         0x080075e4        0x0 linker stubs

.iplt           0x080075e4        0x0
 .iplt          0x080075e4        0x0 D:/_SOFTW~1/_TOOLS~1/ARM-GN~1.REL/bin/../lib/gcc/arm-none-eabi/13.3.1/thumb/v7e-m/nofp/crtbegin.o

.rodata         0x080075e4       0xa0
                0x080075e4                        . = ALIGN (0x4)
 *(.rodata)
 *(.rodata*)
 .rodata.main.str1.4
                0x080075e4       0x72 CMakeFiles/Test_Bench.elf.dir/Core/Src/main.c.obj
                                 0x20 (size before relaxing)
 *fill*         0x08007656        0x2 
 .rodata.APBPrescTable
                0x08007658        0x8 CMakeFiles/Test_Bench.elf.dir/Core/Src/system_stm32f4xx.c.obj
                0x08007658                APBPrescTable
 .rodata.AHBPrescTable
                0x08007660       0x10 CMakeFiles/Test_Bench.elf.dir/Core/Src/system_stm32f4xx.c.obj
                0x08007660                AHBPrescTable
 .rodata.SD_Driver
                0x08007670       0x14 CMakeFiles/Test_Bench.elf.dir/FATFS/Target/sd_diskio.c.obj
                0x08007670                SD_Driver
 .rodata.create_name.str1.4
                0x08007684        0xf CMakeFiles/Test_Bench.elf.dir/Middlewares/Third_Party/FatFs/src/ff.c.obj
 .rodata.USBD_FS_ProductStrDescriptor.str1.4
                0x08007684       0x16 CMakeFiles/Test_Bench.elf.dir/USB_DEVICE/App/usbd_desc.c.obj
 .rodata.USBD_FS_ManufacturerStrDescriptor.str1.4
                0x08007684       0x13 CMakeFiles/Test_Bench.elf.dir/USB_DEVICE/App/usbd_desc.c.obj
 .rodata.USBD_FS_ConfigStrDescriptor.str1.4
                0x08007684        0xb CMakeFiles/Test_Bench.elf.dir/USB_DEVICE/App/usbd_desc.c.obj
 .rodata.USBD_FS_InterfaceStrDescriptor.str1.4
                0x08007684        0xe CMakeFiles/Test_Bench.elf.dir/USB_DEVICE/App/usbd_desc.c.obj
                0x0800769c                        . = ALIGN (0x4)

.ARM.extab      0x08007684        0x0
                0x08007684                        . = ALIGN (0x4)
 *(.ARM.extab* .gnu.linkonce.armextab.*)
                0x08007684                        . = ALIGN (0x4)

.ARM            0x08007684        0x8
                0x08007684                        . = ALIGN (0x4)
                0x08007684                        __exidx_start = .
 *(.ARM.exidx*)
 .ARM.exidx.text.__udivmoddi4
                0x08007684        0x8 D:/_SOFTW~1/_TOOLS~1/ARM-GN~1.REL/bin/../lib/gcc/arm-none-eabi/13.3.1/thumb/v7e-m/nofp\libgcc.a(_udivmoddi4.o)
                0x0800768c                        __exidx_end = .
                0x0800768c                        . = ALIGN (0x4)

.preinit_array  0x0800768c        0x0
                0x0800768c                        . = ALIGN (0x4)
                0x0800768c                        PROVIDE (__preinit_array_start = .)
 *(.preinit_array*)
                0x0800768c                        PROVIDE (__preinit_array_end = .)
                0x0800768c                        . = ALIGN (0x4)

.init_array     0x0800768c        0x8
                0x0800768c                        . = ALIGN (0x4)
                0x0800768c                        PROVIDE (__init_array_start = .)
 *(SORT_BY_NAME(.init_array.*))
 .init_array.00000
                0x0800768c        0x4 D:/_SOFTW~1/_TOOLS~1/ARM-GN~1.REL/bin/../lib/gcc/arm-none-eabi/13.3.1/thumb/v7e-m/nofp\libc.a(libc_a-__call_atexit.o)
 *(.init_array*)
 .init_array    0x08007690        0x4 D:/_SOFTW~1/_TOOLS~1/ARM-GN~1.REL/bin/../lib/gcc/arm-none-eabi/13.3.1/thumb/v7e-m/nofp/crtbegin.o
                0x08007694                        PROVIDE (__init_array_end = .)
                0x08007694                        . = ALIGN (0x4)

.fini_array     0x08007694        0x4
                0x08007694                        . = ALIGN (0x4)
                0x08007694                        PROVIDE (__fini_array_start = .)
 *(SORT_BY_NAME(.fini_array.*))
 *(.fini_array*)
 .fini_array    0x08007694        0x4 D:/_SOFTW~1/_TOOLS~1/ARM-GN~1.REL/bin/../lib/gcc/arm-none-eabi/13.3.1/thumb/v7e-m/nofp/crtbegin.o
                0x08007698                        PROVIDE (__fini_array_end = .)
                0x08007698                        . = ALIGN (0x4)
                0x08007698                        _sidata = LOADADDR (.data)

.rel.dyn        0x08007698        0x0
 .rel.iplt      0x08007698        0x0 D:/_SOFTW~1/_TOOLS~1/ARM-GN~1.REL/bin/../lib/gcc/arm-none-eabi/13.3.1/thumb/v7e-m/nofp/crtbegin.o

.data           0x20000000      0x130 load address 0x08007698
                0x20000000                        . = ALIGN (0x4)
                0x20000000                        _sdata = .
 *(.data)
 *(.data*)
 .data.FS_res_Fail
                0x20000000       0x16 CMakeFiles/Test_Bench.elf.dir/Core/Src/main.c.obj
                0x20000000                FS_res_Fail
 *fill*         0x20000016        0x2 
 .data.FS_res_OK
                0x20000018       0x16 CMakeFiles/Test_Bench.elf.dir/Core/Src/main.c.obj
                0x20000018                FS_res_OK
 *fill*         0x2000002e        0x2 
 .data.SystemCoreClock
                0x20000030        0x4 CMakeFiles/Test_Bench.elf.dir/Core/Src/system_stm32f4xx.c.obj
                0x20000030                SystemCoreClock
 .data.uwTickFreq
                0x20000034        0x1 CMakeFiles/Test_Bench.elf.dir/Drivers/STM32F4xx_HAL_Driver/Src/stm32f4xx_hal.c.obj
                0x20000034                uwTickFreq
 *fill*         0x20000035        0x3 
 .data.uwTickPrio
                0x20000038        0x4 CMakeFiles/Test_Bench.elf.dir/Drivers/STM32F4xx_HAL_Driver/Src/stm32f4xx_hal.c.obj
                0x20000038                uwTickPrio
 .data.Stat     0x2000003c        0x1 CMakeFiles/Test_Bench.elf.dir/FATFS/Target/sd_diskio.c.obj
 *fill*         0x2000003d        0x3 
 .data.USBD_CDC_CfgDesc
                0x20000040       0x43 CMakeFiles/Test_Bench.elf.dir/Middlewares/ST/STM32_USB_Device_Library/Class/CDC/Src/usbd_cdc.c.obj
 *fill*         0x20000083        0x1 
 .data.USBD_CDC
                0x20000084       0x38 CMakeFiles/Test_Bench.elf.dir/Middlewares/ST/STM32_USB_Device_Library/Class/CDC/Src/usbd_cdc.c.obj
                0x20000084                USBD_CDC
 .data.USBD_CDC_DeviceQualifierDesc
                0x200000bc        0xa CMakeFiles/Test_Bench.elf.dir/Middlewares/ST/STM32_USB_Device_Library/Class/CDC/Src/usbd_cdc.c.obj
 *fill*         0x200000c6        0x2 
 .data.USBD_Interface_fops_FS
                0x200000c8       0x14 CMakeFiles/Test_Bench.elf.dir/USB_DEVICE/App/usbd_cdc_if.c.obj
                0x200000c8                USBD_Interface_fops_FS
 .data.USBD_StringSerial
                0x200000dc       0x1a CMakeFiles/Test_Bench.elf.dir/USB_DEVICE/App/usbd_desc.c.obj
                0x200000dc                USBD_StringSerial
 *fill*         0x200000f6        0x2 
 .data.USBD_LangIDDesc
                0x200000f8        0x4 CMakeFiles/Test_Bench.elf.dir/USB_DEVICE/App/usbd_desc.c.obj
                0x200000f8                USBD_LangIDDesc
 .data.USBD_FS_DeviceDesc
                0x200000fc       0x12 CMakeFiles/Test_Bench.elf.dir/USB_DEVICE/App/usbd_desc.c.obj
                0x200000fc                USBD_FS_DeviceDesc
 *fill*         0x2000010e        0x2 
 .data.FS_Desc  0x20000110       0x1c CMakeFiles/Test_Bench.elf.dir/USB_DEVICE/App/usbd_desc.c.obj
                0x20000110                FS_Desc
 .data.__atexit_recursive_mutex
                0x2000012c        0x4 D:/_SOFTW~1/_TOOLS~1/ARM-GN~1.REL/bin/../lib/gcc/arm-none-eabi/13.3.1/thumb/v7e-m/nofp\libc.a(libc_a-__call_atexit.o)
                0x2000012c                __atexit_recursive_mutex
 *(.RamFunc)
 *(.RamFunc*)
                0x20000130                        . = ALIGN (0x4)
                0x20000130                        _edata = .
                0x080077c8                        _siccmram = LOADADDR (.ccmram)

.tm_clone_table
                0x20000130        0x0 load address 0x080077c8
 .tm_clone_table
                0x20000130        0x0 D:/_SOFTW~1/_TOOLS~1/ARM-GN~1.REL/bin/../lib/gcc/arm-none-eabi/13.3.1/thumb/v7e-m/nofp/crtbegin.o
 .tm_clone_table
                0x20000130        0x0 D:/_SOFTW~1/_TOOLS~1/ARM-GN~1.REL/bin/../lib/gcc/arm-none-eabi/13.3.1/thumb/v7e-m/nofp/crtend.o

.igot.plt       0x20000130        0x0 load address 0x080077c8
 .igot.plt      0x20000130        0x0 D:/_SOFTW~1/_TOOLS~1/ARM-GN~1.REL/bin/../lib/gcc/arm-none-eabi/13.3.1/thumb/v7e-m/nofp/crtbegin.o

.ccmram         0x10000000        0x0 load address 0x080077c8
                0x10000000                        . = ALIGN (0x4)
                0x10000000                        _sccmram = .
 *(.ccmram)
 *(.ccmram*)
                0x10000000                        . = ALIGN (0x4)
                0x10000000                        _eccmram = .
                0x10000000                        . = ALIGN (0x4)

.bss            0x20000130     0x1ea0
                0x20000130                        _sbss = .
                0x20000130                        __bss_start__ = _sbss
 *(.bss)
 *(.bss*)
 .bss.completed.1
                0x20000130        0x1 D:/_SOFTW~1/_TOOLS~1/ARM-GN~1.REL/bin/../lib/gcc/arm-none-eabi/13.3.1/thumb/v7e-m/nofp/crtbegin.o
 *fill*         0x20000131        0x3 
 .bss.object.0  0x20000134       0x18 D:/_SOFTW~1/_TOOLS~1/ARM-GN~1.REL/bin/../lib/gcc/arm-none-eabi/13.3.1/thumb/v7e-m/nofp/crtbegin.o
 .bss.hsd       0x2000014c       0x84 CMakeFiles/Test_Bench.elf.dir/Core/Src/sdio.c.obj
                0x2000014c                hsd
 .bss.huart2    0x200001d0       0x48 CMakeFiles/Test_Bench.elf.dir/Core/Src/usart.c.obj
                0x200001d0                huart2
 .bss.uwTick    0x20000218        0x4 CMakeFiles/Test_Bench.elf.dir/Drivers/STM32F4xx_HAL_Driver/Src/stm32f4xx_hal.c.obj
                0x20000218                uwTick
 .bss.SDPath    0x2000021c        0x4 CMakeFiles/Test_Bench.elf.dir/FATFS/App/fatfs.c.obj
                0x2000021c                SDPath
 .bss.retSD     0x20000220        0x1 CMakeFiles/Test_Bench.elf.dir/FATFS/App/fatfs.c.obj
                0x20000220                retSD
 .bss.cfgidx.0  0x20000221        0x1 CMakeFiles/Test_Bench.elf.dir/Middlewares/ST/STM32_USB_Device_Library/Core/Src/usbd_ctlreq.c.obj
 *fill*         0x20000222        0x2 
 .bss.Files     0x20000224       0x20 CMakeFiles/Test_Bench.elf.dir/Middlewares/Third_Party/FatFs/src/ff.c.obj
 .bss.Fsid      0x20000244        0x2 CMakeFiles/Test_Bench.elf.dir/Middlewares/Third_Party/FatFs/src/ff.c.obj
 *fill*         0x20000246        0x2 
 .bss.FatFs     0x20000248        0x4 CMakeFiles/Test_Bench.elf.dir/Middlewares/Third_Party/FatFs/src/ff.c.obj
 .bss.disk      0x2000024c        0xc CMakeFiles/Test_Bench.elf.dir/Middlewares/Third_Party/FatFs/src/ff_gen_drv.c.obj
                0x2000024c                disk
 .bss.hUsbDeviceFS
                0x20000258      0x2dc CMakeFiles/Test_Bench.elf.dir/USB_DEVICE/App/usb_device.c.obj
                0x20000258                hUsbDeviceFS
 .bss.UserTxBufferFS
                0x20000534      0x800 CMakeFiles/Test_Bench.elf.dir/USB_DEVICE/App/usbd_cdc_if.c.obj
                0x20000534                UserTxBufferFS
 .bss.UserRxBufferFS
                0x20000d34      0x800 CMakeFiles/Test_Bench.elf.dir/USB_DEVICE/App/usbd_cdc_if.c.obj
                0x20000d34                UserRxBufferFS
 .bss.USBD_StrDesc
                0x20001534      0x200 CMakeFiles/Test_Bench.elf.dir/USB_DEVICE/App/usbd_desc.c.obj
                0x20001534                USBD_StrDesc
 .bss.mem.0     0x20001734      0x220 CMakeFiles/Test_Bench.elf.dir/USB_DEVICE/Target/usbd_conf.c.obj
 .bss.hpcd_USB_OTG_FS
                0x20001954      0x4e4 CMakeFiles/Test_Bench.elf.dir/USB_DEVICE/Target/usbd_conf.c.obj
                0x20001954                hpcd_USB_OTG_FS
 .bss.__lock___atexit_recursive_mutex
                0x20001e38        0x1 D:/_SOFTW~1/_TOOLS~1/ARM-GN~1.REL/bin/../lib/gcc/arm-none-eabi/13.3.1/thumb/v7e-m/nofp\libc.a(libc_a-lock.o)
                0x20001e38                __lock___atexit_recursive_mutex
 *fill*         0x20001e39        0x3 
 .bss.__atexit  0x20001e3c        0x4 D:/_SOFTW~1/_TOOLS~1/ARM-GN~1.REL/bin/../lib/gcc/arm-none-eabi/13.3.1/thumb/v7e-m/nofp\libc.a(libc_a-__call_atexit.o)
                0x20001e3c                __atexit
 .bss.__atexit0
                0x20001e40      0x190 D:/_SOFTW~1/_TOOLS~1/ARM-GN~1.REL/bin/../lib/gcc/arm-none-eabi/13.3.1/thumb/v7e-m/nofp\libc.a(libc_a-__atexit.o)
                0x20001e40                __atexit0
 *(COMMON)
                0x20001fd0                        . = ALIGN (0x4)
                0x20001fd0                        _ebss = .
                0x20001fd0                        __bss_end__ = _ebss

._user_heap_stack
                0x20001fd0      0x600
                0x20001fd0                        . = ALIGN (0x8)
                [!provide]                        PROVIDE (end = .)
                0x20001fd0                        PROVIDE (_end = .)
                0x200021d0                        . = (. + _Min_Heap_Size)
 *fill*         0x20001fd0      0x200 
                0x200025d0                        . = (. + _Min_Stack_Size)
 *fill*         0x200021d0      0x400 
                0x200025d0                        . = ALIGN (0x8)

/DISCARD/
 libc.a(*)
 libm.a(*)
 libgcc.a(*)

.ARM.attributes
                0x00000000       0x2a
 *(.ARM.attributes)
 .ARM.attributes
                0x00000000       0x1e D:/_SOFTW~1/_TOOLS~1/ARM-GN~1.REL/bin/../lib/gcc/arm-none-eabi/13.3.1/thumb/v7e-m/nofp/crti.o
 .ARM.attributes
                0x0000001e       0x2e D:/_SOFTW~1/_TOOLS~1/ARM-GN~1.REL/bin/../lib/gcc/arm-none-eabi/13.3.1/thumb/v7e-m/nofp/crtbegin.o
 .ARM.attributes
                0x0000004c       0x2e CMakeFiles/Test_Bench.elf.dir/Core/Src/gpio.c.obj
 .ARM.attributes
                0x0000007a       0x2e CMakeFiles/Test_Bench.elf.dir/Core/Src/main.c.obj
 .ARM.attributes
                0x000000a8       0x2e CMakeFiles/Test_Bench.elf.dir/Core/Src/sdio.c.obj
 .ARM.attributes
                0x000000d6       0x2e CMakeFiles/Test_Bench.elf.dir/Core/Src/stm32f4xx_hal_msp.c.obj
 .ARM.attributes
                0x00000104       0x2e CMakeFiles/Test_Bench.elf.dir/Core/Src/stm32f4xx_it.c.obj
 .ARM.attributes
                0x00000132       0x2e CMakeFiles/Test_Bench.elf.dir/Core/Src/system_stm32f4xx.c.obj
 .ARM.attributes
                0x00000160       0x2e CMakeFiles/Test_Bench.elf.dir/Core/Src/usart.c.obj
 .ARM.attributes
                0x0000018e       0x21 CMakeFiles/Test_Bench.elf.dir/Core/Startup/startup_stm32f407vgtx.s.obj
 .ARM.attributes
                0x000001af       0x2e CMakeFiles/Test_Bench.elf.dir/Drivers/STM32F4xx_HAL_Driver/Src/stm32f4xx_hal.c.obj
 .ARM.attributes
                0x000001dd       0x2e CMakeFiles/Test_Bench.elf.dir/Drivers/STM32F4xx_HAL_Driver/Src/stm32f4xx_hal_cortex.c.obj
 .ARM.attributes
                0x0000020b       0x2e CMakeFiles/Test_Bench.elf.dir/Drivers/STM32F4xx_HAL_Driver/Src/stm32f4xx_hal_dma.c.obj
 .ARM.attributes
                0x00000239       0x2e CMakeFiles/Test_Bench.elf.dir/Drivers/STM32F4xx_HAL_Driver/Src/stm32f4xx_hal_gpio.c.obj
 .ARM.attributes
                0x00000267       0x2e CMakeFiles/Test_Bench.elf.dir/Drivers/STM32F4xx_HAL_Driver/Src/stm32f4xx_hal_pcd.c.obj
 .ARM.attributes
                0x00000295       0x2e CMakeFiles/Test_Bench.elf.dir/Drivers/STM32F4xx_HAL_Driver/Src/stm32f4xx_hal_pcd_ex.c.obj
 .ARM.attributes
                0x000002c3       0x2e CMakeFiles/Test_Bench.elf.dir/Drivers/STM32F4xx_HAL_Driver/Src/stm32f4xx_hal_rcc.c.obj
 .ARM.attributes
                0x000002f1       0x2e CMakeFiles/Test_Bench.elf.dir/Drivers/STM32F4xx_HAL_Driver/Src/stm32f4xx_hal_sd.c.obj
 .ARM.attributes
                0x0000031f       0x2e CMakeFiles/Test_Bench.elf.dir/Drivers/STM32F4xx_HAL_Driver/Src/stm32f4xx_hal_uart.c.obj
 .ARM.attributes
                0x0000034d       0x2e CMakeFiles/Test_Bench.elf.dir/Drivers/STM32F4xx_HAL_Driver/Src/stm32f4xx_ll_sdmmc.c.obj
 .ARM.attributes
                0x0000037b       0x2e CMakeFiles/Test_Bench.elf.dir/Drivers/STM32F4xx_HAL_Driver/Src/stm32f4xx_ll_usb.c.obj
 .ARM.attributes
                0x000003a9       0x2e CMakeFiles/Test_Bench.elf.dir/FATFS/App/fatfs.c.obj
 .ARM.attributes
                0x000003d7       0x2e CMakeFiles/Test_Bench.elf.dir/FATFS/Target/bsp_driver_sd.c.obj
 .ARM.attributes
                0x00000405       0x2e CMakeFiles/Test_Bench.elf.dir/FATFS/Target/sd_diskio.c.obj
 .ARM.attributes
                0x00000433       0x2e CMakeFiles/Test_Bench.elf.dir/Middlewares/ST/STM32_USB_Device_Library/Class/CDC/Src/usbd_cdc.c.obj
 .ARM.attributes
                0x00000461       0x2e CMakeFiles/Test_Bench.elf.dir/Middlewares/ST/STM32_USB_Device_Library/Core/Src/usbd_core.c.obj
 .ARM.attributes
                0x0000048f       0x2e CMakeFiles/Test_Bench.elf.dir/Middlewares/ST/STM32_USB_Device_Library/Core/Src/usbd_ctlreq.c.obj
 .ARM.attributes
                0x000004bd       0x2e CMakeFiles/Test_Bench.elf.dir/Middlewares/ST/STM32_USB_Device_Library/Core/Src/usbd_ioreq.c.obj
 .ARM.attributes
                0x000004eb       0x2e CMakeFiles/Test_Bench.elf.dir/Middlewares/Third_Party/FatFs/src/diskio.c.obj
 .ARM.attributes
                0x00000519       0x2e CMakeFiles/Test_Bench.elf.dir/Middlewares/Third_Party/FatFs/src/ff.c.obj
 .ARM.attributes
                0x00000547       0x2e CMakeFiles/Test_Bench.elf.dir/Middlewares/Third_Party/FatFs/src/ff_gen_drv.c.obj
 .ARM.attributes
                0x00000575       0x2e CMakeFiles/Test_Bench.elf.dir/USB_DEVICE/App/usb_device.c.obj
 .ARM.attributes
                0x000005a3       0x2e CMakeFiles/Test_Bench.elf.dir/USB_DEVICE/App/usbd_cdc_if.c.obj
 .ARM.attributes
                0x000005d1       0x2e CMakeFiles/Test_Bench.elf.dir/USB_DEVICE/App/usbd_desc.c.obj
 .ARM.attributes
                0x000005ff       0x2e CMakeFiles/Test_Bench.elf.dir/USB_DEVICE/Target/usbd_conf.c.obj
 .ARM.attributes
                0x0000062d       0x1e D:/_SOFTW~1/_TOOLS~1/ARM-GN~1.REL/bin/../lib/gcc/arm-none-eabi/13.3.1/thumb/v7e-m/nofp\libgcc.a(_aeabi_uldivmod.o)
 .ARM.attributes
                0x0000064b       0x2e D:/_SOFTW~1/_TOOLS~1/ARM-GN~1.REL/bin/../lib/gcc/arm-none-eabi/13.3.1/thumb/v7e-m/nofp\libgcc.a(_udivmoddi4.o)
 .ARM.attributes
                0x00000679       0x1e D:/_SOFTW~1/_TOOLS~1/ARM-GN~1.REL/bin/../lib/gcc/arm-none-eabi/13.3.1/thumb/v7e-m/nofp\libgcc.a(_dvmd_tls.o)
 .ARM.attributes
                0x00000697       0x2e D:/_SOFTW~1/_TOOLS~1/ARM-GN~1.REL/bin/../lib/gcc/arm-none-eabi/13.3.1/thumb/v7e-m/nofp\libc.a(libc_a-memset.o)
 .ARM.attributes
                0x000006c5       0x2e D:/_SOFTW~1/_TOOLS~1/ARM-GN~1.REL/bin/../lib/gcc/arm-none-eabi/13.3.1/thumb/v7e-m/nofp\libc.a(libc_a-init.o)
 .ARM.attributes
                0x000006f3       0x2e D:/_SOFTW~1/_TOOLS~1/ARM-GN~1.REL/bin/../lib/gcc/arm-none-eabi/13.3.1/thumb/v7e-m/nofp\libc.a(libc_a-lock.o)
 .ARM.attributes
                0x00000721       0x2e D:/_SOFTW~1/_TOOLS~1/ARM-GN~1.REL/bin/../lib/gcc/arm-none-eabi/13.3.1/thumb/v7e-m/nofp\libc.a(libc_a-__call_atexit.o)
 .ARM.attributes
                0x0000074f       0x2e D:/_SOFTW~1/_TOOLS~1/ARM-GN~1.REL/bin/../lib/gcc/arm-none-eabi/13.3.1/thumb/v7e-m/nofp\libc.a(libc_a-atexit.o)
 .ARM.attributes
                0x0000077d       0x2e D:/_SOFTW~1/_TOOLS~1/ARM-GN~1.REL/bin/../lib/gcc/arm-none-eabi/13.3.1/thumb/v7e-m/nofp\libc.a(libc_a-fini.o)
 .ARM.attributes