Archive member included to satisfy reference by file (symbol)

D:/Compiler/arm-gnu-toolchain-13.3.rel1-mingw-w64-i686-arm-none-eabi/bin/../lib/gcc/arm-none-eabi/13.3.1/thumb/v7e-m/nofp\libgcc.a(_arm_addsubdf3.o)
                              CMakeFiles/Test_Bench.elf.dir/Core/Src/main.c.obj (__aeabi_f2d)
D:/Compiler/arm-gnu-toolchain-13.3.rel1-mingw-w64-i686-arm-none-eabi/bin/../lib/gcc/arm-none-eabi/13.3.1/thumb/v7e-m/nofp\libgcc.a(_arm_addsubsf3.o)
                              CMakeFiles/Test_Bench.elf.dir/Core/Src/main.c.obj (__aeabi_i2f)
D:/Compiler/arm-gnu-toolchain-13.3.rel1-mingw-w64-i686-arm-none-eabi/bin/../lib/gcc/arm-none-eabi/13.3.1/thumb/v7e-m/nofp\libgcc.a(_arm_muldivsf3.o)
                              CMakeFiles/Test_Bench.elf.dir/Core/Src/main.c.obj (__aeabi_fdiv)
D:/Compiler/arm-gnu-toolchain-13.3.rel1-mingw-w64-i686-arm-none-eabi/bin/../lib/gcc/arm-none-eabi/13.3.1/thumb/v7e-m/nofp\libgcc.a(_aeabi_ldivmod.o)
                              CMakeFiles/Test_Bench.elf.dir/Core/Src/main.c.obj (__aeabi_ldivmod)
D:/Compiler/arm-gnu-toolchain-13.3.rel1-mingw-w64-i686-arm-none-eabi/bin/../lib/gcc/arm-none-eabi/13.3.1/thumb/v7e-m/nofp\libgcc.a(_aeabi_uldivmod.o)
                              CMakeFiles/Test_Bench.elf.dir/Drivers/STM32F4xx_HAL_Driver/Src/stm32f4xx_hal_rcc.c.obj (__aeabi_uldivmod)
D:/Compiler/arm-gnu-toolchain-13.3.rel1-mingw-w64-i686-arm-none-eabi/bin/../lib/gcc/arm-none-eabi/13.3.1/thumb/v7e-m/nofp\libgcc.a(_udivmoddi4.o)
                              D:/Compiler/arm-gnu-toolchain-13.3.rel1-mingw-w64-i686-arm-none-eabi/bin/../lib/gcc/arm-none-eabi/13.3.1/thumb/v7e-m/nofp\libgcc.a(_aeabi_ldivmod.o) (__udivmoddi4)
D:/Compiler/arm-gnu-toolchain-13.3.rel1-mingw-w64-i686-arm-none-eabi/bin/../lib/gcc/arm-none-eabi/13.3.1/thumb/v7e-m/nofp\libgcc.a(_dvmd_tls.o)
                              D:/Compiler/arm-gnu-toolchain-13.3.rel1-mingw-w64-i686-arm-none-eabi/bin/../lib/gcc/arm-none-eabi/13.3.1/thumb/v7e-m/nofp\libgcc.a(_aeabi_ldivmod.o) (__aeabi_ldiv0)
D:/Compiler/arm-gnu-toolchain-13.3.rel1-mingw-w64-i686-arm-none-eabi/bin/../lib/gcc/arm-none-eabi/13.3.1/thumb/v7e-m/nofp\libg.a(libc_a-exit.o)
                              D:/Compiler/arm-gnu-toolchain-13.3.rel1-mingw-w64-i686-arm-none-eabi/bin/../lib/gcc/arm-none-eabi/13.3.1/thumb/v7e-m/nofp/crt0.o (exit)
D:/Compiler/arm-gnu-toolchain-13.3.rel1-mingw-w64-i686-arm-none-eabi/bin/../lib/gcc/arm-none-eabi/13.3.1/thumb/v7e-m/nofp\libg.a(libc_a-malloc.o)
                              CMakeFiles/Test_Bench.elf.dir/Middlewares/Third_Party/FatFs/src/option/syscall.c.obj (malloc)
D:/Compiler/arm-gnu-toolchain-13.3.rel1-mingw-w64-i686-arm-none-eabi/bin/../lib/gcc/arm-none-eabi/13.3.1/thumb/v7e-m/nofp\libg.a(libc_a-mallocr.o)
                              D:/Compiler/arm-gnu-toolchain-13.3.rel1-mingw-w64-i686-arm-none-eabi/bin/../lib/gcc/arm-none-eabi/13.3.1/thumb/v7e-m/nofp\libg.a(libc_a-malloc.o) (_malloc_r)
D:/Compiler/arm-gnu-toolchain-13.3.rel1-mingw-w64-i686-arm-none-eabi/bin/../lib/gcc/arm-none-eabi/13.3.1/thumb/v7e-m/nofp\libg.a(libc_a-mlock.o)
                              D:/Compiler/arm-gnu-toolchain-13.3.rel1-mingw-w64-i686-arm-none-eabi/bin/../lib/gcc/arm-none-eabi/13.3.1/thumb/v7e-m/nofp\libg.a(libc_a-mallocr.o) (__malloc_lock)
D:/Compiler/arm-gnu-toolchain-13.3.rel1-mingw-w64-i686-arm-none-eabi/bin/../lib/gcc/arm-none-eabi/13.3.1/thumb/v7e-m/nofp\libg.a(libc_a-strtoll.o)
                              CMakeFiles/Test_Bench.elf.dir/Core/Src/main.c.obj (strtoll)
D:/Compiler/arm-gnu-toolchain-13.3.rel1-mingw-w64-i686-arm-none-eabi/bin/../lib/gcc/arm-none-eabi/13.3.1/thumb/v7e-m/nofp\libg.a(libc_a-ctype_.o)
                              D:/Compiler/arm-gnu-toolchain-13.3.rel1-mingw-w64-i686-arm-none-eabi/bin/../lib/gcc/arm-none-eabi/13.3.1/thumb/v7e-m/nofp\libg.a(libc_a-strtoll.o) (_ctype_)
D:/Compiler/arm-gnu-toolchain-13.3.rel1-mingw-w64-i686-arm-none-eabi/bin/../lib/gcc/arm-none-eabi/13.3.1/thumb/v7e-m/nofp\libg.a(libc_a-findfp.o)
                              D:/Compiler/arm-gnu-toolchain-13.3.rel1-mingw-w64-i686-arm-none-eabi/bin/../lib/gcc/arm-none-eabi/13.3.1/thumb/v7e-m/nofp\libg.a(libc_a-exit.o) (__stdio_exit_handler)
D:/Compiler/arm-gnu-toolchain-13.3.rel1-mingw-w64-i686-arm-none-eabi/bin/../lib/gcc/arm-none-eabi/13.3.1/thumb/v7e-m/nofp\libg.a(libc_a-fwalk.o)
                              D:/Compiler/arm-gnu-toolchain-13.3.rel1-mingw-w64-i686-arm-none-eabi/bin/../lib/gcc/arm-none-eabi/13.3.1/thumb/v7e-m/nofp\libg.a(libc_a-findfp.o) (_fwalk_sglue)
D:/Compiler/arm-gnu-toolchain-13.3.rel1-mingw-w64-i686-arm-none-eabi/bin/../lib/gcc/arm-none-eabi/13.3.1/thumb/v7e-m/nofp\libg.a(libc_a-snprintf.o)
                              CMakeFiles/Test_Bench.elf.dir/Core/Src/main.c.obj (snprintf)
D:/Compiler/arm-gnu-toolchain-13.3.rel1-mingw-w64-i686-arm-none-eabi/bin/../lib/gcc/arm-none-eabi/13.3.1/thumb/v7e-m/nofp\libg.a(libc_a-sprintf.o)
                              CMakeFiles/Test_Bench.elf.dir/Core/Src/main.c.obj (sprintf)
[...]
Memory Configuration

Name             Origin             Length             Attributes
CCMRAM           0x10000000         0x00010000         xrw
RAM              0x20000000         0x00020000         xrw
FLASH            0x08000000         0x00100000         xr
*default*        0x00000000         0xffffffff

Linker script and memory map

LOAD D:/Compiler/arm-gnu-toolchain-13.3.rel1-mingw-w64-i686-arm-none-eabi/bin/../lib/gcc/arm-none-eabi/13.3.1/thumb/v7e-m/nofp/crti.o
LOAD D:/Compiler/arm-gnu-toolchain-13.3.rel1-mingw-w64-i686-arm-none-eabi/bin/../lib/gcc/arm-none-eabi/13.3.1/thumb/v7e-m/nofp/crtbegin.o
LOAD D:/Compiler/arm-gnu-toolchain-13.3.rel1-mingw-w64-i686-arm-none-eabi/bin/../lib/gcc/arm-none-eabi/13.3.1/thumb/v7e-m/nofp/crt0.o
LOAD CMakeFiles/Test_Bench.elf.dir/Core/Src/gpio.c.obj
LOAD CMakeFiles/Test_Bench.elf.dir/Core/Src/main.c.obj
LOAD CMakeFiles/Test_Bench.elf.dir/Core/Src/sdio.c.obj
LOAD CMakeFiles/Test_Bench.elf.dir/Core/Src/spi.c.obj
LOAD CMakeFiles/Test_Bench.elf.dir/Core/Src/stm32f4xx_hal_msp.c.obj
LOAD CMakeFiles/Test_Bench.elf.dir/Core/Src/stm32f4xx_it.c.obj
LOAD CMakeFiles/Test_Bench.elf.dir/Core/Src/syscalls.c.obj
LOAD CMakeFiles/Test_Bench.elf.dir/Core/Src/sysmem.c.obj
LOAD CMakeFiles/Test_Bench.elf.dir/Core/Src/system_stm32f4xx.c.obj
LOAD CMakeFiles/Test_Bench.elf.dir/Core/Src/tim.c.obj
LOAD CMakeFiles/Test_Bench.elf.dir/Core/Src/usart.c.obj
LOAD CMakeFiles/Test_Bench.elf.dir/Core/Startup/startup_stm32f407vgtx.s.obj
LOAD CMakeFiles/Test_Bench.elf.dir/Drivers/STM32F4xx_HAL_Driver/Src/stm32f4xx_hal.c.obj
LOAD CMakeFiles/Test_Bench.elf.dir/Drivers/STM32F4xx_HAL_Driver/Src/stm32f4xx_hal_cortex.c.obj
LOAD CMakeFiles/Test_Bench.elf.dir/Drivers/STM32F4xx_HAL_Driver/Src/stm32f4xx_hal_dma.c.obj
LOAD CMakeFiles/Test_Bench.elf.dir/Drivers/STM32F4xx_HAL_Driver/Src/stm32f4xx_hal_dma_ex.c.obj
LOAD CMakeFiles/Test_Bench.elf.dir/Drivers/STM32F4xx_HAL_Driver/Src/stm32f4xx_hal_exti.c.obj
LOAD CMakeFiles/Test_Bench.elf.dir/Drivers/STM32F4xx_HAL_Driver/Src/stm32f4xx_hal_flash.c.obj
LOAD CMakeFiles/Test_Bench.elf.dir/Drivers/STM32F4xx_HAL_Driver/Src/stm32f4xx_hal_flash_ex.c.obj
LOAD CMakeFiles/Test_Bench.elf.dir/Drivers/STM32F4xx_HAL_Driver/Src/stm32f4xx_hal_flash_ramfunc.c.obj
LOAD CMakeFiles/Test_Bench.elf.dir/Drivers/STM32F4xx_HAL_Driver/Src/stm32f4xx_hal_gpio.c.obj
LOAD CMakeFiles/Test_Bench.elf.dir/Drivers/STM32F4xx_HAL_Driver/Src/stm32f4xx_hal_mmc.c.obj
LOAD CMakeFiles/Test_Bench.elf.dir/Drivers/STM32F4xx_HAL_Driver/Src/stm32f4xx_hal_pcd.c.obj
LOAD CMakeFiles/Test_Bench.elf.dir/Drivers/STM32F4xx_HAL_Driver/Src/stm32f4xx_hal_pcd_ex.c.obj
LOAD CMakeFiles/Test_Bench.elf.dir/Drivers/STM32F4xx_HAL_Driver/Src/stm32f4xx_hal_pwr.c.obj
LOAD CMakeFiles/Test_Bench.elf.dir/Drivers/STM32F4xx_HAL_Driver/Src/stm32f4xx_hal_pwr_ex.c.obj
LOAD CMakeFiles/Test_Bench.elf.dir/Drivers/STM32F4xx_HAL_Driver/Src/stm32f4xx_hal_rcc.c.obj
LOAD CMakeFiles/Test_Bench.elf.dir/Drivers/STM32F4xx_HAL_Driver/Src/stm32f4xx_hal_rcc_ex.c.obj
LOAD CMakeFiles/Test_Bench.elf.dir/Drivers/STM32F4xx_HAL_Driver/Src/stm32f4xx_hal_sd.c.obj
LOAD CMakeFiles/Test_Bench.elf.dir/Drivers/STM32F4xx_HAL_Driver/Src/stm32f4xx_hal_spi.c.obj
LOAD CMakeFiles/Test_Bench.elf.dir/Drivers/STM32F4xx_HAL_Driver/Src/stm32f4xx_hal_tim.c.obj
LOAD CMakeFiles/Test_Bench.elf.dir/Drivers/STM32F4xx_HAL_Driver/Src/stm32f4xx_hal_tim_ex.c.obj
LOAD CMakeFiles/Test_Bench.elf.dir/Drivers/STM32F4xx_HAL_Driver/Src/stm32f4xx_hal_uart.c.obj
LOAD CMakeFiles/Test_Bench.elf.dir/Drivers/STM32F4xx_HAL_Driver/Src/stm32f4xx_ll_sdmmc.c.obj
LOAD CMakeFiles/Test_Bench.elf.dir/Drivers/STM32F4xx_HAL_Driver/Src/stm32f4xx_ll_usb.c.obj
LOAD CMakeFiles/Test_Bench.elf.dir/FATFS/App/fatfs.c.obj
LOAD CMakeFiles/Test_Bench.elf.dir/FATFS/Target/bsp_driver_sd.c.obj
LOAD CMakeFiles/Test_Bench.elf.dir/FATFS/Target/sd_diskio.c.obj
LOAD CMakeFiles/Test_Bench.elf.dir/Middlewares/ST/STM32_USB_Device_Library/Class/CDC/Src/usbd_cdc.c.obj
LOAD CMakeFiles/Test_Bench.elf.dir/Middlewares/ST/STM32_USB_Device_Library/Core/Src/usbd_core.c.obj
LOAD CMakeFiles/Test_Bench.elf.dir/Middlewares/ST/STM32_USB_Device_Library/Core/Src/usbd_ctlreq.c.obj
LOAD CMakeFiles/Test_Bench.elf.dir/Middlewares/ST/STM32_USB_Device_Library/Core/Src/usbd_ioreq.c.obj
LOAD CMakeFiles/Test_Bench.elf.dir/Middlewares/Third_Party/FatFs/src/diskio.c.obj
LOAD CMakeFiles/Test_Bench.elf.dir/Middlewares/Third_Party/FatFs/src/ff.c.obj
LOAD CMakeFiles/Test_Bench.elf.dir/Middlewares/Third_Party/FatFs/src/ff_gen_drv.c.obj
LOAD CMakeFiles/Test_Bench.elf.dir/Middlewares/Third_Party/FatFs/src/option/cc936.c.obj
LOAD CMakeFiles/Test_Bench.elf.dir/Middlewares/Third_Party/FatFs/src/option/syscall.c.obj
LOAD CMakeFiles/Test_Bench.elf.dir/Private/EXTI.c.obj
LOAD CMakeFiles/Test_Bench.elf.dir/Private/Pressure_Sensor/pre_sen.c.obj
LOAD CMakeFiles/Test_Bench.elf.dir/Private/file_conf.c.obj
LOAD CMakeFiles/Test_Bench.elf.dir/Private/global.c.obj
LOAD CMakeFiles/Test_Bench.elf.dir/Private/message_define.c.obj
LOAD CMakeFiles/Test_Bench.elf.dir/Private/temprature.c.obj
LOAD CMakeFiles/Test_Bench.elf.dir/USB_DEVICE/App/usb_device.c.obj
LOAD CMakeFiles/Test_Bench.elf.dir/USB_DEVICE/App/usbd_cdc_if.c.obj
LOAD CMakeFiles/Test_Bench.elf.dir/USB_DEVICE/App/usbd_desc.c.obj
LOAD CMakeFiles/Test_Bench.elf.dir/USB_DEVICE/Target/usbd_conf.c.obj
START GROUP
LOAD D:/Compiler/arm-gnu-toolchain-13.3.rel1-mingw-w64-i686-arm-none-eabi/bin/../lib/gcc/arm-none-eabi/13.3.1/thumb/v7e-m/nofp\libgcc.a
LOAD D:/Compiler/arm-gnu-toolchain-13.3.rel1-mingw-w64-i686-arm-none-eabi/bin/../lib/gcc/arm-none-eabi/13.3.1/thumb/v7e-m/nofp\libg.a
LOAD D:/Compiler/arm-gnu-toolchain-13.3.rel1-mingw-w64-i686-arm-none-eabi/bin/../lib/gcc/arm-none-eabi/13.3.1/thumb/v7e-m/nofp\libc.a
END GROUP
LOAD D:/Compiler/arm-gnu-toolchain-13.3.rel1-mingw-w64-i686-arm-none-eabi/bin/../lib/gcc/arm-none-eabi/13.3.1/thumb/v7e-m/nofp/crtend.o
LOAD D:/Compiler/arm-gnu-toolchain-13.3.rel1-mingw-w64-i686-arm-none-eabi/bin/../lib/gcc/arm-none-eabi/13.3.1/thumb/v7e-m/nofp/crtn.o
                0x20020000                        _estack = (ORIGIN (RAM) + LENGTH (RAM))
                0x00000200                        _Min_Heap_Size = 0x200
                0x00000400                        _Min_Stack_Size = 0x400

.isr_vector     0x08000000      0x188
                0x08000000                        . = ALIGN (0x4)
 *(.isr_vector)
 .isr_vector    0x08000000      0x188 CMakeFiles/Test_Bench.elf.dir/Core/Startup/startup_stm32f407vgtx.s.obj
                0x08000000                g_pfnVectors
                0x08000188                        . = ALIGN (0x4)

.text           0x080001c0     0xfb58
                0x080001c0                        . = ALIGN (0x4)
 *(.text)
 .text          0x080001c0      0x378 D:/Compiler/arm-gnu-toolchain-13.3.rel1-mingw-w64-i686-arm-none-eabi/bin/../lib/gcc/arm-none-eabi/13.3.1/thumb/v7e-m/nofp\libgcc.a(_arm_addsubdf3.o)
                0x080001c0                __aeabi_drsub
                0x080001c8                __aeabi_dsub
                0x080001c8                __subdf3
                0x080001cc                __aeabi_dadd
                0x080001cc                __adddf3
                0x08000444                __floatunsidf
                0x08000444                __aeabi_ui2d
                0x08000464                __floatsidf
                0x08000464                __aeabi_i2d
                0x08000488                __aeabi_f2d
                0x08000488                __extendsfdf2
                0x080004cc                __floatundidf
                0x080004cc                __aeabi_ul2d
                0x080004dc                __floatdidf
                0x080004dc                __aeabi_l2d
 .text          0x08000538      0x21c D:/Compiler/arm-gnu-toolchain-13.3.rel1-mingw-w64-i686-arm-none-eabi/bin/../lib/gcc/arm-none-eabi/13.3.1/thumb/v7e-m/nofp\libgcc.a(_arm_addsubsf3.o)
                0x08000538                __aeabi_frsub
                0x08000540                __subsf3
                0x08000540                __aeabi_fsub
                0x08000544                __aeabi_fadd
                0x08000544                __addsf3
                0x080006a4                __aeabi_ui2f
                0x080006a4                __floatunsisf
                0x080006ac                __aeabi_i2f
                0x080006ac                __floatsisf
                0x080006c8                __aeabi_ul2f
                0x080006c8                __floatundisf
                0x080006d8                __aeabi_l2f
                0x080006d8                __floatdisf
 .text          0x08000754      0x2a0 D:/Compiler/arm-gnu-toolchain-13.3.rel1-mingw-w64-i686-arm-none-eabi/bin/../lib/gcc/arm-none-eabi/13.3.1/thumb/v7e-m/nofp\libgcc.a(_arm_muldivsf3.o)
                0x08000754                __mulsf3
                0x08000754                __aeabi_fmul
                0x080008bc                __aeabi_fdiv
                0x080008bc                __divsf3
 .text          0x080009f4       0xa0 D:/Compiler/arm-gnu-toolchain-13.3.rel1-mingw-w64-i686-arm-none-eabi/bin/../lib/gcc/arm-none-eabi/13.3.1/thumb/v7e-m/nofp\libgcc.a(_aeabi_ldivmod.o)
                0x080009f4                __aeabi_ldivmod
 .text          0x08000a94       0x30 D:/Compiler/arm-gnu-toolchain-13.3.rel1-mingw-w64-i686-arm-none-eabi/bin/../lib/gcc/arm-none-eabi/13.3.1/thumb/v7e-m/nofp\libgcc.a(_aeabi_uldivmod.o)
                0x08000a94                __aeabi_uldivmod
 .text          0x08000ac4        0x4 D:/Compiler/arm-gnu-toolchain-13.3.rel1-mingw-w64-i686-arm-none-eabi/bin/../lib/gcc/arm-none-eabi/13.3.1/thumb/v7e-m/nofp\libgcc.a(_dvmd_tls.o)
                0x08000ac4                __aeabi_idiv0
                0x08000ac4                __aeabi_ldiv0
 .text          0x08000ac8      0x134 D:/Compiler/arm-gnu-toolchain-13.3.rel1-mingw-w64-i686-arm-none-eabi/bin/../lib/gcc/arm-none-eabi/13.3.1/thumb/v7e-m/nofp\libg.a(libc_a-memcpy.o)
                0x08000ac8                memcpy
 *fill*         0x08000bfc        0x4 
 .text          0x08000c00       0xd8 D:/Compiler/arm-gnu-toolchain-13.3.rel1-mingw-w64-i686-arm-none-eabi/bin/../lib/gcc/arm-none-eabi/13.3.1/thumb/v7e-m/nofp\libg.a(libc_a-strlen.o)
                0x08000c00                strlen
 *fill*         0x08000cd8        0x8 
 .text          0x08000ce0       0xa0 D:/Compiler/arm-gnu-toolchain-13.3.rel1-mingw-w64-i686-arm-none-eabi/bin/../lib/gcc/arm-none-eabi/13.3.1/thumb/v7e-m/nofp\libg.a(libc_a-memchr.o)
                0x08000ce0                memchr
 .text          0x08000d80      0x424 D:/Compiler/arm-gnu-toolchain-13.3.rel1-mingw-w64-i686-arm-none-eabi/bin/../lib/gcc/arm-none-eabi/13.3.1/thumb/v7e-m/nofp\libgcc.a(_arm_muldivdf3.o)
                0x08000d80                __aeabi_dmul
                0x08000d80                __muldf3
                0x08000fd4                __divdf3
                0x08000fd4                __aeabi_ddiv
 .text          0x080011a4      0x110 D:/Compiler/arm-gnu-toolchain-13.3.rel1-mingw-w64-i686-arm-none-eabi/bin/../lib/gcc/arm-none-eabi/13.3.1/thumb/v7e-m/nofp\libgcc.a(_arm_cmpdf2.o)
                0x080011a4                __gtdf2
                0x080011a4                __gedf2
                0x080011ac                __ltdf2
                0x080011ac                __ledf2
                0x080011b4                __nedf2
                0x080011b4                __eqdf2
                0x080011b4                __cmpdf2
                0x08001230                __aeabi_cdrcmple
                0x08001240                __aeabi_cdcmpeq
                0x08001240                __aeabi_cdcmple
                0x08001250                __aeabi_dcmpeq
                0x08001264                __aeabi_dcmplt
                0x08001278                __aeabi_dcmple
                0x0800128c                __aeabi_dcmpge
                0x080012a0                __aeabi_dcmpgt
 .text          0x080012b4       0x2c D:/Compiler/arm-gnu-toolchain-13.3.rel1-mingw-w64-i686-arm-none-eabi/bin/../lib/gcc/arm-none-eabi/13.3.1/thumb/v7e-m/nofp\libgcc.a(_arm_unorddf2.o)
                0x080012b4                __unorddf2
                0x080012b4                __aeabi_dcmpun
 .text          0x080012e0       0x50 D:/Compiler/arm-gnu-toolchain-13.3.rel1-mingw-w64-i686-arm-none-eabi/bin/../lib/gcc/arm-none-eabi/13.3.1/thumb/v7e-m/nofp\libgcc.a(_arm_fixdfsi.o)
                0x080012e0                __aeabi_d2iz
                0x080012e0                __fixdfsi
 *(.text*)
 .text.deregister_tm_clones
                0x08001330       0x1c D:/Compiler/arm-gnu-toolchain-13.3.rel1-mingw-w64-i686-arm-none-eabi/bin/../lib/gcc/arm-none-eabi/13.3.1/thumb/v7e-m/nofp/crtbegin.o
 .text.register_tm_clones
                0x0800134c       0x24 D:/Compiler/arm-gnu-toolchain-13.3.rel1-mingw-w64-i686-arm-none-eabi/bin/../lib/gcc/arm-none-eabi/13.3.1/thumb/v7e-m/nofp/crtbegin.o
 .text.__do_global_dtors_aux
                0x08001370       0x28 D:/Compiler/arm-gnu-toolchain-13.3.rel1-mingw-w64-i686-arm-none-eabi/bin/../lib/gcc/arm-none-eabi/13.3.1/thumb/v7e-m/nofp/crtbegin.o
 .text.frame_dummy
                0x08001398       0x24 D:/Compiler/arm-gnu-toolchain-13.3.rel1-mingw-w64-i686-arm-none-eabi/bin/../lib/gcc/arm-none-eabi/13.3.1/thumb/v7e-m/nofp/crtbegin.o
 .text.MX_GPIO_Init
                0x080013bc       0xa8 CMakeFiles/Test_Bench.elf.dir/Core/Src/gpio.c.obj
                0x080013bc                MX_GPIO_Init
 .text.convert_unix_to_beijing_time
                0x08001464       0x50 CMakeFiles/Test_Bench.elf.dir/Core/Src/main.c.obj
                0x08001464                convert_unix_to_beijing_time
 .text.Error_Handler
                0x080014b4        0x4 CMakeFiles/Test_Bench.elf.dir/Core/Src/main.c.obj
                0x080014b4                Error_Handler
 .text.SystemClock_Config
                0x080014b8       0xa8 CMakeFiles/Test_Bench.elf.dir/Core/Src/main.c.obj
                0x080014b8                SystemClock_Config
 .text.main     0x08001560      0x164 CMakeFiles/Test_Bench.elf.dir/Core/Src/main.c.obj
                0x08001560                main
 .text.MX_SDIO_SD_Init
                0x080016c4       0x20 CMakeFiles/Test_Bench.elf.dir/Core/Src/sdio.c.obj
                0x080016c4                MX_SDIO_SD_Init
 .text.HAL_SD_MspInit
                0x080016e4       0xb0 CMakeFiles/Test_Bench.elf.dir/Core/Src/sdio.c.obj
                0x080016e4                HAL_SD_MspInit
 .text.MX_SPI2_Init
                0x08001794       0x48 CMakeFiles/Test_Bench.elf.dir/Core/Src/spi.c.obj
                0x08001794                MX_SPI2_Init
 .text.HAL_SPI_MspInit
                0x080017dc       0x70 CMakeFiles/Test_Bench.elf.dir/Core/Src/spi.c.obj
                0x080017dc                HAL_SPI_MspInit
 .text.HAL_MspInit
                0x0800184c       0x38 CMakeFiles/Test_Bench.elf.dir/Core/Src/stm32f4xx_hal_msp.c.obj
                0x0800184c                HAL_MspInit
 .text.NMI_Handler
                0x08001884        0x2 CMakeFiles/Test_Bench.elf.dir/Core/Src/stm32f4xx_it.c.obj
                0x08001884                NMI_Handler
 .text.HardFault_Handler
                0x08001886        0x2 CMakeFiles/Test_Bench.elf.dir/Core/Src/stm32f4xx_it.c.obj
                0x08001886                HardFault_Handler
 .text.MemManage_Handler
                0x08001888        0x2 CMakeFiles/Test_Bench.elf.dir/Core/Src/stm32f4xx_it.c.obj
                0x08001888                MemManage_Handler
 .text.BusFault_Handler
                0x0800188a        0x2 CMakeFiles/Test_Bench.elf.dir/Core/Src/stm32f4xx_it.c.obj
                0x0800188a                BusFault_Handler
 .text.UsageFault_Handler
                0x0800188c        0x2 CMakeFiles/Test_Bench.elf.dir/Core/Src/stm32f4xx_it.c.obj
                0x0800188c                UsageFault_Handler
 .text.SVC_Handler
                0x0800188e        0x2 CMakeFiles/Test_Bench.elf.dir/Core/Src/stm32f4xx_it.c.obj
                0x0800188e                SVC_Handler
 .text.DebugMon_Handler
                0x08001890        0x2 CMakeFiles/Test_Bench.elf.dir/Core/Src/stm32f4xx_it.c.obj
                0x08001890                DebugMon_Handler
 .text.PendSV_Handler
                0x08001892        0x2 CMakeFiles/Test_Bench.elf.dir/Core/Src/stm32f4xx_it.c.obj
                0x08001892                PendSV_Handler
 .text.SysTick_Handler
                0x08001894        0x8 CMakeFiles/Test_Bench.elf.dir/Core/Src/stm32f4xx_it.c.obj
                0x08001894                SysTick_Handler
 .text.USART2_IRQHandler
                0x0800189c       0x10 CMakeFiles/Test_Bench.elf.dir/Core/Src/stm32f4xx_it.c.obj
                0x0800189c                USART2_IRQHandler
 .text.SDIO_IRQHandler
                0x080018ac       0x10 CMakeFiles/Test_Bench.elf.dir/Core/Src/stm32f4xx_it.c.obj
                0x080018ac                SDIO_IRQHandler
 .text.TIM6_DAC_IRQHandler
                0x080018bc       0x10 CMakeFiles/Test_Bench.elf.dir/Core/Src/stm32f4xx_it.c.obj
                0x080018bc                TIM6_DAC_IRQHandler
 .text.OTG_FS_IRQHandler
                0x080018cc       0x10 CMakeFiles/Test_Bench.elf.dir/Core/Src/stm32f4xx_it.c.obj
                0x080018cc                OTG_FS_IRQHandler
 .text._getpid  0x080018dc        0x4 CMakeFiles/Test_Bench.elf.dir/Core/Src/syscalls.c.obj
                0x080018dc                _getpid
 .text._kill    0x080018e0       0x10 CMakeFiles/Test_Bench.elf.dir/Core/Src/syscalls.c.obj
                0x080018e0                _kill
 .text._exit    0x080018f0        0xc CMakeFiles/Test_Bench.elf.dir/Core/Src/syscalls.c.obj
                0x080018f0                _exit
 .text._read    0x080018fc       0x20 CMakeFiles/Test_Bench.elf.dir/Core/Src/syscalls.c.obj
                0x080018fc                _read
 .text._write   0x0800191c       0x1c CMakeFiles/Test_Bench.elf.dir/Core/Src/syscalls.c.obj
                0x0800191c                _write
 .text._close   0x08001938        0x6 CMakeFiles/Test_Bench.elf.dir/Core/Src/syscalls.c.obj
                0x08001938                _close
 .text._fstat   0x0800193e        0xa CMakeFiles/Test_Bench.elf.dir/Core/Src/syscalls.c.obj
                0x0800193e                _fstat
 .text._isatty  0x08001948        0x4 CMakeFiles/Test_Bench.elf.dir/Core/Src/syscalls.c.obj
                0x08001948                _isatty
 .text._lseek   0x0800194c        0x4 CMakeFiles/Test_Bench.elf.dir/Core/Src/syscalls.c.obj
                0x0800194c                _lseek
 .text._sbrk    0x08001950       0x48 CMakeFiles/Test_Bench.elf.dir/Core/Src/sysmem.c.obj
                0x08001950                _sbrk
 .text.SystemInit
                0x08001998        0x2 CMakeFiles/Test_Bench.elf.dir/Core/Src/system_stm32f4xx.c.obj
                0x08001998                SystemInit
 *fill*         0x0800199a        0x2 
 .text.MX_TIM6_Init
                0x0800199c       0x50 CMakeFiles/Test_Bench.elf.dir/Core/Src/tim.c.obj
                0x0800199c                MX_TIM6_Init
 .text.HAL_TIM_Base_MspInit
                0x080019ec       0x40 CMakeFiles/Test_Bench.elf.dir/Core/Src/tim.c.obj
                0x080019ec                HAL_TIM_Base_MspInit
 .text.MX_USART1_UART_Init
                0x08001a2c       0x34 CMakeFiles/Test_Bench.elf.dir/Core/Src/usart.c.obj
                0x08001a2c                MX_USART1_UART_Init
 .text.MX_USART2_UART_Init
                0x08001a60       0x34 CMakeFiles/Test_Bench.elf.dir/Core/Src/usart.c.obj
                0x08001a60                MX_USART2_UART_Init
 .text.HAL_UART_MspInit
                0x08001a94       0xd4 CMakeFiles/Test_Bench.elf.dir/Core/Src/usart.c.obj
                0x08001a94                HAL_UART_MspInit
 .text.Reset_Handler
                0x08001b68       0x50 CMakeFiles/Test_Bench.elf.dir/Core/Startup/startup_stm32f407vgtx.s.obj
                0x08001b68                Reset_Handler
 .text.Default_Handler
                0x08001bb8        0x2 CMakeFiles/Test_Bench.elf.dir/Core/Startup/startup_stm32f407vgtx.s.obj
                0x08001bb8                RTC_Alarm_IRQHandler
                0x08001bb8                HASH_RNG_IRQHandler
                0x08001bb8                EXTI2_IRQHandler
                0x08001bb8                TIM8_CC_IRQHandler
                0x08001bb8                TIM1_CC_IRQHandler
                0x08001bb8                DMA2_Stream5_IRQHandler
                0x08001bb8                DMA1_Stream5_IRQHandler
                0x08001bb8                PVD_IRQHandler
                0x08001bb8                TAMP_STAMP_IRQHandler
                0x08001bb8                CAN2_RX1_IRQHandler
                0x08001bb8                EXTI3_IRQHandler
                0x08001bb8                TIM8_TRG_COM_TIM14_IRQHandler
                0x08001bb8                TIM1_UP_TIM10_IRQHandler
                0x08001bb8                TIM8_UP_TIM13_IRQHandler
                0x08001bb8                I2C3_ER_IRQHandler
                0x08001bb8                EXTI0_IRQHandler
                0x08001bb8                I2C2_EV_IRQHandler
                0x08001bb8                DMA1_Stream2_IRQHandler
                0x08001bb8                CAN1_RX0_IRQHandler
                0x08001bb8                FPU_IRQHandler
                0x08001bb8                OTG_HS_WKUP_IRQHandler
                0x08001bb8                CAN2_SCE_IRQHandler
                0x08001bb8                DMA2_Stream2_IRQHandler
                0x08001bb8                SPI1_IRQHandler
                0x08001bb8                TIM1_BRK_TIM9_IRQHandler
                0x08001bb8                DCMI_IRQHandler
                0x08001bb8                CAN2_RX0_IRQHandler
                0x08001bb8                DMA2_Stream3_IRQHandler
                0x08001bb8                USART6_IRQHandler
                0x08001bb8                USART3_IRQHandler
                0x08001bb8                CAN1_RX1_IRQHandler
                0x08001bb8                UART5_IRQHandler
                0x08001bb8                DMA2_Stream0_IRQHandler
                0x08001bb8                TIM4_IRQHandler
                0x08001bb8                I2C1_EV_IRQHandler
                0x08001bb8                DMA1_Stream6_IRQHandler
                0x08001bb8                DMA1_Stream1_IRQHandler
                0x08001bb8                UART4_IRQHandler
                0x08001bb8                TIM3_IRQHandler
                0x08001bb8                RCC_IRQHandler
                0x08001bb8                TIM8_BRK_TIM12_IRQHandler
                0x08001bb8                Default_Handler
                0x08001bb8                EXTI15_10_IRQHandler
                0x08001bb8                ADC_IRQHandler
                0x08001bb8                DMA1_Stream7_IRQHandler
                0x08001bb8                TIM7_IRQHandler
                0x08001bb8                CAN2_TX_IRQHandler
                0x08001bb8                TIM5_IRQHandler
                0x08001bb8                DMA2_Stream7_IRQHandler
                0x08001bb8                I2C3_EV_IRQHandler
                0x08001bb8                EXTI9_5_IRQHandler
                0x08001bb8                RTC_WKUP_IRQHandler
                0x08001bb8                ETH_WKUP_IRQHandler
                0x08001bb8                SPI2_IRQHandler
                0x08001bb8                OTG_HS_EP1_IN_IRQHandler
                0x08001bb8                DMA1_Stream0_IRQHandler
                0x08001bb8                CAN1_TX_IRQHandler
                0x08001bb8                EXTI4_IRQHandler
                0x08001bb8                FSMC_IRQHandler
                0x08001bb8                ETH_IRQHandler
                0x08001bb8                OTG_HS_EP1_OUT_IRQHandler
                0x08001bb8                WWDG_IRQHandler
                0x08001bb8                TIM2_IRQHandler
                0x08001bb8                OTG_FS_WKUP_IRQHandler
                0x08001bb8                TIM1_TRG_COM_TIM11_IRQHandler
                0x08001bb8                OTG_HS_IRQHandler
                0x08001bb8                EXTI1_IRQHandler
                0x08001bb8                I2C2_ER_IRQHandler
                0x08001bb8                DMA2_Stream1_IRQHandler
                0x08001bb8                CAN1_SCE_IRQHandler
                0x08001bb8                FLASH_IRQHandler
                0x08001bb8                DMA2_Stream4_IRQHandler
                0x08001bb8                USART1_IRQHandler
                0x08001bb8                SPI3_IRQHandler
                0x08001bb8                DMA1_Stream4_IRQHandler
                0x08001bb8                I2C1_ER_IRQHandler
                0x08001bb8                DMA2_Stream6_IRQHandler
                0x08001bb8                DMA1_Stream3_IRQHandler
 *fill*         0x08001bba        0x2 
 .text.HAL_InitTick
                0x08001bbc       0x4c CMakeFiles/Test_Bench.elf.dir/Drivers/STM32F4xx_HAL_Driver/Src/stm32f4xx_hal.c.obj
                0x08001bbc                HAL_InitTick
 .text.HAL_Init
                0x08001c08       0x34 CMakeFiles/Test_Bench.elf.dir/Drivers/STM32F4xx_HAL_Driver/Src/stm32f4xx_hal.c.obj
                0x08001c08                HAL_Init
 .text.HAL_IncTick
                0x08001c3c       0x18 CMakeFiles/Test_Bench.elf.dir/Drivers/STM32F4xx_HAL_Driver/Src/stm32f4xx_hal.c.obj
                0x08001c3c                HAL_IncTick
 .text.HAL_GetTick
                0x08001c54        0xc CMakeFiles/Test_Bench.elf.dir/Drivers/STM32F4xx_HAL_Driver/Src/stm32f4xx_hal.c.obj
                0x08001c54                HAL_GetTick
 .text.HAL_Delay
                0x08001c60       0x28 CMakeFiles/Test_Bench.elf.dir/Drivers/STM32F4xx_HAL_Driver/Src/stm32f4xx_hal.c.obj
                0x08001c60                HAL_Delay
 .text.__NVIC_EnableIRQ
                0x08001c88       0x1c CMakeFiles/Test_Bench.elf.dir/Drivers/STM32F4xx_HAL_Driver/Src/stm32f4xx_hal_cortex.c.obj
 .text.__NVIC_SetPriority
                0x08001ca4       0x28 CMakeFiles/Test_Bench.elf.dir/Drivers/STM32F4xx_HAL_Driver/Src/stm32f4xx_hal_cortex.c.obj
 .text.NVIC_EncodePriority
                0x08001ccc       0x3e CMakeFiles/Test_Bench.elf.dir/Drivers/STM32F4xx_HAL_Driver/Src/stm32f4xx_hal_cortex.c.obj
 *fill*         0x08001d0a        0x2 
 .text.HAL_NVIC_SetPriorityGrouping
                0x08001d0c       0x24 CMakeFiles/Test_Bench.elf.dir/Drivers/STM32F4xx_HAL_Driver/Src/stm32f4xx_hal_cortex.c.obj
                0x08001d0c                HAL_NVIC_SetPriorityGrouping
 .text.HAL_NVIC_SetPriority
                0x08001d30       0x20 CMakeFiles/Test_Bench.elf.dir/Drivers/STM32F4xx_HAL_Driver/Src/stm32f4xx_hal_cortex.c.obj
                0x08001d30                HAL_NVIC_SetPriority
 .text.HAL_NVIC_EnableIRQ
                0x08001d50        0x8 CMakeFiles/Test_Bench.elf.dir/Drivers/STM32F4xx_HAL_Driver/Src/stm32f4xx_hal_cortex.c.obj
                0x08001d50                HAL_NVIC_EnableIRQ
 .text.HAL_SYSTICK_Config
                0x08001d58       0x28 CMakeFiles/Test_Bench.elf.dir/Drivers/STM32F4xx_HAL_Driver/Src/stm32f4xx_hal_cortex.c.obj
                0x08001d58                HAL_SYSTICK_Config
 .text.HAL_DMA_Abort
                0x08001d80       0x94 CMakeFiles/Test_Bench.elf.dir/Drivers/STM32F4xx_HAL_Driver/Src/stm32f4xx_hal_dma.c.obj
                0x08001d80                HAL_DMA_Abort
 .text.HAL_DMA_Abort_IT
                0x08001e14       0x26 CMakeFiles/Test_Bench.elf.dir/Drivers/STM32F4xx_HAL_Driver/Src/stm32f4xx_hal_dma.c.obj
                0x08001e14                HAL_DMA_Abort_IT
 *fill*         0x08001e3a        0x2 
 .text.HAL_GPIO_Init
                0x08001e3c      0x1f4 CMakeFiles/Test_Bench.elf.dir/Drivers/STM32F4xx_HAL_Driver/Src/stm32f4xx_hal_gpio.c.obj
                0x08001e3c                HAL_GPIO_Init
 .text.HAL_GPIO_WritePin
                0x08002030        0xc CMakeFiles/Test_Bench.elf.dir/Drivers/STM32F4xx_HAL_Driver/Src/stm32f4xx_hal_gpio.c.obj
                0x08002030                HAL_GPIO_WritePin
 .text.PCD_WriteEmptyTxFifo
                0x0800203c       0xd0 CMakeFiles/Test_Bench.elf.dir/Drivers/STM32F4xx_HAL_Driver/Src/stm32f4xx_hal_pcd.c.obj
 .text.HAL_PCD_Init
                0x0800210c      0x102 CMakeFiles/Test_Bench.elf.dir/Drivers/STM32F4xx_HAL_Driver/Src/stm32f4xx_hal_pcd.c.obj
                0x0800210c                HAL_PCD_Init
 .text.HAL_PCD_Start
                0x0800220e       0x44 CMakeFiles/Test_Bench.elf.dir/Drivers/STM32F4xx_HAL_Driver/Src/stm32f4xx_hal_pcd.c.obj
                0x0800220e                HAL_PCD_Start
 *fill*         0x08002252        0x2 
 .text.PCD_EP_OutXfrComplete_int
                0x08002254      0x104 CMakeFiles/Test_Bench.elf.dir/Drivers/STM32F4xx_HAL_Driver/Src/stm32f4xx_hal_pcd.c.obj
 .text.PCD_EP_OutSetupPacket_int
                0x08002358       0x50 CMakeFiles/Test_Bench.elf.dir/Drivers/STM32F4xx_HAL_Driver/Src/stm32f4xx_hal_pcd.c.obj
 .text.HAL_PCD_SetAddress
                0x080023a8       0x26 CMakeFiles/Test_Bench.elf.dir/Drivers/STM32F4xx_HAL_Driver/Src/stm32f4xx_hal_pcd.c.obj
                0x080023a8                HAL_PCD_SetAddress
 .text.HAL_PCD_EP_Open
                0x080023ce       0x8c CMakeFiles/Test_Bench.elf.dir/Drivers/STM32F4xx_HAL_Driver/Src/stm32f4xx_hal_pcd.c.obj
                0x080023ce                HAL_PCD_EP_Open
 .text.HAL_PCD_EP_Close
                0x0800245a       0x70 CMakeFiles/Test_Bench.elf.dir/Drivers/STM32F4xx_HAL_Driver/Src/stm32f4xx_hal_pcd.c.obj
                0x0800245a                HAL_PCD_EP_Close
 .text.HAL_PCD_EP_Receive
                0x080024ca       0x4a CMakeFiles/Test_Bench.elf.dir/Drivers/STM32F4xx_HAL_Driver/Src/stm32f4xx_hal_pcd.c.obj
                0x080024ca                HAL_PCD_EP_Receive
 .text.HAL_PCD_EP_GetRxCount
                0x08002514       0x12 CMakeFiles/Test_Bench.elf.dir/Drivers/STM32F4xx_HAL_Driver/Src/stm32f4xx_hal_pcd.c.obj
                0x08002514                HAL_PCD_EP_GetRxCount
 .text.HAL_PCD_EP_Transmit
                0x08002526       0x4a CMakeFiles/Test_Bench.elf.dir/Drivers/STM32F4xx_HAL_Driver/Src/stm32f4xx_hal_pcd.c.obj
                0x08002526                HAL_PCD_EP_Transmit
 .text.HAL_PCD_EP_SetStall
                0x08002570       0x86 CMakeFiles/Test_Bench.elf.dir/Drivers/STM32F4xx_HAL_Driver/Src/stm32f4xx_hal_pcd.c.obj
                0x08002570                HAL_PCD_EP_SetStall
 .text.HAL_PCD_EP_ClrStall
                0x080025f6       0x74 CMakeFiles/Test_Bench.elf.dir/Drivers/STM32F4xx_HAL_Driver/Src/stm32f4xx_hal_pcd.c.obj
                0x080025f6                HAL_PCD_EP_ClrStall
 .text.HAL_PCD_EP_Abort
                0x0800266a       0x34 CMakeFiles/Test_Bench.elf.dir/Drivers/STM32F4xx_HAL_Driver/Src/stm32f4xx_hal_pcd.c.obj
                0x0800266a                HAL_PCD_EP_Abort
 .text.HAL_PCD_IRQHandler
                0x0800269e      0x5c0 CMakeFiles/Test_Bench.elf.dir/Drivers/STM32F4xx_HAL_Driver/Src/stm32f4xx_hal_pcd.c.obj
                0x0800269e                HAL_PCD_IRQHandler
 .text.HAL_PCDEx_SetTxFiFo
                0x08002c5e       0x4a CMakeFiles/Test_Bench.elf.dir/Drivers/STM32F4xx_HAL_Driver/Src/stm32f4xx_hal_pcd_ex.c.obj
                0x08002c5e                HAL_PCDEx_SetTxFiFo
 .text.HAL_PCDEx_SetRxFiFo
                0x08002ca8        0x8 CMakeFiles/Test_Bench.elf.dir/Drivers/STM32F4xx_HAL_Driver/Src/stm32f4xx_hal_pcd_ex.c.obj
                0x08002ca8                HAL_PCDEx_SetRxFiFo
 .text.HAL_PCDEx_LPM_Callback
                0x08002cb0        0x2 CMakeFiles/Test_Bench.elf.dir/Drivers/STM32F4xx_HAL_Driver/Src/stm32f4xx_hal_pcd_ex.c.obj
                0x08002cb0                HAL_PCDEx_LPM_Callback
 *fill*         0x08002cb2        0x2 
 .text.HAL_RCC_OscConfig
                0x08002cb4      0x3f8 CMakeFiles/Test_Bench.elf.dir/Drivers/STM32F4xx_HAL_Driver/Src/stm32f4xx_hal_rcc.c.obj
                0x08002cb4                HAL_RCC_OscConfig
 .text.HAL_RCC_GetSysClockFreq
                0x080030ac       0xdc CMakeFiles/Test_Bench.elf.dir/Drivers/STM32F4xx_HAL_Driver/Src/stm32f4xx_hal_rcc.c.obj
                0x080030ac                HAL_RCC_GetSysClockFreq
 .text.HAL_RCC_ClockConfig
                0x08003188      0x160 CMakeFiles/Test_Bench.elf.dir/Drivers/STM32F4xx_HAL_Driver/Src/stm32f4xx_hal_rcc.c.obj
                0x08003188                HAL_RCC_ClockConfig
 .text.HAL_RCC_GetHCLKFreq
                0x080032e8        0xc CMakeFiles/Test_Bench.elf.dir/Drivers/STM32F4xx_HAL_Driver/Src/stm32f4xx_hal_rcc.c.obj
                0x080032e8                HAL_RCC_GetHCLKFreq
 .text.HAL_RCC_GetPCLK1Freq
                0x080032f4       0x20 CMakeFiles/Test_Bench.elf.dir/Drivers/STM32F4xx_HAL_Driver/Src/stm32f4xx_hal_rcc.c.obj
                0x080032f4                HAL_RCC_GetPCLK1Freq
 .text.HAL_RCC_GetPCLK2Freq
                0x08003314       0x20 CMakeFiles/Test_Bench.elf.dir/Drivers/STM32F4xx_HAL_Driver/Src/stm32f4xx_hal_rcc.c.obj
                0x08003314                HAL_RCC_GetPCLK2Freq
 .text.SD_PowerON
                0x08003334       0xc0 CMakeFiles/Test_Bench.elf.dir/Drivers/STM32F4xx_HAL_Driver/Src/stm32f4xx_hal_sd.c.obj
 .text.SD_Read_IT
                0x080033f4       0x38 CMakeFiles/Test_Bench.elf.dir/Drivers/STM32F4xx_HAL_Driver/Src/stm32f4xx_hal_sd.c.obj
 .text.SD_Write_IT
                0x0800342c       0x48 CMakeFiles/Test_Bench.elf.dir/Drivers/STM32F4xx_HAL_Driver/Src/stm32f4xx_hal_sd.c.obj
 .text.SD_SendStatus
                0x08003474       0x2c CMakeFiles/Test_Bench.elf.dir/Drivers/STM32F4xx_HAL_Driver/Src/stm32f4xx_hal_sd.c.obj
 .text.HAL_SD_ReadBlocks
                0x080034a0      0x250 CMakeFiles/Test_Bench.elf.dir/Drivers/STM32F4xx_HAL_Driver/Src/stm32f4xx_hal_sd.c.obj
                0x080034a0                HAL_SD_ReadBlocks
 .text.HAL_SD_WriteBlocks
                0x080036f0      0x20c CMakeFiles/Test_Bench.elf.dir/Drivers/STM32F4xx_HAL_Driver/Src/stm32f4xx_hal_sd.c.obj
                0x080036f0                HAL_SD_WriteBlocks
 .text.HAL_SD_ErrorCallback
                0x080038fc        0x2 CMakeFiles/Test_Bench.elf.dir/Drivers/STM32F4xx_HAL_Driver/Src/stm32f4xx_hal_sd.c.obj
                0x080038fc                HAL_SD_ErrorCallback
 *fill*         0x080038fe        0x2 
 .text.HAL_SD_GetCardCSD
                0x08003900      0x1b8 CMakeFiles/Test_Bench.elf.dir/Drivers/STM32F4xx_HAL_Driver/Src/stm32f4xx_hal_sd.c.obj
                0x08003900                HAL_SD_GetCardCSD
 .text.SD_InitCard
                0x08003ab8      0x100 CMakeFiles/Test_Bench.elf.dir/Drivers/STM32F4xx_HAL_Driver/Src/stm32f4xx_hal_sd.c.obj
 .text.HAL_SD_InitCard
                0x08003bb8       0xa8 CMakeFiles/Test_Bench.elf.dir/Drivers/STM32F4xx_HAL_Driver/Src/stm32f4xx_hal_sd.c.obj
                0x08003bb8                HAL_SD_InitCard
 .text.HAL_SD_Init
                0x08003c60       0x36 CMakeFiles/Test_Bench.elf.dir/Drivers/STM32F4xx_HAL_Driver/Src/stm32f4xx_hal_sd.c.obj
                0x08003c60                HAL_SD_Init
 .text.HAL_SD_GetCardInfo
                0x08003c96       0x24 CMakeFiles/Test_Bench.elf.dir/Drivers/STM32F4xx_HAL_Driver/Src/stm32f4xx_hal_sd.c.obj
                0x08003c96                HAL_SD_GetCardInfo
 .text.HAL_SD_GetCardState
                0x08003cba       0x22 CMakeFiles/Test_Bench.elf.dir/Drivers/STM32F4xx_HAL_Driver/Src/stm32f4xx_hal_sd.c.obj
                0x08003cba                HAL_SD_GetCardState
 .text.SD_DMATxAbort
                0x08003cdc       0x44 CMakeFiles/Test_Bench.elf.dir/Drivers/STM32F4xx_HAL_Driver/Src/stm32f4xx_hal_sd.c.obj
 .text.SD_DMARxAbort
                0x08003d20       0x44 CMakeFiles/Test_Bench.elf.dir/Drivers/STM32F4xx_HAL_Driver/Src/stm32f4xx_hal_sd.c.obj
 .text.HAL_SD_IRQHandler
                0x08003d64      0x1e0 CMakeFiles/Test_Bench.elf.dir/Drivers/STM32F4xx_HAL_Driver/Src/stm32f4xx_hal_sd.c.obj
                0x08003d64                HAL_SD_IRQHandler
 .text.HAL_SPI_Init
                0x08003f44       0xbe CMakeFiles/Test_Bench.elf.dir/Drivers/STM32F4xx_HAL_Driver/Src/stm32f4xx_hal_spi.c.obj
                0x08003f44                HAL_SPI_Init
 *fill*         0x08004002        0x2 
 .text.HAL_TIM_Base_Start_IT
                0x08004004       0x88 CMakeFiles/Test_Bench.elf.dir/Drivers/STM32F4xx_HAL_Driver/Src/stm32f4xx_hal_tim.c.obj
                0x08004004                HAL_TIM_Base_Start_IT
 .text.HAL_TIM_OC_DelayElapsedCallback
                0x0800408c        0x2 CMakeFiles/Test_Bench.elf.dir/Drivers/STM32F4xx_HAL_Driver/Src/stm32f4xx_hal_tim.c.obj
                0x0800408c                HAL_TIM_OC_DelayElapsedCallback
 .text.HAL_TIM_IC_CaptureCallback
                0x0800408e        0x2 CMakeFiles/Test_Bench.elf.dir/Drivers/STM32F4xx_HAL_Driver/Src/stm32f4xx_hal_tim.c.obj
                0x0800408e                HAL_TIM_IC_CaptureCallback
 .text.HAL_TIM_PWM_PulseFinishedCallback
                0x08004090        0x2 CMakeFiles/Test_Bench.elf.dir/Drivers/STM32F4xx_HAL_Driver/Src/stm32f4xx_hal_tim.c.obj
                0x08004090                HAL_TIM_PWM_PulseFinishedCallback
 .text.HAL_TIM_TriggerCallback
                0x08004092        0x2 CMakeFiles/Test_Bench.elf.dir/Drivers/STM32F4xx_HAL_Driver/Src/stm32f4xx_hal_tim.c.obj
                0x08004092                HAL_TIM_TriggerCallback
 .text.HAL_TIM_IRQHandler
                0x08004094      0x15e CMakeFiles/Test_Bench.elf.dir/Drivers/STM32F4xx_HAL_Driver/Src/stm32f4xx_hal_tim.c.obj
                0x08004094                HAL_TIM_IRQHandler
 *fill*         0x080041f2        0x2 
 .text.TIM_Base_SetConfig
                0x080041f4       0xd8 CMakeFiles/Test_Bench.elf.dir/Drivers/STM32F4xx_HAL_Driver/Src/stm32f4xx_hal_tim.c.obj
                0x080041f4                TIM_Base_SetConfig
 .text.HAL_TIM_Base_Init
                0x080042cc       0x58 CMakeFiles/Test_Bench.elf.dir/Drivers/STM32F4xx_HAL_Driver/Src/stm32f4xx_hal_tim.c.obj
                0x080042cc                HAL_TIM_Base_Init
 .text.HAL_TIMEx_MasterConfigSynchronization
                0x08004324       0x8c CMakeFiles/Test_Bench.elf.dir/Drivers/STM32F4xx_HAL_Driver/Src/stm32f4xx_hal_tim_ex.c.obj
                0x08004324                HAL_TIMEx_MasterConfigSynchronization
 .text.HAL_TIMEx_CommutCallback
                0x080043b0        0x2 CMakeFiles/Test_Bench.elf.dir/Drivers/STM32F4xx_HAL_Driver/Src/stm32f4xx_hal_tim_ex.c.obj
                0x080043b0                HAL_TIMEx_CommutCallback
 .text.HAL_TIMEx_BreakCallback
                0x080043b2        0x2 CMakeFiles/Test_Bench.elf.dir/Drivers/STM32F4xx_HAL_Driver/Src/stm32f4xx_hal_tim_ex.c.obj
                0x080043b2                HAL_TIMEx_BreakCallback
 .text.UART_EndRxTransfer
                0x080043b4       0x5c CMakeFiles/Test_Bench.elf.dir/Drivers/STM32F4xx_HAL_Driver/Src/stm32f4xx_hal_uart.c.obj
 .text.UART_Transmit_IT
                0x08004410       0x60 CMakeFiles/Test_Bench.elf.dir/Drivers/STM32F4xx_HAL_Driver/Src/stm32f4xx_hal_uart.c.obj
 .text.UART_SetConfig
                0x08004470      0x110 CMakeFiles/Test_Bench.elf.dir/Drivers/STM32F4xx_HAL_Driver/Src/stm32f4xx_hal_uart.c.obj
 .text.UART_WaitOnFlagUntilTimeout
                0x08004580       0x86 CMakeFiles/Test_Bench.elf.dir/Drivers/STM32F4xx_HAL_Driver/Src/stm32f4xx_hal_uart.c.obj
 .text.HAL_UART_Init
                0x08004606       0x60 CMakeFiles/Test_Bench.elf.dir/Drivers/STM32F4xx_HAL_Driver/Src/stm32f4xx_hal_uart.c.obj
                0x08004606                HAL_UART_Init
 .text.HAL_UART_Transmit
                0x08004666       0xcc CMakeFiles/Test_Bench.elf.dir/Drivers/STM32F4xx_HAL_Driver/Src/stm32f4xx_hal_uart.c.obj
                0x08004666                HAL_UART_Transmit
 .text.HAL_UART_Receive
                0x08004732       0xd2 CMakeFiles/Test_Bench.elf.dir/Drivers/STM32F4xx_HAL_Driver/Src/stm32f4xx_hal_uart.c.obj
                0x08004732                HAL_UART_Receive
 .text.HAL_UART_TxCpltCallback
                0x08004804        0x2 CMakeFiles/Test_Bench.elf.dir/Drivers/STM32F4xx_HAL_Driver/Src/stm32f4xx_hal_uart.c.obj
                0x08004804                HAL_UART_TxCpltCallback
 .text.UART_EndTransmit_IT
                0x08004806       0x1a CMakeFiles/Test_Bench.elf.dir/Drivers/STM32F4xx_HAL_Driver/Src/stm32f4xx_hal_uart.c.obj
 .text.HAL_UART_RxCpltCallback
                0x08004820        0x2 CMakeFiles/Test_Bench.elf.dir/Drivers/STM32F4xx_HAL_Driver/Src/stm32f4xx_hal_uart.c.obj
                0x08004820                HAL_UART_RxCpltCallback
 .text.HAL_UART_ErrorCallback
                0x08004822        0x2 CMakeFiles/Test_Bench.elf.dir/Drivers/STM32F4xx_HAL_Driver/Src/stm32f4xx_hal_uart.c.obj
                0x08004822                HAL_UART_ErrorCallback
 .text.UART_DMAAbortOnError
                0x08004824       0x10 CMakeFiles/Test_Bench.elf.dir/Drivers/STM32F4xx_HAL_Driver/Src/stm32f4xx_hal_uart.c.obj
 .text.HAL_UARTEx_RxEventCallback
                0x08004834        0x2 CMakeFiles/Test_Bench.elf.dir/Drivers/STM32F4xx_HAL_Driver/Src/stm32f4xx_hal_uart.c.obj
                0x08004834                HAL_UARTEx_RxEventCallback
 .text.UART_Receive_IT
                0x08004836       0xe6 CMakeFiles/Test_Bench.elf.dir/Drivers/STM32F4xx_HAL_Driver/Src/stm32f4xx_hal_uart.c.obj
 .text.HAL_UART_IRQHandler
                0x0800491c      0x284 CMakeFiles/Test_Bench.elf.dir/Drivers/STM32F4xx_HAL_Driver/Src/stm32f4xx_hal_uart.c.obj
                0x0800491c                HAL_UART_IRQHandler
 .text.SDMMC_GetCmdError
                0x08004ba0       0x38 CMakeFiles/Test_Bench.elf.dir/Drivers/STM32F4xx_HAL_Driver/Src/stm32f4xx_ll_sdmmc.c.obj
 .text.SDIO_Init
                0x08004bd8       0x32 CMakeFiles/Test_Bench.elf.dir/Drivers/STM32F4xx_HAL_Driver/Src/stm32f4xx_ll_sdmmc.c.obj
                0x08004bd8                SDIO_Init
 .text.SDIO_ReadFIFO
                0x08004c0a        0x6 CMakeFiles/Test_Bench.elf.dir/Drivers/STM32F4xx_HAL_Driver/Src/stm32f4xx_ll_sdmmc.c.obj
                0x08004c0a                SDIO_ReadFIFO
 .text.SDIO_WriteFIFO
                0x08004c10        0xa CMakeFiles/Test_Bench.elf.dir/Drivers/STM32F4xx_HAL_Driver/Src/stm32f4xx_ll_sdmmc.c.obj
                0x08004c10                SDIO_WriteFIFO
 .text.SDIO_PowerState_ON
                0x08004c1a        0x8 CMakeFiles/Test_Bench.elf.dir/Drivers/STM32F4xx_HAL_Driver/Src/stm32f4xx_ll_sdmmc.c.obj
                0x08004c1a                SDIO_PowerState_ON
 .text.SDIO_GetPowerState
                0x08004c22        0x8 CMakeFiles/Test_Bench.elf.dir/Drivers/STM32F4xx_HAL_Driver/Src/stm32f4xx_ll_sdmmc.c.obj
                0x08004c22                SDIO_GetPowerState
 .text.SDIO_SendCommand
                0x08004c2a       0x20 CMakeFiles/Test_Bench.elf.dir/Drivers/STM32F4xx_HAL_Driver/Src/stm32f4xx_ll_sdmmc.c.obj
                0x08004c2a                SDIO_SendCommand
 .text.SDIO_GetCommandResponse
                0x08004c4a        0x6 CMakeFiles/Test_Bench.elf.dir/Drivers/STM32F4xx_HAL_Driver/Src/stm32f4xx_ll_sdmmc.c.obj
                0x08004c4a                SDIO_GetCommandResponse
 .text.SDIO_GetResponse
                0x08004c50        0x6 CMakeFiles/Test_Bench.elf.dir/Drivers/STM32F4xx_HAL_Driver/Src/stm32f4xx_ll_sdmmc.c.obj
                0x08004c50                SDIO_GetResponse
 .text.SDIO_ConfigData
                0x08004c56       0x24 CMakeFiles/Test_Bench.elf.dir/Drivers/STM32F4xx_HAL_Driver/Src/stm32f4xx_ll_sdmmc.c.obj
                0x08004c56                SDIO_ConfigData
 .text.SDMMC_CmdGoIdleState
                0x08004c7a       0x26 CMakeFiles/Test_Bench.elf.dir/Drivers/STM32F4xx_HAL_Driver/Src/stm32f4xx_ll_sdmmc.c.obj
                0x08004c7a                SDMMC_CmdGoIdleState
 .text.SDMMC_GetCmdResp1
                0x08004ca0      0x154 CMakeFiles/Test_Bench.elf.dir/Drivers/STM32F4xx_HAL_Driver/Src/stm32f4xx_ll_sdmmc.c.obj
                0x08004ca0                SDMMC_GetCmdResp1
 .text.SDMMC_CmdBlockLength
                0x08004df4       0x30 CMakeFiles/Test_Bench.elf.dir/Drivers/STM32F4xx_HAL_Driver/Src/stm32f4xx_ll_sdmmc.c.obj
                0x08004df4                SDMMC_CmdBlockLength
 .text.SDMMC_CmdReadSingleBlock
                0x08004e24       0x30 CMakeFiles/Test_Bench.elf.dir/Drivers/STM32F4xx_HAL_Driver/Src/stm32f4xx_ll_sdmmc.c.obj
                0x08004e24                SDMMC_CmdReadSingleBlock
 .text.SDMMC_CmdReadMultiBlock
                0x08004e54       0x30 CMakeFiles/Test_Bench.elf.dir/Drivers/STM32F4xx_HAL_Driver/Src/stm32f4xx_ll_sdmmc.c.obj
                0x08004e54                SDMMC_CmdReadMultiBlock
 .text.SDMMC_CmdWriteSingleBlock
                0x08004e84       0x30 CMakeFiles/Test_Bench.elf.dir/Drivers/STM32F4xx_HAL_Driver/Src/stm32f4xx_ll_sdmmc.c.obj
                0x08004e84                SDMMC_CmdWriteSingleBlock
 .text.SDMMC_CmdWriteMultiBlock
                0x08004eb4       0x30 CMakeFiles/Test_Bench.elf.dir/Drivers/STM32F4xx_HAL_Driver/Src/stm32f4xx_ll_sdmmc.c.obj
                0x08004eb4                SDMMC_CmdWriteMultiBlock
 .text.SDMMC_CmdStopTransfer
                0x08004ee4       0x34 CMakeFiles/Test_Bench.elf.dir/Drivers/STM32F4xx_HAL_Driver/Src/stm32f4xx_ll_sdmmc.c.obj
                0x08004ee4                SDMMC_CmdStopTransfer
 .text.SDMMC_CmdSelDesel
                0x08004f18       0x30 CMakeFiles/Test_Bench.elf.dir/Drivers/STM32F4xx_HAL_Driver/Src/stm32f4xx_ll_sdmmc.c.obj
                0x08004f18                SDMMC_CmdSelDesel
 .text.SDMMC_CmdAppCommand
                0x08004f48       0x30 CMakeFiles/Test_Bench.elf.dir/Drivers/STM32F4xx_HAL_Driver/Src/stm32f4xx_ll_sdmmc.c.obj
                0x08004f48                SDMMC_CmdAppCommand
 .text.SDMMC_CmdSendStatus
                0x08004f78       0x30 CMakeFiles/Test_Bench.elf.dir/Drivers/STM32F4xx_HAL_Driver/Src/stm32f4xx_ll_sdmmc.c.obj
                0x08004f78                SDMMC_CmdSendStatus
 .text.SDMMC_GetCmdResp2
                0x08004fa8       0x5c CMakeFiles/Test_Bench.elf.dir/Drivers/STM32F4xx_HAL_Driver/Src/stm32f4xx_ll_sdmmc.c.obj
                0x08004fa8                SDMMC_GetCmdResp2
 .text.SDMMC_CmdSendCID
                0x08005004       0x2a CMakeFiles/Test_Bench.elf.dir/Drivers/STM32F4xx_HAL_Driver/Src/stm32f4xx_ll_sdmmc.c.obj
                0x08005004                SDMMC_CmdSendCID
 .text.SDMMC_CmdSendCSD
                0x0800502e       0x2a CMakeFiles/Test_Bench.elf.dir/Drivers/STM32F4xx_HAL_Driver/Src/stm32f4xx_ll_sdmmc.c.obj
                0x0800502e                SDMMC_CmdSendCSD
 .text.SDMMC_GetCmdResp3
                0x08005058       0x4c CMakeFiles/Test_Bench.elf.dir/Drivers/STM32F4xx_HAL_Driver/Src/stm32f4xx_ll_sdmmc.c.obj
                0x08005058                SDMMC_GetCmdResp3
 .text.SDMMC_CmdAppOperCommand
                0x080050a4       0x32 CMakeFiles/Test_Bench.elf.dir/Drivers/STM32F4xx_HAL_Driver/Src/stm32f4xx_ll_sdmmc.c.obj
                0x080050a4                SDMMC_CmdAppOperCommand
 *fill*         0x080050d6        0x2 
 .text.SDMMC_GetCmdResp6
                0x080050d8       0xa0 CMakeFiles/Test_Bench.elf.dir/Drivers/STM32F4xx_HAL_Driver/Src/stm32f4xx_ll_sdmmc.c.obj
                0x080050d8                SDMMC_GetCmdResp6
 .text.SDMMC_CmdSetRelAdd
                0x08005178       0x30 CMakeFiles/Test_Bench.elf.dir/Drivers/STM32F4xx_HAL_Driver/Src/stm32f4xx_ll_sdmmc.c.obj
                0x08005178                SDMMC_CmdSetRelAdd
 .text.SDMMC_GetCmdResp7
                0x080051a8       0x64 CMakeFiles/Test_Bench.elf.dir/Drivers/STM32F4xx_HAL_Driver/Src/stm32f4xx_ll_sdmmc.c.obj
                0x080051a8                SDMMC_GetCmdResp7
 .text.SDMMC_CmdOperCond
                0x0800520c       0x2e CMakeFiles/Test_Bench.elf.dir/Drivers/STM32F4xx_HAL_Driver/Src/stm32f4xx_ll_sdmmc.c.obj
                0x0800520c                SDMMC_CmdOperCond
 .text.USB_CoreReset
                0x0800523a       0x4a CMakeFiles/Test_Bench.elf.dir/Drivers/STM32F4xx_HAL_Driver/Src/stm32f4xx_ll_usb.c.obj
 .text.USB_CoreInit
                0x08005284       0x92 CMakeFiles/Test_Bench.elf.dir/Drivers/STM32F4xx_HAL_Driver/Src/stm32f4xx_ll_usb.c.obj
                0x08005284                USB_CoreInit
 *fill*         0x08005316        0x2 
 .text.USB_SetTurnaroundTime
                0x08005318       0xe4 CMakeFiles/Test_Bench.elf.dir/Drivers/STM32F4xx_HAL_Driver/Src/stm32f4xx_ll_usb.c.obj
                0x08005318                USB_SetTurnaroundTime
 .text.USB_EnableGlobalInt
                0x080053fc        0xc CMakeFiles/Test_Bench.elf.dir/Drivers/STM32F4xx_HAL_Driver/Src/stm32f4xx_ll_usb.c.obj
                0x080053fc                USB_EnableGlobalInt
 .text.USB_DisableGlobalInt
                0x08005408        0xc CMakeFiles/Test_Bench.elf.dir/Drivers/STM32F4xx_HAL_Driver/Src/stm32f4xx_ll_usb.c.obj
                0x08005408                USB_DisableGlobalInt
 .text.USB_FlushTxFifo
                0x08005414       0x4a CMakeFiles/Test_Bench.elf.dir/Drivers/STM32F4xx_HAL_Driver/Src/stm32f4xx_ll_usb.c.obj
                0x08005414                USB_FlushTxFifo
 .text.USB_FlushRxFifo
                0x0800545e       0x46 CMakeFiles/Test_Bench.elf.dir/Drivers/STM32F4xx_HAL_Driver/Src/stm32f4xx_ll_usb.c.obj
                0x0800545e                USB_FlushRxFifo
 .text.USB_SetDevSpeed
                0x080054a4        0xe CMakeFiles/Test_Bench.elf.dir/Drivers/STM32F4xx_HAL_Driver/Src/stm32f4xx_ll_usb.c.obj
                0x080054a4                USB_SetDevSpeed
 *fill*         0x080054b2        0x2 
 .text.USB_DevInit
                0x080054b4      0x194 CMakeFiles/Test_Bench.elf.dir/Drivers/STM32F4xx_HAL_Driver/Src/stm32f4xx_ll_usb.c.obj
                0x080054b4                USB_DevInit
 .text.USB_GetDevSpeed
                0x08005648       0x22 CMakeFiles/Test_Bench.elf.dir/Drivers/STM32F4xx_HAL_Driver/Src/stm32f4xx_ll_usb.c.obj
                0x08005648                USB_GetDevSpeed
 .text.USB_ActivateEndpoint
                0x0800566a       0x9a CMakeFiles/Test_Bench.elf.dir/Drivers/STM32F4xx_HAL_Driver/Src/stm32f4xx_ll_usb.c.obj
                0x0800566a                USB_ActivateEndpoint
 .text.USB_DeactivateEndpoint
                0x08005704       0xe0 CMakeFiles/Test_Bench.elf.dir/Drivers/STM32F4xx_HAL_Driver/Src/stm32f4xx_ll_usb.c.obj
                0x08005704                USB_DeactivateEndpoint
 .text.USB_EPStopXfer
                0x080057e4       0xbc CMakeFiles/Test_Bench.elf.dir/Drivers/STM32F4xx_HAL_Driver/Src/stm32f4xx_ll_usb.c.obj
                0x080057e4                USB_EPStopXfer
 .text.USB_WritePacket
                0x080058a0       0x2e CMakeFiles/Test_Bench.elf.dir/Drivers/STM32F4xx_HAL_Driver/Src/stm32f4xx_ll_usb.c.obj
                0x080058a0                USB_WritePacket
 *fill*         0x080058ce        0x2 
 .text.USB_EPStartXfer
                0x080058d0      0x244 CMakeFiles/Test_Bench.elf.dir/Drivers/STM32F4xx_HAL_Driver/Src/stm32f4xx_ll_usb.c.obj
                0x080058d0                USB_EPStartXfer
 .text.USB_ReadPacket
                0x08005b14       0x46 CMakeFiles/Test_Bench.elf.dir/Drivers/STM32F4xx_HAL_Driver/Src/stm32f4xx_ll_usb.c.obj
                0x08005b14                USB_ReadPacket
 .text.USB_EPSetStall
                0x08005b5a       0x5a CMakeFiles/Test_Bench.elf.dir/Drivers/STM32F4xx_HAL_Driver/Src/stm32f4xx_ll_usb.c.obj
                0x08005b5a                USB_EPSetStall
 .text.USB_EPClearStall
                0x08005bb4       0x5c CMakeFiles/Test_Bench.elf.dir/Drivers/STM32F4xx_HAL_Driver/Src/stm32f4xx_ll_usb.c.obj
                0x08005bb4                USB_EPClearStall
 .text.USB_SetDevAddress
                0x08005c10       0x20 CMakeFiles/Test_Bench.elf.dir/Drivers/STM32F4xx_HAL_Driver/Src/stm32f4xx_ll_usb.c.obj
                0x08005c10                USB_SetDevAddress
 .text.USB_DevConnect
                0x08005c30       0x1c CMakeFiles/Test_Bench.elf.dir/Drivers/STM32F4xx_HAL_Driver/Src/stm32f4xx_ll_usb.c.obj
                0x08005c30                USB_DevConnect
 .text.USB_DevDisconnect
                0x08005c4c       0x1c CMakeFiles/Test_Bench.elf.dir/Drivers/STM32F4xx_HAL_Driver/Src/stm32f4xx_ll_usb.c.obj
                0x08005c4c                USB_DevDisconnect
 .text.USB_ReadInterrupts
                0x08005c68        0x8 CMakeFiles/Test_Bench.elf.dir/Drivers/STM32F4xx_HAL_Driver/Src/stm32f4xx_ll_usb.c.obj
                0x08005c68                USB_ReadInterrupts
 .text.USB_ReadDevAllOutEpInterrupt
                0x08005c70       0x10 CMakeFiles/Test_Bench.elf.dir/Drivers/STM32F4xx_HAL_Driver/Src/stm32f4xx_ll_usb.c.obj
                0x08005c70                USB_ReadDevAllOutEpInterrupt
 .text.USB_ReadDevAllInEpInterrupt
                0x08005c80       0x10 CMakeFiles/Test_Bench.elf.dir/Drivers/STM32F4xx_HAL_Driver/Src/stm32f4xx_ll_usb.c.obj
                0x08005c80                USB_ReadDevAllInEpInterrupt
 .text.USB_ReadDevOutEPInterrupt
                0x08005c90       0x12 CMakeFiles/Test_Bench.elf.dir/Drivers/STM32F4xx_HAL_Driver/Src/stm32f4xx_ll_usb.c.obj
                0x08005c90                USB_ReadDevOutEPInterrupt
 .text.USB_ReadDevInEPInterrupt
                0x08005ca2       0x24 CMakeFiles/Test_Bench.elf.dir/Drivers/STM32F4xx_HAL_Driver/Src/stm32f4xx_ll_usb.c.obj
                0x08005ca2                USB_ReadDevInEPInterrupt
 .text.USB_GetMode
                0x08005cc6        0x8 CMakeFiles/Test_Bench.elf.dir/Drivers/STM32F4xx_HAL_Driver/Src/stm32f4xx_ll_usb.c.obj
                0x08005cc6                USB_GetMode
 .text.USB_SetCurrentMode
                0x08005cce       0x62 CMakeFiles/Test_Bench.elf.dir/Drivers/STM32F4xx_HAL_Driver/Src/stm32f4xx_ll_usb.c.obj
                0x08005cce                USB_SetCurrentMode
 .text.USB_ActivateSetup
                0x08005d30       0x1c CMakeFiles/Test_Bench.elf.dir/Drivers/STM32F4xx_HAL_Driver/Src/stm32f4xx_ll_usb.c.obj
                0x08005d30                USB_ActivateSetup
 .text.USB_EP0_OutStart
                0x08005d4c       0x5c CMakeFiles/Test_Bench.elf.dir/Drivers/STM32F4xx_HAL_Driver/Src/stm32f4xx_ll_usb.c.obj
                0x08005d4c                USB_EP0_OutStart
 .text.MX_FATFS_Init
                0x08005da8       0x1c CMakeFiles/Test_Bench.elf.dir/FATFS/App/fatfs.c.obj
                0x08005da8                MX_FATFS_Init
 .text.get_fattime
                0x08005dc4        0x4 CMakeFiles/Test_Bench.elf.dir/FATFS/App/fatfs.c.obj
                0x08005dc4                get_fattime
 .text.BSP_SD_ReadBlocks
                0x08005dc8       0x20 CMakeFiles/Test_Bench.elf.dir/FATFS/Target/bsp_driver_sd.c.obj
                0x08005dc8                BSP_SD_ReadBlocks
 .text.BSP_SD_WriteBlocks
                0x08005de8       0x20 CMakeFiles/Test_Bench.elf.dir/FATFS/Target/bsp_driver_sd.c.obj
                0x08005de8                BSP_SD_WriteBlocks
 .text.BSP_SD_GetCardState
                0x08005e08       0x14 CMakeFiles/Test_Bench.elf.dir/FATFS/Target/bsp_driver_sd.c.obj
                0x08005e08                BSP_SD_GetCardState
 .text.BSP_SD_GetCardInfo
                0x08005e1c       0x10 CMakeFiles/Test_Bench.elf.dir/FATFS/Target/bsp_driver_sd.c.obj
                0x08005e1c                BSP_SD_GetCardInfo
 .text.BSP_SD_AbortCallback
                0x08005e2c        0x2 CMakeFiles/Test_Bench.elf.dir/FATFS/Target/bsp_driver_sd.c.obj
                0x08005e2c                BSP_SD_AbortCallback
 .text.HAL_SD_AbortCallback
                0x08005e2e        0x8 CMakeFiles/Test_Bench.elf.dir/FATFS/Target/bsp_driver_sd.c.obj
                0x08005e2e                HAL_SD_AbortCallback
 .text.BSP_SD_WriteCpltCallback
                0x08005e36        0x2 CMakeFiles/Test_Bench.elf.dir/FATFS/Target/bsp_driver_sd.c.obj
                0x08005e36                BSP_SD_WriteCpltCallback
 .text.HAL_SD_TxCpltCallback
                0x08005e38        0x8 CMakeFiles/Test_Bench.elf.dir/FATFS/Target/bsp_driver_sd.c.obj
                0x08005e38                HAL_SD_TxCpltCallback
 .text.BSP_SD_ReadCpltCallback
                0x08005e40        0x2 CMakeFiles/Test_Bench.elf.dir/FATFS/Target/bsp_driver_sd.c.obj
                0x08005e40                BSP_SD_ReadCpltCallback
 .text.HAL_SD_RxCpltCallback
                0x08005e42        0x8 CMakeFiles/Test_Bench.elf.dir/FATFS/Target/bsp_driver_sd.c.obj
                0x08005e42                HAL_SD_RxCpltCallback
 .text.BSP_SD_IsDetected
                0x08005e4a       0x10 CMakeFiles/Test_Bench.elf.dir/FATFS/Target/bsp_driver_sd.c.obj
                0x08005e4a                BSP_SD_IsDetected
 *fill*         0x08005e5a        0x2 
 .text.BSP_SD_Init
                0x08005e5c       0x1c CMakeFiles/Test_Bench.elf.dir/FATFS/Target/bsp_driver_sd.c.obj
                0x08005e5c                BSP_SD_Init
 .text.SD_CheckStatus
                0x08005e78       0x24 CMakeFiles/Test_Bench.elf.dir/FATFS/Target/sd_diskio.c.obj
 .text.SD_initialize
                0x08005e9c       0x28 CMakeFiles/Test_Bench.elf.dir/FATFS/Target/sd_diskio.c.obj
                0x08005e9c                SD_initialize
 .text.SD_status
                0x08005ec4        0x8 CMakeFiles/Test_Bench.elf.dir/FATFS/Target/sd_diskio.c.obj
                0x08005ec4                SD_status
 .text.SD_read  0x08005ecc       0x24 CMakeFiles/Test_Bench.elf.dir/FATFS/Target/sd_diskio.c.obj
                0x08005ecc                SD_read
 .text.SD_write
                0x08005ef0       0x24 CMakeFiles/Test_Bench.elf.dir/FATFS/Target/sd_diskio.c.obj
                0x08005ef0                SD_write
 .text.SD_ioctl
                0x08005f14       0x58 CMakeFiles/Test_Bench.elf.dir/FATFS/Target/sd_diskio.c.obj
                0x08005f14                SD_ioctl
 .text.USBD_CDC_EP0_RxReady
                0x08005f6c       0x40 CMakeFiles/Test_Bench.elf.dir/Middlewares/ST/STM32_USB_Device_Library/Class/CDC/Src/usbd_cdc.c.obj
 .text.USBD_CDC_GetDeviceQualifierDescriptor
                0x08005fac        0xc CMakeFiles/Test_Bench.elf.dir/Middlewares/ST/STM32_USB_Device_Library/Class/CDC/Src/usbd_cdc.c.obj
                0x08005fac                USBD_CDC_GetDeviceQualifierDescriptor
 .text.USBD_CDC_GetOtherSpeedCfgDesc
                0x08005fb8       0x48 CMakeFiles/Test_Bench.elf.dir/Middlewares/ST/STM32_USB_Device_Library/Class/CDC/Src/usbd_cdc.c.obj
 .text.USBD_CDC_GetFSCfgDesc
                0x08006000       0x48 CMakeFiles/Test_Bench.elf.dir/Middlewares/ST/STM32_USB_Device_Library/Class/CDC/Src/usbd_cdc.c.obj
 .text.USBD_CDC_GetHSCfgDesc
                0x08006048       0x48 CMakeFiles/Test_Bench.elf.dir/Middlewares/ST/STM32_USB_Device_Library/Class/CDC/Src/usbd_cdc.c.obj
 .text.USBD_CDC_DataOut
                0x08006090       0x38 CMakeFiles/Test_Bench.elf.dir/Middlewares/ST/STM32_USB_Device_Library/Class/CDC/Src/usbd_cdc.c.obj
 .text.USBD_CDC_DataIn
                0x080060c8       0x7c CMakeFiles/Test_Bench.elf.dir/Middlewares/ST/STM32_USB_Device_Library/Class/CDC/Src/usbd_cdc.c.obj
 .text.USBD_CDC_Setup
                0x08006144      0x11a CMakeFiles/Test_Bench.elf.dir/Middlewares/ST/STM32_USB_Device_Library/Class/CDC/Src/usbd_cdc.c.obj
 .text.USBD_CDC_DeInit
                0x0800625e       0x64 CMakeFiles/Test_Bench.elf.dir/Middlewares/ST/STM32_USB_Device_Library/Class/CDC/Src/usbd_cdc.c.obj
 .text.USBD_CDC_Init
                0x080062c2       0xee CMakeFiles/Test_Bench.elf.dir/Middlewares/ST/STM32_USB_Device_Library/Class/CDC/Src/usbd_cdc.c.obj
 .text.USBD_CDC_RegisterInterface
                0x080063b0       0x16 CMakeFiles/Test_Bench.elf.dir/Middlewares/ST/STM32_USB_Device_Library/Class/CDC/Src/usbd_cdc.c.obj
                0x080063b0                USBD_CDC_RegisterInterface
 .text.USBD_CDC_SetTxBuffer
                0x080063c6       0x1c CMakeFiles/Test_Bench.elf.dir/Middlewares/ST/STM32_USB_Device_Library/Class/CDC/Src/usbd_cdc.c.obj
                0x080063c6                USBD_CDC_SetTxBuffer
 .text.USBD_CDC_SetRxBuffer
                0x080063e2       0x18 CMakeFiles/Test_Bench.elf.dir/Middlewares/ST/STM32_USB_Device_Library/Class/CDC/Src/usbd_cdc.c.obj
                0x080063e2                USBD_CDC_SetRxBuffer
 .text.USBD_CDC_TransmitPacket
                0x080063fa       0x36 CMakeFiles/Test_Bench.elf.dir/Middlewares/ST/STM32_USB_Device_Library/Class/CDC/Src/usbd_cdc.c.obj
                0x080063fa                USBD_CDC_TransmitPacket
 .text.USBD_CDC_ReceivePacket
                0x08006430       0x38 CMakeFiles/Test_Bench.elf.dir/Middlewares/ST/STM32_USB_Device_Library/Class/CDC/Src/usbd_cdc.c.obj
                0x08006430                USBD_CDC_ReceivePacket
 .text.USBD_Init
                0x08006468       0x2e CMakeFiles/Test_Bench.elf.dir/Middlewares/ST/STM32_USB_Device_Library/Core/Src/usbd_core.c.obj
                0x08006468                USBD_Init
 .text.USBD_RegisterClass
                0x08006496       0x40 CMakeFiles/Test_Bench.elf.dir/Middlewares/ST/STM32_USB_Device_Library/Core/Src/usbd_core.c.obj
                0x08006496                USBD_RegisterClass
 .text.USBD_Start
                0x080064d6        0x8 CMakeFiles/Test_Bench.elf.dir/Middlewares/ST/STM32_USB_Device_Library/Core/Src/usbd_core.c.obj
                0x080064d6                USBD_Start
 .text.USBD_SetClassConfig
                0x080064de       0x12 CMakeFiles/Test_Bench.elf.dir/Middlewares/ST/STM32_USB_Device_Library/Core/Src/usbd_core.c.obj
                0x080064de                USBD_SetClassConfig
 .text.USBD_ClrClassConfig
                0x080064f0       0x12 CMakeFiles/Test_Bench.elf.dir/Middlewares/ST/STM32_USB_Device_Library/Core/Src/usbd_core.c.obj
                0x080064f0                USBD_ClrClassConfig
 .text.USBD_LL_SetupStage
                0x08006502       0x58 CMakeFiles/Test_Bench.elf.dir/Middlewares/ST/STM32_USB_Device_Library/Core/Src/usbd_core.c.obj
                0x08006502                USBD_LL_SetupStage
 .text.USBD_LL_Reset
                0x0800655a       0x64 CMakeFiles/Test_Bench.elf.dir/Middlewares/ST/STM32_USB_Device_Library/Core/Src/usbd_core.c.obj
                0x0800655a                USBD_LL_Reset
 .text.USBD_LL_SetSpeed
                0x080065be        0x6 CMakeFiles/Test_Bench.elf.dir/Middlewares/ST/STM32_USB_Device_Library/Core/Src/usbd_core.c.obj
                0x080065be                USBD_LL_SetSpeed
 .text.USBD_LL_Suspend
                0x080065c4       0x1e CMakeFiles/Test_Bench.elf.dir/Middlewares/ST/STM32_USB_Device_Library/Core/Src/usbd_core.c.obj
                0x080065c4                USBD_LL_Suspend
 .text.USBD_LL_Resume
                0x080065e2       0x1a CMakeFiles/Test_Bench.elf.dir/Middlewares/ST/STM32_USB_Device_Library/Core/Src/usbd_core.c.obj
                0x080065e2                USBD_LL_Resume
 .text.USBD_LL_SOF
                0x080065fc       0x22 CMakeFiles/Test_Bench.elf.dir/Middlewares/ST/STM32_USB_Device_Library/Core/Src/usbd_core.c.obj
                0x080065fc                USBD_LL_SOF
 .text.USBD_LL_IsoINIncomplete
                0x0800661e       0x2e CMakeFiles/Test_Bench.elf.dir/Middlewares/ST/STM32_USB_Device_Library/Core/Src/usbd_core.c.obj
                0x0800661e                USBD_LL_IsoINIncomplete
 .text.USBD_LL_IsoOUTIncomplete
                0x0800664c       0x2e CMakeFiles/Test_Bench.elf.dir/Middlewares/ST/STM32_USB_Device_Library/Core/Src/usbd_core.c.obj
                0x0800664c                USBD_LL_IsoOUTIncomplete
 .text.USBD_LL_DevConnected
                0x0800667a        0x4 CMakeFiles/Test_Bench.elf.dir/Middlewares/ST/STM32_USB_Device_Library/Core/Src/usbd_core.c.obj
                0x0800667a                USBD_LL_DevConnected
 .text.USBD_LL_DevDisconnected
                0x0800667e       0x20 CMakeFiles/Test_Bench.elf.dir/Middlewares/ST/STM32_USB_Device_Library/Core/Src/usbd_core.c.obj
                0x0800667e                USBD_LL_DevDisconnected
 .text.USBD_CoreFindIF
                0x0800669e        0x4 CMakeFiles/Test_Bench.elf.dir/Middlewares/ST/STM32_USB_Device_Library/Core/Src/usbd_core.c.obj
                0x0800669e                USBD_CoreFindIF
 .text.USBD_CoreFindEP
                0x080066a2        0x4 CMakeFiles/Test_Bench.elf.dir/Middlewares/ST/STM32_USB_Device_Library/Core/Src/usbd_core.c.obj
                0x080066a2                USBD_CoreFindEP
 .text.USBD_LL_DataOutStage
                0x080066a6       0xc4 CMakeFiles/Test_Bench.elf.dir/Middlewares/ST/STM32_USB_Device_Library/Core/Src/usbd_core.c.obj
                0x080066a6                USBD_LL_DataOutStage
 .text.USBD_LL_DataInStage
                0x0800676a       0xd6 CMakeFiles/Test_Bench.elf.dir/Middlewares/ST/STM32_USB_Device_Library/Core/Src/usbd_core.c.obj
                0x0800676a                USBD_LL_DataInStage
 .text.USBD_GetNextDesc
                0x08006840        0xe CMakeFiles/Test_Bench.elf.dir/Middlewares/ST/STM32_USB_Device_Library/Core/Src/usbd_core.c.obj
                0x08006840                USBD_GetNextDesc
 .text.USBD_GetEpDesc
                0x0800684e       0x3e CMakeFiles/Test_Bench.elf.dir/Middlewares/ST/STM32_USB_Device_Library/Core/Src/usbd_core.c.obj
                0x0800684e                USBD_GetEpDesc
 .text.USBD_GetLen
                0x0800688c       0x14 CMakeFiles/Test_Bench.elf.dir/Middlewares/ST/STM32_USB_Device_Library/Core/Src/usbd_ctlreq.c.obj
 .text.USBD_ParseSetupRequest
                0x080068a0       0x28 CMakeFiles/Test_Bench.elf.dir/Middlewares/ST/STM32_USB_Device_Library/Core/Src/usbd_ctlreq.c.obj
                0x080068a0                USBD_ParseSetupRequest
 .text.USBD_CtlError
                0x080068c8       0x14 CMakeFiles/Test_Bench.elf.dir/Middlewares/ST/STM32_USB_Device_Library/Core/Src/usbd_ctlreq.c.obj
                0x080068c8                USBD_CtlError
 .text.USBD_GetDescriptor
                0x080068dc      0x18a CMakeFiles/Test_Bench.elf.dir/Middlewares/ST/STM32_USB_Device_Library/Core/Src/usbd_ctlreq.c.obj
 .text.USBD_SetAddress
                0x08006a66       0x50 CMakeFiles/Test_Bench.elf.dir/Middlewares/ST/STM32_USB_Device_Library/Core/Src/usbd_ctlreq.c.obj
 *fill*         0x08006ab6        0x2 
 .text.USBD_SetConfig
                0x08006ab8       0xcc CMakeFiles/Test_Bench.elf.dir/Middlewares/ST/STM32_USB_Device_Library/Core/Src/usbd_ctlreq.c.obj
 .text.USBD_GetConfig
                0x08006b84       0x40 CMakeFiles/Test_Bench.elf.dir/Middlewares/ST/STM32_USB_Device_Library/Core/Src/usbd_ctlreq.c.obj
 .text.USBD_GetStatus
                0x08006bc4       0x38 CMakeFiles/Test_Bench.elf.dir/Middlewares/ST/STM32_USB_Device_Library/Core/Src/usbd_ctlreq.c.obj
 .text.USBD_SetFeature
                0x08006bfc       0x2a CMakeFiles/Test_Bench.elf.dir/Middlewares/ST/STM32_USB_Device_Library/Core/Src/usbd_ctlreq.c.obj
 .text.USBD_ClrFeature
                0x08006c26       0x26 CMakeFiles/Test_Bench.elf.dir/Middlewares/ST/STM32_USB_Device_Library/Core/Src/usbd_ctlreq.c.obj
 .text.USBD_StdDevReq
                0x08006c4c       0x76 CMakeFiles/Test_Bench.elf.dir/Middlewares/ST/STM32_USB_Device_Library/Core/Src/usbd_ctlreq.c.obj
                0x08006c4c                USBD_StdDevReq
 .text.USBD_StdItfReq
                0x08006cc2       0x84 CMakeFiles/Test_Bench.elf.dir/Middlewares/ST/STM32_USB_Device_Library/Core/Src/usbd_ctlreq.c.obj
                0x08006cc2                USBD_StdItfReq
 .text.USBD_StdEPReq
                0x08006d46      0x230 CMakeFiles/Test_Bench.elf.dir/Middlewares/ST/STM32_USB_Device_Library/Core/Src/usbd_ctlreq.c.obj
                0x08006d46                USBD_StdEPReq
 .text.USBD_GetString
                0x08006f76       0x46 CMakeFiles/Test_Bench.elf.dir/Middlewares/ST/STM32_USB_Device_Library/Core/Src/usbd_ctlreq.c.obj
                0x08006f76                USBD_GetString
 .text.USBD_CtlSendData
                0x08006fbc       0x1a CMakeFiles/Test_Bench.elf.dir/Middlewares/ST/STM32_USB_Device_Library/Core/Src/usbd_ioreq.c.obj
                0x08006fbc                USBD_CtlSendData
 .text.USBD_CtlContinueSendData
                0x08006fd6       0x10 CMakeFiles/Test_Bench.elf.dir/Middlewares/ST/STM32_USB_Device_Library/Core/Src/usbd_ioreq.c.obj
                0x08006fd6                USBD_CtlContinueSendData
 .text.USBD_CtlPrepareRx
                0x08006fe6       0x1e CMakeFiles/Test_Bench.elf.dir/Middlewares/ST/STM32_USB_Device_Library/Core/Src/usbd_ioreq.c.obj
                0x08006fe6                USBD_CtlPrepareRx
 .text.USBD_CtlContinueRx
                0x08007004       0x10 CMakeFiles/Test_Bench.elf.dir/Middlewares/ST/STM32_USB_Device_Library/Core/Src/usbd_ioreq.c.obj
                0x08007004                USBD_CtlContinueRx
 .text.USBD_CtlSendStatus
                0x08007014       0x16 CMakeFiles/Test_Bench.elf.dir/Middlewares/ST/STM32_USB_Device_Library/Core/Src/usbd_ioreq.c.obj
                0x08007014                USBD_CtlSendStatus
 .text.USBD_CtlReceiveStatus
                0x0800702a       0x16 CMakeFiles/Test_Bench.elf.dir/Middlewares/ST/STM32_USB_Device_Library/Core/Src/usbd_ioreq.c.obj
                0x0800702a                USBD_CtlReceiveStatus
 .text.disk_status
                0x08007040       0x18 CMakeFiles/Test_Bench.elf.dir/Middlewares/Third_Party/FatFs/src/diskio.c.obj
                0x08007040                disk_status
 .text.disk_initialize
                0x08007058       0x2c CMakeFiles/Test_Bench.elf.dir/Middlewares/Third_Party/FatFs/src/diskio.c.obj
                0x08007058                disk_initialize
 .text.disk_read
                0x08007084       0x18 CMakeFiles/Test_Bench.elf.dir/Middlewares/Third_Party/FatFs/src/diskio.c.obj
                0x08007084                disk_read
 .text.disk_write
                0x0800709c       0x18 CMakeFiles/Test_Bench.elf.dir/Middlewares/Third_Party/FatFs/src/diskio.c.obj
                0x0800709c                disk_write
 .text.disk_ioctl
                0x080070b4       0x18 CMakeFiles/Test_Bench.elf.dir/Middlewares/Third_Party/FatFs/src/diskio.c.obj
                0x080070b4                disk_ioctl
 .text.ld_word  0x080070cc        0xa CMakeFiles/Test_Bench.elf.dir/Middlewares/Third_Party/FatFs/src/ff.c.obj
 .text.ld_dword
                0x080070d6       0x16 CMakeFiles/Test_Bench.elf.dir/Middlewares/Third_Party/FatFs/src/ff.c.obj
 .text.st_word  0x080070ec        0x8 CMakeFiles/Test_Bench.elf.dir/Middlewares/Third_Party/FatFs/src/ff.c.obj
 .text.st_dword
                0x080070f4       0x14 CMakeFiles/Test_Bench.elf.dir/Middlewares/Third_Party/FatFs/src/ff.c.obj
 .text.mem_cpy  0x08007108       0x14 CMakeFiles/Test_Bench.elf.dir/Middlewares/Third_Party/FatFs/src/ff.c.obj
 .text.mem_set  0x0800711c        0xa CMakeFiles/Test_Bench.elf.dir/Middlewares/Third_Party/FatFs/src/ff.c.obj
 .text.mem_cmp  0x08007126       0x1a CMakeFiles/Test_Bench.elf.dir/Middlewares/Third_Party/FatFs/src/ff.c.obj
 .text.chk_chr  0x08007140       0x10 CMakeFiles/Test_Bench.elf.dir/Middlewares/Third_Party/FatFs/src/ff.c.obj
 .text.chk_lock
                0x08007150       0x74 CMakeFiles/Test_Bench.elf.dir/Middlewares/Third_Party/FatFs/src/ff.c.obj
 .text.enq_lock
                0x080071c4       0x20 CMakeFiles/Test_Bench.elf.dir/Middlewares/Third_Party/FatFs/src/ff.c.obj
 .text.inc_lock
                0x080071e4       0xa4 CMakeFiles/Test_Bench.elf.dir/Middlewares/Third_Party/FatFs/src/ff.c.obj
 .text.dec_lock
                0x08007288       0x40 CMakeFiles/Test_Bench.elf.dir/Middlewares/Third_Party/FatFs/src/ff.c.obj
 .text.clear_lock
                0x080072c8       0x38 CMakeFiles/Test_Bench.elf.dir/Middlewares/Third_Party/FatFs/src/ff.c.obj
 .text.clust2sect
                0x08007300       0x18 CMakeFiles/Test_Bench.elf.dir/Middlewares/Third_Party/FatFs/src/ff.c.obj
 .text.clmt_clust
                0x08007318       0x22 CMakeFiles/Test_Bench.elf.dir/Middlewares/Third_Party/FatFs/src/ff.c.obj
 .text.ld_clust
                0x0800733a       0x26 CMakeFiles/Test_Bench.elf.dir/Middlewares/Third_Party/FatFs/src/ff.c.obj
 .text.st_clust
                0x08007360       0x26 CMakeFiles/Test_Bench.elf.dir/Middlewares/Third_Party/FatFs/src/ff.c.obj
 *fill*         0x08007386        0x2 
 .text.put_lfn  0x08007388       0x78 CMakeFiles/Test_Bench.elf.dir/Middlewares/Third_Party/FatFs/src/ff.c.obj
 .text.gen_numname
                0x08007400       0xbc CMakeFiles/Test_Bench.elf.dir/Middlewares/Third_Party/FatFs/src/ff.c.obj
 .text.sum_sfn  0x080074bc       0x20 CMakeFiles/Test_Bench.elf.dir/Middlewares/Third_Party/FatFs/src/ff.c.obj
 .text.get_ldnumber
                0x080074dc       0x52 CMakeFiles/Test_Bench.elf.dir/Middlewares/Third_Party/FatFs/src/ff.c.obj
 .text.validate
                0x0800752e       0x46 CMakeFiles/Test_Bench.elf.dir/Middlewares/Third_Party/FatFs/src/ff.c.obj
 .text.sync_window
                0x08007574       0x54 CMakeFiles/Test_Bench.elf.dir/Middlewares/Third_Party/FatFs/src/ff.c.obj
 .text.move_window
                0x080075c8       0x36 CMakeFiles/Test_Bench.elf.dir/Middlewares/Third_Party/FatFs/src/ff.c.obj
 *fill*         0x080075fe        0x2 
 .text.check_fs
                0x08007600       0x78 CMakeFiles/Test_Bench.elf.dir/Middlewares/Third_Party/FatFs/src/ff.c.obj
 .text.find_volume
                0x08007678      0x2fc CMakeFiles/Test_Bench.elf.dir/Middlewares/Third_Party/FatFs/src/ff.c.obj
 .text.put_fat  0x08007974      0x104 CMakeFiles/Test_Bench.elf.dir/Middlewares/Third_Party/FatFs/src/ff.c.obj
 .text.get_fat  0x08007a78       0xd0 CMakeFiles/Test_Bench.elf.dir/Middlewares/Third_Party/FatFs/src/ff.c.obj
 .text.dir_sdi  0x08007b48       0xac CMakeFiles/Test_Bench.elf.dir/Middlewares/Third_Party/FatFs/src/ff.c.obj
 .text.create_chain
                0x08007bf4       0xcc CMakeFiles/Test_Bench.elf.dir/Middlewares/Third_Party/FatFs/src/ff.c.obj
 .text.remove_chain
                0x08007cc0       0x7e CMakeFiles/Test_Bench.elf.dir/Middlewares/Third_Party/FatFs/src/ff.c.obj
 .text.dir_next
                0x08007d3e      0x108 CMakeFiles/Test_Bench.elf.dir/Middlewares/Third_Party/FatFs/src/ff.c.obj
 .text.dir_alloc
                0x08007e46       0x50 CMakeFiles/Test_Bench.elf.dir/Middlewares/Third_Party/FatFs/src/ff.c.obj
 *fill*         0x08007e96        0x2 
 .text.create_name
                0x08007e98      0x27c CMakeFiles/Test_Bench.elf.dir/Middlewares/Third_Party/FatFs/src/ff.c.obj
 .text.cmp_lfn  0x08008114       0xa0 CMakeFiles/Test_Bench.elf.dir/Middlewares/Third_Party/FatFs/src/ff.c.obj
 .text.dir_find
                0x080081b4       0xe6 CMakeFiles/Test_Bench.elf.dir/Middlewares/Third_Party/FatFs/src/ff.c.obj
 .text.follow_path
                0x0800829a       0x8c CMakeFiles/Test_Bench.elf.dir/Middlewares/Third_Party/FatFs/src/ff.c.obj
 *fill*         0x08008326        0x2 
 .text.dir_register
                0x08008328      0x140 CMakeFiles/Test_Bench.elf.dir/Middlewares/Third_Party/FatFs/src/ff.c.obj
 .text.sync_fs  0x08008468       0x8c CMakeFiles/Test_Bench.elf.dir/Middlewares/Third_Party/FatFs/src/ff.c.obj
 .text.f_mount  0x080084f4       0x5c CMakeFiles/Test_Bench.elf.dir/Middlewares/Third_Party/FatFs/src/ff.c.obj
                0x080084f4                f_mount
 .text.f_open   0x08008550      0x23a CMakeFiles/Test_Bench.elf.dir/Middlewares/Third_Party/FatFs/src/ff.c.obj
                0x08008550                f_open
 .text.f_write  0x0800878a      0x1fc CMakeFiles/Test_Bench.elf.dir/Middlewares/Third_Party/FatFs/src/ff.c.obj
                0x0800878a                f_write
 .text.f_sync   0x08008986       0x98 CMakeFiles/Test_Bench.elf.dir/Middlewares/Third_Party/FatFs/src/ff.c.obj
                0x08008986                f_sync
 .text.f_close  0x08008a1e       0x2a CMakeFiles/Test_Bench.elf.dir/Middlewares/Third_Party/FatFs/src/ff.c.obj
                0x08008a1e                f_close
 .text.f_lseek  0x08008a48      0x288 CMakeFiles/Test_Bench.elf.dir/Middlewares/Third_Party/FatFs/src/ff.c.obj
                0x08008a48                f_lseek
 .text.FATFS_LinkDriverEx
                0x08008cd0       0x54 CMakeFiles/Test_Bench.elf.dir/Middlewares/Third_Party/FatFs/src/ff_gen_drv.c.obj
                0x08008cd0                FATFS_LinkDriverEx
 .text.FATFS_LinkDriver
                0x08008d24        0xa CMakeFiles/Test_Bench.elf.dir/Middlewares/Third_Party/FatFs/src/ff_gen_drv.c.obj
                0x08008d24                FATFS_LinkDriver
 *fill*         0x08008d2e        0x2 
 .text.ff_convert
                0x08008d30       0x54 CMakeFiles/Test_Bench.elf.dir/Middlewares/Third_Party/FatFs/src/option/cc936.c.obj
                0x08008d30                ff_convert
 .text.ff_wtoupper
                0x08008d84       0x9c CMakeFiles/Test_Bench.elf.dir/Middlewares/Third_Party/FatFs/src/option/cc936.c.obj
                0x08008d84                ff_wtoupper
 .text.ff_memalloc
                0x08008e20        0x8 CMakeFiles/Test_Bench.elf.dir/Middlewares/Third_Party/FatFs/src/option/syscall.c.obj
                0x08008e20                ff_memalloc
 .text.ff_memfree
                0x08008e28        0x8 CMakeFiles/Test_Bench.elf.dir/Middlewares/Third_Party/FatFs/src/option/syscall.c.obj
                0x08008e28                ff_memfree
 .text.HAL_TIM_PeriodElapsedCallback
                0x08008e30       0x30 CMakeFiles/Test_Bench.elf.dir/Private/EXTI.c.obj
                0x08008e30                HAL_TIM_PeriodElapsedCallback
 .text.pre_send_reback
                0x08008e60       0x40 CMakeFiles/Test_Bench.elf.dir/Private/Pressure_Sensor/pre_sen.c.obj
                0x08008e60                pre_send_reback
 .text.pre_init
                0x08008ea0       0x4c CMakeFiles/Test_Bench.elf.dir/Private/Pressure_Sensor/pre_sen.c.obj
                0x08008ea0                pre_init
 .text.pre_read_value
                0x08008eec       0x3c CMakeFiles/Test_Bench.elf.dir/Private/Pressure_Sensor/pre_sen.c.obj
                0x08008eec                pre_read_value
 .text.SD_files_Init
                0x08008f28       0x24 CMakeFiles/Test_Bench.elf.dir/Private/file_conf.c.obj
                0x08008f28                SD_files_Init
 .text.SD_files_mount
                0x08008f4c       0x44 CMakeFiles/Test_Bench.elf.dir/Private/file_conf.c.obj
                0x08008f4c                SD_files_mount
 .text.SD_files_New
                0x08008f90       0x34 CMakeFiles/Test_Bench.elf.dir/Private/file_conf.c.obj
                0x08008f90                SD_files_New
 .text.SD_files_Write
                0x08008fc4       0xb8 CMakeFiles/Test_Bench.elf.dir/Private/file_conf.c.obj
                0x08008fc4                SD_files_Write
 .text.SD_files_Close
                0x0800907c       0x30 CMakeFiles/Test_Bench.elf.dir/Private/file_conf.c.obj
                0x0800907c                SD_files_Close
 .text.Send_Error_to_PC
                0x080090ac       0x26 CMakeFiles/Test_Bench.elf.dir/Private/message_define.c.obj
                0x080090ac                Send_Error_to_PC
 .text.Send_Warning_to_PC
                0x080090d2       0x2a CMakeFiles/Test_Bench.elf.dir/Private/message_define.c.obj
                0x080090d2                Send_Warning_to_PC
 .text.Send_Init_Success_to_PC
                0x080090fc       0x22 CMakeFiles/Test_Bench.elf.dir/Private/message_define.c.obj
                0x080090fc                Send_Init_Success_to_PC
 *fill*         0x0800911e        0x2 
 .text.MX_USB_DEVICE_Init
                0x08009120       0x54 CMakeFiles/Test_Bench.elf.dir/USB_DEVICE/App/usb_device.c.obj
                0x08009120                MX_USB_DEVICE_Init
 .text.CDC_DeInit_FS
                0x08009174        0x4 CMakeFiles/Test_Bench.elf.dir/USB_DEVICE/App/usbd_cdc_if.c.obj
 .text.CDC_Control_FS
                0x08009178        0x4 CMakeFiles/Test_Bench.elf.dir/USB_DEVICE/App/usbd_cdc_if.c.obj
 .text.CDC_TransmitCplt_FS
                0x0800917c        0x4 CMakeFiles/Test_Bench.elf.dir/USB_DEVICE/App/usbd_cdc_if.c.obj
 .text.CDC_Receive_FS
                0x08009180       0x44 CMakeFiles/Test_Bench.elf.dir/USB_DEVICE/App/usbd_cdc_if.c.obj
 .text.CDC_Init_FS
                0x080091c4       0x28 CMakeFiles/Test_Bench.elf.dir/USB_DEVICE/App/usbd_cdc_if.c.obj
 .text.CDC_Transmit_FS
                0x080091ec       0x2c CMakeFiles/Test_Bench.elf.dir/USB_DEVICE/App/usbd_cdc_if.c.obj
                0x080091ec                CDC_Transmit_FS
 .text.USBD_FS_DeviceDescriptor
                0x08009218        0xc CMakeFiles/Test_Bench.elf.dir/USB_DEVICE/App/usbd_desc.c.obj
                0x08009218                USBD_FS_DeviceDescriptor
 .text.USBD_FS_LangIDStrDescriptor
                0x08009224        0xc CMakeFiles/Test_Bench.elf.dir/USB_DEVICE/App/usbd_desc.c.obj
                0x08009224                USBD_FS_LangIDStrDescriptor
 .text.IntToUnicode
                0x08009230       0x46 CMakeFiles/Test_Bench.elf.dir/USB_DEVICE/App/usbd_desc.c.obj
 *fill*         0x08009276        0x2 
 .text.Get_SerialNum
                0x08009278       0x38 CMakeFiles/Test_Bench.elf.dir/USB_DEVICE/App/usbd_desc.c.obj
 .text.USBD_FS_SerialStrDescriptor
                0x080092b0       0x14 CMakeFiles/Test_Bench.elf.dir/USB_DEVICE/App/usbd_desc.c.obj
                0x080092b0                USBD_FS_SerialStrDescriptor
 .text.USBD_FS_ProductStrDescriptor
                0x080092c4       0x24 CMakeFiles/Test_Bench.elf.dir/USB_DEVICE/App/usbd_desc.c.obj
                0x080092c4                USBD_FS_ProductStrDescriptor
 .text.USBD_FS_ManufacturerStrDescriptor
                0x080092e8       0x1c CMakeFiles/Test_Bench.elf.dir/USB_DEVICE/App/usbd_desc.c.obj
                0x080092e8                USBD_FS_ManufacturerStrDescriptor
 .text.USBD_FS_ConfigStrDescriptor
                0x08009304       0x24 CMakeFiles/Test_Bench.elf.dir/USB_DEVICE/App/usbd_desc.c.obj
                0x08009304                USBD_FS_ConfigStrDescriptor
 .text.USBD_FS_InterfaceStrDescriptor
                0x08009328       0x24 CMakeFiles/Test_Bench.elf.dir/USB_DEVICE/App/usbd_desc.c.obj
                0x08009328                USBD_FS_InterfaceStrDescriptor
 .text.HAL_PCD_MspInit
                0x0800934c       0x84 CMakeFiles/Test_Bench.elf.dir/USB_DEVICE/Target/usbd_conf.c.obj
                0x0800934c                HAL_PCD_MspInit
 .text.HAL_PCD_SetupStageCallback
                0x080093d0       0x10 CMakeFiles/Test_Bench.elf.dir/USB_DEVICE/Target/usbd_conf.c.obj
                0x080093d0                HAL_PCD_SetupStageCallback
 .text.HAL_PCD_DataOutStageCallback
                0x080093e0       0x18 CMakeFiles/Test_Bench.elf.dir/USB_DEVICE/Target/usbd_conf.c.obj
                0x080093e0                HAL_PCD_DataOutStageCallback
 .text.HAL_PCD_DataInStageCallback
                0x080093f8       0x16 CMakeFiles/Test_Bench.elf.dir/USB_DEVICE/Target/usbd_conf.c.obj
                0x080093f8                HAL_PCD_DataInStageCallback
 .text.HAL_PCD_SOFCallback
                0x0800940e        0xc CMakeFiles/Test_Bench.elf.dir/USB_DEVICE/Target/usbd_conf.c.obj
                0x0800940e                HAL_PCD_SOFCallback
 .text.HAL_PCD_ResetCallback
                0x0800941a       0x28 CMakeFiles/Test_Bench.elf.dir/USB_DEVICE/Target/usbd_conf.c.obj
                0x0800941a                HAL_PCD_ResetCallback
 *fill*         0x08009442        0x2 
 .text.HAL_PCD_SuspendCallback
                0x08009444       0x30 CMakeFiles/Test_Bench.elf.dir/USB_DEVICE/Target/usbd_conf.c.obj
                0x08009444                HAL_PCD_SuspendCallback
 .text.HAL_PCD_ResumeCallback
                0x08009474        0xc CMakeFiles/Test_Bench.elf.dir/USB_DEVICE/Target/usbd_conf.c.obj
                0x08009474                HAL_PCD_ResumeCallback
 .text.HAL_PCD_ISOOUTIncompleteCallback
                0x08009480        0xc CMakeFiles/Test_Bench.elf.dir/USB_DEVICE/Target/usbd_conf.c.obj
                0x08009480                HAL_PCD_ISOOUTIncompleteCallback
 .text.HAL_PCD_ISOINIncompleteCallback
                0x0800948c        0xc CMakeFiles/Test_Bench.elf.dir/USB_DEVICE/Target/usbd_conf.c.obj
                0x0800948c                HAL_PCD_ISOINIncompleteCallback
 .text.HAL_PCD_ConnectCallback
                0x08009498        0xc CMakeFiles/Test_Bench.elf.dir/USB_DEVICE/Target/usbd_conf.c.obj
                0x08009498                HAL_PCD_ConnectCallback
 .text.HAL_PCD_DisconnectCallback
                0x080094a4        0xc CMakeFiles/Test_Bench.elf.dir/USB_DEVICE/Target/usbd_conf.c.obj
                0x080094a4                HAL_PCD_DisconnectCallback
 .text.USBD_LL_Init
                0x080094b0       0x68 CMakeFiles/Test_Bench.elf.dir/USB_DEVICE/Target/usbd_conf.c.obj
                0x080094b0                USBD_LL_Init
 .text.USBD_LL_IsStallEP
                0x08009518       0x2c CMakeFiles/Test_Bench.elf.dir/USB_DEVICE/Target/usbd_conf.c.obj
                0x08009518                USBD_LL_IsStallEP
 .text.USBD_LL_GetRxDataSize
                0x08009544        0xc CMakeFiles/Test_Bench.elf.dir/USB_DEVICE/Target/usbd_conf.c.obj
                0x08009544                USBD_LL_GetRxDataSize
 .text.USBD_static_malloc
                0x08009550        0x8 CMakeFiles/Test_Bench.elf.dir/USB_DEVICE/Target/usbd_conf.c.obj
                0x08009550                USBD_static_malloc
 .text.USBD_static_free
                0x08009558        0x2 CMakeFiles/Test_Bench.elf.dir/USB_DEVICE/Target/usbd_conf.c.obj
                0x08009558                USBD_static_free
 .text.USBD_Get_USB_Status
                0x0800955a       0x14 CMakeFiles/Test_Bench.elf.dir/USB_DEVICE/Target/usbd_conf.c.obj
                0x0800955a                USBD_Get_USB_Status
 .text.USBD_LL_Start
                0x0800956e       0x10 CMakeFiles/Test_Bench.elf.dir/USB_DEVICE/Target/usbd_conf.c.obj
                0x0800956e                USBD_LL_Start
 .text.USBD_LL_OpenEP
                0x0800957e       0x16 CMakeFiles/Test_Bench.elf.dir/USB_DEVICE/Target/usbd_conf.c.obj
                0x0800957e                USBD_LL_OpenEP
 .text.USBD_LL_CloseEP
                0x08009594       0x10 CMakeFiles/Test_Bench.elf.dir/USB_DEVICE/Target/usbd_conf.c.obj
                0x08009594                USBD_LL_CloseEP
 .text.USBD_LL_StallEP
                0x080095a4       0x10 CMakeFiles/Test_Bench.elf.dir/USB_DEVICE/Target/usbd_conf.c.obj
                0x080095a4                USBD_LL_StallEP
 .text.USBD_LL_ClearStallEP
                0x080095b4       0x10 CMakeFiles/Test_Bench.elf.dir/USB_DEVICE/Target/usbd_conf.c.obj
                0x080095b4                USBD_LL_ClearStallEP
 .text.USBD_LL_SetUSBAddress
                0x080095c4       0x10 CMakeFiles/Test_Bench.elf.dir/USB_DEVICE/Target/usbd_conf.c.obj
                0x080095c4                USBD_LL_SetUSBAddress
 .text.USBD_LL_Transmit
                0x080095d4       0x10 CMakeFiles/Test_Bench.elf.dir/USB_DEVICE/Target/usbd_conf.c.obj
                0x080095d4                USBD_LL_Transmit
 .text.USBD_LL_PrepareReceive
                0x080095e4       0x10 CMakeFiles/Test_Bench.elf.dir/USB_DEVICE/Target/usbd_conf.c.obj
                0x080095e4                USBD_LL_PrepareReceive
 .text.__udivmoddi4
                0x080095f4      0x2bc D:/Compiler/arm-gnu-toolchain-13.3.rel1-mingw-w64-i686-arm-none-eabi/bin/../lib/gcc/arm-none-eabi/13.3.1/thumb/v7e-m/nofp\libgcc.a(_udivmoddi4.o)
                0x080095f4                __udivmoddi4
 .text.malloc   0x080098b0       0x10 D:/Compiler/arm-gnu-toolchain-13.3.rel1-mingw-w64-i686-arm-none-eabi/bin/../lib/gcc/arm-none-eabi/13.3.1/thumb/v7e-m/nofp\libg.a(libc_a-malloc.o)
                0x080098b0                malloc
 .text.free     0x080098c0       0x10 D:/Compiler/arm-gnu-toolchain-13.3.rel1-mingw-w64-i686-arm-none-eabi/bin/../lib/gcc/arm-none-eabi/13.3.1/thumb/v7e-m/nofp\libg.a(libc_a-malloc.o)
                0x080098c0                free
 .text._malloc_r
                0x080098d0      0x564 D:/Compiler/arm-gnu-toolchain-13.3.rel1-mingw-w64-i686-arm-none-eabi/bin/../lib/gcc/arm-none-eabi/13.3.1/thumb/v7e-m/nofp\libg.a(libc_a-mallocr.o)
                0x080098d0                _malloc_r
 .text.__malloc_lock
                0x08009e34        0xc D:/Compiler/arm-gnu-toolchain-13.3.rel1-mingw-w64-i686-arm-none-eabi/bin/../lib/gcc/arm-none-eabi/13.3.1/thumb/v7e-m/nofp\libg.a(libc_a-mlock.o)
                0x08009e34                __malloc_lock
 .text.__malloc_unlock
                0x08009e40        0xc D:/Compiler/arm-gnu-toolchain-13.3.rel1-mingw-w64-i686-arm-none-eabi/bin/../lib/gcc/arm-none-eabi/13.3.1/thumb/v7e-m/nofp\libg.a(libc_a-mlock.o)
                0x08009e40                __malloc_unlock
 .text._strtoll_l.isra.0
                0x08009e4c      0x17c D:/Compiler/arm-gnu-toolchain-13.3.rel1-mingw-w64-i686-arm-none-eabi/bin/../lib/gcc/arm-none-eabi/13.3.1/thumb/v7e-m/nofp\libg.a(libc_a-strtoll.o)
 .text.strtoll  0x08009fc8       0x18 D:/Compiler/arm-gnu-toolchain-13.3.rel1-mingw-w64-i686-arm-none-eabi/bin/../lib/gcc/arm-none-eabi/13.3.1/thumb/v7e-m/nofp\libg.a(libc_a-strtoll.o)
                0x08009fc8                strtoll
 .text.stdio_exit_handler
                0x08009fe0       0x18 D:/Compiler/arm-gnu-toolchain-13.3.rel1-mingw-w64-i686-arm-none-eabi/bin/../lib/gcc/arm-none-eabi/13.3.1/thumb/v7e-m/nofp\libg.a(libc_a-findfp.o)
 .text.cleanup_stdio
                0x08009ff8       0x40 D:/Compiler/arm-gnu-toolchain-13.3.rel1-mingw-w64-i686-arm-none-eabi/bin/../lib/gcc/arm-none-eabi/13.3.1/thumb/v7e-m/nofp\libg.a(libc_a-findfp.o)
 .text.global_stdio_init.part.0
                0x0800a038       0xf0 D:/Compiler/arm-gnu-toolchain-13.3.rel1-mingw-w64-i686-arm-none-eabi/bin/../lib/gcc/arm-none-eabi/13.3.1/thumb/v7e-m/nofp\libg.a(libc_a-findfp.o)
 .text.__sinit  0x0800a128       0x3c D:/Compiler/arm-gnu-toolchain-13.3.rel1-mingw-w64-i686-arm-none-eabi/bin/../lib/gcc/arm-none-eabi/13.3.1/thumb/v7e-m/nofp\libg.a(libc_a-findfp.o)
                0x0800a128                __sinit
 .text.__sfp_lock_acquire
                0x0800a164        0xc D:/Compiler/arm-gnu-toolchain-13.3.rel1-mingw-w64-i686-arm-none-eabi/bin/../lib/gcc/arm-none-eabi/13.3.1/thumb/v7e-m/nofp\libg.a(libc_a-findfp.o)
                0x0800a164                __sfp_lock_acquire
 .text.__sfp_lock_release
                0x0800a170        0xc D:/Compiler/arm-gnu-toolchain-13.3.rel1-mingw-w64-i686-arm-none-eabi/bin/../lib/gcc/arm-none-eabi/13.3.1/thumb/v7e-m/nofp\libg.a(libc_a-findfp.o)
                0x0800a170                __sfp_lock_release
 .text._fwalk_sglue
                0x0800a17c       0x44 D:/Compiler/arm-gnu-toolchain-13.3.rel1-mingw-w64-i686-arm-none-eabi/bin/../lib/gcc/arm-none-eabi/13.3.1/thumb/v7e-m/nofp\libg.a(libc_a-fwalk.o)
                0x0800a17c                _fwalk_sglue
 .text.snprintf
                0x0800a1c0       0x90 D:/Compiler/arm-gnu-toolchain-13.3.rel1-mingw-w64-i686-arm-none-eabi/bin/../lib/gcc/arm-none-eabi/13.3.1/thumb/v7e-m/nofp\libg.a(libc_a-snprintf.o)
                0x0800a1c0                snprintf
 .text.sprintf  0x0800a250       0x44 D:/Compiler/arm-gnu-toolchain-13.3.rel1-mingw-w64-i686-arm-none-eabi/bin/../lib/gcc/arm-none-eabi/13.3.1/thumb/v7e-m/nofp\libg.a(libc_a-sprintf.o)
                0x0800a250                sprintf
 .text.__sread  0x0800a294       0x24 D:/Compiler/arm-gnu-toolchain-13.3.rel1-mingw-w64-i686-arm-none-eabi/bin/../lib/gcc/arm-none-eabi/13.3.1/thumb/v7e-m/nofp\libg.a(libc_a-stdio.o)
                0x0800a294                __sread
 .text.__swrite
                0x0800a2b8       0x40 D:/Compiler/arm-gnu-toolchain-13.3.rel1-mingw-w64-i686-arm-none-eabi/bin/../lib/gcc/arm-none-eabi/13.3.1/thumb/v7e-m/nofp\libg.a(libc_a-stdio.o)
                0x0800a2b8                __swrite
 .text.__sseek  0x0800a2f8       0x24 D:/Compiler/arm-gnu-toolchain-13.3.rel1-mingw-w64-i686-arm-none-eabi/bin/../lib/gcc/arm-none-eabi/13.3.1/thumb/v7e-m/nofp\libg.a(libc_a-stdio.o)
                0x0800a2f8                __sseek
 .text.__sclose
                0x0800a31c        0x8 D:/Compiler/arm-gnu-toolchain-13.3.rel1-mingw-w64-i686-arm-none-eabi/bin/../lib/gcc/arm-none-eabi/13.3.1/thumb/v7e-m/nofp\libg.a(libc_a-stdio.o)
                0x0800a31c                __sclose
 .text.memcmp   0x0800a324       0x5c D:/Compiler/arm-gnu-toolchain-13.3.rel1-mingw-w64-i686-arm-none-eabi/bin/../lib/gcc/arm-none-eabi/13.3.1/thumb/v7e-m/nofp\libg.a(libc_a-memcmp.o)
                0x0800a324                memcmp
 .text.memset   0x0800a380       0xa4 D:/Compiler/arm-gnu-toolchain-13.3.rel1-mingw-w64-i686-arm-none-eabi/bin/../lib/gcc/arm-none-eabi/13.3.1/thumb/v7e-m/nofp\libg.a(libc_a-memset.o)
                0x0800a380                memset
 .text.gmtime   0x0800a424       0x10 D:/Compiler/arm-gnu-toolchain-13.3.rel1-mingw-w64-i686-arm-none-eabi/bin/../lib/gcc/arm-none-eabi/13.3.1/thumb/v7e-m/nofp\libg.a(libc_a-gmtime.o)
                0x0800a424                gmtime
 .text.gmtime_r
                0x0800a434      0x1c4 D:/Compiler/arm-gnu-toolchain-13.3.rel1-mingw-w64-i686-arm-none-eabi/bin/../lib/gcc/arm-none-eabi/13.3.1/thumb/v7e-m/nofp\libg.a(libc_a-gmtime_r.o)
                0x0800a434                gmtime_r
 .text._close_r
                0x0800a5f8       0x24 D:/Compiler/arm-gnu-toolchain-13.3.rel1-mingw-w64-i686-arm-none-eabi/bin/../lib/gcc/arm-none-eabi/13.3.1/thumb/v7e-m/nofp\libg.a(libc_a-closer.o)
                0x0800a5f8                _close_r
 .text._lseek_r
                0x0800a61c       0x2c D:/Compiler/arm-gnu-toolchain-13.3.rel1-mingw-w64-i686-arm-none-eabi/bin/../lib/gcc/arm-none-eabi/13.3.1/thumb/v7e-m/nofp\libg.a(libc_a-lseekr.o)
                0x0800a61c                _lseek_r
 .text._read_r  0x0800a648       0x2c D:/Compiler/arm-gnu-toolchain-13.3.rel1-mingw-w64-i686-arm-none-eabi/bin/../lib/gcc/arm-none-eabi/13.3.1/thumb/v7e-m/nofp\libg.a(libc_a-readr.o)
                0x0800a648                _read_r
 .text._sbrk_r  0x0800a674       0x24 D:/Compiler/arm-gnu-toolchain-13.3.rel1-mingw-w64-i686-arm-none-eabi/bin/../lib/gcc/arm-none-eabi/13.3.1/thumb/v7e-m/nofp\libg.a(libc_a-sbrkr.o)
                0x0800a674                _sbrk_r
 .text._write_r
                0x0800a698       0x2c D:/Compiler/arm-gnu-toolchain-13.3.rel1-mingw-w64-i686-arm-none-eabi/bin/../lib/gcc/arm-none-eabi/13.3.1/thumb/v7e-m/nofp\libg.a(libc_a-writer.o)
                0x0800a698                _write_r
 .text.__errno  0x0800a6c4        0xc D:/Compiler/arm-gnu-toolchain-13.3.rel1-mingw-w64-i686-arm-none-eabi/bin/../lib/gcc/arm-none-eabi/13.3.1/thumb/v7e-m/nofp\libg.a(libc_a-errno.o)
                0x0800a6c4                __errno
 .text.__libc_init_array