Archive member included to satisfy reference by file (symbol)

D:/_SOFTW~1/_TOOLS~1/ARM-GN~1.REL/bin/../lib/gcc/arm-none-eabi/13.3.1/thumb/v7e-m/nofp\libgcc.a(_aeabi_uldivmod.o)
                              CMakeFiles/Test_Bench.elf.dir/Drivers/STM32F4xx_HAL_Driver/Src/stm32f4xx_hal_rcc.c.obj (__aeabi_uldivmod)
D:/_SOFTW~1/_TOOLS~1/ARM-GN~1.REL/bin/../lib/gcc/arm-none-eabi/13.3.1/thumb/v7e-m/nofp\libgcc.a(_udivmoddi4.o)
                              D:/_SOFTW~1/_TOOLS~1/ARM-GN~1.REL/bin/../lib/gcc/arm-none-eabi/13.3.1/thumb/v7e-m/nofp\libgcc.a(_aeabi_uldivmod.o) (__udivmoddi4)
D:/_SOFTW~1/_TOOLS~1/ARM-GN~1.REL/bin/../lib/gcc/arm-none-eabi/13.3.1/thumb/v7e-m/nofp\libgcc.a(_dvmd_tls.o)
                              D:/_SOFTW~1/_TOOLS~1/ARM-GN~1.REL/bin/../lib/gcc/arm-none-eabi/13.3.1/thumb/v7e-m/nofp\libgcc.a(_aeabi_uldivmod.o) (__aeabi_ldiv0)
D:/_SOFTW~1/_TOOLS~1/ARM-GN~1.REL/bin/../lib/gcc/arm-none-eabi/13.3.1/thumb/v7e-m/nofp\libc.a(libc_a-exit.o)
                              D:/_SOFTW~1/_TOOLS~1/ARM-GN~1.REL/bin/../lib/gcc/arm-none-eabi/13.3.1/thumb/v7e-m/nofp/crt0.o (exit)
D:/_SOFTW~1/_TOOLS~1/ARM-GN~1.REL/bin/../lib/gcc/arm-none-eabi/13.3.1/thumb/v7e-m/nofp\libc.a(libc_a-strtol.o)
                              CMakeFiles/Test_Bench.elf.dir/Core/Src/main.c.obj (strtol)
D:/_SOFTW~1/_TOOLS~1/ARM-GN~1.REL/bin/../lib/gcc/arm-none-eabi/13.3.1/thumb/v7e-m/nofp\libc.a(libc_a-ctype_.o)
                              D:/_SOFTW~1/_TOOLS~1/ARM-GN~1.REL/bin/../lib/gcc/arm-none-eabi/13.3.1/thumb/v7e-m/nofp\libc.a(libc_a-strtol.o) (_ctype_)
D:/_SOFTW~1/_TOOLS~1/ARM-GN~1.REL/bin/../lib/gcc/arm-none-eabi/13.3.1/thumb/v7e-m/nofp\libc.a(libc_a-findfp.o)
                              D:/_SOFTW~1/_TOOLS~1/ARM-GN~1.REL/bin/../lib/gcc/arm-none-eabi/13.3.1/thumb/v7e-m/nofp\libc.a(libc_a-exit.o) (__stdio_exit_handler)
D:/_SOFTW~1/_TOOLS~1/ARM-GN~1.REL/bin/../lib/gcc/arm-none-eabi/13.3.1/thumb/v7e-m/nofp\libc.a(libc_a-fwalk.o)
                              D:/_SOFTW~1/_TOOLS~1/ARM-GN~1.REL/bin/../lib/gcc/arm-none-eabi/13.3.1/thumb/v7e-m/nofp\libc.a(libc_a-findfp.o) (_fwalk_sglue)
D:/_SOFTW~1/_TOOLS~1/ARM-GN~1.REL/bin/../lib/gcc/arm-none-eabi/13.3.1/thumb/v7e-m/nofp\libc.a(libc_a-snprintf.o)
                              CMakeFiles/Test_Bench.elf.dir/Core/Src/main.c.obj (snprintf)
D:/_SOFTW~1/_TOOLS~1/ARM-GN~1.REL/bin/../lib/gcc/arm-none-eabi/13.3.1/thumb/v7e-m/nofp\libc.a(libc_a-stdio.o)
                              D:/_SOFTW~1/_TOOLS~1/ARM-GN~1.REL/bin/../lib/gcc/arm-none-eabi/13.3.1/thumb/v7e-m/nofp\libc.a(libc_a-findfp.o) (__sread)
D:/_SOFTW~1/_TOOLS~1/ARM-GN~1.REL/bin/../lib/gcc/arm-none-eabi/13.3.1/thumb/v7e-m/nofp\libc.a(libc_a-memcmp.o)
                              CMakeFiles/Test_Bench.elf.dir/Core/Src/main.c.obj (memcmp)
D:/_SOFTW~1/_TOOLS~1/ARM-GN~1.REL/bin/../lib/gcc/arm-none-eabi/13.3.1/thumb/v7e-m/nofp\libc.a(libc_a-memset.o)
                              D:/_SOFTW~1/_TOOLS~1/ARM-GN~1.REL/bin/../lib/gcc/arm-none-eabi/13.3.1/thumb/v7e-m/nofp/crt0.o (memset)
D:/_SOFTW~1/_TOOLS~1/ARM-GN~1.REL/bin/../lib/gcc/arm-none-eabi/13.3.1/thumb/v7e-m/nofp\libc.a(libc_a-closer.o)
                              D:/_SOFTW~1/_TOOLS~1/ARM-GN~1.REL/bin/../lib/gcc/arm-none-eabi/13.3.1/thumb/v7e-m/nofp\libc.a(libc_a-stdio.o) (_close_r)
D:/_SOFTW~1/_TOOLS~1/ARM-GN~1.REL/bin/../lib/gcc/arm-none-eabi/13.3.1/thumb/v7e-m/nofp\libc.a(libc_a-reent.o)
                              D:/_SOFTW~1/_TOOLS~1/ARM-GN~1.REL/bin/../lib/gcc/arm-none-eabi/13.3.1/thumb/v7e-m/nofp\libc.a(libc_a-closer.o) (errno)
D:/_SOFTW~1/_TOOLS~1/ARM-GN~1.REL/bin/../lib/gcc/arm-none-eabi/13.3.1/thumb/v7e-m/nofp\libc.a(libc_a-impure.o)
                              D:/_SOFTW~1/_TOOLS~1/ARM-GN~1.REL/bin/../lib/gcc/arm-none-eabi/13.3.1/thumb/v7e-m/nofp\libc.a(libc_a-strtol.o) (_impure_ptr)
D:/_SOFTW~1/_TOOLS~1/ARM-GN~1.REL/bin/../lib/gcc/arm-none-eabi/13.3.1/thumb/v7e-m/nofp\libc.a(libc_a-lseekr.o)
                              D:/_SOFTW~1/_TOOLS~1/ARM-GN~1.REL/bin/../lib/gcc/arm-none-eabi/13.3.1/thumb/v7e-m/nofp\libc.a(libc_a-stdio.o) (_lseek_r)
D:/_SOFTW~1/_TOOLS~1/ARM-GN~1.REL/bin/../lib/gcc/arm-none-eabi/13.3.1/thumb/v7e-m/nofp\libc.a(libc_a-readr.o)
                              D:/_SOFTW~1/_TOOLS~1/ARM-GN~1.REL/bin/../lib/gcc/arm-none-eabi/13.3.1/thumb/v7e-m/nofp\libc.a(libc_a-stdio.o) (_read_r)
D:/_SOFTW~1/_TOOLS~1/ARM-GN~1.REL/bin/../lib/gcc/arm-none-eabi/13.3.1/thumb/v7e-m/nofp\libc.a(libc_a-writer.o)
                              D:/_SOFTW~1/_TOOLS~1/ARM-GN~1.REL/bin/../lib/gcc/arm-none-eabi/13.3.1/thumb/v7e-m/nofp\libc.a(libc_a-stdio.o) (_write_r)
D:/_SOFTW~1/_TOOLS~1/ARM-GN~1.REL/bin/../lib/gcc/arm-none-eabi/13.3.1/thumb/v7e-m/nofp\libc.a(libc_a-errno.o)
                              CMakeFiles/Test_Bench.elf.dir/Core/Src/syscalls.c.obj (__errno)
D:/_SOFTW~1/_TOOLS~1/ARM-GN~1.REL/bin/../lib/gcc/arm-none-eabi/13.3.1/thumb/v7e-m/nofp\libc.a(libc_a-init.o)
[...]
Memory Configuration

Name             Origin             Length             Attributes
CCMRAM           0x10000000         0x00010000         xrw
RAM              0x20000000         0x00020000         xrw
FLASH            0x08000000         0x00100000         xr
*default*        0x00000000         0xffffffff

Linker script and memory map

LOAD D:/_SOFTW~1/_TOOLS~1/ARM-GN~1.REL/bin/../lib/gcc/arm-none-eabi/13.3.1/thumb/v7e-m/nofp/crti.o
LOAD D:/_SOFTW~1/_TOOLS~1/ARM-GN~1.REL/bin/../lib/gcc/arm-none-eabi/13.3.1/thumb/v7e-m/nofp/crtbegin.o
LOAD D:/_SOFTW~1/_TOOLS~1/ARM-GN~1.REL/bin/../lib/gcc/arm-none-eabi/13.3.1/thumb/v7e-m/nofp/crt0.o
LOAD CMakeFiles/Test_Bench.elf.dir/Core/Src/gpio.c.obj
LOAD CMakeFiles/Test_Bench.elf.dir/Core/Src/main.c.obj
LOAD CMakeFiles/Test_Bench.elf.dir/Core/Src/stm32f4xx_hal_msp.c.obj
LOAD CMakeFiles/Test_Bench.elf.dir/Core/Src/stm32f4xx_it.c.obj
LOAD CMakeFiles/Test_Bench.elf.dir/Core/Src/syscalls.c.obj
LOAD CMakeFiles/Test_Bench.elf.dir/Core/Src/sysmem.c.obj
LOAD CMakeFiles/Test_Bench.elf.dir/Core/Src/system_stm32f4xx.c.obj
LOAD CMakeFiles/Test_Bench.elf.dir/Core/Src/usart.c.obj
LOAD CMakeFiles/Test_Bench.elf.dir/Core/Startup/startup_stm32f407vgtx.s.obj
LOAD CMakeFiles/Test_Bench.elf.dir/Drivers/STM32F4xx_HAL_Driver/Src/stm32f4xx_hal.c.obj
LOAD CMakeFiles/Test_Bench.elf.dir/Drivers/STM32F4xx_HAL_Driver/Src/stm32f4xx_hal_cortex.c.obj
LOAD CMakeFiles/Test_Bench.elf.dir/Drivers/STM32F4xx_HAL_Driver/Src/stm32f4xx_hal_dma.c.obj
LOAD CMakeFiles/Test_Bench.elf.dir/Drivers/STM32F4xx_HAL_Driver/Src/stm32f4xx_hal_dma_ex.c.obj
LOAD CMakeFiles/Test_Bench.elf.dir/Drivers/STM32F4xx_HAL_Driver/Src/stm32f4xx_hal_exti.c.obj
LOAD CMakeFiles/Test_Bench.elf.dir/Drivers/STM32F4xx_HAL_Driver/Src/stm32f4xx_hal_flash.c.obj
LOAD CMakeFiles/Test_Bench.elf.dir/Drivers/STM32F4xx_HAL_Driver/Src/stm32f4xx_hal_flash_ex.c.obj
LOAD CMakeFiles/Test_Bench.elf.dir/Drivers/STM32F4xx_HAL_Driver/Src/stm32f4xx_hal_flash_ramfunc.c.obj
LOAD CMakeFiles/Test_Bench.elf.dir/Drivers/STM32F4xx_HAL_Driver/Src/stm32f4xx_hal_gpio.c.obj
LOAD CMakeFiles/Test_Bench.elf.dir/Drivers/STM32F4xx_HAL_Driver/Src/stm32f4xx_hal_pcd.c.obj
LOAD CMakeFiles/Test_Bench.elf.dir/Drivers/STM32F4xx_HAL_Driver/Src/stm32f4xx_hal_pcd_ex.c.obj
LOAD CMakeFiles/Test_Bench.elf.dir/Drivers/STM32F4xx_HAL_Driver/Src/stm32f4xx_hal_pwr.c.obj
LOAD CMakeFiles/Test_Bench.elf.dir/Drivers/STM32F4xx_HAL_Driver/Src/stm32f4xx_hal_pwr_ex.c.obj
LOAD CMakeFiles/Test_Bench.elf.dir/Drivers/STM32F4xx_HAL_Driver/Src/stm32f4xx_hal_rcc.c.obj
LOAD CMakeFiles/Test_Bench.elf.dir/Drivers/STM32F4xx_HAL_Driver/Src/stm32f4xx_hal_rcc_ex.c.obj
LOAD CMakeFiles/Test_Bench.elf.dir/Drivers/STM32F4xx_HAL_Driver/Src/stm32f4xx_hal_tim.c.obj
LOAD CMakeFiles/Test_Bench.elf.dir/Drivers/STM32F4xx_HAL_Driver/Src/stm32f4xx_hal_tim_ex.c.obj
LOAD CMakeFiles/Test_Bench.elf.dir/Drivers/STM32F4xx_HAL_Driver/Src/stm32f4xx_hal_uart.c.obj
LOAD CMakeFiles/Test_Bench.elf.dir/Drivers/STM32F4xx_HAL_Driver/Src/stm32f4xx_ll_usb.c.obj
LOAD CMakeFiles/Test_Bench.elf.dir/Middlewares/ST/STM32_USB_Device_Library/Class/CDC/Src/usbd_cdc.c.obj
LOAD CMakeFiles/Test_Bench.elf.dir/Middlewares/ST/STM32_USB_Device_Library/Core/Src/usbd_core.c.obj
LOAD CMakeFiles/Test_Bench.elf.dir/Middlewares/ST/STM32_USB_Device_Library/Core/Src/usbd_ctlreq.c.obj
LOAD CMakeFiles/Test_Bench.elf.dir/Middlewares/ST/STM32_USB_Device_Library/Core/Src/usbd_ioreq.c.obj
LOAD CMakeFiles/Test_Bench.elf.dir/USB_DEVICE/App/usb_device.c.obj
LOAD CMakeFiles/Test_Bench.elf.dir/USB_DEVICE/App/usbd_cdc_if.c.obj
LOAD CMakeFiles/Test_Bench.elf.dir/USB_DEVICE/App/usbd_desc.c.obj
LOAD CMakeFiles/Test_Bench.elf.dir/USB_DEVICE/Target/usbd_conf.c.obj
START GROUP
LOAD D:/_SOFTW~1/_TOOLS~1/ARM-GN~1.REL/bin/../lib/gcc/arm-none-eabi/13.3.1/thumb/v7e-m/nofp\libgcc.a
LOAD D:/_SOFTW~1/_TOOLS~1/ARM-GN~1.REL/bin/../lib/gcc/arm-none-eabi/13.3.1/thumb/v7e-m/nofp\libc.a
END GROUP
LOAD D:/_SOFTW~1/_TOOLS~1/ARM-GN~1.REL/bin/../lib/gcc/arm-none-eabi/13.3.1/thumb/v7e-m/nofp/crtend.o
LOAD D:/_SOFTW~1/_TOOLS~1/ARM-GN~1.REL/bin/../lib/gcc/arm-none-eabi/13.3.1/thumb/v7e-m/nofp/crtn.o
                0x20020000                        _estack = (ORIGIN (RAM) + LENGTH (RAM))
                0x00000200                        _Min_Heap_Size = 0x200
                0x00000400                        _Min_Stack_Size = 0x400

.isr_vector     0x08000000      0x188
                0x08000000                        . = ALIGN (0x4)
 *(.isr_vector)
 .isr_vector    0x08000000      0x188 CMakeFiles/Test_Bench.elf.dir/Core/Startup/startup_stm32f407vgtx.s.obj
                0x08000000                g_pfnVectors
                0x08000188                        . = ALIGN (0x4)

.text           0x080001c0     0xb618
                0x080001c0                        . = ALIGN (0x4)
 *(.text)
 .text          0x080001c0       0x30 D:/_SOFTW~1/_TOOLS~1/ARM-GN~1.REL/bin/../lib/gcc/arm-none-eabi/13.3.1/thumb/v7e-m/nofp\libgcc.a(_aeabi_uldivmod.o)
                0x080001c0                __aeabi_uldivmod
 .text          0x080001f0        0x4 D:/_SOFTW~1/_TOOLS~1/ARM-GN~1.REL/bin/../lib/gcc/arm-none-eabi/13.3.1/thumb/v7e-m/nofp\libgcc.a(_dvmd_tls.o)
                0x080001f0                __aeabi_idiv0
                0x080001f0                __aeabi_ldiv0
 *fill*         0x080001f4        0xc 
 .text          0x08000200       0xa0 D:/_SOFTW~1/_TOOLS~1/ARM-GN~1.REL/bin/../lib/gcc/arm-none-eabi/13.3.1/thumb/v7e-m/nofp\libc.a(libc_a-memchr.o)
                0x08000200                memchr
 *fill*         0x080002a0       0x20 
 .text          0x080002c0       0xd8 D:/_SOFTW~1/_TOOLS~1/ARM-GN~1.REL/bin/../lib/gcc/arm-none-eabi/13.3.1/thumb/v7e-m/nofp\libc.a(libc_a-strlen.o)
                0x080002c0                strlen
 .text          0x08000398      0x134 D:/_SOFTW~1/_TOOLS~1/ARM-GN~1.REL/bin/../lib/gcc/arm-none-eabi/13.3.1/thumb/v7e-m/nofp\libc.a(libc_a-memcpy.o)
                0x08000398                memcpy
 .text          0x080004cc      0x378 D:/_SOFTW~1/_TOOLS~1/ARM-GN~1.REL/bin/../lib/gcc/arm-none-eabi/13.3.1/thumb/v7e-m/nofp\libgcc.a(_arm_addsubdf3.o)
                0x080004cc                __aeabi_drsub
                0x080004d4                __aeabi_dsub
                0x080004d4                __subdf3
                0x080004d8                __aeabi_dadd
                0x080004d8                __adddf3
                0x08000750                __floatunsidf
                0x08000750                __aeabi_ui2d
                0x08000770                __floatsidf
                0x08000770                __aeabi_i2d
                0x08000794                __aeabi_f2d
                0x08000794                __extendsfdf2
                0x080007d8                __floatundidf
                0x080007d8                __aeabi_ul2d
                0x080007e8                __floatdidf
                0x080007e8                __aeabi_l2d
 .text          0x08000844      0x424 D:/_SOFTW~1/_TOOLS~1/ARM-GN~1.REL/bin/../lib/gcc/arm-none-eabi/13.3.1/thumb/v7e-m/nofp\libgcc.a(_arm_muldivdf3.o)
                0x08000844                __aeabi_dmul
                0x08000844                __muldf3
                0x08000a98                __divdf3
                0x08000a98                __aeabi_ddiv
 .text          0x08000c68      0x110 D:/_SOFTW~1/_TOOLS~1/ARM-GN~1.REL/bin/../lib/gcc/arm-none-eabi/13.3.1/thumb/v7e-m/nofp\libgcc.a(_arm_cmpdf2.o)
                0x08000c68                __gtdf2
                0x08000c68                __gedf2
                0x08000c70                __ltdf2
                0x08000c70                __ledf2
                0x08000c78                __nedf2
                0x08000c78                __eqdf2
                0x08000c78                __cmpdf2
                0x08000cf4                __aeabi_cdrcmple
                0x08000d04                __aeabi_cdcmpeq
                0x08000d04                __aeabi_cdcmple
                0x08000d14                __aeabi_dcmpeq
                0x08000d28                __aeabi_dcmplt
                0x08000d3c                __aeabi_dcmple
                0x08000d50                __aeabi_dcmpge
                0x08000d64                __aeabi_dcmpgt
 .text          0x08000d78       0x2c D:/_SOFTW~1/_TOOLS~1/ARM-GN~1.REL/bin/../lib/gcc/arm-none-eabi/13.3.1/thumb/v7e-m/nofp\libgcc.a(_arm_unorddf2.o)
                0x08000d78                __unorddf2
                0x08000d78                __aeabi_dcmpun
 .text          0x08000da4       0x50 D:/_SOFTW~1/_TOOLS~1/ARM-GN~1.REL/bin/../lib/gcc/arm-none-eabi/13.3.1/thumb/v7e-m/nofp\libgcc.a(_arm_fixdfsi.o)
                0x08000da4                __aeabi_d2iz
                0x08000da4                __fixdfsi
 *(.text*)
 .text.deregister_tm_clones
                0x08000df4       0x1c D:/_SOFTW~1/_TOOLS~1/ARM-GN~1.REL/bin/../lib/gcc/arm-none-eabi/13.3.1/thumb/v7e-m/nofp/crtbegin.o
 .text.register_tm_clones
                0x08000e10       0x24 D:/_SOFTW~1/_TOOLS~1/ARM-GN~1.REL/bin/../lib/gcc/arm-none-eabi/13.3.1/thumb/v7e-m/nofp/crtbegin.o
 .text.__do_global_dtors_aux
                0x08000e34       0x28 D:/_SOFTW~1/_TOOLS~1/ARM-GN~1.REL/bin/../lib/gcc/arm-none-eabi/13.3.1/thumb/v7e-m/nofp/crtbegin.o
 .text.frame_dummy
                0x08000e5c       0x24 D:/_SOFTW~1/_TOOLS~1/ARM-GN~1.REL/bin/../lib/gcc/arm-none-eabi/13.3.1/thumb/v7e-m/nofp/crtbegin.o
 .text.MX_GPIO_Init
                0x08000e80       0x38 CMakeFiles/Test_Bench.elf.dir/Core/Src/gpio.c.obj
                0x08000e80                MX_GPIO_Init
 .text.Error_Handler
                0x08000eb8        0x4 CMakeFiles/Test_Bench.elf.dir/Core/Src/main.c.obj
                0x08000eb8                Error_Handler
 .text.SystemClock_Config
                0x08000ebc       0xa8 CMakeFiles/Test_Bench.elf.dir/Core/Src/main.c.obj
                0x08000ebc                SystemClock_Config
 .text.main     0x08000f64      0x154 CMakeFiles/Test_Bench.elf.dir/Core/Src/main.c.obj
                0x08000f64                main
 .text.HAL_MspInit
                0x080010b8       0x38 CMakeFiles/Test_Bench.elf.dir/Core/Src/stm32f4xx_hal_msp.c.obj
                0x080010b8                HAL_MspInit
 .text.NMI_Handler
                0x080010f0        0x2 CMakeFiles/Test_Bench.elf.dir/Core/Src/stm32f4xx_it.c.obj
                0x080010f0                NMI_Handler
 .text.HardFault_Handler
                0x080010f2        0x2 CMakeFiles/Test_Bench.elf.dir/Core/Src/stm32f4xx_it.c.obj
                0x080010f2                HardFault_Handler
 .text.MemManage_Handler
                0x080010f4        0x2 CMakeFiles/Test_Bench.elf.dir/Core/Src/stm32f4xx_it.c.obj
                0x080010f4                MemManage_Handler
 .text.BusFault_Handler
                0x080010f6        0x2 CMakeFiles/Test_Bench.elf.dir/Core/Src/stm32f4xx_it.c.obj
                0x080010f6                BusFault_Handler
 .text.UsageFault_Handler
                0x080010f8        0x2 CMakeFiles/Test_Bench.elf.dir/Core/Src/stm32f4xx_it.c.obj
                0x080010f8                UsageFault_Handler
 .text.SVC_Handler
                0x080010fa        0x2 CMakeFiles/Test_Bench.elf.dir/Core/Src/stm32f4xx_it.c.obj
                0x080010fa                SVC_Handler
 .text.DebugMon_Handler
                0x080010fc        0x2 CMakeFiles/Test_Bench.elf.dir/Core/Src/stm32f4xx_it.c.obj
                0x080010fc                DebugMon_Handler
 .text.PendSV_Handler
                0x080010fe        0x2 CMakeFiles/Test_Bench.elf.dir/Core/Src/stm32f4xx_it.c.obj
                0x080010fe                PendSV_Handler
 .text.SysTick_Handler
                0x08001100        0x8 CMakeFiles/Test_Bench.elf.dir/Core/Src/stm32f4xx_it.c.obj
                0x08001100                SysTick_Handler
 .text.USART2_IRQHandler
                0x08001108       0x10 CMakeFiles/Test_Bench.elf.dir/Core/Src/stm32f4xx_it.c.obj
                0x08001108                USART2_IRQHandler
 .text.OTG_FS_IRQHandler
                0x08001118       0x10 CMakeFiles/Test_Bench.elf.dir/Core/Src/stm32f4xx_it.c.obj
                0x08001118                OTG_FS_IRQHandler
 .text._getpid  0x08001128        0x4 CMakeFiles/Test_Bench.elf.dir/Core/Src/syscalls.c.obj
                0x08001128                _getpid
 .text._kill    0x0800112c       0x10 CMakeFiles/Test_Bench.elf.dir/Core/Src/syscalls.c.obj
                0x0800112c                _kill
 .text._exit    0x0800113c        0xc CMakeFiles/Test_Bench.elf.dir/Core/Src/syscalls.c.obj
                0x0800113c                _exit
 .text._read    0x08001148       0x20 CMakeFiles/Test_Bench.elf.dir/Core/Src/syscalls.c.obj
                0x08001148                _read
 .text._write   0x08001168       0x1c CMakeFiles/Test_Bench.elf.dir/Core/Src/syscalls.c.obj
                0x08001168                _write
 .text._close   0x08001184        0x6 CMakeFiles/Test_Bench.elf.dir/Core/Src/syscalls.c.obj
                0x08001184                _close
 .text._fstat   0x0800118a        0xa CMakeFiles/Test_Bench.elf.dir/Core/Src/syscalls.c.obj
                0x0800118a                _fstat
 .text._isatty  0x08001194        0x4 CMakeFiles/Test_Bench.elf.dir/Core/Src/syscalls.c.obj
                0x08001194                _isatty
 .text._lseek   0x08001198        0x4 CMakeFiles/Test_Bench.elf.dir/Core/Src/syscalls.c.obj
                0x08001198                _lseek
 .text._sbrk    0x0800119c       0x48 CMakeFiles/Test_Bench.elf.dir/Core/Src/sysmem.c.obj
                0x0800119c                _sbrk
 .text.SystemInit
                0x080011e4        0x2 CMakeFiles/Test_Bench.elf.dir/Core/Src/system_stm32f4xx.c.obj
                0x080011e4                SystemInit
 *fill*         0x080011e6        0x2 
 .text.MX_USART2_UART_Init
                0x080011e8       0x34 CMakeFiles/Test_Bench.elf.dir/Core/Src/usart.c.obj
                0x080011e8                MX_USART2_UART_Init
 .text.HAL_UART_MspInit
                0x0800121c       0x7c CMakeFiles/Test_Bench.elf.dir/Core/Src/usart.c.obj
                0x0800121c                HAL_UART_MspInit
 .text.Reset_Handler
                0x08001298       0x50 CMakeFiles/Test_Bench.elf.dir/Core/Startup/startup_stm32f407vgtx.s.obj
                0x08001298                Reset_Handler
 .text.Default_Handler
                0x080012e8        0x2 CMakeFiles/Test_Bench.elf.dir/Core/Startup/startup_stm32f407vgtx.s.obj
                0x080012e8                RTC_Alarm_IRQHandler
                0x080012e8                HASH_RNG_IRQHandler
                0x080012e8                EXTI2_IRQHandler
                0x080012e8                TIM8_CC_IRQHandler
                0x080012e8                TIM1_CC_IRQHandler
                0x080012e8                DMA2_Stream5_IRQHandler
                0x080012e8                DMA1_Stream5_IRQHandler
                0x080012e8                PVD_IRQHandler
                0x080012e8                SDIO_IRQHandler
                0x080012e8                TAMP_STAMP_IRQHandler
                0x080012e8                CAN2_RX1_IRQHandler
                0x080012e8                EXTI3_IRQHandler
                0x080012e8                TIM8_TRG_COM_TIM14_IRQHandler
                0x080012e8                TIM1_UP_TIM10_IRQHandler
                0x080012e8                TIM8_UP_TIM13_IRQHandler
                0x080012e8                I2C3_ER_IRQHandler
                0x080012e8                EXTI0_IRQHandler
                0x080012e8                I2C2_EV_IRQHandler
                0x080012e8                DMA1_Stream2_IRQHandler
                0x080012e8                CAN1_RX0_IRQHandler
                0x080012e8                FPU_IRQHandler
                0x080012e8                OTG_HS_WKUP_IRQHandler
                0x080012e8                CAN2_SCE_IRQHandler
                0x080012e8                DMA2_Stream2_IRQHandler
                0x080012e8                SPI1_IRQHandler
                0x080012e8                TIM6_DAC_IRQHandler
                0x080012e8                TIM1_BRK_TIM9_IRQHandler
                0x080012e8                DCMI_IRQHandler
                0x080012e8                CAN2_RX0_IRQHandler
                0x080012e8                DMA2_Stream3_IRQHandler
                0x080012e8                USART6_IRQHandler
                0x080012e8                USART3_IRQHandler
                0x080012e8                CAN1_RX1_IRQHandler
                0x080012e8                UART5_IRQHandler
                0x080012e8                DMA2_Stream0_IRQHandler
                0x080012e8                TIM4_IRQHandler
                0x080012e8                I2C1_EV_IRQHandler
                0x080012e8                DMA1_Stream6_IRQHandler
                0x080012e8                DMA1_Stream1_IRQHandler
                0x080012e8                UART4_IRQHandler
                0x080012e8                TIM3_IRQHandler
                0x080012e8                RCC_IRQHandler
                0x080012e8                TIM8_BRK_TIM12_IRQHandler
                0x080012e8                Default_Handler
                0x080012e8                EXTI15_10_IRQHandler
                0x080012e8                ADC_IRQHandler
                0x080012e8                DMA1_Stream7_IRQHandler
                0x080012e8                TIM7_IRQHandler
                0x080012e8                CAN2_TX_IRQHandler
                0x080012e8                TIM5_IRQHandler
                0x080012e8                DMA2_Stream7_IRQHandler
                0x080012e8                I2C3_EV_IRQHandler
                0x080012e8                EXTI9_5_IRQHandler
                0x080012e8                RTC_WKUP_IRQHandler
                0x080012e8                ETH_WKUP_IRQHandler
                0x080012e8                SPI2_IRQHandler
                0x080012e8                OTG_HS_EP1_IN_IRQHandler
                0x080012e8                DMA1_Stream0_IRQHandler
                0x080012e8                CAN1_TX_IRQHandler
                0x080012e8                EXTI4_IRQHandler
                0x080012e8                FSMC_IRQHandler
                0x080012e8                ETH_IRQHandler
                0x080012e8                OTG_HS_EP1_OUT_IRQHandler
                0x080012e8                WWDG_IRQHandler
                0x080012e8                TIM2_IRQHandler
                0x080012e8                OTG_FS_WKUP_IRQHandler
                0x080012e8                TIM1_TRG_COM_TIM11_IRQHandler
                0x080012e8                OTG_HS_IRQHandler
                0x080012e8                EXTI1_IRQHandler
                0x080012e8                I2C2_ER_IRQHandler
                0x080012e8                DMA2_Stream1_IRQHandler
                0x080012e8                CAN1_SCE_IRQHandler
                0x080012e8                FLASH_IRQHandler
                0x080012e8                DMA2_Stream4_IRQHandler
                0x080012e8                USART1_IRQHandler
                0x080012e8                SPI3_IRQHandler
                0x080012e8                DMA1_Stream4_IRQHandler
                0x080012e8                I2C1_ER_IRQHandler
                0x080012e8                DMA2_Stream6_IRQHandler
                0x080012e8                DMA1_Stream3_IRQHandler
 *fill*         0x080012ea        0x2 
 .text.HAL_InitTick
                0x080012ec       0x4c CMakeFiles/Test_Bench.elf.dir/Drivers/STM32F4xx_HAL_Driver/Src/stm32f4xx_hal.c.obj
                0x080012ec                HAL_InitTick
 .text.HAL_Init
                0x08001338       0x34 CMakeFiles/Test_Bench.elf.dir/Drivers/STM32F4xx_HAL_Driver/Src/stm32f4xx_hal.c.obj
                0x08001338                HAL_Init
 .text.HAL_IncTick
                0x0800136c       0x18 CMakeFiles/Test_Bench.elf.dir/Drivers/STM32F4xx_HAL_Driver/Src/stm32f4xx_hal.c.obj
                0x0800136c                HAL_IncTick
 .text.HAL_GetTick
                0x08001384        0xc CMakeFiles/Test_Bench.elf.dir/Drivers/STM32F4xx_HAL_Driver/Src/stm32f4xx_hal.c.obj
                0x08001384                HAL_GetTick
 .text.HAL_Delay
                0x08001390       0x28 CMakeFiles/Test_Bench.elf.dir/Drivers/STM32F4xx_HAL_Driver/Src/stm32f4xx_hal.c.obj
                0x08001390                HAL_Delay
 .text.__NVIC_EnableIRQ
                0x080013b8       0x1c CMakeFiles/Test_Bench.elf.dir/Drivers/STM32F4xx_HAL_Driver/Src/stm32f4xx_hal_cortex.c.obj
 .text.__NVIC_SetPriority
                0x080013d4       0x28 CMakeFiles/Test_Bench.elf.dir/Drivers/STM32F4xx_HAL_Driver/Src/stm32f4xx_hal_cortex.c.obj
 .text.NVIC_EncodePriority
                0x080013fc       0x3e CMakeFiles/Test_Bench.elf.dir/Drivers/STM32F4xx_HAL_Driver/Src/stm32f4xx_hal_cortex.c.obj
 *fill*         0x0800143a        0x2 
 .text.HAL_NVIC_SetPriorityGrouping
                0x0800143c       0x24 CMakeFiles/Test_Bench.elf.dir/Drivers/STM32F4xx_HAL_Driver/Src/stm32f4xx_hal_cortex.c.obj
                0x0800143c                HAL_NVIC_SetPriorityGrouping
 .text.HAL_NVIC_SetPriority
                0x08001460       0x20 CMakeFiles/Test_Bench.elf.dir/Drivers/STM32F4xx_HAL_Driver/Src/stm32f4xx_hal_cortex.c.obj
                0x08001460                HAL_NVIC_SetPriority
 .text.HAL_NVIC_EnableIRQ
                0x08001480        0x8 CMakeFiles/Test_Bench.elf.dir/Drivers/STM32F4xx_HAL_Driver/Src/stm32f4xx_hal_cortex.c.obj
                0x08001480                HAL_NVIC_EnableIRQ
 .text.HAL_SYSTICK_Config
                0x08001488       0x28 CMakeFiles/Test_Bench.elf.dir/Drivers/STM32F4xx_HAL_Driver/Src/stm32f4xx_hal_cortex.c.obj
                0x08001488                HAL_SYSTICK_Config
 .text.HAL_DMA_Abort
                0x080014b0       0x94 CMakeFiles/Test_Bench.elf.dir/Drivers/STM32F4xx_HAL_Driver/Src/stm32f4xx_hal_dma.c.obj
                0x080014b0                HAL_DMA_Abort
 .text.HAL_DMA_Abort_IT
                0x08001544       0x26 CMakeFiles/Test_Bench.elf.dir/Drivers/STM32F4xx_HAL_Driver/Src/stm32f4xx_hal_dma.c.obj
                0x08001544                HAL_DMA_Abort_IT
 *fill*         0x0800156a        0x2 
 .text.HAL_GPIO_Init
                0x0800156c      0x1f4 CMakeFiles/Test_Bench.elf.dir/Drivers/STM32F4xx_HAL_Driver/Src/stm32f4xx_hal_gpio.c.obj
                0x0800156c                HAL_GPIO_Init
 .text.PCD_WriteEmptyTxFifo
                0x08001760       0xd0 CMakeFiles/Test_Bench.elf.dir/Drivers/STM32F4xx_HAL_Driver/Src/stm32f4xx_hal_pcd.c.obj
 .text.HAL_PCD_Init
                0x08001830      0x102 CMakeFiles/Test_Bench.elf.dir/Drivers/STM32F4xx_HAL_Driver/Src/stm32f4xx_hal_pcd.c.obj
                0x08001830                HAL_PCD_Init
 .text.HAL_PCD_Start
                0x08001932       0x44 CMakeFiles/Test_Bench.elf.dir/Drivers/STM32F4xx_HAL_Driver/Src/stm32f4xx_hal_pcd.c.obj
                0x08001932                HAL_PCD_Start
 *fill*         0x08001976        0x2 
 .text.PCD_EP_OutXfrComplete_int
                0x08001978      0x104 CMakeFiles/Test_Bench.elf.dir/Drivers/STM32F4xx_HAL_Driver/Src/stm32f4xx_hal_pcd.c.obj
 .text.PCD_EP_OutSetupPacket_int
                0x08001a7c       0x50 CMakeFiles/Test_Bench.elf.dir/Drivers/STM32F4xx_HAL_Driver/Src/stm32f4xx_hal_pcd.c.obj
 .text.HAL_PCD_SetAddress
                0x08001acc       0x26 CMakeFiles/Test_Bench.elf.dir/Drivers/STM32F4xx_HAL_Driver/Src/stm32f4xx_hal_pcd.c.obj
                0x08001acc                HAL_PCD_SetAddress
 .text.HAL_PCD_EP_Open
                0x08001af2       0x8c CMakeFiles/Test_Bench.elf.dir/Drivers/STM32F4xx_HAL_Driver/Src/stm32f4xx_hal_pcd.c.obj
                0x08001af2                HAL_PCD_EP_Open
 .text.HAL_PCD_EP_Close
                0x08001b7e       0x70 CMakeFiles/Test_Bench.elf.dir/Drivers/STM32F4xx_HAL_Driver/Src/stm32f4xx_hal_pcd.c.obj
                0x08001b7e                HAL_PCD_EP_Close
 .text.HAL_PCD_EP_Receive
                0x08001bee       0x4a CMakeFiles/Test_Bench.elf.dir/Drivers/STM32F4xx_HAL_Driver/Src/stm32f4xx_hal_pcd.c.obj
                0x08001bee                HAL_PCD_EP_Receive
 .text.HAL_PCD_EP_GetRxCount
                0x08001c38       0x12 CMakeFiles/Test_Bench.elf.dir/Drivers/STM32F4xx_HAL_Driver/Src/stm32f4xx_hal_pcd.c.obj
                0x08001c38                HAL_PCD_EP_GetRxCount
 .text.HAL_PCD_EP_Transmit
                0x08001c4a       0x4a CMakeFiles/Test_Bench.elf.dir/Drivers/STM32F4xx_HAL_Driver/Src/stm32f4xx_hal_pcd.c.obj
                0x08001c4a                HAL_PCD_EP_Transmit
 .text.HAL_PCD_EP_SetStall
                0x08001c94       0x86 CMakeFiles/Test_Bench.elf.dir/Drivers/STM32F4xx_HAL_Driver/Src/stm32f4xx_hal_pcd.c.obj
                0x08001c94                HAL_PCD_EP_SetStall
 .text.HAL_PCD_EP_ClrStall
                0x08001d1a       0x74 CMakeFiles/Test_Bench.elf.dir/Drivers/STM32F4xx_HAL_Driver/Src/stm32f4xx_hal_pcd.c.obj
                0x08001d1a                HAL_PCD_EP_ClrStall
 .text.HAL_PCD_EP_Abort
                0x08001d8e       0x34 CMakeFiles/Test_Bench.elf.dir/Drivers/STM32F4xx_HAL_Driver/Src/stm32f4xx_hal_pcd.c.obj
                0x08001d8e                HAL_PCD_EP_Abort
 .text.HAL_PCD_IRQHandler
                0x08001dc2      0x5c0 CMakeFiles/Test_Bench.elf.dir/Drivers/STM32F4xx_HAL_Driver/Src/stm32f4xx_hal_pcd.c.obj
                0x08001dc2                HAL_PCD_IRQHandler
 .text.HAL_PCDEx_SetTxFiFo
                0x08002382       0x4a CMakeFiles/Test_Bench.elf.dir/Drivers/STM32F4xx_HAL_Driver/Src/stm32f4xx_hal_pcd_ex.c.obj
                0x08002382                HAL_PCDEx_SetTxFiFo
 .text.HAL_PCDEx_SetRxFiFo
                0x080023cc        0x8 CMakeFiles/Test_Bench.elf.dir/Drivers/STM32F4xx_HAL_Driver/Src/stm32f4xx_hal_pcd_ex.c.obj
                0x080023cc                HAL_PCDEx_SetRxFiFo
 .text.HAL_PCDEx_LPM_Callback
                0x080023d4        0x2 CMakeFiles/Test_Bench.elf.dir/Drivers/STM32F4xx_HAL_Driver/Src/stm32f4xx_hal_pcd_ex.c.obj
                0x080023d4                HAL_PCDEx_LPM_Callback
 *fill*         0x080023d6        0x2 
 .text.HAL_RCC_OscConfig
                0x080023d8      0x3f8 CMakeFiles/Test_Bench.elf.dir/Drivers/STM32F4xx_HAL_Driver/Src/stm32f4xx_hal_rcc.c.obj
                0x080023d8                HAL_RCC_OscConfig
 .text.HAL_RCC_GetSysClockFreq
                0x080027d0       0xdc CMakeFiles/Test_Bench.elf.dir/Drivers/STM32F4xx_HAL_Driver/Src/stm32f4xx_hal_rcc.c.obj
                0x080027d0                HAL_RCC_GetSysClockFreq
 .text.HAL_RCC_ClockConfig
                0x080028ac      0x160 CMakeFiles/Test_Bench.elf.dir/Drivers/STM32F4xx_HAL_Driver/Src/stm32f4xx_hal_rcc.c.obj
                0x080028ac                HAL_RCC_ClockConfig
 .text.HAL_RCC_GetHCLKFreq
                0x08002a0c        0xc CMakeFiles/Test_Bench.elf.dir/Drivers/STM32F4xx_HAL_Driver/Src/stm32f4xx_hal_rcc.c.obj
                0x08002a0c                HAL_RCC_GetHCLKFreq
 .text.HAL_RCC_GetPCLK1Freq
                0x08002a18       0x20 CMakeFiles/Test_Bench.elf.dir/Drivers/STM32F4xx_HAL_Driver/Src/stm32f4xx_hal_rcc.c.obj
                0x08002a18                HAL_RCC_GetPCLK1Freq
 .text.HAL_RCC_GetPCLK2Freq
                0x08002a38       0x20 CMakeFiles/Test_Bench.elf.dir/Drivers/STM32F4xx_HAL_Driver/Src/stm32f4xx_hal_rcc.c.obj
                0x08002a38                HAL_RCC_GetPCLK2Freq
 .text.UART_EndRxTransfer
                0x08002a58       0x5c CMakeFiles/Test_Bench.elf.dir/Drivers/STM32F4xx_HAL_Driver/Src/stm32f4xx_hal_uart.c.obj
 .text.UART_Transmit_IT
                0x08002ab4       0x60 CMakeFiles/Test_Bench.elf.dir/Drivers/STM32F4xx_HAL_Driver/Src/stm32f4xx_hal_uart.c.obj
 .text.UART_SetConfig
                0x08002b14      0x110 CMakeFiles/Test_Bench.elf.dir/Drivers/STM32F4xx_HAL_Driver/Src/stm32f4xx_hal_uart.c.obj
 .text.UART_WaitOnFlagUntilTimeout
                0x08002c24       0x86 CMakeFiles/Test_Bench.elf.dir/Drivers/STM32F4xx_HAL_Driver/Src/stm32f4xx_hal_uart.c.obj
 .text.HAL_UART_Init
                0x08002caa       0x60 CMakeFiles/Test_Bench.elf.dir/Drivers/STM32F4xx_HAL_Driver/Src/stm32f4xx_hal_uart.c.obj
                0x08002caa                HAL_UART_Init
 .text.HAL_UART_Transmit
                0x08002d0a       0xcc CMakeFiles/Test_Bench.elf.dir/Drivers/STM32F4xx_HAL_Driver/Src/stm32f4xx_hal_uart.c.obj
                0x08002d0a                HAL_UART_Transmit
 .text.HAL_UART_Receive
                0x08002dd6       0xd2 CMakeFiles/Test_Bench.elf.dir/Drivers/STM32F4xx_HAL_Driver/Src/stm32f4xx_hal_uart.c.obj
                0x08002dd6                HAL_UART_Receive
 .text.HAL_UART_TxCpltCallback
                0x08002ea8        0x2 CMakeFiles/Test_Bench.elf.dir/Drivers/STM32F4xx_HAL_Driver/Src/stm32f4xx_hal_uart.c.obj
                0x08002ea8                HAL_UART_TxCpltCallback
 .text.UART_EndTransmit_IT
                0x08002eaa       0x1a CMakeFiles/Test_Bench.elf.dir/Drivers/STM32F4xx_HAL_Driver/Src/stm32f4xx_hal_uart.c.obj
 .text.HAL_UART_RxCpltCallback
                0x08002ec4        0x2 CMakeFiles/Test_Bench.elf.dir/Drivers/STM32F4xx_HAL_Driver/Src/stm32f4xx_hal_uart.c.obj
                0x08002ec4                HAL_UART_RxCpltCallback
 .text.HAL_UART_ErrorCallback
                0x08002ec6        0x2 CMakeFiles/Test_Bench.elf.dir/Drivers/STM32F4xx_HAL_Driver/Src/stm32f4xx_hal_uart.c.obj
                0x08002ec6                HAL_UART_ErrorCallback
 .text.UART_DMAAbortOnError
                0x08002ec8       0x10 CMakeFiles/Test_Bench.elf.dir/Drivers/STM32F4xx_HAL_Driver/Src/stm32f4xx_hal_uart.c.obj
 .text.HAL_UARTEx_RxEventCallback
                0x08002ed8        0x2 CMakeFiles/Test_Bench.elf.dir/Drivers/STM32F4xx_HAL_Driver/Src/stm32f4xx_hal_uart.c.obj
                0x08002ed8                HAL_UARTEx_RxEventCallback
 .text.UART_Receive_IT
                0x08002eda       0xe6 CMakeFiles/Test_Bench.elf.dir/Drivers/STM32F4xx_HAL_Driver/Src/stm32f4xx_hal_uart.c.obj
 .text.HAL_UART_IRQHandler
                0x08002fc0      0x284 CMakeFiles/Test_Bench.elf.dir/Drivers/STM32F4xx_HAL_Driver/Src/stm32f4xx_hal_uart.c.obj
                0x08002fc0                HAL_UART_IRQHandler
 .text.USB_CoreReset
                0x08003244       0x4a CMakeFiles/Test_Bench.elf.dir/Drivers/STM32F4xx_HAL_Driver/Src/stm32f4xx_ll_usb.c.obj
 .text.USB_CoreInit
                0x0800328e       0x92 CMakeFiles/Test_Bench.elf.dir/Drivers/STM32F4xx_HAL_Driver/Src/stm32f4xx_ll_usb.c.obj
                0x0800328e                USB_CoreInit
 .text.USB_SetTurnaroundTime
                0x08003320       0xe4 CMakeFiles/Test_Bench.elf.dir/Drivers/STM32F4xx_HAL_Driver/Src/stm32f4xx_ll_usb.c.obj
                0x08003320                USB_SetTurnaroundTime
 .text.USB_EnableGlobalInt
                0x08003404        0xc CMakeFiles/Test_Bench.elf.dir/Drivers/STM32F4xx_HAL_Driver/Src/stm32f4xx_ll_usb.c.obj
                0x08003404                USB_EnableGlobalInt
 .text.USB_DisableGlobalInt
                0x08003410        0xc CMakeFiles/Test_Bench.elf.dir/Drivers/STM32F4xx_HAL_Driver/Src/stm32f4xx_ll_usb.c.obj
                0x08003410                USB_DisableGlobalInt
 .text.USB_FlushTxFifo
                0x0800341c       0x4a CMakeFiles/Test_Bench.elf.dir/Drivers/STM32F4xx_HAL_Driver/Src/stm32f4xx_ll_usb.c.obj
                0x0800341c                USB_FlushTxFifo
 .text.USB_FlushRxFifo
                0x08003466       0x46 CMakeFiles/Test_Bench.elf.dir/Drivers/STM32F4xx_HAL_Driver/Src/stm32f4xx_ll_usb.c.obj
                0x08003466                USB_FlushRxFifo
 .text.USB_SetDevSpeed
                0x080034ac        0xe CMakeFiles/Test_Bench.elf.dir/Drivers/STM32F4xx_HAL_Driver/Src/stm32f4xx_ll_usb.c.obj
                0x080034ac                USB_SetDevSpeed
 *fill*         0x080034ba        0x2 
 .text.USB_DevInit
                0x080034bc      0x194 CMakeFiles/Test_Bench.elf.dir/Drivers/STM32F4xx_HAL_Driver/Src/stm32f4xx_ll_usb.c.obj
                0x080034bc                USB_DevInit
 .text.USB_GetDevSpeed
                0x08003650       0x22 CMakeFiles/Test_Bench.elf.dir/Drivers/STM32F4xx_HAL_Driver/Src/stm32f4xx_ll_usb.c.obj
                0x08003650                USB_GetDevSpeed
 .text.USB_ActivateEndpoint
                0x08003672       0x9a CMakeFiles/Test_Bench.elf.dir/Drivers/STM32F4xx_HAL_Driver/Src/stm32f4xx_ll_usb.c.obj
                0x08003672                USB_ActivateEndpoint
 .text.USB_DeactivateEndpoint
                0x0800370c       0xe0 CMakeFiles/Test_Bench.elf.dir/Drivers/STM32F4xx_HAL_Driver/Src/stm32f4xx_ll_usb.c.obj
                0x0800370c                USB_DeactivateEndpoint
 .text.USB_EPStopXfer
                0x080037ec       0xbc CMakeFiles/Test_Bench.elf.dir/Drivers/STM32F4xx_HAL_Driver/Src/stm32f4xx_ll_usb.c.obj
                0x080037ec                USB_EPStopXfer
 .text.USB_WritePacket
                0x080038a8       0x2e CMakeFiles/Test_Bench.elf.dir/Drivers/STM32F4xx_HAL_Driver/Src/stm32f4xx_ll_usb.c.obj
                0x080038a8                USB_WritePacket
 *fill*         0x080038d6        0x2 
 .text.USB_EPStartXfer
                0x080038d8      0x244 CMakeFiles/Test_Bench.elf.dir/Drivers/STM32F4xx_HAL_Driver/Src/stm32f4xx_ll_usb.c.obj
                0x080038d8                USB_EPStartXfer
 .text.USB_ReadPacket
                0x08003b1c       0x46 CMakeFiles/Test_Bench.elf.dir/Drivers/STM32F4xx_HAL_Driver/Src/stm32f4xx_ll_usb.c.obj
                0x08003b1c                USB_ReadPacket
 .text.USB_EPSetStall
                0x08003b62       0x5a CMakeFiles/Test_Bench.elf.dir/Drivers/STM32F4xx_HAL_Driver/Src/stm32f4xx_ll_usb.c.obj
                0x08003b62                USB_EPSetStall
 .text.USB_EPClearStall
                0x08003bbc       0x5c CMakeFiles/Test_Bench.elf.dir/Drivers/STM32F4xx_HAL_Driver/Src/stm32f4xx_ll_usb.c.obj
                0x08003bbc                USB_EPClearStall
 .text.USB_SetDevAddress
                0x08003c18       0x20 CMakeFiles/Test_Bench.elf.dir/Drivers/STM32F4xx_HAL_Driver/Src/stm32f4xx_ll_usb.c.obj
                0x08003c18                USB_SetDevAddress
 .text.USB_DevConnect
                0x08003c38       0x1c CMakeFiles/Test_Bench.elf.dir/Drivers/STM32F4xx_HAL_Driver/Src/stm32f4xx_ll_usb.c.obj
                0x08003c38                USB_DevConnect
 .text.USB_DevDisconnect
                0x08003c54       0x1c CMakeFiles/Test_Bench.elf.dir/Drivers/STM32F4xx_HAL_Driver/Src/stm32f4xx_ll_usb.c.obj
                0x08003c54                USB_DevDisconnect
 .text.USB_ReadInterrupts
                0x08003c70        0x8 CMakeFiles/Test_Bench.elf.dir/Drivers/STM32F4xx_HAL_Driver/Src/stm32f4xx_ll_usb.c.obj
                0x08003c70                USB_ReadInterrupts
 .text.USB_ReadDevAllOutEpInterrupt
                0x08003c78       0x10 CMakeFiles/Test_Bench.elf.dir/Drivers/STM32F4xx_HAL_Driver/Src/stm32f4xx_ll_usb.c.obj
                0x08003c78                USB_ReadDevAllOutEpInterrupt
 .text.USB_ReadDevAllInEpInterrupt
                0x08003c88       0x10 CMakeFiles/Test_Bench.elf.dir/Drivers/STM32F4xx_HAL_Driver/Src/stm32f4xx_ll_usb.c.obj
                0x08003c88                USB_ReadDevAllInEpInterrupt
 .text.USB_ReadDevOutEPInterrupt
                0x08003c98       0x12 CMakeFiles/Test_Bench.elf.dir/Drivers/STM32F4xx_HAL_Driver/Src/stm32f4xx_ll_usb.c.obj
                0x08003c98                USB_ReadDevOutEPInterrupt
 .text.USB_ReadDevInEPInterrupt
                0x08003caa       0x24 CMakeFiles/Test_Bench.elf.dir/Drivers/STM32F4xx_HAL_Driver/Src/stm32f4xx_ll_usb.c.obj
                0x08003caa                USB_ReadDevInEPInterrupt
 .text.USB_GetMode
                0x08003cce        0x8 CMakeFiles/Test_Bench.elf.dir/Drivers/STM32F4xx_HAL_Driver/Src/stm32f4xx_ll_usb.c.obj
                0x08003cce                USB_GetMode
 .text.USB_SetCurrentMode
                0x08003cd6       0x62 CMakeFiles/Test_Bench.elf.dir/Drivers/STM32F4xx_HAL_Driver/Src/stm32f4xx_ll_usb.c.obj
                0x08003cd6                USB_SetCurrentMode
 .text.USB_ActivateSetup
                0x08003d38       0x1c CMakeFiles/Test_Bench.elf.dir/Drivers/STM32F4xx_HAL_Driver/Src/stm32f4xx_ll_usb.c.obj
                0x08003d38                USB_ActivateSetup
 .text.USB_EP0_OutStart
                0x08003d54       0x5c CMakeFiles/Test_Bench.elf.dir/Drivers/STM32F4xx_HAL_Driver/Src/stm32f4xx_ll_usb.c.obj
                0x08003d54                USB_EP0_OutStart
 .text.USBD_CDC_EP0_RxReady
                0x08003db0       0x40 CMakeFiles/Test_Bench.elf.dir/Middlewares/ST/STM32_USB_Device_Library/Class/CDC/Src/usbd_cdc.c.obj
 .text.USBD_CDC_GetDeviceQualifierDescriptor
                0x08003df0        0xc CMakeFiles/Test_Bench.elf.dir/Middlewares/ST/STM32_USB_Device_Library/Class/CDC/Src/usbd_cdc.c.obj
                0x08003df0                USBD_CDC_GetDeviceQualifierDescriptor
 .text.USBD_CDC_GetOtherSpeedCfgDesc
                0x08003dfc       0x48 CMakeFiles/Test_Bench.elf.dir/Middlewares/ST/STM32_USB_Device_Library/Class/CDC/Src/usbd_cdc.c.obj
 .text.USBD_CDC_GetFSCfgDesc
                0x08003e44       0x48 CMakeFiles/Test_Bench.elf.dir/Middlewares/ST/STM32_USB_Device_Library/Class/CDC/Src/usbd_cdc.c.obj
 .text.USBD_CDC_GetHSCfgDesc
                0x08003e8c       0x48 CMakeFiles/Test_Bench.elf.dir/Middlewares/ST/STM32_USB_Device_Library/Class/CDC/Src/usbd_cdc.c.obj
 .text.USBD_CDC_DataOut
                0x08003ed4       0x38 CMakeFiles/Test_Bench.elf.dir/Middlewares/ST/STM32_USB_Device_Library/Class/CDC/Src/usbd_cdc.c.obj
 .text.USBD_CDC_DataIn
                0x08003f0c       0x7c CMakeFiles/Test_Bench.elf.dir/Middlewares/ST/STM32_USB_Device_Library/Class/CDC/Src/usbd_cdc.c.obj
 .text.USBD_CDC_Setup
                0x08003f88      0x11a CMakeFiles/Test_Bench.elf.dir/Middlewares/ST/STM32_USB_Device_Library/Class/CDC/Src/usbd_cdc.c.obj
 .text.USBD_CDC_DeInit
                0x080040a2       0x64 CMakeFiles/Test_Bench.elf.dir/Middlewares/ST/STM32_USB_Device_Library/Class/CDC/Src/usbd_cdc.c.obj
 .text.USBD_CDC_Init
                0x08004106       0xee CMakeFiles/Test_Bench.elf.dir/Middlewares/ST/STM32_USB_Device_Library/Class/CDC/Src/usbd_cdc.c.obj
 .text.USBD_CDC_RegisterInterface
                0x080041f4       0x16 CMakeFiles/Test_Bench.elf.dir/Middlewares/ST/STM32_USB_Device_Library/Class/CDC/Src/usbd_cdc.c.obj
                0x080041f4                USBD_CDC_RegisterInterface
 .text.USBD_CDC_SetTxBuffer
                0x0800420a       0x1c CMakeFiles/Test_Bench.elf.dir/Middlewares/ST/STM32_USB_Device_Library/Class/CDC/Src/usbd_cdc.c.obj
                0x0800420a                USBD_CDC_SetTxBuffer
 .text.USBD_CDC_SetRxBuffer
                0x08004226       0x18 CMakeFiles/Test_Bench.elf.dir/Middlewares/ST/STM32_USB_Device_Library/Class/CDC/Src/usbd_cdc.c.obj
                0x08004226                USBD_CDC_SetRxBuffer
 .text.USBD_CDC_TransmitPacket
                0x0800423e       0x36 CMakeFiles/Test_Bench.elf.dir/Middlewares/ST/STM32_USB_Device_Library/Class/CDC/Src/usbd_cdc.c.obj
                0x0800423e                USBD_CDC_TransmitPacket
 .text.USBD_CDC_ReceivePacket
                0x08004274       0x38 CMakeFiles/Test_Bench.elf.dir/Middlewares/ST/STM32_USB_Device_Library/Class/CDC/Src/usbd_cdc.c.obj
                0x08004274                USBD_CDC_ReceivePacket
 .text.USBD_Init
                0x080042ac       0x2e CMakeFiles/Test_Bench.elf.dir/Middlewares/ST/STM32_USB_Device_Library/Core/Src/usbd_core.c.obj
                0x080042ac                USBD_Init
 .text.USBD_RegisterClass
                0x080042da       0x40 CMakeFiles/Test_Bench.elf.dir/Middlewares/ST/STM32_USB_Device_Library/Core/Src/usbd_core.c.obj
                0x080042da                USBD_RegisterClass
 .text.USBD_Start
                0x0800431a        0x8 CMakeFiles/Test_Bench.elf.dir/Middlewares/ST/STM32_USB_Device_Library/Core/Src/usbd_core.c.obj
                0x0800431a                USBD_Start
 .text.USBD_SetClassConfig
                0x08004322       0x12 CMakeFiles/Test_Bench.elf.dir/Middlewares/ST/STM32_USB_Device_Library/Core/Src/usbd_core.c.obj
                0x08004322                USBD_SetClassConfig
 .text.USBD_ClrClassConfig
                0x08004334       0x12 CMakeFiles/Test_Bench.elf.dir/Middlewares/ST/STM32_USB_Device_Library/Core/Src/usbd_core.c.obj
                0x08004334                USBD_ClrClassConfig
 .text.USBD_LL_SetupStage
                0x08004346       0x58 CMakeFiles/Test_Bench.elf.dir/Middlewares/ST/STM32_USB_Device_Library/Core/Src/usbd_core.c.obj
                0x08004346                USBD_LL_SetupStage
 .text.USBD_LL_Reset
                0x0800439e       0x64 CMakeFiles/Test_Bench.elf.dir/Middlewares/ST/STM32_USB_Device_Library/Core/Src/usbd_core.c.obj
                0x0800439e                USBD_LL_Reset
 .text.USBD_LL_SetSpeed
                0x08004402        0x6 CMakeFiles/Test_Bench.elf.dir/Middlewares/ST/STM32_USB_Device_Library/Core/Src/usbd_core.c.obj
                0x08004402                USBD_LL_SetSpeed
 .text.USBD_LL_Suspend
                0x08004408       0x1e CMakeFiles/Test_Bench.elf.dir/Middlewares/ST/STM32_USB_Device_Library/Core/Src/usbd_core.c.obj
                0x08004408                USBD_LL_Suspend
 .text.USBD_LL_Resume
                0x08004426       0x1a CMakeFiles/Test_Bench.elf.dir/Middlewares/ST/STM32_USB_Device_Library/Core/Src/usbd_core.c.obj
                0x08004426                USBD_LL_Resume
 .text.USBD_LL_SOF
                0x08004440       0x22 CMakeFiles/Test_Bench.elf.dir/Middlewares/ST/STM32_USB_Device_Library/Core/Src/usbd_core.c.obj
                0x08004440                USBD_LL_SOF
 .text.USBD_LL_IsoINIncomplete
                0x08004462       0x2e CMakeFiles/Test_Bench.elf.dir/Middlewares/ST/STM32_USB_Device_Library/Core/Src/usbd_core.c.obj
                0x08004462                USBD_LL_IsoINIncomplete
 .text.USBD_LL_IsoOUTIncomplete
                0x08004490       0x2e CMakeFiles/Test_Bench.elf.dir/Middlewares/ST/STM32_USB_Device_Library/Core/Src/usbd_core.c.obj
                0x08004490                USBD_LL_IsoOUTIncomplete
 .text.USBD_LL_DevConnected
                0x080044be        0x4 CMakeFiles/Test_Bench.elf.dir/Middlewares/ST/STM32_USB_Device_Library/Core/Src/usbd_core.c.obj
                0x080044be                USBD_LL_DevConnected
 .text.USBD_LL_DevDisconnected
                0x080044c2       0x20 CMakeFiles/Test_Bench.elf.dir/Middlewares/ST/STM32_USB_Device_Library/Core/Src/usbd_core.c.obj
                0x080044c2                USBD_LL_DevDisconnected
 .text.USBD_CoreFindIF
                0x080044e2        0x4 CMakeFiles/Test_Bench.elf.dir/Middlewares/ST/STM32_USB_Device_Library/Core/Src/usbd_core.c.obj
                0x080044e2                USBD_CoreFindIF
 .text.USBD_CoreFindEP
                0x080044e6        0x4 CMakeFiles/Test_Bench.elf.dir/Middlewares/ST/STM32_USB_Device_Library/Core/Src/usbd_core.c.obj
                0x080044e6                USBD_CoreFindEP
 .text.USBD_LL_DataOutStage
                0x080044ea       0xc4 CMakeFiles/Test_Bench.elf.dir/Middlewares/ST/STM32_USB_Device_Library/Core/Src/usbd_core.c.obj
                0x080044ea                USBD_LL_DataOutStage
 .text.USBD_LL_DataInStage
                0x080045ae       0xd6 CMakeFiles/Test_Bench.elf.dir/Middlewares/ST/STM32_USB_Device_Library/Core/Src/usbd_core.c.obj
                0x080045ae                USBD_LL_DataInStage
 .text.USBD_GetNextDesc
                0x08004684        0xe CMakeFiles/Test_Bench.elf.dir/Middlewares/ST/STM32_USB_Device_Library/Core/Src/usbd_core.c.obj
                0x08004684                USBD_GetNextDesc
 .text.USBD_GetEpDesc
                0x08004692       0x3e CMakeFiles/Test_Bench.elf.dir/Middlewares/ST/STM32_USB_Device_Library/Core/Src/usbd_core.c.obj
                0x08004692                USBD_GetEpDesc
 .text.USBD_GetLen
                0x080046d0       0x14 CMakeFiles/Test_Bench.elf.dir/Middlewares/ST/STM32_USB_Device_Library/Core/Src/usbd_ctlreq.c.obj
 .text.USBD_ParseSetupRequest
                0x080046e4       0x28 CMakeFiles/Test_Bench.elf.dir/Middlewares/ST/STM32_USB_Device_Library/Core/Src/usbd_ctlreq.c.obj
                0x080046e4                USBD_ParseSetupRequest
 .text.USBD_CtlError
                0x0800470c       0x14 CMakeFiles/Test_Bench.elf.dir/Middlewares/ST/STM32_USB_Device_Library/Core/Src/usbd_ctlreq.c.obj
                0x0800470c                USBD_CtlError
 .text.USBD_GetDescriptor
                0x08004720      0x18a CMakeFiles/Test_Bench.elf.dir/Middlewares/ST/STM32_USB_Device_Library/Core/Src/usbd_ctlreq.c.obj
 .text.USBD_SetAddress
                0x080048aa       0x50 CMakeFiles/Test_Bench.elf.dir/Middlewares/ST/STM32_USB_Device_Library/Core/Src/usbd_ctlreq.c.obj
 *fill*         0x080048fa        0x2 
 .text.USBD_SetConfig
                0x080048fc       0xcc CMakeFiles/Test_Bench.elf.dir/Middlewares/ST/STM32_USB_Device_Library/Core/Src/usbd_ctlreq.c.obj
 .text.USBD_GetConfig
                0x080049c8       0x40 CMakeFiles/Test_Bench.elf.dir/Middlewares/ST/STM32_USB_Device_Library/Core/Src/usbd_ctlreq.c.obj
 .text.USBD_GetStatus
                0x08004a08       0x38 CMakeFiles/Test_Bench.elf.dir/Middlewares/ST/STM32_USB_Device_Library/Core/Src/usbd_ctlreq.c.obj
 .text.USBD_SetFeature
                0x08004a40       0x2a CMakeFiles/Test_Bench.elf.dir/Middlewares/ST/STM32_USB_Device_Library/Core/Src/usbd_ctlreq.c.obj
 .text.USBD_ClrFeature
                0x08004a6a       0x26 CMakeFiles/Test_Bench.elf.dir/Middlewares/ST/STM32_USB_Device_Library/Core/Src/usbd_ctlreq.c.obj
 .text.USBD_StdDevReq
                0x08004a90       0x76 CMakeFiles/Test_Bench.elf.dir/Middlewares/ST/STM32_USB_Device_Library/Core/Src/usbd_ctlreq.c.obj
                0x08004a90                USBD_StdDevReq
 .text.USBD_StdItfReq
                0x08004b06       0x84 CMakeFiles/Test_Bench.elf.dir/Middlewares/ST/STM32_USB_Device_Library/Core/Src/usbd_ctlreq.c.obj
                0x08004b06                USBD_StdItfReq
 .text.USBD_StdEPReq
                0x08004b8a      0x230 CMakeFiles/Test_Bench.elf.dir/Middlewares/ST/STM32_USB_Device_Library/Core/Src/usbd_ctlreq.c.obj
                0x08004b8a                USBD_StdEPReq
 .text.USBD_GetString
                0x08004dba       0x46 CMakeFiles/Test_Bench.elf.dir/Middlewares/ST/STM32_USB_Device_Library/Core/Src/usbd_ctlreq.c.obj
                0x08004dba                USBD_GetString
 .text.USBD_CtlSendData
                0x08004e00       0x1a CMakeFiles/Test_Bench.elf.dir/Middlewares/ST/STM32_USB_Device_Library/Core/Src/usbd_ioreq.c.obj
                0x08004e00                USBD_CtlSendData
 .text.USBD_CtlContinueSendData
                0x08004e1a       0x10 CMakeFiles/Test_Bench.elf.dir/Middlewares/ST/STM32_USB_Device_Library/Core/Src/usbd_ioreq.c.obj
                0x08004e1a                USBD_CtlContinueSendData
 .text.USBD_CtlPrepareRx
                0x08004e2a       0x1e CMakeFiles/Test_Bench.elf.dir/Middlewares/ST/STM32_USB_Device_Library/Core/Src/usbd_ioreq.c.obj
                0x08004e2a                USBD_CtlPrepareRx
 .text.USBD_CtlContinueRx
                0x08004e48       0x10 CMakeFiles/Test_Bench.elf.dir/Middlewares/ST/STM32_USB_Device_Library/Core/Src/usbd_ioreq.c.obj
                0x08004e48                USBD_CtlContinueRx
 .text.USBD_CtlSendStatus
                0x08004e58       0x16 CMakeFiles/Test_Bench.elf.dir/Middlewares/ST/STM32_USB_Device_Library/Core/Src/usbd_ioreq.c.obj
                0x08004e58                USBD_CtlSendStatus
 .text.USBD_CtlReceiveStatus
                0x08004e6e       0x16 CMakeFiles/Test_Bench.elf.dir/Middlewares/ST/STM32_USB_Device_Library/Core/Src/usbd_ioreq.c.obj
                0x08004e6e                USBD_CtlReceiveStatus
 .text.MX_USB_DEVICE_Init
                0x08004e84       0x54 CMakeFiles/Test_Bench.elf.dir/USB_DEVICE/App/usb_device.c.obj
                0x08004e84                MX_USB_DEVICE_Init
 .text.CDC_DeInit_FS
                0x08004ed8        0x4 CMakeFiles/Test_Bench.elf.dir/USB_DEVICE/App/usbd_cdc_if.c.obj
 .text.CDC_Control_FS
                0x08004edc        0x4 CMakeFiles/Test_Bench.elf.dir/USB_DEVICE/App/usbd_cdc_if.c.obj
 .text.CDC_TransmitCplt_FS
                0x08004ee0        0x4 CMakeFiles/Test_Bench.elf.dir/USB_DEVICE/App/usbd_cdc_if.c.obj
 .text.CDC_Receive_FS
                0x08004ee4       0x1c CMakeFiles/Test_Bench.elf.dir/USB_DEVICE/App/usbd_cdc_if.c.obj
 .text.CDC_Init_FS
                0x08004f00       0x28 CMakeFiles/Test_Bench.elf.dir/USB_DEVICE/App/usbd_cdc_if.c.obj
 .text.CDC_Transmit_FS
                0x08004f28       0x2c CMakeFiles/Test_Bench.elf.dir/USB_DEVICE/App/usbd_cdc_if.c.obj
                0x08004f28                CDC_Transmit_FS
 .text.USBD_FS_DeviceDescriptor
                0x08004f54        0xc CMakeFiles/Test_Bench.elf.dir/USB_DEVICE/App/usbd_desc.c.obj
                0x08004f54                USBD_FS_DeviceDescriptor
 .text.USBD_FS_LangIDStrDescriptor
                0x08004f60        0xc CMakeFiles/Test_Bench.elf.dir/USB_DEVICE/App/usbd_desc.c.obj
                0x08004f60                USBD_FS_LangIDStrDescriptor
 .text.IntToUnicode
                0x08004f6c       0x46 CMakeFiles/Test_Bench.elf.dir/USB_DEVICE/App/usbd_desc.c.obj
 *fill*         0x08004fb2        0x2 
 .text.Get_SerialNum
                0x08004fb4       0x38 CMakeFiles/Test_Bench.elf.dir/USB_DEVICE/App/usbd_desc.c.obj
 .text.USBD_FS_SerialStrDescriptor
                0x08004fec       0x14 CMakeFiles/Test_Bench.elf.dir/USB_DEVICE/App/usbd_desc.c.obj
                0x08004fec                USBD_FS_SerialStrDescriptor
 .text.USBD_FS_ProductStrDescriptor
                0x08005000       0x24 CMakeFiles/Test_Bench.elf.dir/USB_DEVICE/App/usbd_desc.c.obj
                0x08005000                USBD_FS_ProductStrDescriptor
 .text.USBD_FS_ManufacturerStrDescriptor
                0x08005024       0x1c CMakeFiles/Test_Bench.elf.dir/USB_DEVICE/App/usbd_desc.c.obj
                0x08005024                USBD_FS_ManufacturerStrDescriptor
 .text.USBD_FS_ConfigStrDescriptor
                0x08005040       0x24 CMakeFiles/Test_Bench.elf.dir/USB_DEVICE/App/usbd_desc.c.obj
                0x08005040                USBD_FS_ConfigStrDescriptor
 .text.USBD_FS_InterfaceStrDescriptor
                0x08005064       0x24 CMakeFiles/Test_Bench.elf.dir/USB_DEVICE/App/usbd_desc.c.obj
                0x08005064                USBD_FS_InterfaceStrDescriptor
 .text.HAL_PCD_MspInit
                0x08005088       0x84 CMakeFiles/Test_Bench.elf.dir/USB_DEVICE/Target/usbd_conf.c.obj
                0x08005088                HAL_PCD_MspInit
 .text.HAL_PCD_SetupStageCallback
                0x0800510c       0x10 CMakeFiles/Test_Bench.elf.dir/USB_DEVICE/Target/usbd_conf.c.obj
                0x0800510c                HAL_PCD_SetupStageCallback
 .text.HAL_PCD_DataOutStageCallback
                0x0800511c       0x18 CMakeFiles/Test_Bench.elf.dir/USB_DEVICE/Target/usbd_conf.c.obj
                0x0800511c                HAL_PCD_DataOutStageCallback
 .text.HAL_PCD_DataInStageCallback
                0x08005134       0x16 CMakeFiles/Test_Bench.elf.dir/USB_DEVICE/Target/usbd_conf.c.obj
                0x08005134                HAL_PCD_DataInStageCallback
 .text.HAL_PCD_SOFCallback
                0x0800514a        0xc CMakeFiles/Test_Bench.elf.dir/USB_DEVICE/Target/usbd_conf.c.obj
                0x0800514a                HAL_PCD_SOFCallback
 .text.HAL_PCD_ResetCallback
                0x08005156       0x28 CMakeFiles/Test_Bench.elf.dir/USB_DEVICE/Target/usbd_conf.c.obj
                0x08005156                HAL_PCD_ResetCallback
 *fill*         0x0800517e        0x2 
 .text.HAL_PCD_SuspendCallback
                0x08005180       0x30 CMakeFiles/Test_Bench.elf.dir/USB_DEVICE/Target/usbd_conf.c.obj
                0x08005180                HAL_PCD_SuspendCallback
 .text.HAL_PCD_ResumeCallback
                0x080051b0        0xc CMakeFiles/Test_Bench.elf.dir/USB_DEVICE/Target/usbd_conf.c.obj
                0x080051b0                HAL_PCD_ResumeCallback
 .text.HAL_PCD_ISOOUTIncompleteCallback
                0x080051bc        0xc CMakeFiles/Test_Bench.elf.dir/USB_DEVICE/Target/usbd_conf.c.obj
                0x080051bc                HAL_PCD_ISOOUTIncompleteCallback
 .text.HAL_PCD_ISOINIncompleteCallback
                0x080051c8        0xc CMakeFiles/Test_Bench.elf.dir/USB_DEVICE/Target/usbd_conf.c.obj
                0x080051c8                HAL_PCD_ISOINIncompleteCallback
 .text.HAL_PCD_ConnectCallback
                0x080051d4        0xc CMakeFiles/Test_Bench.elf.dir/USB_DEVICE/Target/usbd_conf.c.obj
                0x080051d4                HAL_PCD_ConnectCallback
 .text.HAL_PCD_DisconnectCallback
                0x080051e0        0xc CMakeFiles/Test_Bench.elf.dir/USB_DEVICE/Target/usbd_conf.c.obj
                0x080051e0                HAL_PCD_DisconnectCallback
 .text.USBD_LL_Init
                0x080051ec       0x68 CMakeFiles/Test_Bench.elf.dir/USB_DEVICE/Target/usbd_conf.c.obj
                0x080051ec                USBD_LL_Init
 .text.USBD_LL_IsStallEP
                0x08005254       0x2c CMakeFiles/Test_Bench.elf.dir/USB_DEVICE/Target/usbd_conf.c.obj
                0x08005254                USBD_LL_IsStallEP
 .text.USBD_LL_GetRxDataSize
                0x08005280        0xc CMakeFiles/Test_Bench.elf.dir/USB_DEVICE/Target/usbd_conf.c.obj
                0x08005280                USBD_LL_GetRxDataSize
 .text.USBD_static_malloc
                0x0800528c        0x8 CMakeFiles/Test_Bench.elf.dir/USB_DEVICE/Target/usbd_conf.c.obj
                0x0800528c                USBD_static_malloc
 .text.USBD_static_free
                0x08005294        0x2 CMakeFiles/Test_Bench.elf.dir/USB_DEVICE/Target/usbd_conf.c.obj
                0x08005294                USBD_static_free
 .text.USBD_Get_USB_Status
                0x08005296       0x14 CMakeFiles/Test_Bench.elf.dir/USB_DEVICE/Target/usbd_conf.c.obj
                0x08005296                USBD_Get_USB_Status
 .text.USBD_LL_Start
                0x080052aa       0x10 CMakeFiles/Test_Bench.elf.dir/USB_DEVICE/Target/usbd_conf.c.obj
                0x080052aa                USBD_LL_Start
 .text.USBD_LL_OpenEP
                0x080052ba       0x16 CMakeFiles/Test_Bench.elf.dir/USB_DEVICE/Target/usbd_conf.c.obj
                0x080052ba                USBD_LL_OpenEP
 .text.USBD_LL_CloseEP
                0x080052d0       0x10 CMakeFiles/Test_Bench.elf.dir/USB_DEVICE/Target/usbd_conf.c.obj
                0x080052d0                USBD_LL_CloseEP
 .text.USBD_LL_StallEP
                0x080052e0       0x10 CMakeFiles/Test_Bench.elf.dir/USB_DEVICE/Target/usbd_conf.c.obj
                0x080052e0                USBD_LL_StallEP
 .text.USBD_LL_ClearStallEP
                0x080052f0       0x10 CMakeFiles/Test_Bench.elf.dir/USB_DEVICE/Target/usbd_conf.c.obj
                0x080052f0                USBD_LL_ClearStallEP
 .text.USBD_LL_SetUSBAddress
                0x08005300       0x10 CMakeFiles/Test_Bench.elf.dir/USB_DEVICE/Target/usbd_conf.c.obj
                0x08005300                USBD_LL_SetUSBAddress
 .text.USBD_LL_Transmit
                0x08005310       0x10 CMakeFiles/Test_Bench.elf.dir/USB_DEVICE/Target/usbd_conf.c.obj
                0x08005310                USBD_LL_Transmit
 .text.USBD_LL_PrepareReceive
                0x08005320       0x10 CMakeFiles/Test_Bench.elf.dir/USB_DEVICE/Target/usbd_conf.c.obj
                0x08005320                USBD_LL_PrepareReceive
 .text.__udivmoddi4
                0x08005330      0x2bc D:/_SOFTW~1/_TOOLS~1/ARM-GN~1.REL/bin/../lib/gcc/arm-none-eabi/13.3.1/thumb/v7e-m/nofp\libgcc.a(_udivmoddi4.o)
                0x08005330                __udivmoddi4
 .text._strtol_l.isra.0
                0x080055ec      0x138 D:/_SOFTW~1/_TOOLS~1/ARM-GN~1.REL/bin/../lib/gcc/arm-none-eabi/13.3.1/thumb/v7e-m/nofp\libc.a(libc_a-strtol.o)
 .text.strtol   0x08005724       0x18 D:/_SOFTW~1/_TOOLS~1/ARM-GN~1.REL/bin/../lib/gcc/arm-none-eabi/13.3.1/thumb/v7e-m/nofp\libc.a(libc_a-strtol.o)
                0x08005724                strtol
 .text.stdio_exit_handler
                0x0800573c       0x18 D:/_SOFTW~1/_TOOLS~1/ARM-GN~1.REL/bin/../lib/gcc/arm-none-eabi/13.3.1/thumb/v7e-m/nofp\libc.a(libc_a-findfp.o)
 .text.cleanup_stdio
                0x08005754       0x40 D:/_SOFTW~1/_TOOLS~1/ARM-GN~1.REL/bin/../lib/gcc/arm-none-eabi/13.3.1/thumb/v7e-m/nofp\libc.a(libc_a-findfp.o)
 .text.global_stdio_init.part.0
                0x08005794       0xf0 D:/_SOFTW~1/_TOOLS~1/ARM-GN~1.REL/bin/../lib/gcc/arm-none-eabi/13.3.1/thumb/v7e-m/nofp\libc.a(libc_a-findfp.o)
 .text.__sinit  0x08005884       0x3c D:/_SOFTW~1/_TOOLS~1/ARM-GN~1.REL/bin/../lib/gcc/arm-none-eabi/13.3.1/thumb/v7e-m/nofp\libc.a(libc_a-findfp.o)
                0x08005884                __sinit
 .text.__sfp_lock_acquire
                0x080058c0        0xc D:/_SOFTW~1/_TOOLS~1/ARM-GN~1.REL/bin/../lib/gcc/arm-none-eabi/13.3.1/thumb/v7e-m/nofp\libc.a(libc_a-findfp.o)
                0x080058c0                __sfp_lock_acquire
 .text.__sfp_lock_release
                0x080058cc        0xc D:/_SOFTW~1/_TOOLS~1/ARM-GN~1.REL/bin/../lib/gcc/arm-none-eabi/13.3.1/thumb/v7e-m/nofp\libc.a(libc_a-findfp.o)
                0x080058cc                __sfp_lock_release
 .text._fwalk_sglue
                0x080058d8       0x44 D:/_SOFTW~1/_TOOLS~1/ARM-GN~1.REL/bin/../lib/gcc/arm-none-eabi/13.3.1/thumb/v7e-m/nofp\libc.a(libc_a-fwalk.o)
                0x080058d8                _fwalk_sglue
 .text.snprintf
                0x0800591c       0x90 D:/_SOFTW~1/_TOOLS~1/ARM-GN~1.REL/bin/../lib/gcc/arm-none-eabi/13.3.1/thumb/v7e-m/nofp\libc.a(libc_a-snprintf.o)
                0x0800591c                snprintf
 .text.__sread  0x080059ac       0x24 D:/_SOFTW~1/_TOOLS~1/ARM-GN~1.REL/bin/../lib/gcc/arm-none-eabi/13.3.1/thumb/v7e-m/nofp\libc.a(libc_a-stdio.o)
                0x080059ac                __sread
 .text.__swrite
                0x080059d0       0x40 D:/_SOFTW~1/_TOOLS~1/ARM-GN~1.REL/bin/../lib/gcc/arm-none-eabi/13.3.1/thumb/v7e-m/nofp\libc.a(libc_a-stdio.o)
                0x080059d0                __swrite
 .text.__sseek  0x08005a10       0x24 D:/_SOFTW~1/_TOOLS~1/ARM-GN~1.REL/bin/../lib/gcc/arm-none-eabi/13.3.1/thumb/v7e-m/nofp\libc.a(libc_a-stdio.o)
                0x08005a10                __sseek
 .text.__sclose
                0x08005a34        0x8 D:/_SOFTW~1/_TOOLS~1/ARM-GN~1.REL/bin/../lib/gcc/arm-none-eabi/13.3.1/thumb/v7e-m/nofp\libc.a(libc_a-stdio.o)
                0x08005a34                __sclose
 .text.memcmp   0x08005a3c       0x5c D:/_SOFTW~1/_TOOLS~1/ARM-GN~1.REL/bin/../lib/gcc/arm-none-eabi/13.3.1/thumb/v7e-m/nofp\libc.a(libc_a-memcmp.o)
                0x08005a3c                memcmp
 .text.memset   0x08005a98       0xa4 D:/_SOFTW~1/_TOOLS~1/ARM-GN~1.REL/bin/../lib/gcc/arm-none-eabi/13.3.1/thumb/v7e-m/nofp\libc.a(libc_a-memset.o)
                0x08005a98                memset
 .text._close_r
                0x08005b3c       0x24 D:/_SOFTW~1/_TOOLS~1/ARM-GN~1.REL/bin/../lib/gcc/arm-none-eabi/13.3.1/thumb/v7e-m/nofp\libc.a(libc_a-closer.o)
                0x08005b3c                _close_r
 .text._lseek_r
                0x08005b60       0x2c D:/_SOFTW~1/_TOOLS~1/ARM-GN~1.REL/bin/../lib/gcc/arm-none-eabi/13.3.1/thumb/v7e-m/nofp\libc.a(libc_a-lseekr.o)
                0x08005b60                _lseek_r
 .text._read_r  0x08005b8c       0x2c D:/_SOFTW~1/_TOOLS~1/ARM-GN~1.REL/bin/../lib/gcc/arm-none-eabi/13.3.1/thumb/v7e-m/nofp\libc.a(libc_a-readr.o)
                0x08005b8c                _read_r
 .text._write_r
                0x08005bb8       0x2c D:/_SOFTW~1/_TOOLS~1/ARM-GN~1.REL/bin/../lib/gcc/arm-none-eabi/13.3.1/thumb/v7e-m/nofp\libc.a(libc_a-writer.o)
                0x08005bb8                _write_r
 .text.__errno  0x08005be4        0xc D:/_SOFTW~1/_TOOLS~1/ARM-GN~1.REL/bin/../lib/gcc/arm-none-eabi/13.3.1/thumb/v7e-m/nofp\libc.a(libc_a-errno.o)
                0x08005be4                __errno
 .text.__libc_init_array
                0x08005bf0       0x50 D:/_SOFTW~1/_TOOLS~1/ARM-GN~1.REL/bin/../lib/gcc/arm-none-eabi/13.3.1/thumb/v7e-m/nofp\libc.a(libc_a-init.o)
                0x08005bf0                __libc_init_array
 .text.__retarget_lock_init_recursive
                0x08005c40        0x4 D:/_SOFTW~1/_TOOLS~1/ARM-GN~1.REL/bin/../lib/gcc/arm-none-eabi/13.3.1/thumb/v7e-m/nofp\libc.a(libc_a-lock.o)
                0x08005c40                __retarget_lock_init_recursive
 .text.__retarget_lock_close_recursive
                0x08005c44        0x4 D:/_SOFTW~1/_TOOLS~1/ARM-GN~1.REL/bin/../lib/gcc/arm-none-eabi/13.3.1/thumb/v7e-m/nofp\libc.a(libc_a-lock.o)
                0x08005c44                __retarget_lock_close_recursive
 .text.__retarget_lock_acquire_recursive
                0x08005c48        0x4 D:/_SOFTW~1/_TOOLS~1/ARM-GN~1.REL/bin/../lib/gcc/arm-none-eabi/13.3.1/thumb/v7e-m/nofp\libc.a(libc_a-lock.o)
                0x08005c48                __retarget_lock_acquire_recursive
 .text.__retarget_lock_release_recursive
                0x08005c4c        0x4 D:/_SOFTW~1/_TOOLS~1/ARM-GN~1.REL/bin/../lib/gcc/arm-none-eabi/13.3.1/thumb/v7e-m/nofp\libc.a(libc_a-lock.o)
                0x08005c4c                __retarget_lock_release_recursive
 .text.startup.register_fini
                0x08005c50       0x14 D:/_SOFTW~1/_TOOLS~1/ARM-GN~1.REL/bin/../lib/gcc/arm-none-eabi/13.3.1/thumb/v7e-m/nofp\libc.a(libc_a-__call_atexit.o)
 .text.atexit   0x08005c64        0xc D:/_SOFTW~1/_TOOLS~1/ARM-GN~1.REL/bin/../lib/gcc/arm-none-eabi/13.3.1/thumb/v7e-m/nofp\libc.a(libc_a-atexit.o)
                0x08005c64                atexit
 .text._malloc_trim_r
                0x08005c70       0xb8 D:/_SOFTW~1/_TOOLS~1/ARM-GN~1.REL/bin/../lib/gcc/arm-none-eabi/13.3.1/thumb/v7e-m/nofp\libc.a(libc_a-freer.o)
                0x08005c70                _malloc_trim_r
 .text._free_r  0x08005d28      0x1f8 D:/_SOFTW~1/_TOOLS~1/ARM-GN~1.REL/bin/../lib/gcc/arm-none-eabi/13.3.1/thumb/v7e-m/nofp\libc.a(libc_a-freer.o)
                0x08005d28                _free_r
 .text._malloc_r
                0x08005f20      0x564 D:/_SOFTW~1/_TOOLS~1/ARM-GN~1.REL/bin/../lib/gcc/arm-none-eabi/13.3.1/thumb/v7e-m/nofp\libc.a(libc_a-mallocr.o)
                0x08005f20                _malloc_r
 .text.__malloc_lock
                0x08006484        0xc D:/_SOFTW~1/_TOOLS~1/ARM-GN~1.REL/bin/../lib/gcc/arm-none-eabi/13.3.1/thumb/v7e-m/nofp\libc.a(libc_a-mlock.o)
                0x08006484                __malloc_lock
 .text.__malloc_unlock
                0x08006490        0xc D:/_SOFTW~1/_TOOLS~1/ARM-GN~1.REL/bin/../lib/gcc/arm-none-eabi/13.3.1/thumb/v7e-m/nofp\libc.a(libc_a-mlock.o)
                0x08006490                __malloc_unlock
 .text._svfprintf_r
                0x0800649c     0x1b6c D:/_SOFTW~1/_TOOLS~1/ARM-GN~1.REL/bin/../lib/gcc/arm-none-eabi/13.3.1/thumb/v7e-m/nofp\libc.a(libc_a-svfprintf.o)
                0x0800649c                _svfprintf_r
 .text.__ssprint_r
                0x08008008       0x58 D:/_SOFTW~1/_TOOLS~1/ARM-GN~1.REL/bin/../lib/gcc/arm-none-eabi/13.3.1/thumb/v7e-m/nofp\libc.a(libc_a-ssprint_r.o)
                0x08008008                __ssprint_r
 .text._fclose_r
                0x08008060       0xc0 D:/_SOFTW~1/_TOOLS~1/ARM-GN~1.REL/bin/../lib/gcc/arm-none-eabi/13.3.1/thumb/v7e-m/nofp\libc.a(libc_a-fclose.o)
                0x08008060                _fclose_r
 .text.__sflush_r
                0x08008120      0x128 D:/_SOFTW~1/_TOOLS~1/ARM-GN~1.REL/bin/../lib/gcc/arm-none-eabi/13.3.1/thumb/v7e-m/nofp\libc.a(libc_a-fflush.o)
                0x08008120                __sflush_r
 .text._fflush_r
                0x08008248       0x54 D:/_SOFTW~1/_TOOLS~1/ARM-GN~1.REL/bin/../lib/gcc/arm-none-eabi/13.3.1/thumb/v7e-m/nofp\libc.a(libc_a-fflush.o)
                0x08008248                _fflush_r
 .text.strncpy  0x0800829c       0x68 D:/_SOFTW~1/_TOOLS~1/ARM-GN~1.REL/bin/../lib/gcc/arm-none-eabi/13.3.1/thumb/v7e-m/nofp\libc.a(libc_a-strncpy.o)
                0x0800829c                strncpy
 .text.__locale_mb_cur_max
                0x08008304        0xc D:/_SOFTW~1/_TOOLS~1/ARM-GN~1.REL/bin/../lib/gcc/arm-none-eabi/13.3.1/thumb/v7e-m/nofp\libc.a(libc_a-locale.o)
                0x08008304                __locale_mb_cur_max
 .text._localeconv_r
                0x08008310        0x8 D:/_SOFTW~1/_TOOLS~1/ARM-GN~1.REL/bin/../lib/gcc/arm-none-eabi/13.3.1/thumb/v7e-m/nofp\libc.a(libc_a-localeconv.o)
                0x08008310                _localeconv_r
 .text._sbrk_r  0x08008318       0x24 D:/_SOFTW~1/_TOOLS~1/ARM-GN~1.REL/bin/../lib/gcc/arm-none-eabi/13.3.1/thumb/v7e-m/nofp\libc.a(libc_a-sbrkr.o)
                0x08008318                _sbrk_r
 .text.__libc_fini_array
                0x0800833c       0x28 D:/_SOFTW~1/_TOOLS~1/ARM-GN~1.REL/bin/../lib/gcc/arm-none-eabi/13.3.1/thumb/v7e-m/nofp\libc.a(libc_a-fini.o)
                0x0800833c                __libc_fini_array
 .text.sysconf  0x08008364       0x1c D:/_SOFTW~1/_TOOLS~1/ARM-GN~1.REL/bin/../lib/gcc/arm-none-eabi/13.3.1/thumb/v7e-m/nofp\libc.a(libc_a-sysconf.o)
                0x08008364                sysconf
 .text.frexp    0x08008380       0x6c D:/_SOFTW~1/_TOOLS~1/ARM-GN~1.REL/bin/../lib/gcc/arm-none-eabi/13.3.1/thumb/v7e-m/nofp\libc.a(libm_a-s_frexp.o)
                0x08008380                frexp
 .text.__register_exitproc
                0x080083ec       0x80 D:/_SOFTW~1/_TOOLS~1/ARM-GN~1.REL/bin/../lib/gcc/arm-none-eabi/13.3.1/thumb/v7e-m/nofp\libc.a(libc_a-__atexit.o)
                0x080083ec                __register_exitproc
 .text.quorem   0x0800846c      0x12c D:/_SOFTW~1/_TOOLS~1/ARM-GN~1.REL/bin/../lib/gcc/arm-none-eabi/13.3.1/thumb/v7e-m/nofp\libc.a(libc_a-dtoa.o)
 .text._dtoa_r  0x08008598      0xe80 D:/_SOFTW~1/_TOOLS~1/ARM-GN~1.REL/bin/../lib/gcc/arm-none-eabi/13.3.1/thumb/v7e-m/nofp\libc.a(libc_a-dtoa.o)
                0x08008598                _dtoa_r
 .text.__ascii_mbtowc
                0x08009418       0x2c D:/_SOFTW~1/_TOOLS~1/ARM-GN~1.REL/bin/../lib/gcc/arm-none-eabi/13.3.1/thumb/v7e-m/nofp\libc.a(libc_a-mbtowc_r.o)
                0x08009418                __ascii_mbtowc
 .text._Balloc  0x08009444       0x4c D:/_SOFTW~1/_TOOLS~1/ARM-GN~1.REL/bin/../lib/gcc/arm-none-eabi/13.3.1/thumb/v7e-m/nofp\libc.a(libc_a-mprec.o)
                0x08009444                _Balloc
 .text._Bfree   0x08009490       0x14 D:/_SOFTW~1/_TOOLS~1/ARM-GN~1.REL/bin/../lib/gcc/arm-none-eabi/13.3.1/thumb/v7e-m/nofp\libc.a(libc_a-mprec.o)
                0x08009490                _Bfree
 .text.__multadd
                0x080094a4       0xa0 D:/_SOFTW~1/_TOOLS~1/ARM-GN~1.REL/bin/../lib/gcc/arm-none-eabi/13.3.1/thumb/v7e-m/nofp\libc.a(libc_a-mprec.o)
                0x080094a4                __multadd
 .text.__hi0bits
                0x08009544       0x44 D:/_SOFTW~1/_TOOLS~1/ARM-GN~1.REL/bin/../lib/gcc/arm-none-eabi/13.3.1/thumb/v7e-m/nofp\libc.a(libc_a-mprec.o)
                0x08009544                __hi0bits
 .text.__lo0bits
                0x08009588       0x60 D:/_SOFTW~1/_TOOLS~1/ARM-GN~1.REL/bin/../lib/gcc/arm-none-eabi/13.3.1/thumb/v7e-m/nofp\libc.a(libc_a-mprec.o)
                0x08009588                __lo0bits
 .text.__i2b    0x080095e8       0x5c D:/_SOFTW~1/_TOOLS~1/ARM-GN~1.REL/bin/../lib/gcc/arm-none-eabi/13.3.1/thumb/v7e-m/nofp\libc.a(libc_a-mprec.o)
                0x080095e8                __i2b
 .text.__multiply
                0x08009644      0x16c D:/_SOFTW~1/_TOOLS~1/ARM-GN~1.REL/bin/../lib/gcc/arm-none-eabi/13.3.1/thumb/v7e-m/nofp\libc.a(libc_a-mprec.o)
                0x08009644                __multiply
 .text.__pow5mult
                0x080097b0       0xb4 D:/_SOFTW~1/_TOOLS~1/ARM-GN~1.REL/bin/../lib/gcc/arm-none-eabi/13.3.1/thumb/v7e-m/nofp\libc.a(libc_a-mprec.o)
                0x080097b0                __pow5mult
 .text.__lshift
                0x08009864       0xf0 D:/_SOFTW~1/_TOOLS~1/ARM-GN~1.REL/bin/../lib/gcc/arm-none-eabi/13.3.1/thumb/v7e-m/nofp\libc.a(libc_a-mprec.o)
                0x08009864                __lshift
 .text.__mcmp   0x08009954       0x40 D:/_SOFTW~1/_TOOLS~1/ARM-GN~1.REL/bin/../lib/gcc/arm-none-eabi/13.3.1/thumb/v7e-m/nofp\libc.a(libc_a-mprec.o)
                0x08009954                __mcmp
 .text.__mdiff  0x08009994      0x178 D:/_SOFTW~1/_TOOLS~1/ARM-GN~1.REL/bin/../lib/gcc/arm-none-eabi/13.3.1/thumb/v7e-m/nofp\libc.a(libc_a-mprec.o)
                0x08009994                __mdiff
 .text.__d2b    0x08009b0c       0xbc D:/_SOFTW~1/_TOOLS~1/ARM-GN~1.REL/bin/../lib/gcc/arm-none-eabi/13.3.1/thumb/v7e-m/nofp\libc.a(libc_a-mprec.o)
                0x08009b0c                __d2b
 .text.__ascii_wctomb
                0x08009bc8       0x1c D:/_SOFTW~1/_TOOLS~1/ARM-GN~1.REL/bin/../lib/gcc/arm-none-eabi/13.3.1/thumb/v7e-m/nofp\libc.a(libc_a-wctomb_r.o)
                0x08009bc8                __ascii_wctomb
 .text._wcrtomb_r
                0x08009be4       0x4c D:/_SOFTW~1/_TOOLS~1/ARM-GN~1.REL/bin/../lib/gcc/arm-none-eabi/13.3.1/thumb/v7e-m/nofp\libc.a(libc_a-wcrtomb.o)
                0x08009be4                _wcrtomb_r
 .text._wcsrtombs_r
                0x08009c30       0x1c D:/_SOFTW~1/_TOOLS~1/ARM-GN~1.REL/bin/../lib/gcc/arm-none-eabi/13.3.1/thumb/v7e-m/nofp\libc.a(libc_a-wcsrtombs.o)
                0x08009c30                _wcsrtombs_r
 .text.__ssputs_r
                0x08009c4c       0xc0 D:/_SOFTW~1/_TOOLS~1/ARM-GN~1.REL/bin/../lib/gcc/arm-none-eabi/13.3.1/thumb/v7e-m/nofp\libc.a(libc_a-ssputs_r.o)
                0x08009c4c                __ssputs_r
 .text.memmove  0x08009d0c      0x100 D:/_SOFTW~1/_TOOLS~1/ARM-GN~1.REL/bin/../lib/gcc/arm-none-eabi/13.3.1/thumb/v7e-m/nofp\libc.a(libc_a-memmove.o)
                0x08009d0c                memmove
 .text.__assert_func
                0x08009e0c       0x40 D:/_SOFTW~1/_TOOLS~1/ARM-GN~1.REL/bin/../lib/gcc/arm-none-eabi/13.3.1/thumb/v7e-m/nofp\libc.a(libc_a-assert.o)
                0x08009e0c                __assert_func
 .text._calloc_r
                0x08009e4c       0x6c D:/_SOFTW~1/_TOOLS~1/ARM-GN~1.REL/bin/../lib/gcc/arm-none-eabi/13.3.1/thumb/v7e-m/nofp\libc.a(libc_a-callocr.o)
                0x08009e4c                _calloc_r
 .text._realloc_r
                0x08009eb8      0x344 D:/_SOFTW~1/_TOOLS~1/ARM-GN~1.REL/bin/../lib/gcc/arm-none-eabi/13.3.1/thumb/v7e-m/nofp\libc.a(libc_a-reallocr.o)
                0x08009eb8                _realloc_r
 .text._wcsnrtombs_l
                0x0800a1fc       0xec D:/_SOFTW~1/_TOOLS~1/ARM-GN~1.REL/bin/../lib/gcc/arm-none-eabi/13.3.1/thumb/v7e-m/nofp\libc.a(libc_a-wcsnrtombs.o)
                0x0800a1fc                _wcsnrtombs_l
 .text._wcsnrtombs_r
                0x0800a2e8       0x24 D:/_SOFTW~1/_TOOLS~1/ARM-GN~1.REL/bin/../lib/gcc/arm-none-eabi/13.3.1/thumb/v7e-m/nofp\libc.a(libc_a-wcsnrtombs.o)
                0x0800a2e8                _wcsnrtombs_r
 .text.fiprintf
                0x0800a30c       0x28 D:/_SOFTW~1/_TOOLS~1/ARM-GN~1.REL/bin/../lib/gcc/arm-none-eabi/13.3.1/thumb/v7e-m/nofp\libc.a(libc_a-fiprintf.o)
                0x0800a30c                fiprintf
 .text._vfiprintf_r
                0x0800a334      0xe6c D:/_SOFTW~1/_TOOLS~1/ARM-GN~1.REL/bin/../lib/gcc/arm-none-eabi/13.3.1/thumb/v7e-m/nofp\libc.a(libc_a-vfiprintf.o)
                0x0800a334                _vfiprintf_r
 .text.__sbprintf
                0x0800b1a0       0x80 D:/_SOFTW~1/_TOOLS~1/ARM-GN~1.REL/bin/../lib/gcc/arm-none-eabi/13.3.1/thumb/v7e-m/nofp\libc.a(libc_a-vfiprintf.o)
 .text.__sprint_r
                0x0800b220       0x20 D:/_SOFTW~1/_TOOLS~1/ARM-GN~1.REL/bin/../lib/gcc/arm-none-eabi/13.3.1/thumb/v7e-m/nofp\libc.a(libc_a-sprint_r.o)
                0x0800b220                __sprint_r
 .text.__sfvwrite_r
                0x0800b240      0x2f8 D:/_SOFTW~1/_TOOLS~1/ARM-GN~1.REL/bin/../lib/gcc/arm-none-eabi/13.3.1/thumb/v7e-m/nofp\libc.a(libc_a-fvwrite.o)
                0x0800b240                __sfvwrite_r
 .text.__swsetup_r
                0x0800b538       0xc4 D:/_SOFTW~1/_TOOLS~1/ARM-GN~1.REL/bin/../lib/gcc/arm-none-eabi/13.3.1/thumb/v7e-m/nofp\libc.a(libc_a-wsetup.o)
                0x0800b538                __swsetup_r
 .text.abort    0x0800b5fc       0x10 D:/_SOFTW~1/_TOOLS~1/ARM-GN~1.REL/bin/../lib/gcc/arm-none-eabi/13.3.1/thumb/v7e-m/nofp\libc.a(libc_a-abort.o)
                0x0800b5fc                abort
 .text.__smakebuf_r
                0x0800b60c       0xdc D:/_SOFTW~1/_TOOLS~1/ARM-GN~1.REL/bin/../lib/gcc/arm-none-eabi/13.3.1/thumb/v7e-m/nofp\libc.a(libc_a-makebuf.o)
                0x0800b60c                __smakebuf_r
 .text.raise    0x0800b6e8       0x58 D:/_SOFTW~1/_TOOLS~1/ARM-GN~1.REL/bin/../lib/gcc/arm-none-eabi/13.3.1/thumb/v7e-m/nofp\libc.a(libc_a-signal.o)
                0x0800b6e8                raise
 .text._fstat_r
                0x0800b740       0x2c D:/_SOFTW~1/_TOOLS~1/ARM-GN~1.REL/bin/../lib/gcc/arm-none-eabi/13.3.1/thumb/v7e-m/nofp\libc.a(libc_a-fstatr.o)
                0x0800b740                _fstat_r
 .text._isatty_r
                0x0800b76c       0x24 D:/_SOFTW~1/_TOOLS~1/ARM-GN~1.REL/bin/../lib/gcc/arm-none-eabi/13.3.1/thumb/v7e-m/nofp\libc.a(libc_a-isattyr.o)
                0x0800b76c                _isatty_r
 .text._kill_r  0x0800b790       0x2c D:/_SOFTW~1/_TOOLS~1/ARM-GN~1.REL/bin/../lib/gcc/arm-none-eabi/13.3.1/thumb/v7e-m/nofp\libc.a(libc_a-signalr.o)
                0x0800b790                _kill_r
 .text._getpid_r
                0x0800b7bc        0x4 D:/_SOFTW~1/_TOOLS~1/ARM-GN~1.REL/bin/../lib/gcc/arm-none-eabi/13.3.1/thumb/v7e-m/nofp\libc.a(libc_a-signalr.o)
                0x0800b7bc                _getpid_r
 *(.glue_7)
 .glue_7        0x0800b7c0        0x0 linker stubs
 *(.glue_7t)
 .glue_7t       0x0800b7c0        0x0 linker stubs
 *(.eh_frame)
 .eh_frame      0x0800b7c0        0x0 D:/_SOFTW~1/_TOOLS~1/ARM-GN~1.REL/bin/../lib/gcc/arm-none-eabi/13.3.1/thumb/v7e-m/nofp/crtbegin.o
 *(.init)
 .init          0x0800b7c0        0x4 D:/_SOFTW~1/_TOOLS~1/ARM-GN~1.REL/bin/../lib/gcc/arm-none-eabi/13.3.1/thumb/v7e-m/nofp/crti.o
                0x0800b7c0                _init
 .init          0x0800b7c4        0x8 D:/_SOFTW~1/_TOOLS~1/ARM-GN~1.REL/bin/../lib/gcc/arm-none-eabi/13.3.1/thumb/v7e-m/nofp/crtn.o
 *(.fini)
 .fini          0x0800b7cc        0x4 D:/_SOFTW~1/_TOOLS~1/ARM-GN~1.REL/bin/../lib/gcc/arm-none-eabi/13.3.1/thumb/v7e-m/nofp/crti.o
                0x0800b7cc                _fini
 .fini          0x0800b7d0        0x8 D:/_SOFTW~1/_TOOLS~1/ARM-GN~1.REL/bin/../lib/gcc/arm-none-eabi/13.3.1/thumb/v7e-m/nofp/crtn.o
                0x0800b7d8                        . = ALIGN (0x4)
                0x0800b7d8                        _etext = .

.vfp11_veneer   0x0800b7d8        0x0
 .vfp11_veneer  0x0800b7d8        0x0 linker stubs

.v4_bx          0x0800b7d8        0x0
 .v4_bx         0x0800b7d8        0x0 linker stubs

.iplt           0x0800b7d8        0x0
 .iplt          0x0800b7d8        0x0 D:/_SOFTW~1/_TOOLS~1/ARM-GN~1.REL/bin/../lib/gcc/arm-none-eabi/13.3.1/thumb/v7e-m/nofp/crtbegin.o

.rodata         0x0800b7d8      0x458
                0x0800b7d8                        . = ALIGN (0x4)
 *(.rodata)
 *(.rodata*)
 .rodata.main.str1.4
                0x0800b7d8      0x1ff CMakeFiles/Test_Bench.elf.dir/Core/Src/main.c.obj
                                  0xf (size before relaxing)
 *fill*         0x0800b9d7        0x1 
 .rodata.APBPrescTable
                0x0800b9d8        0x8 CMakeFiles/Test_Bench.elf.dir/Core/Src/system_stm32f4xx.c.obj
                0x0800b9d8                APBPrescTable
 .rodata.AHBPrescTable
                0x0800b9e0       0x10 CMakeFiles/Test_Bench.elf.dir/Core/Src/system_stm32f4xx.c.obj
                0x0800b9e0                AHBPrescTable
 .rodata.USBD_FS_ProductStrDescriptor.str1.4
                0x0800b9f0       0x16 CMakeFiles/Test_Bench.elf.dir/USB_DEVICE/App/usbd_desc.c.obj
 .rodata.USBD_FS_ManufacturerStrDescriptor.str1.4
                0x0800b9f0       0x13 CMakeFiles/Test_Bench.elf.dir/USB_DEVICE/App/usbd_desc.c.obj
 .rodata.USBD_FS_ConfigStrDescriptor.str1.4
                0x0800b9f0        0xb CMakeFiles/Test_Bench.elf.dir/USB_DEVICE/App/usbd_desc.c.obj
 .rodata.USBD_FS_InterfaceStrDescriptor.str1.4
                0x0800b9f0        0xe CMakeFiles/Test_Bench.elf.dir/USB_DEVICE/App/usbd_desc.c.obj
 .rodata._ctype_
                0x0800b9f0      0x101 D:/_SOFTW~1/_TOOLS~1/ARM-GN~1.REL/bin/../lib/gcc/arm-none-eabi/13.3.1/thumb/v7e-m/nofp\libc.a(libc_a-ctype_.o)
                0x0800b9f0                _ctype_
 .rodata._svfprintf_r.str1.4
                0x0800baf1       0x42 D:/_SOFTW~1/_TOOLS~1/ARM-GN~1.REL/bin/../lib/gcc/arm-none-eabi/13.3.1/thumb/v7e-m/nofp\libc.a(libc_a-svfprintf.o)
 *fill*         0x0800baf1        0x3 
 .rodata.zeroes.0
                0x0800baf4       0x10 D:/_SOFTW~1/_TOOLS~1/ARM-GN~1.REL/bin/../lib/gcc/arm-none-eabi/13.3.1/thumb/v7e-m/nofp\libc.a(libc_a-svfprintf.o)
 .rodata.blanks.1
                0x0800bb04       0x10 D:/_SOFTW~1/_TOOLS~1/ARM-GN~1.REL/bin/../lib/gcc/arm-none-eabi/13.3.1/thumb/v7e-m/nofp\libc.a(libc_a-svfprintf.o)
 .rodata.str1.4
                0x0800bb14       0x4c D:/_SOFTW~1/_TOOLS~1/ARM-GN~1.REL/bin/../lib/gcc/arm-none-eabi/13.3.1/thumb/v7e-m/nofp\libc.a(libc_a-locale.o)
 .rodata._dtoa_r.str1.4
                0x0800bb14       0x81 D:/_SOFTW~1/_TOOLS~1/ARM-GN~1.REL/bin/../lib/gcc/arm-none-eabi/13.3.1/thumb/v7e-m/nofp\libc.a(libc_a-dtoa.o)
 .rodata.__multadd.str1.4
                0x0800bb14       0x6e D:/_SOFTW~1/_TOOLS~1/ARM-GN~1.REL/bin/../lib/gcc/arm-none-eabi/13.3.1/thumb/v7e-m/nofp\libc.a(libc_a-mprec.o)
 .rodata.p05.0  0x0800bb14        0xc D:/_SOFTW~1/_TOOLS~1/ARM-GN~1.REL/bin/../lib/gcc/arm-none-eabi/13.3.1/thumb/v7e-m/nofp\libc.a(libc_a-mprec.o)
 .rodata.__mprec_bigtens
                0x0800bb20       0x28 D:/_SOFTW~1/_TOOLS~1/ARM-GN~1.REL/bin/../lib/gcc/arm-none-eabi/13.3.1/thumb/v7e-m/nofp\libc.a(libc_a-mprec.o)
                0x0800bb20                __mprec_bigtens
 .rodata.__mprec_tens
                0x0800bb48       0xc8 D:/_SOFTW~1/_TOOLS~1/ARM-GN~1.REL/bin/../lib/gcc/arm-none-eabi/13.3.1/thumb/v7e-m/nofp\libc.a(libc_a-mprec.o)
                0x0800bb48                __mprec_tens
 .rodata.__assert_func.str1.4
                0x0800bc10       0x43 D:/_SOFTW~1/_TOOLS~1/ARM-GN~1.REL/bin/../lib/gcc/arm-none-eabi/13.3.1/thumb/v7e-m/nofp\libc.a(libc_a-assert.o)
 .rodata._vfiprintf_r.str1.4
                0x0800bc10       0x2f D:/_SOFTW~1/_TOOLS~1/ARM-GN~1.REL/bin/../lib/gcc/arm-none-eabi/13.3.1/thumb/v7e-m/nofp\libc.a(libc_a-vfiprintf.o)
 .rodata.zeroes.0
                0x0800bc10       0x10 D:/_SOFTW~1/_TOOLS~1/ARM-GN~1.REL/bin/../lib/gcc/arm-none-eabi/13.3.1/thumb/v7e-m/nofp\libc.a(libc_a-vfiprintf.o)
 .rodata.blanks.1
                0x0800bc20       0x10 D:/_SOFTW~1/_TOOLS~1/ARM-GN~1.REL/bin/../lib/gcc/arm-none-eabi/13.3.1/thumb/v7e-m/nofp\libc.a(libc_a-vfiprintf.o)
                0x0800bc54                        . = ALIGN (0x4)

.ARM.extab      0x0800bc30        0x0
                0x0800bc30                        . = ALIGN (0x4)
 *(.ARM.extab* .gnu.linkonce.armextab.*)
                0x0800bc30                        . = ALIGN (0x4)

.ARM            0x0800bc30        0x8
                0x0800bc30                        . = ALIGN (0x4)
                0x0800bc30                        __exidx_start = .
 *(.ARM.exidx*)
 .ARM.exidx     0x0800bc30        0x8 D:/_SOFTW~1/_TOOLS~1/ARM-GN~1.REL/bin/../lib/gcc/arm-none-eabi/13.3.1/thumb/v7e-m/nofp\libc.a(libc_a-memchr.o)
 .ARM.exidx     0x0800bc38        0x0 D:/_SOFTW~1/_TOOLS~1/ARM-GN~1.REL/bin/../lib/gcc/arm-none-eabi/13.3.1/thumb/v7e-m/nofp\libc.a(libc_a-strlen.o)
                                  0x8 (size before relaxing)
 .ARM.exidx     0x0800bc38        0x0 D:/_SOFTW~1/_TOOLS~1/ARM-GN~1.REL/bin/../lib/gcc/arm-none-eabi/13.3.1/thumb/v7e-m/nofp\libc.a(libc_a-memcpy.o)
                                  0x8 (size before relaxing)
 .ARM.exidx.text.__udivmoddi4
                0x0800bc38        0x0 D:/_SOFTW~1/_TOOLS~1/ARM-GN~1.REL/bin/../lib/gcc/arm-none-eabi/13.3.1/thumb/v7e-m/nofp\libgcc.a(_udivmoddi4.o)
                                  0x8 (size before relaxing)
                0x0800bc38                        __exidx_end = .
                0x0800bc38                        . = ALIGN (0x4)

.preinit_array  0x0800bc38        0x0
                0x0800bc38                        . = ALIGN (0x4)
                0x0800bc38                        PROVIDE (__preinit_array_start = .)
 *(.preinit_array*)
                0x0800bc38                        PROVIDE (__preinit_array_end = .)
                0x0800bc38                        . = ALIGN (0x4)

.init_array     0x0800bc38        0x8
                0x0800bc38                        . = ALIGN (0x4)
                0x0800bc38                        PROVIDE (__init_array_start = .)
 *(SORT_BY_NAME(.init_array.*))
 .init_array.00000
                0x0800bc38        0x4 D:/_SOFTW~1/_TOOLS~1/ARM-GN~1.REL/bin/../lib/gcc/arm-none-eabi/13.3.1/thumb/v7e-m/nofp\libc.a(libc_a-__call_atexit.o)
 *(.init_array*)
 .init_array    0x0800bc3c        0x4 D:/_SOFTW~1/_TOOLS~1/ARM-GN~1.REL/bin/../lib/gcc/arm-none-eabi/13.3.1/thumb/v7e-m/nofp/crtbegin.o
                0x0800bc40                        PROVIDE (__init_array_end = .)
                0x0800bc40                        . = ALIGN (0x4)

.fini_array     0x0800bc40        0x4
                0x0800bc40                        . = ALIGN (0x4)
                0x0800bc40                        PROVIDE (__fini_array_start = .)
 *(SORT_BY_NAME(.fini_array.*))
 *(.fini_array*)
 .fini_array    0x0800bc40        0x4 D:/_SOFTW~1/_TOOLS~1/ARM-GN~1.REL/bin/../lib/gcc/arm-none-eabi/13.3.1/thumb/v7e-m/nofp/crtbegin.o
                0x0800bc44                        PROVIDE (__fini_array_end = .)
                0x0800bc44                        . = ALIGN (0x4)
                0x0800bc44                        _sidata = LOADADDR (.data)

.rel.dyn        0x0800bc44        0x0
 .rel.iplt      0x0800bc44        0x0 D:/_SOFTW~1/_TOOLS~1/ARM-GN~1.REL/bin/../lib/gcc/arm-none-eabi/13.3.1/thumb/v7e-m/nofp/crtbegin.o

.data           0x20000000      0x88c load address 0x0800bc44
                0x20000000                        . = ALIGN (0x4)
                0x20000000                        _sdata = .
 *(.data)
 *(.data*)
 .data.Pre_Set_Unit_Fail
                0x20000000       0x28 CMakeFiles/Test_Bench.elf.dir/Core/Src/main.c.obj
                0x20000000                Pre_Set_Unit_Fail
 .data.Pre_Set_Unit_OK
                0x20000028       0x28 CMakeFiles/Test_Bench.elf.dir/Core/Src/main.c.obj
                0x20000028                Pre_Set_Unit_OK
 .data.Pre_Decimal_digits_Fail
                0x20000050       0x2b CMakeFiles/Test_Bench.elf.dir/Core/Src/main.c.obj
                0x20000050                Pre_Decimal_digits_Fail
 *fill*         0x2000007b        0x1 
 .data.Pre_Decimal_digits_OK
                0x2000007c       0x2b CMakeFiles/Test_Bench.elf.dir/Core/Src/main.c.obj
                0x2000007c                Pre_Decimal_digits_OK
 *fill*         0x200000a7        0x1 
 .data.Pre_Read_Value
                0x200000a8        0x8 CMakeFiles/Test_Bench.elf.dir/Core/Src/main.c.obj
                0x200000a8                Pre_Read_Value
 .data.Pre_Set_Unit
                0x200000b0        0x8 CMakeFiles/Test_Bench.elf.dir/Core/Src/main.c.obj
                0x200000b0                Pre_Set_Unit
 .data.Pre_Set_Decimal_digits
                0x200000b8        0x8 CMakeFiles/Test_Bench.elf.dir/Core/Src/main.c.obj
                0x200000b8                Pre_Set_Decimal_digits
 .data.SystemCoreClock
                0x200000c0        0x4 CMakeFiles/Test_Bench.elf.dir/Core/Src/system_stm32f4xx.c.obj
                0x200000c0                SystemCoreClock
 .data.uwTickFreq
                0x200000c4        0x1 CMakeFiles/Test_Bench.elf.dir/Drivers/STM32F4xx_HAL_Driver/Src/stm32f4xx_hal.c.obj
                0x200000c4                uwTickFreq
 *fill*         0x200000c5        0x3 
 .data.uwTickPrio
                0x200000c8        0x4 CMakeFiles/Test_Bench.elf.dir/Drivers/STM32F4xx_HAL_Driver/Src/stm32f4xx_hal.c.obj
                0x200000c8                uwTickPrio
 .data.USBD_CDC_CfgDesc
                0x200000cc       0x43 CMakeFiles/Test_Bench.elf.dir/Middlewares/ST/STM32_USB_Device_Library/Class/CDC/Src/usbd_cdc.c.obj
 *fill*         0x2000010f        0x1 
 .data.USBD_CDC
                0x20000110       0x38 CMakeFiles/Test_Bench.elf.dir/Middlewares/ST/STM32_USB_Device_Library/Class/CDC/Src/usbd_cdc.c.obj
                0x20000110                USBD_CDC
 .data.USBD_CDC_DeviceQualifierDesc
                0x20000148        0xa CMakeFiles/Test_Bench.elf.dir/Middlewares/ST/STM32_USB_Device_Library/Class/CDC/Src/usbd_cdc.c.obj
 *fill*         0x20000152        0x2 
 .data.USBD_Interface_fops_FS
                0x20000154       0x14 CMakeFiles/Test_Bench.elf.dir/USB_DEVICE/App/usbd_cdc_if.c.obj
                0x20000154                USBD_Interface_fops_FS
 .data.USBD_StringSerial
                0x20000168       0x1a CMakeFiles/Test_Bench.elf.dir/USB_DEVICE/App/usbd_desc.c.obj
                0x20000168                USBD_StringSerial
 *fill*         0x20000182        0x2 
 .data.USBD_LangIDDesc
                0x20000184        0x4 CMakeFiles/Test_Bench.elf.dir/USB_DEVICE/App/usbd_desc.c.obj
                0x20000184                USBD_LangIDDesc
 .data.USBD_FS_DeviceDesc
                0x20000188       0x12 CMakeFiles/Test_Bench.elf.dir/USB_DEVICE/App/usbd_desc.c.obj
                0x20000188                USBD_FS_DeviceDesc
 *fill*         0x2000019a        0x2 
 .data.FS_Desc  0x2000019c       0x1c CMakeFiles/Test_Bench.elf.dir/USB_DEVICE/App/usbd_desc.c.obj
                0x2000019c                FS_Desc
 .data.__sglue  0x200001b8        0xc D:/_SOFTW~1/_TOOLS~1/ARM-GN~1.REL/bin/../lib/gcc/arm-none-eabi/13.3.1/thumb/v7e-m/nofp\libc.a(libc_a-findfp.o)
                0x200001b8                __sglue
 .data._impure_ptr
                0x200001c4        0x4 D:/_SOFTW~1/_TOOLS~1/ARM-GN~1.REL/bin/../lib/gcc/arm-none-eabi/13.3.1/thumb/v7e-m/nofp\libc.a(libc_a-impure.o)
                0x200001c4                _impure_ptr
 .data._impure_data
                0x200001c8      0x140 D:/_SOFTW~1/_TOOLS~1/ARM-GN~1.REL/bin/../lib/gcc/arm-none-eabi/13.3.1/thumb/v7e-m/nofp\libc.a(libc_a-impure.o)
                0x200001c8                _impure_data
 .data.__atexit_recursive_mutex
                0x20000308        0x4 D:/_SOFTW~1/_TOOLS~1/ARM-GN~1.REL/bin/../lib/gcc/arm-none-eabi/13.3.1/thumb/v7e-m/nofp\libc.a(libc_a-__call_atexit.o)
                0x20000308                __atexit_recursive_mutex
 .data.__malloc_sbrk_base
                0x2000030c        0x4 D:/_SOFTW~1/_TOOLS~1/ARM-GN~1.REL/bin/../lib/gcc/arm-none-eabi/13.3.1/thumb/v7e-m/nofp\libc.a(libc_a-mallocr.o)
                0x2000030c                __malloc_sbrk_base
 .data.__malloc_trim_threshold
                0x20000310        0x4 D:/_SOFTW~1/_TOOLS~1/ARM-GN~1.REL/bin/../lib/gcc/arm-none-eabi/13.3.1/thumb/v7e-m/nofp\libc.a(libc_a-mallocr.o)
                0x20000310                __malloc_trim_threshold
 *fill*         0x20000314        0x4 
 .data.__malloc_av_
                0x20000318      0x408 D:/_SOFTW~1/_TOOLS~1/ARM-GN~1.REL/bin/../lib/gcc/arm-none-eabi/13.3.1/thumb/v7e-m/nofp\libc.a(libc_a-mallocr.o)
                0x20000318                __malloc_av_
 .data.__global_locale
                0x20000720      0x16c D:/_SOFTW~1/_TOOLS~1/ARM-GN~1.REL/bin/../lib/gcc/arm-none-eabi/13.3.1/thumb/v7e-m/nofp\libc.a(libc_a-locale.o)
                0x20000720                __global_locale
 *(.RamFunc)
 *(.RamFunc*)
                0x2000088c                        . = ALIGN (0x4)
                0x2000088c                        _edata = .
                0x0800c4d0                        _siccmram = LOADADDR (.ccmram)

.tm_clone_table
                0x2000088c        0x0 load address 0x0800c4d0
 .tm_clone_table
                0x2000088c        0x0 D:/_SOFTW~1/_TOOLS~1/ARM-GN~1.REL/bin/../lib/gcc/arm-none-eabi/13.3.1/thumb/v7e-m/nofp/crtbegin.o
 .tm_clone_table
                0x2000088c        0x0 D:/_SOFTW~1/_TOOLS~1/ARM-GN~1.REL/bin/../lib/gcc/arm-none-eabi/13.3.1/thumb/v7e-m/nofp/crtend.o

.igot.plt       0x2000088c        0x0 load address 0x0800c4d0
 .igot.plt      0x2000088c        0x0 D:/_SOFTW~1/_TOOLS~1/ARM-GN~1.REL/bin/../lib/gcc/arm-none-eabi/13.3.1/thumb/v7e-m/nofp/crtbegin.o

.ccmram         0x10000000        0x0 load address 0x0800c4d0
                0x10000000                        . = ALIGN (0x4)
                0x10000000                        _sccmram = .
 *(.ccmram)
 *(.ccmram*)
                0x10000000                        . = ALIGN (0x4)
                0x10000000                        _eccmram = .
                0x10000000                        . = ALIGN (0x4)

.bss            0x2000088c     0x1f74
                0x2000088c                        _sbss = .
                0x2000088c                        __bss_start__ = _sbss
 *(.bss)
 *(.bss*)
 .bss.completed.1
                0x2000088c        0x1 D:/_SOFTW~1/_TOOLS~1/ARM-GN~1.REL/bin/../lib/gcc/arm-none-eabi/13.3.1/thumb/v7e-m/nofp/crtbegin.o
 *fill*         0x2000088d        0x3 
 .bss.object.0  0x20000890       0x18 D:/_SOFTW~1/_TOOLS~1/ARM-GN~1.REL/bin/../lib/gcc/arm-none-eabi/13.3.1/thumb/v7e-m/nofp/crtbegin.o
 .bss.Pre_Buf   0x200008a8       0x10 CMakeFiles/Test_Bench.elf.dir/Core/Src/main.c.obj
                0x200008a8                Pre_Buf
 .bss.__sbrk_heap_end
                0x200008b8        0x4 CMakeFiles/Test_Bench.elf.dir/Core/Src/sysmem.c.obj
 .bss.huart2    0x200008bc       0x48 CMakeFiles/Test_Bench.elf.dir/Core/Src/usart.c.obj
                0x200008bc                huart2
 .bss.uwTick    0x20000904        0x4 CMakeFiles/Test_Bench.elf.dir/Drivers/STM32F4xx_HAL_Driver/Src/stm32f4xx_hal.c.obj
                0x20000904                uwTick
 .bss.cfgidx.0  0x20000908        0x1 CMakeFiles/Test_Bench.elf.dir/Middlewares/ST/STM32_USB_Device_Library/Core/Src/usbd_ctlreq.c.obj
 *fill*         0x20000909        0x3 
 .bss.hUsbDeviceFS
                0x2000090c      0x2dc CMakeFiles/Test_Bench.elf.dir/USB_DEVICE/App/usb_device.c.obj
                0x2000090c                hUsbDeviceFS
 .bss.UserTxBufferFS
                0x20000be8      0x800 CMakeFiles/Test_Bench.elf.dir/USB_DEVICE/App/usbd_cdc_if.c.obj
                0x20000be8                UserTxBufferFS
 .bss.UserRxBufferFS
                0x200013e8      0x800 CMakeFiles/Test_Bench.elf.dir/USB_DEVICE/App/usbd_cdc_if.c.obj
                0x200013e8                UserRxBufferFS
 .bss.USBD_StrDesc
                0x20001be8      0x200 CMakeFiles/Test_Bench.elf.dir/USB_DEVICE/App/usbd_desc.c.obj
                0x20001be8                USBD_StrDesc
 .bss.mem.0     0x20001de8      0x220 CMakeFiles/Test_Bench.elf.dir/USB_DEVICE/Target/usbd_conf.c.obj
 .bss.hpcd_USB_OTG_FS
                0x20002008      0x4e4 CMakeFiles/Test_Bench.elf.dir/USB_DEVICE/Target/usbd_conf.c.obj
                0x20002008                hpcd_USB_OTG_FS
 .bss.__sf      0x200024ec      0x138 D:/_SOFTW~1/_TOOLS~1/ARM-GN~1.REL/bin/../lib/gcc/arm-none-eabi/13.3.1/thumb/v7e-m/nofp\libc.a(libc_a-findfp.o)
                0x200024ec                __sf
 .bss.__stdio_exit_handler
                0x20002624        0x4 D:/_SOFTW~1/_TOOLS~1/ARM-GN~1.REL/bin/../lib/gcc/arm-none-eabi/13.3.1/thumb/v7e-m/nofp\libc.a(libc_a-findfp.o)
                0x20002624                __stdio_exit_handler
 .bss.errno     0x20002628        0x4 D:/_SOFTW~1/_TOOLS~1/ARM-GN~1.REL/bin/../lib/gcc/arm-none-eabi/13.3.1/thumb/v7e-m/nofp\libc.a(libc_a-reent.o)
                0x20002628                errno
 .bss.__lock___malloc_recursive_mutex
                0x2000262c        0x1 D:/_SOFTW~1/_TOOLS~1/ARM-GN~1.REL/bin/../lib/gcc/arm-none-eabi/13.3.1/thumb/v7e-m/nofp\libc.a(libc_a-lock.o)
                0x2000262c                __lock___malloc_recursive_mutex
 *fill*         0x2000262d        0x3 
 .bss.__lock___atexit_recursive_mutex
                0x20002630        0x1 D:/_SOFTW~1/_TOOLS~1/ARM-GN~1.REL/bin/../lib/gcc/arm-none-eabi/13.3.1/thumb/v7e-m/nofp\libc.a(libc_a-lock.o)
                0x20002630                __lock___atexit_recursive_mutex
 *fill*         0x20002631        0x3 
 .bss.__lock___sfp_recursive_mutex
                0x20002634        0x1 D:/_SOFTW~1/_TOOLS~1/ARM-GN~1.REL/bin/../lib/gcc/arm-none-eabi/13.3.1/thumb/v7e-m/nofp\libc.a(libc_a-lock.o)
                0x20002634                __lock___sfp_recursive_mutex
 *fill*         0x20002635        0x3 
 .bss.__atexit  0x20002638        0x4 D:/_SOFTW~1/_TOOLS~1/ARM-GN~1.REL/bin/../lib/gcc/arm-none-eabi/13.3.1/thumb/v7e-m/nofp\libc.a(libc_a-__call_atexit.o)
                0x20002638                __atexit
 .bss.__malloc_current_mallinfo
                0x2000263c       0x28 D:/_SOFTW~1/_TOOLS~1/ARM-GN~1.REL/bin/../lib/gcc/arm-none-eabi/13.3.1/thumb/v7e-m/nofp\libc.a(libc_a-mallocr.o)
                0x2000263c                __malloc_current_mallinfo
 .bss.__malloc_max_total_mem
                0x20002664        0x4 D:/_SOFTW~1/_TOOLS~1/ARM-GN~1.REL/bin/../lib/gcc/arm-none-eabi/13.3.1/thumb/v7e-m/nofp\libc.a(libc_a-mallocr.o)
                0x20002664                __malloc_max_total_mem
 .bss.__malloc_max_sbrked_mem
                0x20002668        0x4 D:/_SOFTW~1/_TOOLS~1/ARM-GN~1.REL/bin/../lib/gcc/arm-none-eabi/13.3.1/thumb/v7e-m/nofp\libc.a(libc_a-mallocr.o)
                0x20002668                __malloc_max_sbrked_mem
 .bss.__malloc_top_pad
                0x2000266c        0x4 D:/_SOFTW~1/_TOOLS~1/ARM-GN~1.REL/bin/../lib/gcc/arm-none-eabi/13.3.1/thumb/v7e-m/nofp\libc.a(libc_a-mallocr.o)
                0x2000266c                __malloc_top_pad
 .bss.__atexit0
                0x20002670      0x190 D:/_SOFTW~1/_TOOLS~1/ARM-GN~1.REL/bin/../lib/gcc/arm-none-eabi/13.3.1/thumb/v7e-m/nofp\libc.a(libc_a-__atexit.o)
                0x20002670                __atexit0
 *(COMMON)
                0x20002800                        . = ALIGN (0x4)
                0x20002800                        _ebss = .
                0x20002800                        __bss_end__ = _ebss

._user_heap_stack
                0x20002800      0x600
                0x20002800                        . = ALIGN (0x8)
                [!provide]                        PROVIDE (end = .)
                0x20002800                        PROVIDE (_end = .)
                0x20002a00                        . = (. + _Min_Heap_Size)
 *fill*         0x20002800      0x200 